Starting server in PID 14043.
serving on 0.0.0.0:5000 view at http://127.0.0.1:5000
15:40:21,500 INFO  [gwhiz.lib.base] 
Debug at: http://127.0.0.1:5000/_debug/view/1246315221
/home/kgraehl/gwhiz/gwhiz/lib/base.pyc changed; reloading...
Starting server in PID 14069.
serving on 0.0.0.0:5000 view at http://127.0.0.1:5000
15:40:43,005 INFO  [gwhiz.lib.base] 
15:40:43,005 DEBUG [gwhiz.lib.base] suckmyballs
Debug at: http://127.0.0.1:5000/_debug/view/1246315243
/home/kgraehl/gwhiz/gwhiz/lib/base.py changed; reloading...
Starting server in PID 14084.
serving on 0.0.0.0:5000 view at http://127.0.0.1:5000
15:41:24,761 INFO  [sqlalchemy.engine.base.Engine.0x...0590] BEGIN
15:41:24,762 INFO  [sqlalchemy.engine.base.Engine.0x...0590] SELECT work.id AS work_id, work.title AS work_title, work.keyid AS work_keyid, work.publicationid AS work_publicationid, work.composerid AS work_composerid, work.styleid AS work_styleid, work.description AS work_description, work.image AS work_image 
FROM work 
WHERE work.id = ?
15:41:24,762 INFO  [sqlalchemy.engine.base.Engine.0x...0590] [u'4']
15:41:24,765 INFO  [sqlalchemy.engine.base.Engine.0x...0590] SELECT instrument.id AS instrument_id, instrument.name AS instrument_name 
FROM instrument, workinstrument 
WHERE ? = workinstrument.workid AND instrument.id = workinstrument.instrumentid
15:41:24,765 INFO  [sqlalchemy.engine.base.Engine.0x...0590] [4]
15:41:24,766 INFO  [sqlalchemy.engine.base.Engine.0x...0590] SELECT "key".id AS key_id, "key".name AS key_name 
FROM "key" 
WHERE "key".id = ?
15:41:24,766 INFO  [sqlalchemy.engine.base.Engine.0x...0590] [17]
15:41:24,767 INFO  [sqlalchemy.engine.base.Engine.0x...0590] SELECT movement.id AS movement_id, movement.title AS movement_title, movement.keyid AS movement_keyid, movement.number AS movement_number, movement.workid AS movement_workid, movement.description AS movement_description 
FROM movement 
WHERE ? = movement.workid
15:41:24,768 INFO  [sqlalchemy.engine.base.Engine.0x...0590] [4]
15:41:24,769 INFO  [sqlalchemy.engine.base.Engine.0x...0590] SELECT composer.id AS composer_id, composer.lastname AS composer_lastname, composer.firstname AS composer_firstname, composer.middlename AS composer_middlename, composer.bio AS composer_bio, composer.image AS composer_image 
FROM composer 
WHERE composer.id = ?
15:41:24,769 INFO  [sqlalchemy.engine.base.Engine.0x...0590] [1]
15:41:24,770 INFO  [sqlalchemy.engine.base.Engine.0x...0590] SELECT style.id AS style_id, style.name AS style_name 
FROM style, workstyle 
WHERE ? = workstyle.workid AND style.id = workstyle.styleid
15:41:24,770 INFO  [sqlalchemy.engine.base.Engine.0x...0590] [4]
15:41:24,771 INFO  [sqlalchemy.engine.base.Engine.0x...0590] SELECT soundclip.id AS soundclip_id, soundclip.workid AS soundclip_workid, soundclip.movementid AS soundclip_movementid, soundclip.path AS soundclip_path 
FROM soundclip 
WHERE ? = soundclip.workid
15:41:24,771 INFO  [sqlalchemy.engine.base.Engine.0x...0590] [4]
15:41:27,288 INFO  [sqlalchemy.engine.base.Engine.0x...0590] BEGIN
15:41:27,288 INFO  [sqlalchemy.engine.base.Engine.0x...0590] SELECT instrument.id AS instrument_id, instrument.name AS instrument_name 
FROM instrument 
WHERE instrument.id = ?
15:41:27,288 INFO  [sqlalchemy.engine.base.Engine.0x...0590] [u'3']
15:41:27,290 INFO  [sqlalchemy.engine.base.Engine.0x...0590] SELECT work.id AS work_id, work.title AS work_title, work.keyid AS work_keyid, work.publicationid AS work_publicationid, work.composerid AS work_composerid, work.styleid AS work_styleid, work.description AS work_description, work.image AS work_image 
FROM work, workinstrument AS workinstrument_1 
WHERE work.id = workinstrument_1.workid AND ? = workinstrument_1.instrumentid
15:41:27,291 INFO  [sqlalchemy.engine.base.Engine.0x...0590] [3]
15:41:28,231 INFO  [sqlalchemy.engine.base.Engine.0x...0590] BEGIN
15:41:28,232 INFO  [sqlalchemy.engine.base.Engine.0x...0590] SELECT work.id AS work_id, work.title AS work_title, work.keyid AS work_keyid, work.publicationid AS work_publicationid, work.composerid AS work_composerid, work.styleid AS work_styleid, work.description AS work_description, work.image AS work_image 
FROM work 
WHERE work.id = ?
15:41:28,232 INFO  [sqlalchemy.engine.base.Engine.0x...0590] [u'2']
15:41:28,234 INFO  [sqlalchemy.engine.base.Engine.0x...0590] SELECT instrument.id AS instrument_id, instrument.name AS instrument_name 
FROM instrument, workinstrument 
WHERE ? = workinstrument.workid AND instrument.id = workinstrument.instrumentid
15:41:28,234 INFO  [sqlalchemy.engine.base.Engine.0x...0590] [2]
15:41:28,235 INFO  [sqlalchemy.engine.base.Engine.0x...0590] SELECT "key".id AS key_id, "key".name AS key_name 
FROM "key" 
WHERE "key".id = ?
15:41:28,235 INFO  [sqlalchemy.engine.base.Engine.0x...0590] [17]
15:41:28,237 INFO  [sqlalchemy.engine.base.Engine.0x...0590] SELECT movement.id AS movement_id, movement.title AS movement_title, movement.keyid AS movement_keyid, movement.number AS movement_number, movement.workid AS movement_workid, movement.description AS movement_description 
FROM movement 
WHERE ? = movement.workid
15:41:28,237 INFO  [sqlalchemy.engine.base.Engine.0x...0590] [2]
15:41:28,239 INFO  [sqlalchemy.engine.base.Engine.0x...0590] SELECT composer.id AS composer_id, composer.lastname AS composer_lastname, composer.firstname AS composer_firstname, composer.middlename AS composer_middlename, composer.bio AS composer_bio, composer.image AS composer_image 
FROM composer 
WHERE composer.id = ?
15:41:28,239 INFO  [sqlalchemy.engine.base.Engine.0x...0590] [1]
15:41:28,240 INFO  [sqlalchemy.engine.base.Engine.0x...0590] SELECT style.id AS style_id, style.name AS style_name 
FROM style, workstyle 
WHERE ? = workstyle.workid AND style.id = workstyle.styleid
15:41:28,240 INFO  [sqlalchemy.engine.base.Engine.0x...0590] [2]
15:41:28,241 INFO  [sqlalchemy.engine.base.Engine.0x...0590] SELECT soundclip.id AS soundclip_id, soundclip.workid AS soundclip_workid, soundclip.movementid AS soundclip_movementid, soundclip.path AS soundclip_path 
FROM soundclip 
WHERE ? = soundclip.workid
15:41:28,241 INFO  [sqlalchemy.engine.base.Engine.0x...0590] [2]
15:41:29,248 INFO  [sqlalchemy.engine.base.Engine.0x...0590] BEGIN
15:41:29,249 INFO  [sqlalchemy.engine.base.Engine.0x...0590] SELECT work.id AS work_id, work.title AS work_title, work.keyid AS work_keyid, work.publicationid AS work_publicationid, work.composerid AS work_composerid, work.styleid AS work_styleid, work.description AS work_description, work.image AS work_image 
FROM work 
WHERE work.id = ?
15:41:29,249 INFO  [sqlalchemy.engine.base.Engine.0x...0590] [u'2']
15:41:29,250 INFO  [sqlalchemy.engine.base.Engine.0x...0590] SELECT work.id AS work_id, work.title AS work_title, work.keyid AS work_keyid, work.publicationid AS work_publicationid, work.composerid AS work_composerid, work.styleid AS work_styleid, work.description AS work_description, work.image AS work_image 
FROM work 
WHERE work.id = ?
15:41:29,250 INFO  [sqlalchemy.engine.base.Engine.0x...0590] [u'2']
15:41:29,252 INFO  [sqlalchemy.engine.base.Engine.0x...0590] SELECT instrument.id AS instrument_id, instrument.name AS instrument_name 
FROM instrument, workinstrument 
WHERE ? = workinstrument.workid AND instrument.id = workinstrument.instrumentid
15:41:29,252 INFO  [sqlalchemy.engine.base.Engine.0x...0590] [2]
15:41:29,253 INFO  [sqlalchemy.engine.base.Engine.0x...0590] SELECT "key".id AS key_id, "key".name AS key_name 
FROM "key" 
WHERE "key".id = ?
15:41:29,253 INFO  [sqlalchemy.engine.base.Engine.0x...0590] [17]
15:41:29,254 INFO  [sqlalchemy.engine.base.Engine.0x...0590] SELECT movement.id AS movement_id, movement.title AS movement_title, movement.keyid AS movement_keyid, movement.number AS movement_number, movement.workid AS movement_workid, movement.description AS movement_description 
FROM movement 
WHERE ? = movement.workid
15:41:29,254 INFO  [sqlalchemy.engine.base.Engine.0x...0590] [2]
15:41:29,255 INFO  [sqlalchemy.engine.base.Engine.0x...0590] SELECT composer.id AS composer_id, composer.lastname AS composer_lastname, composer.firstname AS composer_firstname, composer.middlename AS composer_middlename, composer.bio AS composer_bio, composer.image AS composer_image 
FROM composer 
WHERE composer.id = ?
15:41:29,255 INFO  [sqlalchemy.engine.base.Engine.0x...0590] [1]
15:41:29,256 INFO  [sqlalchemy.engine.base.Engine.0x...0590] SELECT style.id AS style_id, style.name AS style_name 
FROM style, workstyle 
WHERE ? = workstyle.workid AND style.id = workstyle.styleid
15:41:29,256 INFO  [sqlalchemy.engine.base.Engine.0x...0590] [2]
15:41:29,257 INFO  [sqlalchemy.engine.base.Engine.0x...0590] SELECT soundclip.id AS soundclip_id, soundclip.workid AS soundclip_workid, soundclip.movementid AS soundclip_movementid, soundclip.path AS soundclip_path 
FROM soundclip 
WHERE ? = soundclip.workid
15:41:29,258 INFO  [sqlalchemy.engine.base.Engine.0x...0590] [2]
15:41:29,294 INFO  [sqlalchemy.engine.base.Engine.0x...0590] BEGIN
15:41:29,294 INFO  [sqlalchemy.engine.base.Engine.0x...0590] SELECT work.id AS work_id, work.title AS work_title, work.keyid AS work_keyid, work.publicationid AS work_publicationid, work.composerid AS work_composerid, work.styleid AS work_styleid, work.description AS work_description, work.image AS work_image 
FROM work 
WHERE work.id = ?
15:41:29,295 INFO  [sqlalchemy.engine.base.Engine.0x...0590] [u'2']
15:41:30,087 INFO  [sqlalchemy.engine.base.Engine.0x...0590] BEGIN
15:41:30,089 INFO  [sqlalchemy.engine.base.Engine.0x...0590] SELECT work.id AS work_id, work.title AS work_title, work.keyid AS work_keyid, work.publicationid AS work_publicationid, work.composerid AS work_composerid, work.styleid AS work_styleid, work.description AS work_description, work.image AS work_image 
FROM work 
WHERE work.id = ?
15:41:30,089 INFO  [sqlalchemy.engine.base.Engine.0x...0590] [u'2']
15:41:30,091 INFO  [sqlalchemy.engine.base.Engine.0x...0590] SELECT work.id AS work_id, work.title AS work_title, work.keyid AS work_keyid, work.publicationid AS work_publicationid, work.composerid AS work_composerid, work.styleid AS work_styleid, work.description AS work_description, work.image AS work_image 
FROM work 
WHERE work.id = ?
15:41:30,091 INFO  [sqlalchemy.engine.base.Engine.0x...0590] [u'2']
15:41:30,101 INFO  [sqlalchemy.engine.base.Engine.0x...0590] BEGIN
15:41:30,101 INFO  [sqlalchemy.engine.base.Engine.0x...0590] SELECT work.id AS work_id, work.title AS work_title, work.keyid AS work_keyid, work.publicationid AS work_publicationid, work.composerid AS work_composerid, work.styleid AS work_styleid, work.description AS work_description, work.image AS work_image 
FROM work 
WHERE work.id = ?
15:41:30,101 INFO  [sqlalchemy.engine.base.Engine.0x...0590] [u'2']
15:41:30,103 INFO  [sqlalchemy.engine.base.Engine.0x...0590] SELECT instrument.id AS instrument_id, instrument.name AS instrument_name 
FROM instrument, workinstrument 
WHERE ? = workinstrument.workid AND instrument.id = workinstrument.instrumentid
15:41:30,103 INFO  [sqlalchemy.engine.base.Engine.0x...0590] [2]
15:41:30,104 INFO  [sqlalchemy.engine.base.Engine.0x...0590] SELECT "key".id AS key_id, "key".name AS key_name 
FROM "key" 
WHERE "key".id = ?
15:41:30,105 INFO  [sqlalchemy.engine.base.Engine.0x...0590] [17]
15:41:30,106 INFO  [sqlalchemy.engine.base.Engine.0x...0590] SELECT movement.id AS movement_id, movement.title AS movement_title, movement.keyid AS movement_keyid, movement.number AS movement_number, movement.workid AS movement_workid, movement.description AS movement_description 
FROM movement 
WHERE ? = movement.workid
15:41:30,106 INFO  [sqlalchemy.engine.base.Engine.0x...0590] [2]
15:41:30,107 INFO  [sqlalchemy.engine.base.Engine.0x...0590] SELECT composer.id AS composer_id, composer.lastname AS composer_lastname, composer.firstname AS composer_firstname, composer.middlename AS composer_middlename, composer.bio AS composer_bio, composer.image AS composer_image 
FROM composer 
WHERE composer.id = ?
15:41:30,107 INFO  [sqlalchemy.engine.base.Engine.0x...0590] [1]
15:41:30,108 INFO  [sqlalchemy.engine.base.Engine.0x...0590] SELECT style.id AS style_id, style.name AS style_name 
FROM style, workstyle 
WHERE ? = workstyle.workid AND style.id = workstyle.styleid
15:41:30,109 INFO  [sqlalchemy.engine.base.Engine.0x...0590] [2]
15:41:30,110 INFO  [sqlalchemy.engine.base.Engine.0x...0590] SELECT soundclip.id AS soundclip_id, soundclip.workid AS soundclip_workid, soundclip.movementid AS soundclip_movementid, soundclip.path AS soundclip_path 
FROM soundclip 
WHERE ? = soundclip.workid
15:41:30,110 INFO  [sqlalchemy.engine.base.Engine.0x...0590] [2]
15:41:32,543 INFO  [sqlalchemy.engine.base.Engine.0x...0590] BEGIN
15:41:32,544 INFO  [sqlalchemy.engine.base.Engine.0x...0590] SELECT composer.id AS composer_id, composer.lastname AS composer_lastname, composer.firstname AS composer_firstname, composer.middlename AS composer_middlename, composer.bio AS composer_bio, composer.image AS composer_image 
FROM composer
15:41:32,544 INFO  [sqlalchemy.engine.base.Engine.0x...0590] []
15:41:32,546 INFO  [sqlalchemy.engine.base.Engine.0x...0590] SELECT work.id AS work_id, work.title AS work_title, work.keyid AS work_keyid, work.publicationid AS work_publicationid, work.composerid AS work_composerid, work.styleid AS work_styleid, work.description AS work_description, work.image AS work_image 
FROM work 
WHERE ? = work.composerid
15:41:32,546 INFO  [sqlalchemy.engine.base.Engine.0x...0590] [1]
15:41:32,548 INFO  [sqlalchemy.engine.base.Engine.0x...0590] SELECT work.id AS work_id, work.title AS work_title, work.keyid AS work_keyid, work.publicationid AS work_publicationid, work.composerid AS work_composerid, work.styleid AS work_styleid, work.description AS work_description, work.image AS work_image 
FROM work 
WHERE ? = work.composerid
15:41:32,548 INFO  [sqlalchemy.engine.base.Engine.0x...0590] [2]
15:41:33,519 INFO  [sqlalchemy.engine.base.Engine.0x...0590] BEGIN
15:41:33,520 INFO  [sqlalchemy.engine.base.Engine.0x...0590] SELECT composer.id AS composer_id, composer.lastname AS composer_lastname, composer.firstname AS composer_firstname, composer.middlename AS composer_middlename, composer.bio AS composer_bio, composer.image AS composer_image 
FROM composer 
WHERE composer.id = ?
15:41:33,520 INFO  [sqlalchemy.engine.base.Engine.0x...0590] [u'1']
15:41:33,521 INFO  [sqlalchemy.engine.base.Engine.0x...0590] SELECT work.id AS work_id, work.title AS work_title, work.keyid AS work_keyid, work.publicationid AS work_publicationid, work.composerid AS work_composerid, work.styleid AS work_styleid, work.description AS work_description, work.image AS work_image 
FROM work 
WHERE ? = work.composerid
15:41:33,522 INFO  [sqlalchemy.engine.base.Engine.0x...0590] [1]
15:41:34,543 INFO  [sqlalchemy.engine.base.Engine.0x...0590] BEGIN
15:41:34,544 INFO  [sqlalchemy.engine.base.Engine.0x...0590] SELECT work.id AS work_id, work.title AS work_title, work.keyid AS work_keyid, work.publicationid AS work_publicationid, work.composerid AS work_composerid, work.styleid AS work_styleid, work.description AS work_description, work.image AS work_image 
FROM work 
WHERE work.id = ?
15:41:34,544 INFO  [sqlalchemy.engine.base.Engine.0x...0590] [u'4']
15:41:34,546 INFO  [sqlalchemy.engine.base.Engine.0x...0590] SELECT instrument.id AS instrument_id, instrument.name AS instrument_name 
FROM instrument, workinstrument 
WHERE ? = workinstrument.workid AND instrument.id = workinstrument.instrumentid
15:41:34,546 INFO  [sqlalchemy.engine.base.Engine.0x...0590] [4]
15:41:34,547 INFO  [sqlalchemy.engine.base.Engine.0x...0590] SELECT "key".id AS key_id, "key".name AS key_name 
FROM "key" 
WHERE "key".id = ?
15:41:34,547 INFO  [sqlalchemy.engine.base.Engine.0x...0590] [17]
15:41:34,548 INFO  [sqlalchemy.engine.base.Engine.0x...0590] SELECT movement.id AS movement_id, movement.title AS movement_title, movement.keyid AS movement_keyid, movement.number AS movement_number, movement.workid AS movement_workid, movement.description AS movement_description 
FROM movement 
WHERE ? = movement.workid
15:41:34,548 INFO  [sqlalchemy.engine.base.Engine.0x...0590] [4]
15:41:34,549 INFO  [sqlalchemy.engine.base.Engine.0x...0590] SELECT composer.id AS composer_id, composer.lastname AS composer_lastname, composer.firstname AS composer_firstname, composer.middlename AS composer_middlename, composer.bio AS composer_bio, composer.image AS composer_image 
FROM composer 
WHERE composer.id = ?
15:41:34,549 INFO  [sqlalchemy.engine.base.Engine.0x...0590] [1]
15:41:34,550 INFO  [sqlalchemy.engine.base.Engine.0x...0590] SELECT style.id AS style_id, style.name AS style_name 
FROM style, workstyle 
WHERE ? = workstyle.workid AND style.id = workstyle.styleid
15:41:34,550 INFO  [sqlalchemy.engine.base.Engine.0x...0590] [4]
15:41:34,551 INFO  [sqlalchemy.engine.base.Engine.0x...0590] SELECT soundclip.id AS soundclip_id, soundclip.workid AS soundclip_workid, soundclip.movementid AS soundclip_movementid, soundclip.path AS soundclip_path 
FROM soundclip 
WHERE ? = soundclip.workid
15:41:34,552 INFO  [sqlalchemy.engine.base.Engine.0x...0590] [4]
15:41:35,246 INFO  [sqlalchemy.engine.base.Engine.0x...0590] BEGIN
15:41:35,247 INFO  [sqlalchemy.engine.base.Engine.0x...0590] SELECT work.id AS work_id, work.title AS work_title, work.keyid AS work_keyid, work.publicationid AS work_publicationid, work.composerid AS work_composerid, work.styleid AS work_styleid, work.description AS work_description, work.image AS work_image 
FROM work 
WHERE work.id = ?
15:41:35,247 INFO  [sqlalchemy.engine.base.Engine.0x...0590] [u'4']
15:41:35,248 INFO  [sqlalchemy.engine.base.Engine.0x...0590] SELECT work.id AS work_id, work.title AS work_title, work.keyid AS work_keyid, work.publicationid AS work_publicationid, work.composerid AS work_composerid, work.styleid AS work_styleid, work.description AS work_description, work.image AS work_image 
FROM work 
WHERE work.id = ?
15:41:35,248 INFO  [sqlalchemy.engine.base.Engine.0x...0590] [u'4']
15:41:35,250 INFO  [sqlalchemy.engine.base.Engine.0x...0590] SELECT instrument.id AS instrument_id, instrument.name AS instrument_name 
FROM instrument, workinstrument 
WHERE ? = workinstrument.workid AND instrument.id = workinstrument.instrumentid
15:41:35,250 INFO  [sqlalchemy.engine.base.Engine.0x...0590] [4]
15:41:35,251 INFO  [sqlalchemy.engine.base.Engine.0x...0590] SELECT "key".id AS key_id, "key".name AS key_name 
FROM "key" 
WHERE "key".id = ?
15:41:35,251 INFO  [sqlalchemy.engine.base.Engine.0x...0590] [17]
15:41:35,252 INFO  [sqlalchemy.engine.base.Engine.0x...0590] SELECT movement.id AS movement_id, movement.title AS movement_title, movement.keyid AS movement_keyid, movement.number AS movement_number, movement.workid AS movement_workid, movement.description AS movement_description 
FROM movement 
WHERE ? = movement.workid
15:41:35,252 INFO  [sqlalchemy.engine.base.Engine.0x...0590] [4]
15:41:35,253 INFO  [sqlalchemy.engine.base.Engine.0x...0590] SELECT composer.id AS composer_id, composer.lastname AS composer_lastname, composer.firstname AS composer_firstname, composer.middlename AS composer_middlename, composer.bio AS composer_bio, composer.image AS composer_image 
FROM composer 
WHERE composer.id = ?
15:41:35,253 INFO  [sqlalchemy.engine.base.Engine.0x...0590] [1]
15:41:35,254 INFO  [sqlalchemy.engine.base.Engine.0x...0590] SELECT style.id AS style_id, style.name AS style_name 
FROM style, workstyle 
WHERE ? = workstyle.workid AND style.id = workstyle.styleid
15:41:35,254 INFO  [sqlalchemy.engine.base.Engine.0x...0590] [4]
15:41:35,255 INFO  [sqlalchemy.engine.base.Engine.0x...0590] SELECT soundclip.id AS soundclip_id, soundclip.workid AS soundclip_workid, soundclip.movementid AS soundclip_movementid, soundclip.path AS soundclip_path 
FROM soundclip 
WHERE ? = soundclip.workid
15:41:35,255 INFO  [sqlalchemy.engine.base.Engine.0x...0590] [4]
15:41:35,288 INFO  [sqlalchemy.engine.base.Engine.0x...0590] BEGIN
15:41:35,288 INFO  [sqlalchemy.engine.base.Engine.0x...0590] SELECT work.id AS work_id, work.title AS work_title, work.keyid AS work_keyid, work.publicationid AS work_publicationid, work.composerid AS work_composerid, work.styleid AS work_styleid, work.description AS work_description, work.image AS work_image 
FROM work 
WHERE work.id = ?
15:41:35,288 INFO  [sqlalchemy.engine.base.Engine.0x...0590] [u'4']
15:41:36,209 INFO  [sqlalchemy.engine.base.Engine.0x...0590] BEGIN
15:41:36,209 INFO  [sqlalchemy.engine.base.Engine.0x...0590] SELECT work.id AS work_id, work.title AS work_title, work.keyid AS work_keyid, work.publicationid AS work_publicationid, work.composerid AS work_composerid, work.styleid AS work_styleid, work.description AS work_description, work.image AS work_image 
FROM work 
WHERE work.id = ?
15:41:36,209 INFO  [sqlalchemy.engine.base.Engine.0x...0590] [u'4']
15:41:36,211 INFO  [sqlalchemy.engine.base.Engine.0x...0590] SELECT work.id AS work_id, work.title AS work_title, work.keyid AS work_keyid, work.publicationid AS work_publicationid, work.composerid AS work_composerid, work.styleid AS work_styleid, work.description AS work_description, work.image AS work_image 
FROM work 
WHERE work.id = ?
15:41:36,211 INFO  [sqlalchemy.engine.base.Engine.0x...0590] [u'4']
15:41:36,224 INFO  [sqlalchemy.engine.base.Engine.0x...0590] BEGIN
15:41:36,224 INFO  [sqlalchemy.engine.base.Engine.0x...0590] SELECT work.id AS work_id, work.title AS work_title, work.keyid AS work_keyid, work.publicationid AS work_publicationid, work.composerid AS work_composerid, work.styleid AS work_styleid, work.description AS work_description, work.image AS work_image 
FROM work 
WHERE work.id = ?
15:41:36,224 INFO  [sqlalchemy.engine.base.Engine.0x...0590] [u'4']
15:41:36,226 INFO  [sqlalchemy.engine.base.Engine.0x...0590] SELECT instrument.id AS instrument_id, instrument.name AS instrument_name 
FROM instrument, workinstrument 
WHERE ? = workinstrument.workid AND instrument.id = workinstrument.instrumentid
15:41:36,226 INFO  [sqlalchemy.engine.base.Engine.0x...0590] [4]
15:41:36,227 INFO  [sqlalchemy.engine.base.Engine.0x...0590] SELECT "key".id AS key_id, "key".name AS key_name 
FROM "key" 
WHERE "key".id = ?
15:41:36,227 INFO  [sqlalchemy.engine.base.Engine.0x...0590] [17]
15:41:36,229 INFO  [sqlalchemy.engine.base.Engine.0x...0590] SELECT movement.id AS movement_id, movement.title AS movement_title, movement.keyid AS movement_keyid, movement.number AS movement_number, movement.workid AS movement_workid, movement.description AS movement_description 
FROM movement 
WHERE ? = movement.workid
15:41:36,229 INFO  [sqlalchemy.engine.base.Engine.0x...0590] [4]
15:41:36,230 INFO  [sqlalchemy.engine.base.Engine.0x...0590] SELECT composer.id AS composer_id, composer.lastname AS composer_lastname, composer.firstname AS composer_firstname, composer.middlename AS composer_middlename, composer.bio AS composer_bio, composer.image AS composer_image 
FROM composer 
WHERE composer.id = ?
15:41:36,230 INFO  [sqlalchemy.engine.base.Engine.0x...0590] [1]
15:41:36,231 INFO  [sqlalchemy.engine.base.Engine.0x...0590] SELECT style.id AS style_id, style.name AS style_name 
FROM style, workstyle 
WHERE ? = workstyle.workid AND style.id = workstyle.styleid
15:41:36,231 INFO  [sqlalchemy.engine.base.Engine.0x...0590] [4]
15:41:36,232 INFO  [sqlalchemy.engine.base.Engine.0x...0590] SELECT soundclip.id AS soundclip_id, soundclip.workid AS soundclip_workid, soundclip.movementid AS soundclip_movementid, soundclip.path AS soundclip_path 
FROM soundclip 
WHERE ? = soundclip.workid
15:41:36,232 INFO  [sqlalchemy.engine.base.Engine.0x...0590] [4]
15:41:37,004 INFO  [sqlalchemy.engine.base.Engine.0x...0590] BEGIN
15:41:37,004 INFO  [sqlalchemy.engine.base.Engine.0x...0590] SELECT work.id AS work_id, work.title AS work_title, work.keyid AS work_keyid, work.publicationid AS work_publicationid, work.composerid AS work_composerid, work.styleid AS work_styleid, work.description AS work_description, work.image AS work_image 
FROM work 
WHERE work.id = ?
15:41:37,004 INFO  [sqlalchemy.engine.base.Engine.0x...0590] [u'4']
15:41:37,006 INFO  [sqlalchemy.engine.base.Engine.0x...0590] SELECT work.id AS work_id, work.title AS work_title, work.keyid AS work_keyid, work.publicationid AS work_publicationid, work.composerid AS work_composerid, work.styleid AS work_styleid, work.description AS work_description, work.image AS work_image 
FROM work 
WHERE work.id = ?
15:41:37,006 INFO  [sqlalchemy.engine.base.Engine.0x...0590] [u'4']
15:41:37,007 INFO  [sqlalchemy.engine.base.Engine.0x...0590] SELECT instrument.id AS instrument_id, instrument.name AS instrument_name 
FROM instrument, workinstrument 
WHERE ? = workinstrument.workid AND instrument.id = workinstrument.instrumentid
15:41:37,007 INFO  [sqlalchemy.engine.base.Engine.0x...0590] [4]
15:41:37,008 INFO  [sqlalchemy.engine.base.Engine.0x...0590] SELECT "key".id AS key_id, "key".name AS key_name 
FROM "key" 
WHERE "key".id = ?
15:41:37,008 INFO  [sqlalchemy.engine.base.Engine.0x...0590] [17]
15:41:37,009 INFO  [sqlalchemy.engine.base.Engine.0x...0590] SELECT movement.id AS movement_id, movement.title AS movement_title, movement.keyid AS movement_keyid, movement.number AS movement_number, movement.workid AS movement_workid, movement.description AS movement_description 
FROM movement 
WHERE ? = movement.workid
15:41:37,010 INFO  [sqlalchemy.engine.base.Engine.0x...0590] [4]
15:41:37,010 INFO  [sqlalchemy.engine.base.Engine.0x...0590] SELECT composer.id AS composer_id, composer.lastname AS composer_lastname, composer.firstname AS composer_firstname, composer.middlename AS composer_middlename, composer.bio AS composer_bio, composer.image AS composer_image 
FROM composer 
WHERE composer.id = ?
15:41:37,011 INFO  [sqlalchemy.engine.base.Engine.0x...0590] [1]
15:41:37,012 INFO  [sqlalchemy.engine.base.Engine.0x...0590] SELECT style.id AS style_id, style.name AS style_name 
FROM style, workstyle 
WHERE ? = workstyle.workid AND style.id = workstyle.styleid
15:41:37,012 INFO  [sqlalchemy.engine.base.Engine.0x...0590] [4]
15:41:37,013 INFO  [sqlalchemy.engine.base.Engine.0x...0590] SELECT soundclip.id AS soundclip_id, soundclip.workid AS soundclip_workid, soundclip.movementid AS soundclip_movementid, soundclip.path AS soundclip_path 
FROM soundclip 
WHERE ? = soundclip.workid
15:41:37,013 INFO  [sqlalchemy.engine.base.Engine.0x...0590] [4]
15:41:37,045 INFO  [sqlalchemy.engine.base.Engine.0x...0590] BEGIN
15:41:37,046 INFO  [sqlalchemy.engine.base.Engine.0x...0590] SELECT work.id AS work_id, work.title AS work_title, work.keyid AS work_keyid, work.publicationid AS work_publicationid, work.composerid AS work_composerid, work.styleid AS work_styleid, work.description AS work_description, work.image AS work_image 
FROM work 
WHERE work.id = ?
15:41:37,046 INFO  [sqlalchemy.engine.base.Engine.0x...0590] [u'4']
15:41:38,485 INFO  [sqlalchemy.engine.base.Engine.0x...0590] BEGIN
15:41:38,486 INFO  [sqlalchemy.engine.base.Engine.0x...0590] SELECT work.id AS work_id, work.title AS work_title, work.keyid AS work_keyid, work.publicationid AS work_publicationid, work.composerid AS work_composerid, work.styleid AS work_styleid, work.description AS work_description, work.image AS work_image 
FROM work 
WHERE work.id = ?
15:41:38,486 INFO  [sqlalchemy.engine.base.Engine.0x...0590] [u'4']
15:41:38,530 INFO  [sqlalchemy.engine.base.Engine.0x...0590] BEGIN
15:41:38,530 INFO  [sqlalchemy.engine.base.Engine.0x...0590] SELECT work.id AS work_id, work.title AS work_title, work.keyid AS work_keyid, work.publicationid AS work_publicationid, work.composerid AS work_composerid, work.styleid AS work_styleid, work.description AS work_description, work.image AS work_image 
FROM work 
WHERE work.id = ?
15:41:38,530 INFO  [sqlalchemy.engine.base.Engine.0x...0590] [u'4']
15:41:40,735 INFO  [sqlalchemy.engine.base.Engine.0x...0590] BEGIN
15:41:40,735 INFO  [sqlalchemy.engine.base.Engine.0x...0590] SELECT work.id AS work_id, work.title AS work_title, work.keyid AS work_keyid, work.publicationid AS work_publicationid, work.composerid AS work_composerid, work.styleid AS work_styleid, work.description AS work_description, work.image AS work_image 
FROM work 
WHERE work.id = ?
15:41:40,736 INFO  [sqlalchemy.engine.base.Engine.0x...0590] [u'4']
15:41:40,737 INFO  [sqlalchemy.engine.base.Engine.0x...0590] SELECT composer.id AS composer_id, composer.lastname AS composer_lastname, composer.firstname AS composer_firstname, composer.middlename AS composer_middlename, composer.bio AS composer_bio, composer.image AS composer_image 
FROM composer 
WHERE composer.id = ?
15:41:40,737 INFO  [sqlalchemy.engine.base.Engine.0x...0590] [u'1']
15:41:40,739 INFO  [sqlalchemy.engine.base.Engine.0x...0590] SELECT work.id AS work_id, work.title AS work_title, work.keyid AS work_keyid, work.publicationid AS work_publicationid, work.composerid AS work_composerid, work.styleid AS work_styleid, work.description AS work_description, work.image AS work_image 
FROM work 
WHERE ? = work.composerid
15:41:40,739 INFO  [sqlalchemy.engine.base.Engine.0x...0590] [1]
15:41:40,781 INFO  [sqlalchemy.engine.base.Engine.0x...0590] BEGIN
15:41:40,782 INFO  [sqlalchemy.engine.base.Engine.0x...0590] SELECT work.id AS work_id, work.title AS work_title, work.keyid AS work_keyid, work.publicationid AS work_publicationid, work.composerid AS work_composerid, work.styleid AS work_styleid, work.description AS work_description, work.image AS work_image 
FROM work 
WHERE work.id = ?
15:41:40,782 INFO  [sqlalchemy.engine.base.Engine.0x...0590] [u'4']
15:41:41,855 INFO  [sqlalchemy.engine.base.Engine.0x...0590] BEGIN
15:41:41,856 INFO  [sqlalchemy.engine.base.Engine.0x...0590] SELECT work.id AS work_id, work.title AS work_title, work.keyid AS work_keyid, work.publicationid AS work_publicationid, work.composerid AS work_composerid, work.styleid AS work_styleid, work.description AS work_description, work.image AS work_image 
FROM work 
WHERE work.id = ?
15:41:41,856 INFO  [sqlalchemy.engine.base.Engine.0x...0590] [u'4']
15:41:41,857 INFO  [sqlalchemy.engine.base.Engine.0x...0590] SELECT work.id AS work_id, work.title AS work_title, work.keyid AS work_keyid, work.publicationid AS work_publicationid, work.composerid AS work_composerid, work.styleid AS work_styleid, work.description AS work_description, work.image AS work_image 
FROM work 
WHERE work.id = ?
15:41:41,858 INFO  [sqlalchemy.engine.base.Engine.0x...0590] [u'4']
15:41:41,859 INFO  [sqlalchemy.engine.base.Engine.0x...0590] SELECT instrument.id AS instrument_id, instrument.name AS instrument_name 
FROM instrument, workinstrument 
WHERE ? = workinstrument.workid AND instrument.id = workinstrument.instrumentid
15:41:41,859 INFO  [sqlalchemy.engine.base.Engine.0x...0590] [4]
15:41:41,860 INFO  [sqlalchemy.engine.base.Engine.0x...0590] SELECT "key".id AS key_id, "key".name AS key_name 
FROM "key" 
WHERE "key".id = ?
15:41:41,860 INFO  [sqlalchemy.engine.base.Engine.0x...0590] [17]
15:41:41,861 INFO  [sqlalchemy.engine.base.Engine.0x...0590] SELECT movement.id AS movement_id, movement.title AS movement_title, movement.keyid AS movement_keyid, movement.number AS movement_number, movement.workid AS movement_workid, movement.description AS movement_description 
FROM movement 
WHERE ? = movement.workid
15:41:41,861 INFO  [sqlalchemy.engine.base.Engine.0x...0590] [4]
15:41:41,862 INFO  [sqlalchemy.engine.base.Engine.0x...0590] SELECT composer.id AS composer_id, composer.lastname AS composer_lastname, composer.firstname AS composer_firstname, composer.middlename AS composer_middlename, composer.bio AS composer_bio, composer.image AS composer_image 
FROM composer 
WHERE composer.id = ?
15:41:41,862 INFO  [sqlalchemy.engine.base.Engine.0x...0590] [1]
15:41:41,864 INFO  [sqlalchemy.engine.base.Engine.0x...0590] SELECT style.id AS style_id, style.name AS style_name 
FROM style, workstyle 
WHERE ? = workstyle.workid AND style.id = workstyle.styleid
15:41:41,864 INFO  [sqlalchemy.engine.base.Engine.0x...0590] [4]
15:41:41,865 INFO  [sqlalchemy.engine.base.Engine.0x...0590] SELECT soundclip.id AS soundclip_id, soundclip.workid AS soundclip_workid, soundclip.movementid AS soundclip_movementid, soundclip.path AS soundclip_path 
FROM soundclip 
WHERE ? = soundclip.workid
15:41:41,865 INFO  [sqlalchemy.engine.base.Engine.0x...0590] [4]
15:41:41,905 INFO  [sqlalchemy.engine.base.Engine.0x...0590] BEGIN
15:41:41,906 INFO  [sqlalchemy.engine.base.Engine.0x...0590] SELECT work.id AS work_id, work.title AS work_title, work.keyid AS work_keyid, work.publicationid AS work_publicationid, work.composerid AS work_composerid, work.styleid AS work_styleid, work.description AS work_description, work.image AS work_image 
FROM work 
WHERE work.id = ?
15:41:41,906 INFO  [sqlalchemy.engine.base.Engine.0x...0590] [u'4']
15:41:42,855 INFO  [sqlalchemy.engine.base.Engine.0x...0590] BEGIN
15:41:42,856 INFO  [sqlalchemy.engine.base.Engine.0x...0590] SELECT work.id AS work_id, work.title AS work_title, work.keyid AS work_keyid, work.publicationid AS work_publicationid, work.composerid AS work_composerid, work.styleid AS work_styleid, work.description AS work_description, work.image AS work_image 
FROM work 
WHERE work.id = ?
15:41:42,856 INFO  [sqlalchemy.engine.base.Engine.0x...0590] [u'4']
15:41:42,863 INFO  [sqlalchemy.engine.base.Engine.0x...0590] BEGIN
15:41:42,863 INFO  [sqlalchemy.engine.base.Engine.0x...0590] SELECT work.id AS work_id, work.title AS work_title, work.keyid AS work_keyid, work.publicationid AS work_publicationid, work.composerid AS work_composerid, work.styleid AS work_styleid, work.description AS work_description, work.image AS work_image 
FROM work 
WHERE work.id = ?
15:41:42,863 INFO  [sqlalchemy.engine.base.Engine.0x...0590] [u'4']
15:41:42,864 INFO  [sqlalchemy.engine.base.Engine.0x...0590] SELECT work.id AS work_id, work.title AS work_title, work.keyid AS work_keyid, work.publicationid AS work_publicationid, work.composerid AS work_composerid, work.styleid AS work_styleid, work.description AS work_description, work.image AS work_image 
FROM work 
WHERE work.id = ?
15:41:42,864 INFO  [sqlalchemy.engine.base.Engine.0x...0590] [u'4']
15:41:42,866 INFO  [sqlalchemy.engine.base.Engine.0x...0590] SELECT work.id AS work_id, work.title AS work_title, work.keyid AS work_keyid, work.publicationid AS work_publicationid, work.composerid AS work_composerid, work.styleid AS work_styleid, work.description AS work_description, work.image AS work_image 
FROM work 
WHERE work.id = ?
15:41:42,866 INFO  [sqlalchemy.engine.base.Engine.0x...0590] [u'4']
15:41:42,868 INFO  [sqlalchemy.engine.base.Engine.0x...0590] SELECT instrument.id AS instrument_id, instrument.name AS instrument_name 
FROM instrument, workinstrument 
WHERE ? = workinstrument.workid AND instrument.id = workinstrument.instrumentid
15:41:42,868 INFO  [sqlalchemy.engine.base.Engine.0x...0590] [4]
15:41:42,869 INFO  [sqlalchemy.engine.base.Engine.0x...0590] SELECT "key".id AS key_id, "key".name AS key_name 
FROM "key" 
WHERE "key".id = ?
15:41:42,869 INFO  [sqlalchemy.engine.base.Engine.0x...0590] [17]
15:41:42,870 INFO  [sqlalchemy.engine.base.Engine.0x...0590] SELECT movement.id AS movement_id, movement.title AS movement_title, movement.keyid AS movement_keyid, movement.number AS movement_number, movement.workid AS movement_workid, movement.description AS movement_description 
FROM movement 
WHERE ? = movement.workid
15:41:42,870 INFO  [sqlalchemy.engine.base.Engine.0x...0590] [4]
15:41:42,871 INFO  [sqlalchemy.engine.base.Engine.0x...0590] SELECT composer.id AS composer_id, composer.lastname AS composer_lastname, composer.firstname AS composer_firstname, composer.middlename AS composer_middlename, composer.bio AS composer_bio, composer.image AS composer_image 
FROM composer 
WHERE composer.id = ?
15:41:42,871 INFO  [sqlalchemy.engine.base.Engine.0x...0590] [1]
15:41:42,872 INFO  [sqlalchemy.engine.base.Engine.0x...0590] SELECT style.id AS style_id, style.name AS style_name 
FROM style, workstyle 
WHERE ? = workstyle.workid AND style.id = workstyle.styleid
15:41:42,872 INFO  [sqlalchemy.engine.base.Engine.0x...0590] [4]
15:41:42,873 INFO  [sqlalchemy.engine.base.Engine.0x...0590] SELECT soundclip.id AS soundclip_id, soundclip.workid AS soundclip_workid, soundclip.movementid AS soundclip_movementid, soundclip.path AS soundclip_path 
FROM soundclip 
WHERE ? = soundclip.workid
15:41:42,873 INFO  [sqlalchemy.engine.base.Engine.0x...0590] [4]
15:41:42,907 INFO  [sqlalchemy.engine.base.Engine.0x...0590] BEGIN
15:41:42,907 INFO  [sqlalchemy.engine.base.Engine.0x...0590] SELECT work.id AS work_id, work.title AS work_title, work.keyid AS work_keyid, work.publicationid AS work_publicationid, work.composerid AS work_composerid, work.styleid AS work_styleid, work.description AS work_description, work.image AS work_image 
FROM work 
WHERE work.id = ?
15:41:42,907 INFO  [sqlalchemy.engine.base.Engine.0x...0590] [u'4']
15:41:42,909 INFO  [sqlalchemy.engine.base.Engine.0x...0590] SELECT work.id AS work_id, work.title AS work_title, work.keyid AS work_keyid, work.publicationid AS work_publicationid, work.composerid AS work_composerid, work.styleid AS work_styleid, work.description AS work_description, work.image AS work_image 
FROM work 
WHERE work.id = ?
15:41:42,909 INFO  [sqlalchemy.engine.base.Engine.0x...0590] [u'4']
15:41:44,815 INFO  [sqlalchemy.engine.base.Engine.0x...0590] BEGIN
15:41:44,816 INFO  [sqlalchemy.engine.base.Engine.0x...0590] SELECT work.id AS work_id, work.title AS work_title, work.keyid AS work_keyid, work.publicationid AS work_publicationid, work.composerid AS work_composerid, work.styleid AS work_styleid, work.description AS work_description, work.image AS work_image 
FROM work 
WHERE work.id = ?
15:41:44,816 INFO  [sqlalchemy.engine.base.Engine.0x...0590] [u'4']
15:41:44,817 INFO  [sqlalchemy.engine.base.Engine.0x...0590] SELECT work.id AS work_id, work.title AS work_title, work.keyid AS work_keyid, work.publicationid AS work_publicationid, work.composerid AS work_composerid, work.styleid AS work_styleid, work.description AS work_description, work.image AS work_image 
FROM work 
WHERE work.id = ?
15:41:44,817 INFO  [sqlalchemy.engine.base.Engine.0x...0590] [u'4']
15:41:44,818 INFO  [sqlalchemy.engine.base.Engine.0x...0590] SELECT composer.id AS composer_id, composer.lastname AS composer_lastname, composer.firstname AS composer_firstname, composer.middlename AS composer_middlename, composer.bio AS composer_bio, composer.image AS composer_image 
FROM composer 
WHERE composer.id = ?
15:41:44,819 INFO  [sqlalchemy.engine.base.Engine.0x...0590] [u'1']
15:41:44,821 INFO  [sqlalchemy.engine.base.Engine.0x...0590] SELECT work.id AS work_id, work.title AS work_title, work.keyid AS work_keyid, work.publicationid AS work_publicationid, work.composerid AS work_composerid, work.styleid AS work_styleid, work.description AS work_description, work.image AS work_image 
FROM work 
WHERE ? = work.composerid
15:41:44,821 INFO  [sqlalchemy.engine.base.Engine.0x...0590] [1]
15:41:44,863 INFO  [sqlalchemy.engine.base.Engine.0x...0590] BEGIN
15:41:44,863 INFO  [sqlalchemy.engine.base.Engine.0x...0590] SELECT work.id AS work_id, work.title AS work_title, work.keyid AS work_keyid, work.publicationid AS work_publicationid, work.composerid AS work_composerid, work.styleid AS work_styleid, work.description AS work_description, work.image AS work_image 
FROM work 
WHERE work.id = ?
15:41:44,863 INFO  [sqlalchemy.engine.base.Engine.0x...0590] [u'4']
15:41:44,865 INFO  [sqlalchemy.engine.base.Engine.0x...0590] SELECT work.id AS work_id, work.title AS work_title, work.keyid AS work_keyid, work.publicationid AS work_publicationid, work.composerid AS work_composerid, work.styleid AS work_styleid, work.description AS work_description, work.image AS work_image 
FROM work 
WHERE work.id = ?
15:41:44,865 INFO  [sqlalchemy.engine.base.Engine.0x...0590] [u'4']
15:41:45,847 INFO  [sqlalchemy.engine.base.Engine.0x...0590] BEGIN
15:41:45,847 INFO  [sqlalchemy.engine.base.Engine.0x...0590] SELECT work.id AS work_id, work.title AS work_title, work.keyid AS work_keyid, work.publicationid AS work_publicationid, work.composerid AS work_composerid, work.styleid AS work_styleid, work.description AS work_description, work.image AS work_image 
FROM work 
WHERE work.id = ?
15:41:45,847 INFO  [sqlalchemy.engine.base.Engine.0x...0590] [u'4']
15:41:45,849 INFO  [sqlalchemy.engine.base.Engine.0x...0590] SELECT work.id AS work_id, work.title AS work_title, work.keyid AS work_keyid, work.publicationid AS work_publicationid, work.composerid AS work_composerid, work.styleid AS work_styleid, work.description AS work_description, work.image AS work_image 
FROM work 
WHERE work.id = ?
15:41:45,849 INFO  [sqlalchemy.engine.base.Engine.0x...0590] [u'4']
15:41:45,850 INFO  [sqlalchemy.engine.base.Engine.0x...0590] SELECT work.id AS work_id, work.title AS work_title, work.keyid AS work_keyid, work.publicationid AS work_publicationid, work.composerid AS work_composerid, work.styleid AS work_styleid, work.description AS work_description, work.image AS work_image 
FROM work 
WHERE work.id = ?
15:41:45,850 INFO  [sqlalchemy.engine.base.Engine.0x...0590] [u'8']
15:41:45,852 INFO  [sqlalchemy.engine.base.Engine.0x...0590] SELECT instrument.id AS instrument_id, instrument.name AS instrument_name 
FROM instrument, workinstrument 
WHERE ? = workinstrument.workid AND instrument.id = workinstrument.instrumentid
15:41:45,852 INFO  [sqlalchemy.engine.base.Engine.0x...0590] [8]
15:41:45,854 INFO  [sqlalchemy.engine.base.Engine.0x...0590] SELECT movement.id AS movement_id, movement.title AS movement_title, movement.keyid AS movement_keyid, movement.number AS movement_number, movement.workid AS movement_workid, movement.description AS movement_description 
FROM movement 
WHERE ? = movement.workid
15:41:45,854 INFO  [sqlalchemy.engine.base.Engine.0x...0590] [8]
15:41:45,855 INFO  [sqlalchemy.engine.base.Engine.0x...0590] SELECT composer.id AS composer_id, composer.lastname AS composer_lastname, composer.firstname AS composer_firstname, composer.middlename AS composer_middlename, composer.bio AS composer_bio, composer.image AS composer_image 
FROM composer 
WHERE composer.id = ?
15:41:45,855 INFO  [sqlalchemy.engine.base.Engine.0x...0590] [1]
15:41:45,857 INFO  [sqlalchemy.engine.base.Engine.0x...0590] SELECT style.id AS style_id, style.name AS style_name 
FROM style, workstyle 
WHERE ? = workstyle.workid AND style.id = workstyle.styleid
15:41:45,857 INFO  [sqlalchemy.engine.base.Engine.0x...0590] [8]
15:41:45,858 INFO  [sqlalchemy.engine.base.Engine.0x...0590] SELECT soundclip.id AS soundclip_id, soundclip.workid AS soundclip_workid, soundclip.movementid AS soundclip_movementid, soundclip.path AS soundclip_path 
FROM soundclip 
WHERE ? = soundclip.workid
15:41:45,858 INFO  [sqlalchemy.engine.base.Engine.0x...0590] [8]
15:41:45,897 INFO  [sqlalchemy.engine.base.Engine.0x...0590] BEGIN
15:41:45,898 INFO  [sqlalchemy.engine.base.Engine.0x...0590] SELECT work.id AS work_id, work.title AS work_title, work.keyid AS work_keyid, work.publicationid AS work_publicationid, work.composerid AS work_composerid, work.styleid AS work_styleid, work.description AS work_description, work.image AS work_image 
FROM work 
WHERE work.id = ?
15:41:45,898 INFO  [sqlalchemy.engine.base.Engine.0x...0590] [u'4']
15:41:45,899 INFO  [sqlalchemy.engine.base.Engine.0x...0590] SELECT work.id AS work_id, work.title AS work_title, work.keyid AS work_keyid, work.publicationid AS work_publicationid, work.composerid AS work_composerid, work.styleid AS work_styleid, work.description AS work_description, work.image AS work_image 
FROM work 
WHERE work.id = ?
15:41:45,899 INFO  [sqlalchemy.engine.base.Engine.0x...0590] [u'4']
15:41:46,823 INFO  [sqlalchemy.engine.base.Engine.0x...0590] BEGIN
15:41:46,824 INFO  [sqlalchemy.engine.base.Engine.0x...0590] SELECT work.id AS work_id, work.title AS work_title, work.keyid AS work_keyid, work.publicationid AS work_publicationid, work.composerid AS work_composerid, work.styleid AS work_styleid, work.description AS work_description, work.image AS work_image 
FROM work 
WHERE work.id = ?
15:41:46,824 INFO  [sqlalchemy.engine.base.Engine.0x...0590] [u'4']
15:41:46,825 INFO  [sqlalchemy.engine.base.Engine.0x...0590] SELECT work.id AS work_id, work.title AS work_title, work.keyid AS work_keyid, work.publicationid AS work_publicationid, work.composerid AS work_composerid, work.styleid AS work_styleid, work.description AS work_description, work.image AS work_image 
FROM work 
WHERE work.id = ?
15:41:46,826 INFO  [sqlalchemy.engine.base.Engine.0x...0590] [u'4']
15:41:46,838 INFO  [sqlalchemy.engine.base.Engine.0x...0590] BEGIN
15:41:46,839 INFO  [sqlalchemy.engine.base.Engine.0x...0590] SELECT work.id AS work_id, work.title AS work_title, work.keyid AS work_keyid, work.publicationid AS work_publicationid, work.composerid AS work_composerid, work.styleid AS work_styleid, work.description AS work_description, work.image AS work_image 
FROM work 
WHERE work.id = ?
15:41:46,839 INFO  [sqlalchemy.engine.base.Engine.0x...0590] [u'4']
15:41:46,841 INFO  [sqlalchemy.engine.base.Engine.0x...0590] SELECT work.id AS work_id, work.title AS work_title, work.keyid AS work_keyid, work.publicationid AS work_publicationid, work.composerid AS work_composerid, work.styleid AS work_styleid, work.description AS work_description, work.image AS work_image 
FROM work 
WHERE work.id = ?
15:41:46,841 INFO  [sqlalchemy.engine.base.Engine.0x...0590] [u'4']
15:41:46,842 INFO  [sqlalchemy.engine.base.Engine.0x...0590] SELECT work.id AS work_id, work.title AS work_title, work.keyid AS work_keyid, work.publicationid AS work_publicationid, work.composerid AS work_composerid, work.styleid AS work_styleid, work.description AS work_description, work.image AS work_image 
FROM work 
WHERE work.id = ?
15:41:46,842 INFO  [sqlalchemy.engine.base.Engine.0x...0590] [u'8']
15:41:46,843 INFO  [sqlalchemy.engine.base.Engine.0x...0590] SELECT work.id AS work_id, work.title AS work_title, work.keyid AS work_keyid, work.publicationid AS work_publicationid, work.composerid AS work_composerid, work.styleid AS work_styleid, work.description AS work_description, work.image AS work_image 
FROM work 
WHERE work.id = ?
15:41:46,843 INFO  [sqlalchemy.engine.base.Engine.0x...0590] [u'8']
15:41:46,845 INFO  [sqlalchemy.engine.base.Engine.0x...0590] SELECT instrument.id AS instrument_id, instrument.name AS instrument_name 
FROM instrument, workinstrument 
WHERE ? = workinstrument.workid AND instrument.id = workinstrument.instrumentid
15:41:46,845 INFO  [sqlalchemy.engine.base.Engine.0x...0590] [8]
15:41:46,847 INFO  [sqlalchemy.engine.base.Engine.0x...0590] SELECT movement.id AS movement_id, movement.title AS movement_title, movement.keyid AS movement_keyid, movement.number AS movement_number, movement.workid AS movement_workid, movement.description AS movement_description 
FROM movement 
WHERE ? = movement.workid
15:41:46,847 INFO  [sqlalchemy.engine.base.Engine.0x...0590] [8]
15:41:46,848 INFO  [sqlalchemy.engine.base.Engine.0x...0590] SELECT composer.id AS composer_id, composer.lastname AS composer_lastname, composer.firstname AS composer_firstname, composer.middlename AS composer_middlename, composer.bio AS composer_bio, composer.image AS composer_image 
FROM composer 
WHERE composer.id = ?
15:41:46,848 INFO  [sqlalchemy.engine.base.Engine.0x...0590] [1]
15:41:46,849 INFO  [sqlalchemy.engine.base.Engine.0x...0590] SELECT style.id AS style_id, style.name AS style_name 
FROM style, workstyle 
WHERE ? = workstyle.workid AND style.id = workstyle.styleid
15:41:46,849 INFO  [sqlalchemy.engine.base.Engine.0x...0590] [8]
15:41:46,850 INFO  [sqlalchemy.engine.base.Engine.0x...0590] SELECT soundclip.id AS soundclip_id, soundclip.workid AS soundclip_workid, soundclip.movementid AS soundclip_movementid, soundclip.path AS soundclip_path 
FROM soundclip 
WHERE ? = soundclip.workid
15:41:46,850 INFO  [sqlalchemy.engine.base.Engine.0x...0590] [8]
15:41:46,887 INFO  [sqlalchemy.engine.base.Engine.0x...0590] BEGIN
15:41:46,887 INFO  [sqlalchemy.engine.base.Engine.0x...0590] SELECT work.id AS work_id, work.title AS work_title, work.keyid AS work_keyid, work.publicationid AS work_publicationid, work.composerid AS work_composerid, work.styleid AS work_styleid, work.description AS work_description, work.image AS work_image 
FROM work 
WHERE work.id = ?
15:41:46,888 INFO  [sqlalchemy.engine.base.Engine.0x...0590] [u'4']
15:41:46,889 INFO  [sqlalchemy.engine.base.Engine.0x...0590] SELECT work.id AS work_id, work.title AS work_title, work.keyid AS work_keyid, work.publicationid AS work_publicationid, work.composerid AS work_composerid, work.styleid AS work_styleid, work.description AS work_description, work.image AS work_image 
FROM work 
WHERE work.id = ?
15:41:46,889 INFO  [sqlalchemy.engine.base.Engine.0x...0590] [u'4']
15:41:46,891 INFO  [sqlalchemy.engine.base.Engine.0x...0590] SELECT work.id AS work_id, work.title AS work_title, work.keyid AS work_keyid, work.publicationid AS work_publicationid, work.composerid AS work_composerid, work.styleid AS work_styleid, work.description AS work_description, work.image AS work_image 
FROM work 
WHERE work.id = ?
15:41:46,891 INFO  [sqlalchemy.engine.base.Engine.0x...0590] [u'8']
15:41:48,199 INFO  [sqlalchemy.engine.base.Engine.0x...0590] BEGIN
15:41:48,200 INFO  [sqlalchemy.engine.base.Engine.0x...0590] SELECT work.id AS work_id, work.title AS work_title, work.keyid AS work_keyid, work.publicationid AS work_publicationid, work.composerid AS work_composerid, work.styleid AS work_styleid, work.description AS work_description, work.image AS work_image 
FROM work 
WHERE work.id = ?
15:41:48,200 INFO  [sqlalchemy.engine.base.Engine.0x...0590] [u'4']
15:41:48,202 INFO  [sqlalchemy.engine.base.Engine.0x...0590] SELECT work.id AS work_id, work.title AS work_title, work.keyid AS work_keyid, work.publicationid AS work_publicationid, work.composerid AS work_composerid, work.styleid AS work_styleid, work.description AS work_description, work.image AS work_image 
FROM work 
WHERE work.id = ?
15:41:48,202 INFO  [sqlalchemy.engine.base.Engine.0x...0590] [u'4']
15:41:48,203 INFO  [sqlalchemy.engine.base.Engine.0x...0590] SELECT work.id AS work_id, work.title AS work_title, work.keyid AS work_keyid, work.publicationid AS work_publicationid, work.composerid AS work_composerid, work.styleid AS work_styleid, work.description AS work_description, work.image AS work_image 
FROM work 
WHERE work.id = ?
15:41:48,203 INFO  [sqlalchemy.engine.base.Engine.0x...0590] [u'8']
15:41:48,216 INFO  [sqlalchemy.engine.base.Engine.0x...0590] BEGIN
15:41:48,216 INFO  [sqlalchemy.engine.base.Engine.0x...0590] SELECT work.id AS work_id, work.title AS work_title, work.keyid AS work_keyid, work.publicationid AS work_publicationid, work.composerid AS work_composerid, work.styleid AS work_styleid, work.description AS work_description, work.image AS work_image 
FROM work 
WHERE work.id = ?
15:41:48,216 INFO  [sqlalchemy.engine.base.Engine.0x...0590] [u'4']
15:41:48,217 INFO  [sqlalchemy.engine.base.Engine.0x...0590] SELECT work.id AS work_id, work.title AS work_title, work.keyid AS work_keyid, work.publicationid AS work_publicationid, work.composerid AS work_composerid, work.styleid AS work_styleid, work.description AS work_description, work.image AS work_image 
FROM work 
WHERE work.id = ?
15:41:48,218 INFO  [sqlalchemy.engine.base.Engine.0x...0590] [u'4']
15:41:48,219 INFO  [sqlalchemy.engine.base.Engine.0x...0590] SELECT work.id AS work_id, work.title AS work_title, work.keyid AS work_keyid, work.publicationid AS work_publicationid, work.composerid AS work_composerid, work.styleid AS work_styleid, work.description AS work_description, work.image AS work_image 
FROM work 
WHERE work.id = ?
15:41:48,219 INFO  [sqlalchemy.engine.base.Engine.0x...0590] [u'8']
15:41:48,220 INFO  [sqlalchemy.engine.base.Engine.0x...0590] SELECT work.id AS work_id, work.title AS work_title, work.keyid AS work_keyid, work.publicationid AS work_publicationid, work.composerid AS work_composerid, work.styleid AS work_styleid, work.description AS work_description, work.image AS work_image 
FROM work 
WHERE work.id = ?
15:41:48,220 INFO  [sqlalchemy.engine.base.Engine.0x...0590] [u'8']
15:41:48,221 INFO  [sqlalchemy.engine.base.Engine.0x...0590] SELECT work.id AS work_id, work.title AS work_title, work.keyid AS work_keyid, work.publicationid AS work_publicationid, work.composerid AS work_composerid, work.styleid AS work_styleid, work.description AS work_description, work.image AS work_image 
FROM work 
WHERE work.id = ?
15:41:48,221 INFO  [sqlalchemy.engine.base.Engine.0x...0590] [u'8']
15:41:48,223 INFO  [sqlalchemy.engine.base.Engine.0x...0590] SELECT instrument.id AS instrument_id, instrument.name AS instrument_name 
FROM instrument, workinstrument 
WHERE ? = workinstrument.workid AND instrument.id = workinstrument.instrumentid
15:41:48,223 INFO  [sqlalchemy.engine.base.Engine.0x...0590] [8]
15:41:48,225 INFO  [sqlalchemy.engine.base.Engine.0x...0590] SELECT movement.id AS movement_id, movement.title AS movement_title, movement.keyid AS movement_keyid, movement.number AS movement_number, movement.workid AS movement_workid, movement.description AS movement_description 
FROM movement 
WHERE ? = movement.workid
15:41:48,225 INFO  [sqlalchemy.engine.base.Engine.0x...0590] [8]
15:41:48,226 INFO  [sqlalchemy.engine.base.Engine.0x...0590] SELECT composer.id AS composer_id, composer.lastname AS composer_lastname, composer.firstname AS composer_firstname, composer.middlename AS composer_middlename, composer.bio AS composer_bio, composer.image AS composer_image 
FROM composer 
WHERE composer.id = ?
15:41:48,226 INFO  [sqlalchemy.engine.base.Engine.0x...0590] [1]
15:41:48,227 INFO  [sqlalchemy.engine.base.Engine.0x...0590] SELECT style.id AS style_id, style.name AS style_name 
FROM style, workstyle 
WHERE ? = workstyle.workid AND style.id = workstyle.styleid
15:41:48,227 INFO  [sqlalchemy.engine.base.Engine.0x...0590] [8]
15:41:48,228 INFO  [sqlalchemy.engine.base.Engine.0x...0590] SELECT soundclip.id AS soundclip_id, soundclip.workid AS soundclip_workid, soundclip.movementid AS soundclip_movementid, soundclip.path AS soundclip_path 
FROM soundclip 
WHERE ? = soundclip.workid
15:41:48,228 INFO  [sqlalchemy.engine.base.Engine.0x...0590] [8]
15:41:48,265 INFO  [sqlalchemy.engine.base.Engine.0x...0590] BEGIN
15:41:48,265 INFO  [sqlalchemy.engine.base.Engine.0x...0590] SELECT work.id AS work_id, work.title AS work_title, work.keyid AS work_keyid, work.publicationid AS work_publicationid, work.composerid AS work_composerid, work.styleid AS work_styleid, work.description AS work_description, work.image AS work_image 
FROM work 
WHERE work.id = ?
15:41:48,266 INFO  [sqlalchemy.engine.base.Engine.0x...0590] [u'4']
15:41:48,267 INFO  [sqlalchemy.engine.base.Engine.0x...0590] SELECT work.id AS work_id, work.title AS work_title, work.keyid AS work_keyid, work.publicationid AS work_publicationid, work.composerid AS work_composerid, work.styleid AS work_styleid, work.description AS work_description, work.image AS work_image 
FROM work 
WHERE work.id = ?
15:41:48,267 INFO  [sqlalchemy.engine.base.Engine.0x...0590] [u'4']
15:41:48,268 INFO  [sqlalchemy.engine.base.Engine.0x...0590] SELECT work.id AS work_id, work.title AS work_title, work.keyid AS work_keyid, work.publicationid AS work_publicationid, work.composerid AS work_composerid, work.styleid AS work_styleid, work.description AS work_description, work.image AS work_image 
FROM work 
WHERE work.id = ?
15:41:48,268 INFO  [sqlalchemy.engine.base.Engine.0x...0590] [u'8']
15:41:48,269 INFO  [sqlalchemy.engine.base.Engine.0x...0590] SELECT work.id AS work_id, work.title AS work_title, work.keyid AS work_keyid, work.publicationid AS work_publicationid, work.composerid AS work_composerid, work.styleid AS work_styleid, work.description AS work_description, work.image AS work_image 
FROM work 
WHERE work.id = ?
15:41:48,269 INFO  [sqlalchemy.engine.base.Engine.0x...0590] [u'8']
15:41:58,512 INFO  [sqlalchemy.engine.base.Engine.0x...0590] BEGIN
15:41:58,512 INFO  [sqlalchemy.engine.base.Engine.0x...0590] SELECT work.id AS work_id, work.title AS work_title, work.keyid AS work_keyid, work.publicationid AS work_publicationid, work.composerid AS work_composerid, work.styleid AS work_styleid, work.description AS work_description, work.image AS work_image 
FROM work 
WHERE work.id = ?
15:41:58,512 INFO  [sqlalchemy.engine.base.Engine.0x...0590] [u'4']
15:41:58,514 INFO  [sqlalchemy.engine.base.Engine.0x...0590] SELECT work.id AS work_id, work.title AS work_title, work.keyid AS work_keyid, work.publicationid AS work_publicationid, work.composerid AS work_composerid, work.styleid AS work_styleid, work.description AS work_description, work.image AS work_image 
FROM work 
WHERE work.id = ?
15:41:58,514 INFO  [sqlalchemy.engine.base.Engine.0x...0590] [u'4']
15:41:58,515 INFO  [sqlalchemy.engine.base.Engine.0x...0590] SELECT work.id AS work_id, work.title AS work_title, work.keyid AS work_keyid, work.publicationid AS work_publicationid, work.composerid AS work_composerid, work.styleid AS work_styleid, work.description AS work_description, work.image AS work_image 
FROM work 
WHERE work.id = ?
15:41:58,515 INFO  [sqlalchemy.engine.base.Engine.0x...0590] [u'8']
15:41:58,516 INFO  [sqlalchemy.engine.base.Engine.0x...0590] SELECT work.id AS work_id, work.title AS work_title, work.keyid AS work_keyid, work.publicationid AS work_publicationid, work.composerid AS work_composerid, work.styleid AS work_styleid, work.description AS work_description, work.image AS work_image 
FROM work 
WHERE work.id = ?
15:41:58,516 INFO  [sqlalchemy.engine.base.Engine.0x...0590] [u'8']
15:41:58,517 INFO  [sqlalchemy.engine.base.Engine.0x...0590] SELECT work.id AS work_id, work.title AS work_title, work.keyid AS work_keyid, work.publicationid AS work_publicationid, work.composerid AS work_composerid, work.styleid AS work_styleid, work.description AS work_description, work.image AS work_image 
FROM work 
WHERE work.id = ?
15:41:58,518 INFO  [sqlalchemy.engine.base.Engine.0x...0590] [u'8']
15:41:58,531 INFO  [sqlalchemy.engine.base.Engine.0x...0590] BEGIN
15:41:58,531 INFO  [sqlalchemy.engine.base.Engine.0x...0590] SELECT work.id AS work_id, work.title AS work_title, work.keyid AS work_keyid, work.publicationid AS work_publicationid, work.composerid AS work_composerid, work.styleid AS work_styleid, work.description AS work_description, work.image AS work_image 
FROM work 
WHERE work.id = ?
15:41:58,531 INFO  [sqlalchemy.engine.base.Engine.0x...0590] ['4']
15:41:58,532 INFO  [sqlalchemy.engine.base.Engine.0x...0590] SELECT work.id AS work_id, work.title AS work_title, work.keyid AS work_keyid, work.publicationid AS work_publicationid, work.composerid AS work_composerid, work.styleid AS work_styleid, work.description AS work_description, work.image AS work_image 
FROM work 
WHERE work.id = ?
15:41:58,533 INFO  [sqlalchemy.engine.base.Engine.0x...0590] ['4']
15:41:58,534 INFO  [sqlalchemy.engine.base.Engine.0x...0590] SELECT work.id AS work_id, work.title AS work_title, work.keyid AS work_keyid, work.publicationid AS work_publicationid, work.composerid AS work_composerid, work.styleid AS work_styleid, work.description AS work_description, work.image AS work_image 
FROM work 
WHERE work.id = ?
15:41:58,534 INFO  [sqlalchemy.engine.base.Engine.0x...0590] ['8']
15:41:58,535 INFO  [sqlalchemy.engine.base.Engine.0x...0590] SELECT work.id AS work_id, work.title AS work_title, work.keyid AS work_keyid, work.publicationid AS work_publicationid, work.composerid AS work_composerid, work.styleid AS work_styleid, work.description AS work_description, work.image AS work_image 
FROM work 
WHERE work.id = ?
15:41:58,535 INFO  [sqlalchemy.engine.base.Engine.0x...0590] [u'8']
15:41:58,559 INFO  [sqlalchemy.engine.base.Engine.0x...0590] SELECT instrument.id AS instrument_id, instrument.name AS instrument_name 
FROM instrument, workinstrument 
WHERE ? = workinstrument.workid AND instrument.id = workinstrument.instrumentid
15:41:58,559 INFO  [sqlalchemy.engine.base.Engine.0x...0590] [8]
15:41:58,560 INFO  [sqlalchemy.engine.base.Engine.0x...0590] SELECT movement.id AS movement_id, movement.title AS movement_title, movement.keyid AS movement_keyid, movement.number AS movement_number, movement.workid AS movement_workid, movement.description AS movement_description 
FROM movement 
WHERE ? = movement.workid
15:41:58,560 INFO  [sqlalchemy.engine.base.Engine.0x...0590] [8]
15:41:58,562 INFO  [sqlalchemy.engine.base.Engine.0x...0590] SELECT composer.id AS composer_id, composer.lastname AS composer_lastname, composer.firstname AS composer_firstname, composer.middlename AS composer_middlename, composer.bio AS composer_bio, composer.image AS composer_image 
FROM composer 
WHERE composer.id = ?
15:41:58,562 INFO  [sqlalchemy.engine.base.Engine.0x...0590] [1]
15:41:58,563 INFO  [sqlalchemy.engine.base.Engine.0x...0590] SELECT style.id AS style_id, style.name AS style_name 
FROM style, workstyle 
WHERE ? = workstyle.workid AND style.id = workstyle.styleid
15:41:58,563 INFO  [sqlalchemy.engine.base.Engine.0x...0590] [8]
15:41:58,564 INFO  [sqlalchemy.engine.base.Engine.0x...0590] SELECT soundclip.id AS soundclip_id, soundclip.workid AS soundclip_workid, soundclip.movementid AS soundclip_movementid, soundclip.path AS soundclip_path 
FROM soundclip 
WHERE ? = soundclip.workid
15:41:58,564 INFO  [sqlalchemy.engine.base.Engine.0x...0590] [8]
15:41:58,601 INFO  [sqlalchemy.engine.base.Engine.0x...0590] BEGIN
15:41:58,602 INFO  [sqlalchemy.engine.base.Engine.0x...0590] SELECT work.id AS work_id, work.title AS work_title, work.keyid AS work_keyid, work.publicationid AS work_publicationid, work.composerid AS work_composerid, work.styleid AS work_styleid, work.description AS work_description, work.image AS work_image 
FROM work 
WHERE work.id = ?
15:41:58,602 INFO  [sqlalchemy.engine.base.Engine.0x...0590] ['4']
15:41:58,603 INFO  [sqlalchemy.engine.base.Engine.0x...0590] SELECT work.id AS work_id, work.title AS work_title, work.keyid AS work_keyid, work.publicationid AS work_publicationid, work.composerid AS work_composerid, work.styleid AS work_styleid, work.description AS work_description, work.image AS work_image 
FROM work 
WHERE work.id = ?
15:41:58,603 INFO  [sqlalchemy.engine.base.Engine.0x...0590] ['4']
15:41:58,604 INFO  [sqlalchemy.engine.base.Engine.0x...0590] SELECT work.id AS work_id, work.title AS work_title, work.keyid AS work_keyid, work.publicationid AS work_publicationid, work.composerid AS work_composerid, work.styleid AS work_styleid, work.description AS work_description, work.image AS work_image 
FROM work 
WHERE work.id = ?
15:41:58,604 INFO  [sqlalchemy.engine.base.Engine.0x...0590] ['8']
15:43:01,607 INFO  [sqlalchemy.engine.base.Engine.0x...0590] BEGIN
15:43:01,608 INFO  [sqlalchemy.engine.base.Engine.0x...0590] SELECT work.id AS work_id, work.title AS work_title, work.keyid AS work_keyid, work.publicationid AS work_publicationid, work.composerid AS work_composerid, work.styleid AS work_styleid, work.description AS work_description, work.image AS work_image 
FROM work 
WHERE work.id = ?
15:43:01,608 INFO  [sqlalchemy.engine.base.Engine.0x...0590] ['4']
15:43:01,609 INFO  [sqlalchemy.engine.base.Engine.0x...0590] SELECT work.id AS work_id, work.title AS work_title, work.keyid AS work_keyid, work.publicationid AS work_publicationid, work.composerid AS work_composerid, work.styleid AS work_styleid, work.description AS work_description, work.image AS work_image 
FROM work 
WHERE work.id = ?
15:43:01,609 INFO  [sqlalchemy.engine.base.Engine.0x...0590] ['4']
15:43:01,610 INFO  [sqlalchemy.engine.base.Engine.0x...0590] SELECT work.id AS work_id, work.title AS work_title, work.keyid AS work_keyid, work.publicationid AS work_publicationid, work.composerid AS work_composerid, work.styleid AS work_styleid, work.description AS work_description, work.image AS work_image 
FROM work 
WHERE work.id = ?
15:43:01,611 INFO  [sqlalchemy.engine.base.Engine.0x...0590] ['8']
15:43:01,612 INFO  [sqlalchemy.engine.base.Engine.0x...0590] SELECT composer.id AS composer_id, composer.lastname AS composer_lastname, composer.firstname AS composer_firstname, composer.middlename AS composer_middlename, composer.bio AS composer_bio, composer.image AS composer_image 
FROM composer
15:43:01,612 INFO  [sqlalchemy.engine.base.Engine.0x...0590] []
15:43:01,613 INFO  [sqlalchemy.engine.base.Engine.0x...0590] SELECT work.id AS work_id, work.title AS work_title, work.keyid AS work_keyid, work.publicationid AS work_publicationid, work.composerid AS work_composerid, work.styleid AS work_styleid, work.description AS work_description, work.image AS work_image 
FROM work 
WHERE ? = work.composerid
15:43:01,613 INFO  [sqlalchemy.engine.base.Engine.0x...0590] [1]
15:43:01,615 INFO  [sqlalchemy.engine.base.Engine.0x...0590] SELECT work.id AS work_id, work.title AS work_title, work.keyid AS work_keyid, work.publicationid AS work_publicationid, work.composerid AS work_composerid, work.styleid AS work_styleid, work.description AS work_description, work.image AS work_image 
FROM work 
WHERE ? = work.composerid
15:43:01,615 INFO  [sqlalchemy.engine.base.Engine.0x...0590] [2]
15:43:01,663 INFO  [sqlalchemy.engine.base.Engine.0x...0590] BEGIN
15:43:01,663 INFO  [sqlalchemy.engine.base.Engine.0x...0590] SELECT work.id AS work_id, work.title AS work_title, work.keyid AS work_keyid, work.publicationid AS work_publicationid, work.composerid AS work_composerid, work.styleid AS work_styleid, work.description AS work_description, work.image AS work_image 
FROM work 
WHERE work.id = ?
15:43:01,664 INFO  [sqlalchemy.engine.base.Engine.0x...0590] ['4']
15:43:01,665 INFO  [sqlalchemy.engine.base.Engine.0x...0590] SELECT work.id AS work_id, work.title AS work_title, work.keyid AS work_keyid, work.publicationid AS work_publicationid, work.composerid AS work_composerid, work.styleid AS work_styleid, work.description AS work_description, work.image AS work_image 
FROM work 
WHERE work.id = ?
15:43:01,665 INFO  [sqlalchemy.engine.base.Engine.0x...0590] ['4']
15:43:01,666 INFO  [sqlalchemy.engine.base.Engine.0x...0590] SELECT work.id AS work_id, work.title AS work_title, work.keyid AS work_keyid, work.publicationid AS work_publicationid, work.composerid AS work_composerid, work.styleid AS work_styleid, work.description AS work_description, work.image AS work_image 
FROM work 
WHERE work.id = ?
15:43:01,666 INFO  [sqlalchemy.engine.base.Engine.0x...0590] ['8']
15:43:02,599 INFO  [sqlalchemy.engine.base.Engine.0x...0590] BEGIN
15:43:02,600 INFO  [sqlalchemy.engine.base.Engine.0x...0590] SELECT work.id AS work_id, work.title AS work_title, work.keyid AS work_keyid, work.publicationid AS work_publicationid, work.composerid AS work_composerid, work.styleid AS work_styleid, work.description AS work_description, work.image AS work_image 
FROM work 
WHERE work.id = ?
15:43:02,600 INFO  [sqlalchemy.engine.base.Engine.0x...0590] ['4']
15:43:02,601 INFO  [sqlalchemy.engine.base.Engine.0x...0590] SELECT work.id AS work_id, work.title AS work_title, work.keyid AS work_keyid, work.publicationid AS work_publicationid, work.composerid AS work_composerid, work.styleid AS work_styleid, work.description AS work_description, work.image AS work_image 
FROM work 
WHERE work.id = ?
15:43:02,601 INFO  [sqlalchemy.engine.base.Engine.0x...0590] ['4']
15:43:02,602 INFO  [sqlalchemy.engine.base.Engine.0x...0590] SELECT work.id AS work_id, work.title AS work_title, work.keyid AS work_keyid, work.publicationid AS work_publicationid, work.composerid AS work_composerid, work.styleid AS work_styleid, work.description AS work_description, work.image AS work_image 
FROM work 
WHERE work.id = ?
15:43:02,602 INFO  [sqlalchemy.engine.base.Engine.0x...0590] ['8']
15:43:02,603 INFO  [sqlalchemy.engine.base.Engine.0x...0590] SELECT composer.id AS composer_id, composer.lastname AS composer_lastname, composer.firstname AS composer_firstname, composer.middlename AS composer_middlename, composer.bio AS composer_bio, composer.image AS composer_image 
FROM composer 
WHERE composer.id = ?
15:43:02,604 INFO  [sqlalchemy.engine.base.Engine.0x...0590] [u'1']
15:43:02,606 INFO  [sqlalchemy.engine.base.Engine.0x...0590] SELECT work.id AS work_id, work.title AS work_title, work.keyid AS work_keyid, work.publicationid AS work_publicationid, work.composerid AS work_composerid, work.styleid AS work_styleid, work.description AS work_description, work.image AS work_image 
FROM work 
WHERE ? = work.composerid
15:43:02,606 INFO  [sqlalchemy.engine.base.Engine.0x...0590] [1]
15:43:02,639 INFO  [sqlalchemy.engine.base.Engine.0x...0590] BEGIN
15:43:02,640 INFO  [sqlalchemy.engine.base.Engine.0x...0590] SELECT work.id AS work_id, work.title AS work_title, work.keyid AS work_keyid, work.publicationid AS work_publicationid, work.composerid AS work_composerid, work.styleid AS work_styleid, work.description AS work_description, work.image AS work_image 
FROM work 
WHERE work.id = ?
15:43:02,640 INFO  [sqlalchemy.engine.base.Engine.0x...0590] ['4']
15:43:02,642 INFO  [sqlalchemy.engine.base.Engine.0x...0590] SELECT work.id AS work_id, work.title AS work_title, work.keyid AS work_keyid, work.publicationid AS work_publicationid, work.composerid AS work_composerid, work.styleid AS work_styleid, work.description AS work_description, work.image AS work_image 
FROM work 
WHERE work.id = ?
15:43:02,642 INFO  [sqlalchemy.engine.base.Engine.0x...0590] ['4']
15:43:02,643 INFO  [sqlalchemy.engine.base.Engine.0x...0590] SELECT work.id AS work_id, work.title AS work_title, work.keyid AS work_keyid, work.publicationid AS work_publicationid, work.composerid AS work_composerid, work.styleid AS work_styleid, work.description AS work_description, work.image AS work_image 
FROM work 
WHERE work.id = ?
15:43:02,643 INFO  [sqlalchemy.engine.base.Engine.0x...0590] ['8']
15:43:03,983 INFO  [sqlalchemy.engine.base.Engine.0x...0590] BEGIN
15:43:03,984 INFO  [sqlalchemy.engine.base.Engine.0x...0590] SELECT work.id AS work_id, work.title AS work_title, work.keyid AS work_keyid, work.publicationid AS work_publicationid, work.composerid AS work_composerid, work.styleid AS work_styleid, work.description AS work_description, work.image AS work_image 
FROM work 
WHERE work.id = ?
15:43:03,984 INFO  [sqlalchemy.engine.base.Engine.0x...0590] ['4']
15:43:03,986 INFO  [sqlalchemy.engine.base.Engine.0x...0590] SELECT work.id AS work_id, work.title AS work_title, work.keyid AS work_keyid, work.publicationid AS work_publicationid, work.composerid AS work_composerid, work.styleid AS work_styleid, work.description AS work_description, work.image AS work_image 
FROM work 
WHERE work.id = ?
15:43:03,986 INFO  [sqlalchemy.engine.base.Engine.0x...0590] ['4']
15:43:03,987 INFO  [sqlalchemy.engine.base.Engine.0x...0590] SELECT work.id AS work_id, work.title AS work_title, work.keyid AS work_keyid, work.publicationid AS work_publicationid, work.composerid AS work_composerid, work.styleid AS work_styleid, work.description AS work_description, work.image AS work_image 
FROM work 
WHERE work.id = ?
15:43:03,987 INFO  [sqlalchemy.engine.base.Engine.0x...0590] ['8']
15:43:03,988 INFO  [sqlalchemy.engine.base.Engine.0x...0590] SELECT work.id AS work_id, work.title AS work_title, work.keyid AS work_keyid, work.publicationid AS work_publicationid, work.composerid AS work_composerid, work.styleid AS work_styleid, work.description AS work_description, work.image AS work_image 
FROM work 
WHERE work.id = ?
15:43:03,988 INFO  [sqlalchemy.engine.base.Engine.0x...0590] [u'8']
15:43:03,990 INFO  [sqlalchemy.engine.base.Engine.0x...0590] SELECT instrument.id AS instrument_id, instrument.name AS instrument_name 
FROM instrument, workinstrument 
WHERE ? = workinstrument.workid AND instrument.id = workinstrument.instrumentid
15:43:03,990 INFO  [sqlalchemy.engine.base.Engine.0x...0590] [8]
15:43:03,992 INFO  [sqlalchemy.engine.base.Engine.0x...0590] SELECT movement.id AS movement_id, movement.title AS movement_title, movement.keyid AS movement_keyid, movement.number AS movement_number, movement.workid AS movement_workid, movement.description AS movement_description 
FROM movement 
WHERE ? = movement.workid
15:43:03,992 INFO  [sqlalchemy.engine.base.Engine.0x...0590] [8]
15:43:03,994 INFO  [sqlalchemy.engine.base.Engine.0x...0590] SELECT composer.id AS composer_id, composer.lastname AS composer_lastname, composer.firstname AS composer_firstname, composer.middlename AS composer_middlename, composer.bio AS composer_bio, composer.image AS composer_image 
FROM composer 
WHERE composer.id = ?
15:43:03,994 INFO  [sqlalchemy.engine.base.Engine.0x...0590] [1]
15:43:03,995 INFO  [sqlalchemy.engine.base.Engine.0x...0590] SELECT style.id AS style_id, style.name AS style_name 
FROM style, workstyle 
WHERE ? = workstyle.workid AND style.id = workstyle.styleid
15:43:03,995 INFO  [sqlalchemy.engine.base.Engine.0x...0590] [8]
15:43:03,996 INFO  [sqlalchemy.engine.base.Engine.0x...0590] SELECT soundclip.id AS soundclip_id, soundclip.workid AS soundclip_workid, soundclip.movementid AS soundclip_movementid, soundclip.path AS soundclip_path 
FROM soundclip 
WHERE ? = soundclip.workid
15:43:03,996 INFO  [sqlalchemy.engine.base.Engine.0x...0590] [8]
15:43:04,039 INFO  [sqlalchemy.engine.base.Engine.0x...0590] BEGIN
15:43:04,040 INFO  [sqlalchemy.engine.base.Engine.0x...0590] SELECT work.id AS work_id, work.title AS work_title, work.keyid AS work_keyid, work.publicationid AS work_publicationid, work.composerid AS work_composerid, work.styleid AS work_styleid, work.description AS work_description, work.image AS work_image 
FROM work 
WHERE work.id = ?
15:43:04,040 INFO  [sqlalchemy.engine.base.Engine.0x...0590] ['4']
15:43:04,041 INFO  [sqlalchemy.engine.base.Engine.0x...0590] SELECT work.id AS work_id, work.title AS work_title, work.keyid AS work_keyid, work.publicationid AS work_publicationid, work.composerid AS work_composerid, work.styleid AS work_styleid, work.description AS work_description, work.image AS work_image 
FROM work 
WHERE work.id = ?
15:43:04,041 INFO  [sqlalchemy.engine.base.Engine.0x...0590] ['4']
15:43:04,042 INFO  [sqlalchemy.engine.base.Engine.0x...0590] SELECT work.id AS work_id, work.title AS work_title, work.keyid AS work_keyid, work.publicationid AS work_publicationid, work.composerid AS work_composerid, work.styleid AS work_styleid, work.description AS work_description, work.image AS work_image 
FROM work 
WHERE work.id = ?
15:43:04,042 INFO  [sqlalchemy.engine.base.Engine.0x...0590] ['8']
15:43:06,151 INFO  [sqlalchemy.engine.base.Engine.0x...0590] BEGIN
15:43:06,152 INFO  [sqlalchemy.engine.base.Engine.0x...0590] SELECT work.id AS work_id, work.title AS work_title, work.keyid AS work_keyid, work.publicationid AS work_publicationid, work.composerid AS work_composerid, work.styleid AS work_styleid, work.description AS work_description, work.image AS work_image 
FROM work 
WHERE work.id = ?
15:43:06,152 INFO  [sqlalchemy.engine.base.Engine.0x...0590] ['4']
15:43:06,153 INFO  [sqlalchemy.engine.base.Engine.0x...0590] SELECT work.id AS work_id, work.title AS work_title, work.keyid AS work_keyid, work.publicationid AS work_publicationid, work.composerid AS work_composerid, work.styleid AS work_styleid, work.description AS work_description, work.image AS work_image 
FROM work 
WHERE work.id = ?
15:43:06,153 INFO  [sqlalchemy.engine.base.Engine.0x...0590] ['4']
15:43:06,154 INFO  [sqlalchemy.engine.base.Engine.0x...0590] SELECT work.id AS work_id, work.title AS work_title, work.keyid AS work_keyid, work.publicationid AS work_publicationid, work.composerid AS work_composerid, work.styleid AS work_styleid, work.description AS work_description, work.image AS work_image 
FROM work 
WHERE work.id = ?
15:43:06,154 INFO  [sqlalchemy.engine.base.Engine.0x...0590] ['8']
15:43:06,156 INFO  [sqlalchemy.engine.base.Engine.0x...0590] SELECT movement.id AS movement_id, movement.title AS movement_title, movement.keyid AS movement_keyid, movement.number AS movement_number, movement.workid AS movement_workid, movement.description AS movement_description 
FROM movement 
WHERE movement.id = ?
15:43:06,156 INFO  [sqlalchemy.engine.base.Engine.0x...0590] [u'22']
15:43:06,209 INFO  [sqlalchemy.engine.base.Engine.0x...0590] BEGIN
15:43:06,209 INFO  [sqlalchemy.engine.base.Engine.0x...0590] SELECT work.id AS work_id, work.title AS work_title, work.keyid AS work_keyid, work.publicationid AS work_publicationid, work.composerid AS work_composerid, work.styleid AS work_styleid, work.description AS work_description, work.image AS work_image 
FROM work 
WHERE work.id = ?
15:43:06,209 INFO  [sqlalchemy.engine.base.Engine.0x...0590] ['4']
15:43:06,210 INFO  [sqlalchemy.engine.base.Engine.0x...0590] SELECT work.id AS work_id, work.title AS work_title, work.keyid AS work_keyid, work.publicationid AS work_publicationid, work.composerid AS work_composerid, work.styleid AS work_styleid, work.description AS work_description, work.image AS work_image 
FROM work 
WHERE work.id = ?
15:43:06,211 INFO  [sqlalchemy.engine.base.Engine.0x...0590] ['4']
15:43:06,212 INFO  [sqlalchemy.engine.base.Engine.0x...0590] SELECT work.id AS work_id, work.title AS work_title, work.keyid AS work_keyid, work.publicationid AS work_publicationid, work.composerid AS work_composerid, work.styleid AS work_styleid, work.description AS work_description, work.image AS work_image 
FROM work 
WHERE work.id = ?
15:43:06,212 INFO  [sqlalchemy.engine.base.Engine.0x...0590] ['8']
15:43:08,135 INFO  [sqlalchemy.engine.base.Engine.0x...0590] BEGIN
15:43:08,135 INFO  [sqlalchemy.engine.base.Engine.0x...0590] SELECT work.id AS work_id, work.title AS work_title, work.keyid AS work_keyid, work.publicationid AS work_publicationid, work.composerid AS work_composerid, work.styleid AS work_styleid, work.description AS work_description, work.image AS work_image 
FROM work 
WHERE work.id = ?
15:43:08,136 INFO  [sqlalchemy.engine.base.Engine.0x...0590] ['4']
15:43:08,137 INFO  [sqlalchemy.engine.base.Engine.0x...0590] SELECT work.id AS work_id, work.title AS work_title, work.keyid AS work_keyid, work.publicationid AS work_publicationid, work.composerid AS work_composerid, work.styleid AS work_styleid, work.description AS work_description, work.image AS work_image 
FROM work 
WHERE work.id = ?
15:43:08,137 INFO  [sqlalchemy.engine.base.Engine.0x...0590] ['4']
15:43:08,138 INFO  [sqlalchemy.engine.base.Engine.0x...0590] SELECT work.id AS work_id, work.title AS work_title, work.keyid AS work_keyid, work.publicationid AS work_publicationid, work.composerid AS work_composerid, work.styleid AS work_styleid, work.description AS work_description, work.image AS work_image 
FROM work 
WHERE work.id = ?
15:43:08,138 INFO  [sqlalchemy.engine.base.Engine.0x...0590] ['8']
15:43:08,144 INFO  [sqlalchemy.engine.base.Engine.0x...0590] BEGIN
15:43:08,145 INFO  [sqlalchemy.engine.base.Engine.0x...0590] SELECT work.id AS work_id, work.title AS work_title, work.keyid AS work_keyid, work.publicationid AS work_publicationid, work.composerid AS work_composerid, work.styleid AS work_styleid, work.description AS work_description, work.image AS work_image 
FROM work 
WHERE work.id = ?
15:43:08,145 INFO  [sqlalchemy.engine.base.Engine.0x...0590] [u'4']
15:43:08,146 INFO  [sqlalchemy.engine.base.Engine.0x...0590] SELECT work.id AS work_id, work.title AS work_title, work.keyid AS work_keyid, work.publicationid AS work_publicationid, work.composerid AS work_composerid, work.styleid AS work_styleid, work.description AS work_description, work.image AS work_image 
FROM work 
WHERE work.id = ?
15:43:08,146 INFO  [sqlalchemy.engine.base.Engine.0x...0590] [u'4']
15:43:08,147 INFO  [sqlalchemy.engine.base.Engine.0x...0590] SELECT work.id AS work_id, work.title AS work_title, work.keyid AS work_keyid, work.publicationid AS work_publicationid, work.composerid AS work_composerid, work.styleid AS work_styleid, work.description AS work_description, work.image AS work_image 
FROM work 
WHERE work.id = ?
15:43:08,147 INFO  [sqlalchemy.engine.base.Engine.0x...0590] [u'8']
15:43:08,148 INFO  [sqlalchemy.engine.base.Engine.0x...0590] SELECT work.id AS work_id, work.title AS work_title, work.keyid AS work_keyid, work.publicationid AS work_publicationid, work.composerid AS work_composerid, work.styleid AS work_styleid, work.description AS work_description, work.image AS work_image 
FROM work 
WHERE work.id = ?
15:43:08,148 INFO  [sqlalchemy.engine.base.Engine.0x...0590] [u'8']
15:43:08,149 INFO  [sqlalchemy.engine.base.Engine.0x...0590] SELECT work.id AS work_id, work.title AS work_title, work.keyid AS work_keyid, work.publicationid AS work_publicationid, work.composerid AS work_composerid, work.styleid AS work_styleid, work.description AS work_description, work.image AS work_image 
FROM work 
WHERE work.id = ?
15:43:08,150 INFO  [sqlalchemy.engine.base.Engine.0x...0590] [u'8']
15:43:08,151 INFO  [sqlalchemy.engine.base.Engine.0x...0590] SELECT instrument.id AS instrument_id, instrument.name AS instrument_name 
FROM instrument, workinstrument 
WHERE ? = workinstrument.workid AND instrument.id = workinstrument.instrumentid
15:43:08,151 INFO  [sqlalchemy.engine.base.Engine.0x...0590] [8]
15:43:08,153 INFO  [sqlalchemy.engine.base.Engine.0x...0590] SELECT movement.id AS movement_id, movement.title AS movement_title, movement.keyid AS movement_keyid, movement.number AS movement_number, movement.workid AS movement_workid, movement.description AS movement_description 
FROM movement 
WHERE ? = movement.workid
15:43:08,153 INFO  [sqlalchemy.engine.base.Engine.0x...0590] [8]
15:43:08,154 INFO  [sqlalchemy.engine.base.Engine.0x...0590] SELECT composer.id AS composer_id, composer.lastname AS composer_lastname, composer.firstname AS composer_firstname, composer.middlename AS composer_middlename, composer.bio AS composer_bio, composer.image AS composer_image 
FROM composer 
WHERE composer.id = ?
15:43:08,154 INFO  [sqlalchemy.engine.base.Engine.0x...0590] [1]
15:43:08,155 INFO  [sqlalchemy.engine.base.Engine.0x...0590] SELECT style.id AS style_id, style.name AS style_name 
FROM style, workstyle 
WHERE ? = workstyle.workid AND style.id = workstyle.styleid
15:43:08,155 INFO  [sqlalchemy.engine.base.Engine.0x...0590] [8]
15:43:08,156 INFO  [sqlalchemy.engine.base.Engine.0x...0590] SELECT soundclip.id AS soundclip_id, soundclip.workid AS soundclip_workid, soundclip.movementid AS soundclip_movementid, soundclip.path AS soundclip_path 
FROM soundclip 
WHERE ? = soundclip.workid
15:43:08,156 INFO  [sqlalchemy.engine.base.Engine.0x...0590] [8]
15:43:08,190 INFO  [sqlalchemy.engine.base.Engine.0x...0590] BEGIN
15:43:08,191 INFO  [sqlalchemy.engine.base.Engine.0x...0590] SELECT work.id AS work_id, work.title AS work_title, work.keyid AS work_keyid, work.publicationid AS work_publicationid, work.composerid AS work_composerid, work.styleid AS work_styleid, work.description AS work_description, work.image AS work_image 
FROM work 
WHERE work.id = ?
15:43:08,191 INFO  [sqlalchemy.engine.base.Engine.0x...0590] [u'4']
15:43:08,193 INFO  [sqlalchemy.engine.base.Engine.0x...0590] SELECT work.id AS work_id, work.title AS work_title, work.keyid AS work_keyid, work.publicationid AS work_publicationid, work.composerid AS work_composerid, work.styleid AS work_styleid, work.description AS work_description, work.image AS work_image 
FROM work 
WHERE work.id = ?
15:43:08,193 INFO  [sqlalchemy.engine.base.Engine.0x...0590] [u'4']
15:43:08,194 INFO  [sqlalchemy.engine.base.Engine.0x...0590] SELECT work.id AS work_id, work.title AS work_title, work.keyid AS work_keyid, work.publicationid AS work_publicationid, work.composerid AS work_composerid, work.styleid AS work_styleid, work.description AS work_description, work.image AS work_image 
FROM work 
WHERE work.id = ?
15:43:08,194 INFO  [sqlalchemy.engine.base.Engine.0x...0590] [u'8']
15:43:08,195 INFO  [sqlalchemy.engine.base.Engine.0x...0590] SELECT work.id AS work_id, work.title AS work_title, work.keyid AS work_keyid, work.publicationid AS work_publicationid, work.composerid AS work_composerid, work.styleid AS work_styleid, work.description AS work_description, work.image AS work_image 
FROM work 
WHERE work.id = ?
15:43:08,195 INFO  [sqlalchemy.engine.base.Engine.0x...0590] [u'8']
15:43:10,751 INFO  [sqlalchemy.engine.base.Engine.0x...0590] BEGIN
15:43:10,752 INFO  [sqlalchemy.engine.base.Engine.0x...0590] SELECT work.id AS work_id, work.title AS work_title, work.keyid AS work_keyid, work.publicationid AS work_publicationid, work.composerid AS work_composerid, work.styleid AS work_styleid, work.description AS work_description, work.image AS work_image 
FROM work 
WHERE work.id = ?
15:43:10,752 INFO  [sqlalchemy.engine.base.Engine.0x...0590] [u'4']
15:43:10,753 INFO  [sqlalchemy.engine.base.Engine.0x...0590] SELECT work.id AS work_id, work.title AS work_title, work.keyid AS work_keyid, work.publicationid AS work_publicationid, work.composerid AS work_composerid, work.styleid AS work_styleid, work.description AS work_description, work.image AS work_image 
FROM work 
WHERE work.id = ?
15:43:10,754 INFO  [sqlalchemy.engine.base.Engine.0x...0590] [u'4']
15:43:10,755 INFO  [sqlalchemy.engine.base.Engine.0x...0590] SELECT work.id AS work_id, work.title AS work_title, work.keyid AS work_keyid, work.publicationid AS work_publicationid, work.composerid AS work_composerid, work.styleid AS work_styleid, work.description AS work_description, work.image AS work_image 
FROM work 
WHERE work.id = ?
15:43:10,755 INFO  [sqlalchemy.engine.base.Engine.0x...0590] [u'8']
15:43:10,756 INFO  [sqlalchemy.engine.base.Engine.0x...0590] SELECT work.id AS work_id, work.title AS work_title, work.keyid AS work_keyid, work.publicationid AS work_publicationid, work.composerid AS work_composerid, work.styleid AS work_styleid, work.description AS work_description, work.image AS work_image 
FROM work 
WHERE work.id = ?
15:43:10,756 INFO  [sqlalchemy.engine.base.Engine.0x...0590] [u'8']
15:43:10,757 INFO  [sqlalchemy.engine.base.Engine.0x...0590] SELECT work.id AS work_id, work.title AS work_title, work.keyid AS work_keyid, work.publicationid AS work_publicationid, work.composerid AS work_composerid, work.styleid AS work_styleid, work.description AS work_description, work.image AS work_image 
FROM work 
WHERE work.id = ?
15:43:10,757 INFO  [sqlalchemy.engine.base.Engine.0x...0590] [u'8']
15:43:10,759 INFO  [sqlalchemy.engine.base.Engine.0x...0590] SELECT instrument.id AS instrument_id, instrument.name AS instrument_name 
FROM instrument, workinstrument 
WHERE ? = workinstrument.workid AND instrument.id = workinstrument.instrumentid
15:43:10,759 INFO  [sqlalchemy.engine.base.Engine.0x...0590] [8]
15:43:10,761 INFO  [sqlalchemy.engine.base.Engine.0x...0590] SELECT movement.id AS movement_id, movement.title AS movement_title, movement.keyid AS movement_keyid, movement.number AS movement_number, movement.workid AS movement_workid, movement.description AS movement_description 
FROM movement 
WHERE ? = movement.workid
15:43:10,761 INFO  [sqlalchemy.engine.base.Engine.0x...0590] [8]
15:43:10,762 INFO  [sqlalchemy.engine.base.Engine.0x...0590] SELECT composer.id AS composer_id, composer.lastname AS composer_lastname, composer.firstname AS composer_firstname, composer.middlename AS composer_middlename, composer.bio AS composer_bio, composer.image AS composer_image 
FROM composer 
WHERE composer.id = ?
15:43:10,762 INFO  [sqlalchemy.engine.base.Engine.0x...0590] [1]
15:43:10,764 INFO  [sqlalchemy.engine.base.Engine.0x...0590] SELECT style.id AS style_id, style.name AS style_name 
FROM style, workstyle 
WHERE ? = workstyle.workid AND style.id = workstyle.styleid
15:43:10,764 INFO  [sqlalchemy.engine.base.Engine.0x...0590] [8]
15:43:10,765 INFO  [sqlalchemy.engine.base.Engine.0x...0590] SELECT soundclip.id AS soundclip_id, soundclip.workid AS soundclip_workid, soundclip.movementid AS soundclip_movementid, soundclip.path AS soundclip_path 
FROM soundclip 
WHERE ? = soundclip.workid
15:43:10,765 INFO  [sqlalchemy.engine.base.Engine.0x...0590] [8]
15:43:10,799 INFO  [sqlalchemy.engine.base.Engine.0x...0590] BEGIN
15:43:10,799 INFO  [sqlalchemy.engine.base.Engine.0x...0590] SELECT work.id AS work_id, work.title AS work_title, work.keyid AS work_keyid, work.publicationid AS work_publicationid, work.composerid AS work_composerid, work.styleid AS work_styleid, work.description AS work_description, work.image AS work_image 
FROM work 
WHERE work.id = ?
15:43:10,799 INFO  [sqlalchemy.engine.base.Engine.0x...0590] [u'4']
15:43:10,801 INFO  [sqlalchemy.engine.base.Engine.0x...0590] SELECT work.id AS work_id, work.title AS work_title, work.keyid AS work_keyid, work.publicationid AS work_publicationid, work.composerid AS work_composerid, work.styleid AS work_styleid, work.description AS work_description, work.image AS work_image 
FROM work 
WHERE work.id = ?
15:43:10,801 INFO  [sqlalchemy.engine.base.Engine.0x...0590] [u'4']
15:43:10,802 INFO  [sqlalchemy.engine.base.Engine.0x...0590] SELECT work.id AS work_id, work.title AS work_title, work.keyid AS work_keyid, work.publicationid AS work_publicationid, work.composerid AS work_composerid, work.styleid AS work_styleid, work.description AS work_description, work.image AS work_image 
FROM work 
WHERE work.id = ?
15:43:10,802 INFO  [sqlalchemy.engine.base.Engine.0x...0590] [u'8']
15:43:10,803 INFO  [sqlalchemy.engine.base.Engine.0x...0590] SELECT work.id AS work_id, work.title AS work_title, work.keyid AS work_keyid, work.publicationid AS work_publicationid, work.composerid AS work_composerid, work.styleid AS work_styleid, work.description AS work_description, work.image AS work_image 
FROM work 
WHERE work.id = ?
15:43:10,803 INFO  [sqlalchemy.engine.base.Engine.0x...0590] [u'8']
15:43:11,543 INFO  [sqlalchemy.engine.base.Engine.0x...0590] BEGIN
15:43:11,544 INFO  [sqlalchemy.engine.base.Engine.0x...0590] SELECT work.id AS work_id, work.title AS work_title, work.keyid AS work_keyid, work.publicationid AS work_publicationid, work.composerid AS work_composerid, work.styleid AS work_styleid, work.description AS work_description, work.image AS work_image 
FROM work 
WHERE work.id = ?
15:43:11,544 INFO  [sqlalchemy.engine.base.Engine.0x...0590] [u'4']
15:43:11,545 INFO  [sqlalchemy.engine.base.Engine.0x...0590] SELECT work.id AS work_id, work.title AS work_title, work.keyid AS work_keyid, work.publicationid AS work_publicationid, work.composerid AS work_composerid, work.styleid AS work_styleid, work.description AS work_description, work.image AS work_image 
FROM work 
WHERE work.id = ?
15:43:11,546 INFO  [sqlalchemy.engine.base.Engine.0x...0590] [u'4']
15:43:11,547 INFO  [sqlalchemy.engine.base.Engine.0x...0590] SELECT work.id AS work_id, work.title AS work_title, work.keyid AS work_keyid, work.publicationid AS work_publicationid, work.composerid AS work_composerid, work.styleid AS work_styleid, work.description AS work_description, work.image AS work_image 
FROM work 
WHERE work.id = ?
15:43:11,547 INFO  [sqlalchemy.engine.base.Engine.0x...0590] [u'8']
15:43:11,548 INFO  [sqlalchemy.engine.base.Engine.0x...0590] SELECT work.id AS work_id, work.title AS work_title, work.keyid AS work_keyid, work.publicationid AS work_publicationid, work.composerid AS work_composerid, work.styleid AS work_styleid, work.description AS work_description, work.image AS work_image 
FROM work 
WHERE work.id = ?
15:43:11,548 INFO  [sqlalchemy.engine.base.Engine.0x...0590] [u'8']
15:43:11,549 INFO  [sqlalchemy.engine.base.Engine.0x...0590] SELECT work.id AS work_id, work.title AS work_title, work.keyid AS work_keyid, work.publicationid AS work_publicationid, work.composerid AS work_composerid, work.styleid AS work_styleid, work.description AS work_description, work.image AS work_image 
FROM work 
WHERE work.id = ?
15:43:11,549 INFO  [sqlalchemy.engine.base.Engine.0x...0590] [u'8']
15:43:11,551 INFO  [sqlalchemy.engine.base.Engine.0x...0590] SELECT instrument.id AS instrument_id, instrument.name AS instrument_name 
FROM instrument, workinstrument 
WHERE ? = workinstrument.workid AND instrument.id = workinstrument.instrumentid
15:43:11,551 INFO  [sqlalchemy.engine.base.Engine.0x...0590] [8]
15:43:11,553 INFO  [sqlalchemy.engine.base.Engine.0x...0590] SELECT movement.id AS movement_id, movement.title AS movement_title, movement.keyid AS movement_keyid, movement.number AS movement_number, movement.workid AS movement_workid, movement.description AS movement_description 
FROM movement 
WHERE ? = movement.workid
15:43:11,553 INFO  [sqlalchemy.engine.base.Engine.0x...0590] [8]
15:43:11,554 INFO  [sqlalchemy.engine.base.Engine.0x...0590] SELECT composer.id AS composer_id, composer.lastname AS composer_lastname, composer.firstname AS composer_firstname, composer.middlename AS composer_middlename, composer.bio AS composer_bio, composer.image AS composer_image 
FROM composer 
WHERE composer.id = ?
15:43:11,555 INFO  [sqlalchemy.engine.base.Engine.0x...0590] [1]
15:43:11,556 INFO  [sqlalchemy.engine.base.Engine.0x...0590] SELECT style.id AS style_id, style.name AS style_name 
FROM style, workstyle 
WHERE ? = workstyle.workid AND style.id = workstyle.styleid
15:43:11,556 INFO  [sqlalchemy.engine.base.Engine.0x...0590] [8]
15:43:11,557 INFO  [sqlalchemy.engine.base.Engine.0x...0590] SELECT soundclip.id AS soundclip_id, soundclip.workid AS soundclip_workid, soundclip.movementid AS soundclip_movementid, soundclip.path AS soundclip_path 
FROM soundclip 
WHERE ? = soundclip.workid
15:43:11,557 INFO  [sqlalchemy.engine.base.Engine.0x...0590] [8]
15:43:11,598 INFO  [sqlalchemy.engine.base.Engine.0x...0590] BEGIN
15:43:11,599 INFO  [sqlalchemy.engine.base.Engine.0x...0590] SELECT work.id AS work_id, work.title AS work_title, work.keyid AS work_keyid, work.publicationid AS work_publicationid, work.composerid AS work_composerid, work.styleid AS work_styleid, work.description AS work_description, work.image AS work_image 
FROM work 
WHERE work.id = ?
15:43:11,599 INFO  [sqlalchemy.engine.base.Engine.0x...0590] [u'4']
15:43:11,600 INFO  [sqlalchemy.engine.base.Engine.0x...0590] SELECT work.id AS work_id, work.title AS work_title, work.keyid AS work_keyid, work.publicationid AS work_publicationid, work.composerid AS work_composerid, work.styleid AS work_styleid, work.description AS work_description, work.image AS work_image 
FROM work 
WHERE work.id = ?
15:43:11,600 INFO  [sqlalchemy.engine.base.Engine.0x...0590] [u'4']
15:43:11,601 INFO  [sqlalchemy.engine.base.Engine.0x...0590] SELECT work.id AS work_id, work.title AS work_title, work.keyid AS work_keyid, work.publicationid AS work_publicationid, work.composerid AS work_composerid, work.styleid AS work_styleid, work.description AS work_description, work.image AS work_image 
FROM work 
WHERE work.id = ?
15:43:11,601 INFO  [sqlalchemy.engine.base.Engine.0x...0590] [u'8']
15:43:11,602 INFO  [sqlalchemy.engine.base.Engine.0x...0590] SELECT work.id AS work_id, work.title AS work_title, work.keyid AS work_keyid, work.publicationid AS work_publicationid, work.composerid AS work_composerid, work.styleid AS work_styleid, work.description AS work_description, work.image AS work_image 
FROM work 
WHERE work.id = ?
15:43:11,602 INFO  [sqlalchemy.engine.base.Engine.0x...0590] [u'8']
15:43:12,495 INFO  [sqlalchemy.engine.base.Engine.0x...0590] BEGIN
15:43:12,496 INFO  [sqlalchemy.engine.base.Engine.0x...0590] SELECT work.id AS work_id, work.title AS work_title, work.keyid AS work_keyid, work.publicationid AS work_publicationid, work.composerid AS work_composerid, work.styleid AS work_styleid, work.description AS work_description, work.image AS work_image 
FROM work 
WHERE work.id = ?
15:43:12,496 INFO  [sqlalchemy.engine.base.Engine.0x...0590] [u'4']
15:43:12,497 INFO  [sqlalchemy.engine.base.Engine.0x...0590] SELECT work.id AS work_id, work.title AS work_title, work.keyid AS work_keyid, work.publicationid AS work_publicationid, work.composerid AS work_composerid, work.styleid AS work_styleid, work.description AS work_description, work.image AS work_image 
FROM work 
WHERE work.id = ?
15:43:12,497 INFO  [sqlalchemy.engine.base.Engine.0x...0590] [u'4']
15:43:12,498 INFO  [sqlalchemy.engine.base.Engine.0x...0590] SELECT work.id AS work_id, work.title AS work_title, work.keyid AS work_keyid, work.publicationid AS work_publicationid, work.composerid AS work_composerid, work.styleid AS work_styleid, work.description AS work_description, work.image AS work_image 
FROM work 
WHERE work.id = ?
15:43:12,499 INFO  [sqlalchemy.engine.base.Engine.0x...0590] [u'8']
15:43:12,500 INFO  [sqlalchemy.engine.base.Engine.0x...0590] SELECT work.id AS work_id, work.title AS work_title, work.keyid AS work_keyid, work.publicationid AS work_publicationid, work.composerid AS work_composerid, work.styleid AS work_styleid, work.description AS work_description, work.image AS work_image 
FROM work 
WHERE work.id = ?
15:43:12,500 INFO  [sqlalchemy.engine.base.Engine.0x...0590] [u'8']
15:43:12,501 INFO  [sqlalchemy.engine.base.Engine.0x...0590] SELECT work.id AS work_id, work.title AS work_title, work.keyid AS work_keyid, work.publicationid AS work_publicationid, work.composerid AS work_composerid, work.styleid AS work_styleid, work.description AS work_description, work.image AS work_image 
FROM work 
WHERE work.id = ?
15:43:12,501 INFO  [sqlalchemy.engine.base.Engine.0x...0590] [u'4']
15:43:12,503 INFO  [sqlalchemy.engine.base.Engine.0x...0590] SELECT instrument.id AS instrument_id, instrument.name AS instrument_name 
FROM instrument, workinstrument 
WHERE ? = workinstrument.workid AND instrument.id = workinstrument.instrumentid
15:43:12,503 INFO  [sqlalchemy.engine.base.Engine.0x...0590] [4]
15:43:12,504 INFO  [sqlalchemy.engine.base.Engine.0x...0590] SELECT "key".id AS key_id, "key".name AS key_name 
FROM "key" 
WHERE "key".id = ?
15:43:12,504 INFO  [sqlalchemy.engine.base.Engine.0x...0590] [17]
15:43:12,505 INFO  [sqlalchemy.engine.base.Engine.0x...0590] SELECT movement.id AS movement_id, movement.title AS movement_title, movement.keyid AS movement_keyid, movement.number AS movement_number, movement.workid AS movement_workid, movement.description AS movement_description 
FROM movement 
WHERE ? = movement.workid
15:43:12,505 INFO  [sqlalchemy.engine.base.Engine.0x...0590] [4]
15:43:12,506 INFO  [sqlalchemy.engine.base.Engine.0x...0590] SELECT composer.id AS composer_id, composer.lastname AS composer_lastname, composer.firstname AS composer_firstname, composer.middlename AS composer_middlename, composer.bio AS composer_bio, composer.image AS composer_image 
FROM composer 
WHERE composer.id = ?
15:43:12,506 INFO  [sqlalchemy.engine.base.Engine.0x...0590] [1]
15:43:12,507 INFO  [sqlalchemy.engine.base.Engine.0x...0590] SELECT style.id AS style_id, style.name AS style_name 
FROM style, workstyle 
WHERE ? = workstyle.workid AND style.id = workstyle.styleid
15:43:12,507 INFO  [sqlalchemy.engine.base.Engine.0x...0590] [4]
15:43:12,508 INFO  [sqlalchemy.engine.base.Engine.0x...0590] SELECT soundclip.id AS soundclip_id, soundclip.workid AS soundclip_workid, soundclip.movementid AS soundclip_movementid, soundclip.path AS soundclip_path 
FROM soundclip 
WHERE ? = soundclip.workid
15:43:12,508 INFO  [sqlalchemy.engine.base.Engine.0x...0590] [4]
15:43:12,551 INFO  [sqlalchemy.engine.base.Engine.0x...0590] BEGIN
15:43:12,552 INFO  [sqlalchemy.engine.base.Engine.0x...0590] SELECT work.id AS work_id, work.title AS work_title, work.keyid AS work_keyid, work.publicationid AS work_publicationid, work.composerid AS work_composerid, work.styleid AS work_styleid, work.description AS work_description, work.image AS work_image 
FROM work 
WHERE work.id = ?
15:43:12,552 INFO  [sqlalchemy.engine.base.Engine.0x...0590] [u'4']
15:43:12,554 INFO  [sqlalchemy.engine.base.Engine.0x...0590] SELECT work.id AS work_id, work.title AS work_title, work.keyid AS work_keyid, work.publicationid AS work_publicationid, work.composerid AS work_composerid, work.styleid AS work_styleid, work.description AS work_description, work.image AS work_image 
FROM work 
WHERE work.id = ?
15:43:12,554 INFO  [sqlalchemy.engine.base.Engine.0x...0590] [u'4']
15:43:12,555 INFO  [sqlalchemy.engine.base.Engine.0x...0590] SELECT work.id AS work_id, work.title AS work_title, work.keyid AS work_keyid, work.publicationid AS work_publicationid, work.composerid AS work_composerid, work.styleid AS work_styleid, work.description AS work_description, work.image AS work_image 
FROM work 
WHERE work.id = ?
15:43:12,555 INFO  [sqlalchemy.engine.base.Engine.0x...0590] [u'8']
15:43:12,556 INFO  [sqlalchemy.engine.base.Engine.0x...0590] SELECT work.id AS work_id, work.title AS work_title, work.keyid AS work_keyid, work.publicationid AS work_publicationid, work.composerid AS work_composerid, work.styleid AS work_styleid, work.description AS work_description, work.image AS work_image 
FROM work 
WHERE work.id = ?
15:43:12,556 INFO  [sqlalchemy.engine.base.Engine.0x...0590] [u'8']
15:43:12,903 INFO  [sqlalchemy.engine.base.Engine.0x...0590] BEGIN
15:43:12,904 INFO  [sqlalchemy.engine.base.Engine.0x...0590] SELECT work.id AS work_id, work.title AS work_title, work.keyid AS work_keyid, work.publicationid AS work_publicationid, work.composerid AS work_composerid, work.styleid AS work_styleid, work.description AS work_description, work.image AS work_image 
FROM work 
WHERE work.id = ?
15:43:12,904 INFO  [sqlalchemy.engine.base.Engine.0x...0590] [u'4']
15:43:12,905 INFO  [sqlalchemy.engine.base.Engine.0x...0590] SELECT work.id AS work_id, work.title AS work_title, work.keyid AS work_keyid, work.publicationid AS work_publicationid, work.composerid AS work_composerid, work.styleid AS work_styleid, work.description AS work_description, work.image AS work_image 
FROM work 
WHERE work.id = ?
15:43:12,905 INFO  [sqlalchemy.engine.base.Engine.0x...0590] [u'4']
15:43:12,906 INFO  [sqlalchemy.engine.base.Engine.0x...0590] SELECT work.id AS work_id, work.title AS work_title, work.keyid AS work_keyid, work.publicationid AS work_publicationid, work.composerid AS work_composerid, work.styleid AS work_styleid, work.description AS work_description, work.image AS work_image 
FROM work 
WHERE work.id = ?
15:43:12,906 INFO  [sqlalchemy.engine.base.Engine.0x...0590] [u'8']
15:43:12,907 INFO  [sqlalchemy.engine.base.Engine.0x...0590] SELECT work.id AS work_id, work.title AS work_title, work.keyid AS work_keyid, work.publicationid AS work_publicationid, work.composerid AS work_composerid, work.styleid AS work_styleid, work.description AS work_description, work.image AS work_image 
FROM work 
WHERE work.id = ?
15:43:12,907 INFO  [sqlalchemy.engine.base.Engine.0x...0590] [u'8']
15:43:12,908 INFO  [sqlalchemy.engine.base.Engine.0x...0590] SELECT work.id AS work_id, work.title AS work_title, work.keyid AS work_keyid, work.publicationid AS work_publicationid, work.composerid AS work_composerid, work.styleid AS work_styleid, work.description AS work_description, work.image AS work_image 
FROM work 
WHERE work.id = ?
15:43:12,908 INFO  [sqlalchemy.engine.base.Engine.0x...0590] [u'4']
15:43:12,910 INFO  [sqlalchemy.engine.base.Engine.0x...0590] SELECT instrument.id AS instrument_id, instrument.name AS instrument_name 
FROM instrument, workinstrument 
WHERE ? = workinstrument.workid AND instrument.id = workinstrument.instrumentid
15:43:12,910 INFO  [sqlalchemy.engine.base.Engine.0x...0590] [4]
15:43:12,911 INFO  [sqlalchemy.engine.base.Engine.0x...0590] SELECT "key".id AS key_id, "key".name AS key_name 
FROM "key" 
WHERE "key".id = ?
15:43:12,911 INFO  [sqlalchemy.engine.base.Engine.0x...0590] [17]
15:43:12,912 INFO  [sqlalchemy.engine.base.Engine.0x...0590] SELECT movement.id AS movement_id, movement.title AS movement_title, movement.keyid AS movement_keyid, movement.number AS movement_number, movement.workid AS movement_workid, movement.description AS movement_description 
FROM movement 
WHERE ? = movement.workid
15:43:12,912 INFO  [sqlalchemy.engine.base.Engine.0x...0590] [4]
15:43:12,913 INFO  [sqlalchemy.engine.base.Engine.0x...0590] SELECT composer.id AS composer_id, composer.lastname AS composer_lastname, composer.firstname AS composer_firstname, composer.middlename AS composer_middlename, composer.bio AS composer_bio, composer.image AS composer_image 
FROM composer 
WHERE composer.id = ?
15:43:12,913 INFO  [sqlalchemy.engine.base.Engine.0x...0590] [1]
15:43:12,916 INFO  [sqlalchemy.engine.base.Engine.0x...0590] SELECT style.id AS style_id, style.name AS style_name 
FROM style, workstyle 
WHERE ? = workstyle.workid AND style.id = workstyle.styleid
15:43:12,916 INFO  [sqlalchemy.engine.base.Engine.0x...0590] [4]
15:43:12,917 INFO  [sqlalchemy.engine.base.Engine.0x...0590] SELECT soundclip.id AS soundclip_id, soundclip.workid AS soundclip_workid, soundclip.movementid AS soundclip_movementid, soundclip.path AS soundclip_path 
FROM soundclip 
WHERE ? = soundclip.workid
15:43:12,917 INFO  [sqlalchemy.engine.base.Engine.0x...0590] [4]
15:43:12,960 INFO  [sqlalchemy.engine.base.Engine.0x...0590] BEGIN
15:43:12,960 INFO  [sqlalchemy.engine.base.Engine.0x...0590] SELECT work.id AS work_id, work.title AS work_title, work.keyid AS work_keyid, work.publicationid AS work_publicationid, work.composerid AS work_composerid, work.styleid AS work_styleid, work.description AS work_description, work.image AS work_image 
FROM work 
WHERE work.id = ?
15:43:12,960 INFO  [sqlalchemy.engine.base.Engine.0x...0590] [u'4']
15:43:12,962 INFO  [sqlalchemy.engine.base.Engine.0x...0590] SELECT work.id AS work_id, work.title AS work_title, work.keyid AS work_keyid, work.publicationid AS work_publicationid, work.composerid AS work_composerid, work.styleid AS work_styleid, work.description AS work_description, work.image AS work_image 
FROM work 
WHERE work.id = ?
15:43:12,962 INFO  [sqlalchemy.engine.base.Engine.0x...0590] [u'4']
15:43:12,963 INFO  [sqlalchemy.engine.base.Engine.0x...0590] SELECT work.id AS work_id, work.title AS work_title, work.keyid AS work_keyid, work.publicationid AS work_publicationid, work.composerid AS work_composerid, work.styleid AS work_styleid, work.description AS work_description, work.image AS work_image 
FROM work 
WHERE work.id = ?
15:43:12,963 INFO  [sqlalchemy.engine.base.Engine.0x...0590] [u'8']
15:43:12,964 INFO  [sqlalchemy.engine.base.Engine.0x...0590] SELECT work.id AS work_id, work.title AS work_title, work.keyid AS work_keyid, work.publicationid AS work_publicationid, work.composerid AS work_composerid, work.styleid AS work_styleid, work.description AS work_description, work.image AS work_image 
FROM work 
WHERE work.id = ?
15:43:12,964 INFO  [sqlalchemy.engine.base.Engine.0x...0590] [u'8']
15:44:19,687 INFO  [sqlalchemy.engine.base.Engine.0x...0590] BEGIN
15:44:19,688 INFO  [sqlalchemy.engine.base.Engine.0x...0590] SELECT work.id AS work_id, work.title AS work_title, work.keyid AS work_keyid, work.publicationid AS work_publicationid, work.composerid AS work_composerid, work.styleid AS work_styleid, work.description AS work_description, work.image AS work_image 
FROM work 
WHERE work.id = ?
15:44:19,688 INFO  [sqlalchemy.engine.base.Engine.0x...0590] [u'4']
15:44:19,689 INFO  [sqlalchemy.engine.base.Engine.0x...0590] SELECT work.id AS work_id, work.title AS work_title, work.keyid AS work_keyid, work.publicationid AS work_publicationid, work.composerid AS work_composerid, work.styleid AS work_styleid, work.description AS work_description, work.image AS work_image 
FROM work 
WHERE work.id = ?
15:44:19,689 INFO  [sqlalchemy.engine.base.Engine.0x...0590] [u'4']
15:44:19,691 INFO  [sqlalchemy.engine.base.Engine.0x...0590] SELECT work.id AS work_id, work.title AS work_title, work.keyid AS work_keyid, work.publicationid AS work_publicationid, work.composerid AS work_composerid, work.styleid AS work_styleid, work.description AS work_description, work.image AS work_image 
FROM work 
WHERE work.id = ?
15:44:19,691 INFO  [sqlalchemy.engine.base.Engine.0x...0590] [u'8']
15:44:19,692 INFO  [sqlalchemy.engine.base.Engine.0x...0590] SELECT work.id AS work_id, work.title AS work_title, work.keyid AS work_keyid, work.publicationid AS work_publicationid, work.composerid AS work_composerid, work.styleid AS work_styleid, work.description AS work_description, work.image AS work_image 
FROM work 
WHERE work.id = ?
15:44:19,692 INFO  [sqlalchemy.engine.base.Engine.0x...0590] [u'8']
15:44:19,693 INFO  [sqlalchemy.engine.base.Engine.0x...0590] SELECT work.id AS work_id, work.title AS work_title, work.keyid AS work_keyid, work.publicationid AS work_publicationid, work.composerid AS work_composerid, work.styleid AS work_styleid, work.description AS work_description, work.image AS work_image 
FROM work 
WHERE work.id = ?
15:44:19,693 INFO  [sqlalchemy.engine.base.Engine.0x...0590] [u'4']
15:44:19,728 INFO  [sqlalchemy.engine.base.Engine.0x...0590] SELECT instrument.id AS instrument_id, instrument.name AS instrument_name 
FROM instrument, workinstrument 
WHERE ? = workinstrument.workid AND instrument.id = workinstrument.instrumentid
15:44:19,728 INFO  [sqlalchemy.engine.base.Engine.0x...0590] [4]
15:44:19,729 INFO  [sqlalchemy.engine.base.Engine.0x...0590] SELECT "key".id AS key_id, "key".name AS key_name 
FROM "key" 
WHERE "key".id = ?
15:44:19,729 INFO  [sqlalchemy.engine.base.Engine.0x...0590] [17]
15:44:19,730 INFO  [sqlalchemy.engine.base.Engine.0x...0590] SELECT movement.id AS movement_id, movement.title AS movement_title, movement.keyid AS movement_keyid, movement.number AS movement_number, movement.workid AS movement_workid, movement.description AS movement_description 
FROM movement 
WHERE ? = movement.workid
15:44:19,730 INFO  [sqlalchemy.engine.base.Engine.0x...0590] [4]
15:44:19,731 INFO  [sqlalchemy.engine.base.Engine.0x...0590] SELECT composer.id AS composer_id, composer.lastname AS composer_lastname, composer.firstname AS composer_firstname, composer.middlename AS composer_middlename, composer.bio AS composer_bio, composer.image AS composer_image 
FROM composer 
WHERE composer.id = ?
15:44:19,731 INFO  [sqlalchemy.engine.base.Engine.0x...0590] [1]
15:44:19,732 INFO  [sqlalchemy.engine.base.Engine.0x...0590] SELECT style.id AS style_id, style.name AS style_name 
FROM style, workstyle 
WHERE ? = workstyle.workid AND style.id = workstyle.styleid
15:44:19,732 INFO  [sqlalchemy.engine.base.Engine.0x...0590] [4]
15:44:19,733 INFO  [sqlalchemy.engine.base.Engine.0x...0590] SELECT soundclip.id AS soundclip_id, soundclip.workid AS soundclip_workid, soundclip.movementid AS soundclip_movementid, soundclip.path AS soundclip_path 
FROM soundclip 
WHERE ? = soundclip.workid
15:44:19,733 INFO  [sqlalchemy.engine.base.Engine.0x...0590] [4]
15:44:19,775 INFO  [sqlalchemy.engine.base.Engine.0x...0590] BEGIN
15:44:19,776 INFO  [sqlalchemy.engine.base.Engine.0x...0590] SELECT work.id AS work_id, work.title AS work_title, work.keyid AS work_keyid, work.publicationid AS work_publicationid, work.composerid AS work_composerid, work.styleid AS work_styleid, work.description AS work_description, work.image AS work_image 
FROM work 
WHERE work.id = ?
15:44:19,776 INFO  [sqlalchemy.engine.base.Engine.0x...0590] [u'4']
15:44:19,777 INFO  [sqlalchemy.engine.base.Engine.0x...0590] SELECT work.id AS work_id, work.title AS work_title, work.keyid AS work_keyid, work.publicationid AS work_publicationid, work.composerid AS work_composerid, work.styleid AS work_styleid, work.description AS work_description, work.image AS work_image 
FROM work 
WHERE work.id = ?
15:44:19,778 INFO  [sqlalchemy.engine.base.Engine.0x...0590] [u'4']
15:44:19,779 INFO  [sqlalchemy.engine.base.Engine.0x...0590] SELECT work.id AS work_id, work.title AS work_title, work.keyid AS work_keyid, work.publicationid AS work_publicationid, work.composerid AS work_composerid, work.styleid AS work_styleid, work.description AS work_description, work.image AS work_image 
FROM work 
WHERE work.id = ?
15:44:19,779 INFO  [sqlalchemy.engine.base.Engine.0x...0590] [u'8']
15:44:19,780 INFO  [sqlalchemy.engine.base.Engine.0x...0590] SELECT work.id AS work_id, work.title AS work_title, work.keyid AS work_keyid, work.publicationid AS work_publicationid, work.composerid AS work_composerid, work.styleid AS work_styleid, work.description AS work_description, work.image AS work_image 
FROM work 
WHERE work.id = ?
15:44:19,780 INFO  [sqlalchemy.engine.base.Engine.0x...0590] [u'8']
15:44:27,231 INFO  [sqlalchemy.engine.base.Engine.0x...0590] BEGIN
15:44:27,232 INFO  [sqlalchemy.engine.base.Engine.0x...0590] SELECT work.id AS work_id, work.title AS work_title, work.keyid AS work_keyid, work.publicationid AS work_publicationid, work.composerid AS work_composerid, work.styleid AS work_styleid, work.description AS work_description, work.image AS work_image 
FROM work 
WHERE work.id = ?
15:44:27,232 INFO  [sqlalchemy.engine.base.Engine.0x...0590] [u'4']
15:44:27,234 INFO  [sqlalchemy.engine.base.Engine.0x...0590] SELECT work.id AS work_id, work.title AS work_title, work.keyid AS work_keyid, work.publicationid AS work_publicationid, work.composerid AS work_composerid, work.styleid AS work_styleid, work.description AS work_description, work.image AS work_image 
FROM work 
WHERE work.id = ?
15:44:27,234 INFO  [sqlalchemy.engine.base.Engine.0x...0590] [u'4']
15:44:27,235 INFO  [sqlalchemy.engine.base.Engine.0x...0590] SELECT work.id AS work_id, work.title AS work_title, work.keyid AS work_keyid, work.publicationid AS work_publicationid, work.composerid AS work_composerid, work.styleid AS work_styleid, work.description AS work_description, work.image AS work_image 
FROM work 
WHERE work.id = ?
15:44:27,235 INFO  [sqlalchemy.engine.base.Engine.0x...0590] [u'8']
15:44:27,236 INFO  [sqlalchemy.engine.base.Engine.0x...0590] SELECT work.id AS work_id, work.title AS work_title, work.keyid AS work_keyid, work.publicationid AS work_publicationid, work.composerid AS work_composerid, work.styleid AS work_styleid, work.description AS work_description, work.image AS work_image 
FROM work 
WHERE work.id = ?
15:44:27,236 INFO  [sqlalchemy.engine.base.Engine.0x...0590] [u'8']
15:44:27,237 INFO  [sqlalchemy.engine.base.Engine.0x...0590] SELECT work.id AS work_id, work.title AS work_title, work.keyid AS work_keyid, work.publicationid AS work_publicationid, work.composerid AS work_composerid, work.styleid AS work_styleid, work.description AS work_description, work.image AS work_image 
FROM work 
WHERE work.id = ?
15:44:27,237 INFO  [sqlalchemy.engine.base.Engine.0x...0590] [u'4']
15:44:27,247 INFO  [sqlalchemy.engine.base.Engine.0x...0590] SELECT instrument.id AS instrument_id, instrument.name AS instrument_name 
FROM instrument, workinstrument 
WHERE ? = workinstrument.workid AND instrument.id = workinstrument.instrumentid
15:44:27,247 INFO  [sqlalchemy.engine.base.Engine.0x...0590] [4]
15:44:27,249 INFO  [sqlalchemy.engine.base.Engine.0x...0590] SELECT "key".id AS key_id, "key".name AS key_name 
FROM "key" 
WHERE "key".id = ?
15:44:27,249 INFO  [sqlalchemy.engine.base.Engine.0x...0590] [17]
15:44:27,250 INFO  [sqlalchemy.engine.base.Engine.0x...0590] SELECT movement.id AS movement_id, movement.title AS movement_title, movement.keyid AS movement_keyid, movement.number AS movement_number, movement.workid AS movement_workid, movement.description AS movement_description 
FROM movement 
WHERE ? = movement.workid
15:44:27,250 INFO  [sqlalchemy.engine.base.Engine.0x...0590] [4]
15:44:27,251 INFO  [sqlalchemy.engine.base.Engine.0x...0590] SELECT composer.id AS composer_id, composer.lastname AS composer_lastname, composer.firstname AS composer_firstname, composer.middlename AS composer_middlename, composer.bio AS composer_bio, composer.image AS composer_image 
FROM composer 
WHERE composer.id = ?
15:44:27,251 INFO  [sqlalchemy.engine.base.Engine.0x...0590] [1]
15:44:27,252 INFO  [sqlalchemy.engine.base.Engine.0x...0590] SELECT style.id AS style_id, style.name AS style_name 
FROM style, workstyle 
WHERE ? = workstyle.workid AND style.id = workstyle.styleid
15:44:27,252 INFO  [sqlalchemy.engine.base.Engine.0x...0590] [4]
15:44:27,253 INFO  [sqlalchemy.engine.base.Engine.0x...0590] SELECT soundclip.id AS soundclip_id, soundclip.workid AS soundclip_workid, soundclip.movementid AS soundclip_movementid, soundclip.path AS soundclip_path 
FROM soundclip 
WHERE ? = soundclip.workid
15:44:27,253 INFO  [sqlalchemy.engine.base.Engine.0x...0590] [4]
15:44:27,310 INFO  [sqlalchemy.engine.base.Engine.0x...0590] BEGIN
15:44:27,311 INFO  [sqlalchemy.engine.base.Engine.0x...0590] SELECT work.id AS work_id, work.title AS work_title, work.keyid AS work_keyid, work.publicationid AS work_publicationid, work.composerid AS work_composerid, work.styleid AS work_styleid, work.description AS work_description, work.image AS work_image 
FROM work 
WHERE work.id = ?
15:44:27,311 INFO  [sqlalchemy.engine.base.Engine.0x...0590] [u'4']
15:44:27,313 INFO  [sqlalchemy.engine.base.Engine.0x...0590] SELECT work.id AS work_id, work.title AS work_title, work.keyid AS work_keyid, work.publicationid AS work_publicationid, work.composerid AS work_composerid, work.styleid AS work_styleid, work.description AS work_description, work.image AS work_image 
FROM work 
WHERE work.id = ?
15:44:27,313 INFO  [sqlalchemy.engine.base.Engine.0x...0590] [u'4']
15:44:27,314 INFO  [sqlalchemy.engine.base.Engine.0x...0590] SELECT work.id AS work_id, work.title AS work_title, work.keyid AS work_keyid, work.publicationid AS work_publicationid, work.composerid AS work_composerid, work.styleid AS work_styleid, work.description AS work_description, work.image AS work_image 
FROM work 
WHERE work.id = ?
15:44:27,314 INFO  [sqlalchemy.engine.base.Engine.0x...0590] [u'8']
15:44:27,315 INFO  [sqlalchemy.engine.base.Engine.0x...0590] SELECT work.id AS work_id, work.title AS work_title, work.keyid AS work_keyid, work.publicationid AS work_publicationid, work.composerid AS work_composerid, work.styleid AS work_styleid, work.description AS work_description, work.image AS work_image 
FROM work 
WHERE work.id = ?
15:44:27,315 INFO  [sqlalchemy.engine.base.Engine.0x...0590] [u'8']
15:44:28,200 INFO  [sqlalchemy.engine.base.Engine.0x...0590] BEGIN
15:44:28,200 INFO  [sqlalchemy.engine.base.Engine.0x...0590] SELECT work.id AS work_id, work.title AS work_title, work.keyid AS work_keyid, work.publicationid AS work_publicationid, work.composerid AS work_composerid, work.styleid AS work_styleid, work.description AS work_description, work.image AS work_image 
FROM work 
WHERE work.id = ?
15:44:28,200 INFO  [sqlalchemy.engine.base.Engine.0x...0590] [u'4']
15:44:28,202 INFO  [sqlalchemy.engine.base.Engine.0x...0590] SELECT work.id AS work_id, work.title AS work_title, work.keyid AS work_keyid, work.publicationid AS work_publicationid, work.composerid AS work_composerid, work.styleid AS work_styleid, work.description AS work_description, work.image AS work_image 
FROM work 
WHERE work.id = ?
15:44:28,202 INFO  [sqlalchemy.engine.base.Engine.0x...0590] [u'4']
15:44:28,204 INFO  [sqlalchemy.engine.base.Engine.0x...0590] SELECT work.id AS work_id, work.title AS work_title, work.keyid AS work_keyid, work.publicationid AS work_publicationid, work.composerid AS work_composerid, work.styleid AS work_styleid, work.description AS work_description, work.image AS work_image 
FROM work 
WHERE work.id = ?
15:44:28,204 INFO  [sqlalchemy.engine.base.Engine.0x...0590] [u'8']
15:44:28,205 INFO  [sqlalchemy.engine.base.Engine.0x...0590] SELECT work.id AS work_id, work.title AS work_title, work.keyid AS work_keyid, work.publicationid AS work_publicationid, work.composerid AS work_composerid, work.styleid AS work_styleid, work.description AS work_description, work.image AS work_image 
FROM work 
WHERE work.id = ?
15:44:28,205 INFO  [sqlalchemy.engine.base.Engine.0x...0590] [u'8']
Debug at: http://127.0.0.1:5000/_debug/view/1246315468
15:44:37,571 INFO  [sqlalchemy.engine.base.Engine.0x...0590] BEGIN
15:44:37,572 INFO  [sqlalchemy.engine.base.Engine.0x...0590] SELECT work.id AS work_id, work.title AS work_title, work.keyid AS work_keyid, work.publicationid AS work_publicationid, work.composerid AS work_composerid, work.styleid AS work_styleid, work.description AS work_description, work.image AS work_image 
FROM work 
WHERE work.id = ?
15:44:37,572 INFO  [sqlalchemy.engine.base.Engine.0x...0590] [u'4']
15:44:37,573 INFO  [sqlalchemy.engine.base.Engine.0x...0590] SELECT work.id AS work_id, work.title AS work_title, work.keyid AS work_keyid, work.publicationid AS work_publicationid, work.composerid AS work_composerid, work.styleid AS work_styleid, work.description AS work_description, work.image AS work_image 
FROM work 
WHERE work.id = ?
15:44:37,573 INFO  [sqlalchemy.engine.base.Engine.0x...0590] [u'4']
15:44:37,574 INFO  [sqlalchemy.engine.base.Engine.0x...0590] SELECT work.id AS work_id, work.title AS work_title, work.keyid AS work_keyid, work.publicationid AS work_publicationid, work.composerid AS work_composerid, work.styleid AS work_styleid, work.description AS work_description, work.image AS work_image 
FROM work 
WHERE work.id = ?
15:44:37,574 INFO  [sqlalchemy.engine.base.Engine.0x...0590] [u'8']
15:44:37,576 INFO  [sqlalchemy.engine.base.Engine.0x...0590] SELECT work.id AS work_id, work.title AS work_title, work.keyid AS work_keyid, work.publicationid AS work_publicationid, work.composerid AS work_composerid, work.styleid AS work_styleid, work.description AS work_description, work.image AS work_image 
FROM work 
WHERE work.id = ?
15:44:37,576 INFO  [sqlalchemy.engine.base.Engine.0x...0590] [u'8']
Debug at: http://127.0.0.1:5000/_debug/view/1246315469
15:44:39,367 INFO  [sqlalchemy.engine.base.Engine.0x...0590] BEGIN
15:44:39,367 INFO  [sqlalchemy.engine.base.Engine.0x...0590] SELECT work.id AS work_id, work.title AS work_title, work.keyid AS work_keyid, work.publicationid AS work_publicationid, work.composerid AS work_composerid, work.styleid AS work_styleid, work.description AS work_description, work.image AS work_image 
FROM work 
WHERE work.id = ?
15:44:39,368 INFO  [sqlalchemy.engine.base.Engine.0x...0590] [u'4']
15:44:39,369 INFO  [sqlalchemy.engine.base.Engine.0x...0590] SELECT work.id AS work_id, work.title AS work_title, work.keyid AS work_keyid, work.publicationid AS work_publicationid, work.composerid AS work_composerid, work.styleid AS work_styleid, work.description AS work_description, work.image AS work_image 
FROM work 
WHERE work.id = ?
15:44:39,369 INFO  [sqlalchemy.engine.base.Engine.0x...0590] [u'4']
15:44:39,371 INFO  [sqlalchemy.engine.base.Engine.0x...0590] SELECT work.id AS work_id, work.title AS work_title, work.keyid AS work_keyid, work.publicationid AS work_publicationid, work.composerid AS work_composerid, work.styleid AS work_styleid, work.description AS work_description, work.image AS work_image 
FROM work 
WHERE work.id = ?
15:44:39,371 INFO  [sqlalchemy.engine.base.Engine.0x...0590] [u'8']
15:44:39,372 INFO  [sqlalchemy.engine.base.Engine.0x...0590] SELECT work.id AS work_id, work.title AS work_title, work.keyid AS work_keyid, work.publicationid AS work_publicationid, work.composerid AS work_composerid, work.styleid AS work_styleid, work.description AS work_description, work.image AS work_image 
FROM work 
WHERE work.id = ?
15:44:39,372 INFO  [sqlalchemy.engine.base.Engine.0x...0590] [u'8']
Debug at: http://127.0.0.1:5000/_debug/view/1246315470
15:44:41,967 INFO  [sqlalchemy.engine.base.Engine.0x...0590] BEGIN
15:44:41,968 INFO  [sqlalchemy.engine.base.Engine.0x...0590] SELECT work.id AS work_id, work.title AS work_title, work.keyid AS work_keyid, work.publicationid AS work_publicationid, work.composerid AS work_composerid, work.styleid AS work_styleid, work.description AS work_description, work.image AS work_image 
FROM work 
WHERE work.id = ?
15:44:41,968 INFO  [sqlalchemy.engine.base.Engine.0x...0590] [u'4']
15:44:41,969 INFO  [sqlalchemy.engine.base.Engine.0x...0590] SELECT work.id AS work_id, work.title AS work_title, work.keyid AS work_keyid, work.publicationid AS work_publicationid, work.composerid AS work_composerid, work.styleid AS work_styleid, work.description AS work_description, work.image AS work_image 
FROM work 
WHERE work.id = ?
15:44:41,969 INFO  [sqlalchemy.engine.base.Engine.0x...0590] [u'4']
15:44:41,970 INFO  [sqlalchemy.engine.base.Engine.0x...0590] SELECT work.id AS work_id, work.title AS work_title, work.keyid AS work_keyid, work.publicationid AS work_publicationid, work.composerid AS work_composerid, work.styleid AS work_styleid, work.description AS work_description, work.image AS work_image 
FROM work 
WHERE work.id = ?
15:44:41,970 INFO  [sqlalchemy.engine.base.Engine.0x...0590] [u'8']
15:44:41,972 INFO  [sqlalchemy.engine.base.Engine.0x...0590] SELECT work.id AS work_id, work.title AS work_title, work.keyid AS work_keyid, work.publicationid AS work_publicationid, work.composerid AS work_composerid, work.styleid AS work_styleid, work.description AS work_description, work.image AS work_image 
FROM work 
WHERE work.id = ?
15:44:41,972 INFO  [sqlalchemy.engine.base.Engine.0x...0590] [u'8']
15:44:41,973 INFO  [sqlalchemy.engine.base.Engine.0x...0590] SELECT work.id AS work_id, work.title AS work_title, work.keyid AS work_keyid, work.publicationid AS work_publicationid, work.composerid AS work_composerid, work.styleid AS work_styleid, work.description AS work_description, work.image AS work_image 
FROM work 
WHERE work.id = ?
15:44:41,973 INFO  [sqlalchemy.engine.base.Engine.0x...0590] [u'4']
15:44:41,986 INFO  [sqlalchemy.engine.base.Engine.0x...0590] SELECT instrument.id AS instrument_id, instrument.name AS instrument_name 
FROM instrument, workinstrument 
WHERE ? = workinstrument.workid AND instrument.id = workinstrument.instrumentid
15:44:41,986 INFO  [sqlalchemy.engine.base.Engine.0x...0590] [4]
15:44:41,987 INFO  [sqlalchemy.engine.base.Engine.0x...0590] SELECT "key".id AS key_id, "key".name AS key_name 
FROM "key" 
WHERE "key".id = ?
15:44:41,987 INFO  [sqlalchemy.engine.base.Engine.0x...0590] [17]
15:44:41,988 INFO  [sqlalchemy.engine.base.Engine.0x...0590] SELECT movement.id AS movement_id, movement.title AS movement_title, movement.keyid AS movement_keyid, movement.number AS movement_number, movement.workid AS movement_workid, movement.description AS movement_description 
FROM movement 
WHERE ? = movement.workid
15:44:41,988 INFO  [sqlalchemy.engine.base.Engine.0x...0590] [4]
15:44:41,989 INFO  [sqlalchemy.engine.base.Engine.0x...0590] SELECT composer.id AS composer_id, composer.lastname AS composer_lastname, composer.firstname AS composer_firstname, composer.middlename AS composer_middlename, composer.bio AS composer_bio, composer.image AS composer_image 
FROM composer 
WHERE composer.id = ?
15:44:41,989 INFO  [sqlalchemy.engine.base.Engine.0x...0590] [1]
15:44:41,990 INFO  [sqlalchemy.engine.base.Engine.0x...0590] SELECT style.id AS style_id, style.name AS style_name 
FROM style, workstyle 
WHERE ? = workstyle.workid AND style.id = workstyle.styleid
15:44:41,990 INFO  [sqlalchemy.engine.base.Engine.0x...0590] [4]
15:44:41,991 INFO  [sqlalchemy.engine.base.Engine.0x...0590] SELECT soundclip.id AS soundclip_id, soundclip.workid AS soundclip_workid, soundclip.movementid AS soundclip_movementid, soundclip.path AS soundclip_path 
FROM soundclip 
WHERE ? = soundclip.workid
15:44:41,991 INFO  [sqlalchemy.engine.base.Engine.0x...0590] [4]
15:44:42,010 INFO  [paste.httpserver.ThreadPool] kill_hung_threads status: 10 threads (0 working, 10 idle, 0 starting) ave time N/A, max time 0.00sec, killed 0 workers
15:44:42,037 INFO  [sqlalchemy.engine.base.Engine.0x...0590] BEGIN
15:44:42,038 INFO  [sqlalchemy.engine.base.Engine.0x...0590] SELECT work.id AS work_id, work.title AS work_title, work.keyid AS work_keyid, work.publicationid AS work_publicationid, work.composerid AS work_composerid, work.styleid AS work_styleid, work.description AS work_description, work.image AS work_image 
FROM work 
WHERE work.id = ?
15:44:42,038 INFO  [sqlalchemy.engine.base.Engine.0x...0590] [u'4']
15:44:42,039 INFO  [sqlalchemy.engine.base.Engine.0x...0590] SELECT work.id AS work_id, work.title AS work_title, work.keyid AS work_keyid, work.publicationid AS work_publicationid, work.composerid AS work_composerid, work.styleid AS work_styleid, work.description AS work_description, work.image AS work_image 
FROM work 
WHERE work.id = ?
15:44:42,039 INFO  [sqlalchemy.engine.base.Engine.0x...0590] [u'4']
15:44:42,040 INFO  [sqlalchemy.engine.base.Engine.0x...0590] SELECT work.id AS work_id, work.title AS work_title, work.keyid AS work_keyid, work.publicationid AS work_publicationid, work.composerid AS work_composerid, work.styleid AS work_styleid, work.description AS work_description, work.image AS work_image 
FROM work 
WHERE work.id = ?
15:44:42,041 INFO  [sqlalchemy.engine.base.Engine.0x...0590] [u'8']
15:44:42,042 INFO  [sqlalchemy.engine.base.Engine.0x...0590] SELECT work.id AS work_id, work.title AS work_title, work.keyid AS work_keyid, work.publicationid AS work_publicationid, work.composerid AS work_composerid, work.styleid AS work_styleid, work.description AS work_description, work.image AS work_image 
FROM work 
WHERE work.id = ?
15:44:42,042 INFO  [sqlalchemy.engine.base.Engine.0x...0590] [u'8']
15:44:42,863 INFO  [sqlalchemy.engine.base.Engine.0x...0590] BEGIN
15:44:42,864 INFO  [sqlalchemy.engine.base.Engine.0x...0590] SELECT work.id AS work_id, work.title AS work_title, work.keyid AS work_keyid, work.publicationid AS work_publicationid, work.composerid AS work_composerid, work.styleid AS work_styleid, work.description AS work_description, work.image AS work_image 
FROM work 
WHERE work.id = ?
15:44:42,864 INFO  [sqlalchemy.engine.base.Engine.0x...0590] [u'4']
15:44:42,865 INFO  [sqlalchemy.engine.base.Engine.0x...0590] SELECT work.id AS work_id, work.title AS work_title, work.keyid AS work_keyid, work.publicationid AS work_publicationid, work.composerid AS work_composerid, work.styleid AS work_styleid, work.description AS work_description, work.image AS work_image 
FROM work 
WHERE work.id = ?
15:44:42,866 INFO  [sqlalchemy.engine.base.Engine.0x...0590] [u'4']
15:44:42,867 INFO  [sqlalchemy.engine.base.Engine.0x...0590] SELECT work.id AS work_id, work.title AS work_title, work.keyid AS work_keyid, work.publicationid AS work_publicationid, work.composerid AS work_composerid, work.styleid AS work_styleid, work.description AS work_description, work.image AS work_image 
FROM work 
WHERE work.id = ?
15:44:42,867 INFO  [sqlalchemy.engine.base.Engine.0x...0590] [u'8']
15:44:42,868 INFO  [sqlalchemy.engine.base.Engine.0x...0590] SELECT work.id AS work_id, work.title AS work_title, work.keyid AS work_keyid, work.publicationid AS work_publicationid, work.composerid AS work_composerid, work.styleid AS work_styleid, work.description AS work_description, work.image AS work_image 
FROM work 
WHERE work.id = ?
15:44:42,868 INFO  [sqlalchemy.engine.base.Engine.0x...0590] [u'8']
15:45:36,247 INFO  [sqlalchemy.engine.base.Engine.0x...0590] BEGIN
15:45:36,248 INFO  [sqlalchemy.engine.base.Engine.0x...0590] SELECT work.id AS work_id, work.title AS work_title, work.keyid AS work_keyid, work.publicationid AS work_publicationid, work.composerid AS work_composerid, work.styleid AS work_styleid, work.description AS work_description, work.image AS work_image 
FROM work 
WHERE work.id = ?
15:45:36,248 INFO  [sqlalchemy.engine.base.Engine.0x...0590] [u'4']
15:45:36,250 INFO  [sqlalchemy.engine.base.Engine.0x...0590] SELECT work.id AS work_id, work.title AS work_title, work.keyid AS work_keyid, work.publicationid AS work_publicationid, work.composerid AS work_composerid, work.styleid AS work_styleid, work.description AS work_description, work.image AS work_image 
FROM work 
WHERE work.id = ?
15:45:36,250 INFO  [sqlalchemy.engine.base.Engine.0x...0590] [u'4']
15:45:36,251 INFO  [sqlalchemy.engine.base.Engine.0x...0590] SELECT work.id AS work_id, work.title AS work_title, work.keyid AS work_keyid, work.publicationid AS work_publicationid, work.composerid AS work_composerid, work.styleid AS work_styleid, work.description AS work_description, work.image AS work_image 
FROM work 
WHERE work.id = ?
15:45:36,251 INFO  [sqlalchemy.engine.base.Engine.0x...0590] [u'8']
15:45:36,253 INFO  [sqlalchemy.engine.base.Engine.0x...0590] SELECT work.id AS work_id, work.title AS work_title, work.keyid AS work_keyid, work.publicationid AS work_publicationid, work.composerid AS work_composerid, work.styleid AS work_styleid, work.description AS work_description, work.image AS work_image 
FROM work 
WHERE work.id = ?
15:45:36,253 INFO  [sqlalchemy.engine.base.Engine.0x...0590] [u'8']
15:45:36,254 INFO  [sqlalchemy.engine.base.Engine.0x...0590] SELECT work.id AS work_id, work.title AS work_title, work.keyid AS work_keyid, work.publicationid AS work_publicationid, work.composerid AS work_composerid, work.styleid AS work_styleid, work.description AS work_description, work.image AS work_image 
FROM work 
WHERE work.id = ?
15:45:36,254 INFO  [sqlalchemy.engine.base.Engine.0x...0590] [u'4']
15:45:36,265 INFO  [sqlalchemy.engine.base.Engine.0x...0590] SELECT instrument.id AS instrument_id, instrument.name AS instrument_name 
FROM instrument, workinstrument 
WHERE ? = workinstrument.workid AND instrument.id = workinstrument.instrumentid
15:45:36,265 INFO  [sqlalchemy.engine.base.Engine.0x...0590] [4]
15:45:36,266 INFO  [sqlalchemy.engine.base.Engine.0x...0590] SELECT "key".id AS key_id, "key".name AS key_name 
FROM "key" 
WHERE "key".id = ?
15:45:36,266 INFO  [sqlalchemy.engine.base.Engine.0x...0590] [17]
15:45:36,267 INFO  [sqlalchemy.engine.base.Engine.0x...0590] SELECT movement.id AS movement_id, movement.title AS movement_title, movement.keyid AS movement_keyid, movement.number AS movement_number, movement.workid AS movement_workid, movement.description AS movement_description 
FROM movement 
WHERE ? = movement.workid
15:45:36,268 INFO  [sqlalchemy.engine.base.Engine.0x...0590] [4]
15:45:36,268 INFO  [sqlalchemy.engine.base.Engine.0x...0590] SELECT composer.id AS composer_id, composer.lastname AS composer_lastname, composer.firstname AS composer_firstname, composer.middlename AS composer_middlename, composer.bio AS composer_bio, composer.image AS composer_image 
FROM composer 
WHERE composer.id = ?
15:45:36,269 INFO  [sqlalchemy.engine.base.Engine.0x...0590] [1]
15:45:36,270 INFO  [sqlalchemy.engine.base.Engine.0x...0590] SELECT style.id AS style_id, style.name AS style_name 
FROM style, workstyle 
WHERE ? = workstyle.workid AND style.id = workstyle.styleid
15:45:36,270 INFO  [sqlalchemy.engine.base.Engine.0x...0590] [4]
15:45:36,271 INFO  [sqlalchemy.engine.base.Engine.0x...0590] SELECT soundclip.id AS soundclip_id, soundclip.workid AS soundclip_workid, soundclip.movementid AS soundclip_movementid, soundclip.path AS soundclip_path 
FROM soundclip 
WHERE ? = soundclip.workid
15:45:36,271 INFO  [sqlalchemy.engine.base.Engine.0x...0590] [4]
15:45:36,318 INFO  [sqlalchemy.engine.base.Engine.0x...0590] BEGIN
15:45:36,319 INFO  [sqlalchemy.engine.base.Engine.0x...0590] SELECT work.id AS work_id, work.title AS work_title, work.keyid AS work_keyid, work.publicationid AS work_publicationid, work.composerid AS work_composerid, work.styleid AS work_styleid, work.description AS work_description, work.image AS work_image 
FROM work 
WHERE work.id = ?
15:45:36,319 INFO  [sqlalchemy.engine.base.Engine.0x...0590] [u'4']
15:45:36,320 INFO  [sqlalchemy.engine.base.Engine.0x...0590] SELECT work.id AS work_id, work.title AS work_title, work.keyid AS work_keyid, work.publicationid AS work_publicationid, work.composerid AS work_composerid, work.styleid AS work_styleid, work.description AS work_description, work.image AS work_image 
FROM work 
WHERE work.id = ?
15:45:36,320 INFO  [sqlalchemy.engine.base.Engine.0x...0590] [u'4']
15:45:36,321 INFO  [sqlalchemy.engine.base.Engine.0x...0590] SELECT work.id AS work_id, work.title AS work_title, work.keyid AS work_keyid, work.publicationid AS work_publicationid, work.composerid AS work_composerid, work.styleid AS work_styleid, work.description AS work_description, work.image AS work_image 
FROM work 
WHERE work.id = ?
15:45:36,321 INFO  [sqlalchemy.engine.base.Engine.0x...0590] [u'8']
15:45:36,322 INFO  [sqlalchemy.engine.base.Engine.0x...0590] SELECT work.id AS work_id, work.title AS work_title, work.keyid AS work_keyid, work.publicationid AS work_publicationid, work.composerid AS work_composerid, work.styleid AS work_styleid, work.description AS work_description, work.image AS work_image 
FROM work 
WHERE work.id = ?
15:45:36,322 INFO  [sqlalchemy.engine.base.Engine.0x...0590] [u'8']
15:45:41,567 INFO  [sqlalchemy.engine.base.Engine.0x...0590] BEGIN
15:45:41,568 INFO  [sqlalchemy.engine.base.Engine.0x...0590] SELECT work.id AS work_id, work.title AS work_title, work.keyid AS work_keyid, work.publicationid AS work_publicationid, work.composerid AS work_composerid, work.styleid AS work_styleid, work.description AS work_description, work.image AS work_image 
FROM work 
WHERE work.id = ?
15:45:41,568 INFO  [sqlalchemy.engine.base.Engine.0x...0590] [u'4']
15:45:41,569 INFO  [sqlalchemy.engine.base.Engine.0x...0590] SELECT work.id AS work_id, work.title AS work_title, work.keyid AS work_keyid, work.publicationid AS work_publicationid, work.composerid AS work_composerid, work.styleid AS work_styleid, work.description AS work_description, work.image AS work_image 
FROM work 
WHERE work.id = ?
15:45:41,569 INFO  [sqlalchemy.engine.base.Engine.0x...0590] [u'4']
15:45:41,570 INFO  [sqlalchemy.engine.base.Engine.0x...0590] SELECT work.id AS work_id, work.title AS work_title, work.keyid AS work_keyid, work.publicationid AS work_publicationid, work.composerid AS work_composerid, work.styleid AS work_styleid, work.description AS work_description, work.image AS work_image 
FROM work 
WHERE work.id = ?
15:45:41,570 INFO  [sqlalchemy.engine.base.Engine.0x...0590] [u'8']
15:45:41,572 INFO  [sqlalchemy.engine.base.Engine.0x...0590] SELECT work.id AS work_id, work.title AS work_title, work.keyid AS work_keyid, work.publicationid AS work_publicationid, work.composerid AS work_composerid, work.styleid AS work_styleid, work.description AS work_description, work.image AS work_image 
FROM work 
WHERE work.id = ?
15:45:41,572 INFO  [sqlalchemy.engine.base.Engine.0x...0590] [u'8']
15:45:41,573 INFO  [sqlalchemy.engine.base.Engine.0x...0590] SELECT work.id AS work_id, work.title AS work_title, work.keyid AS work_keyid, work.publicationid AS work_publicationid, work.composerid AS work_composerid, work.styleid AS work_styleid, work.description AS work_description, work.image AS work_image 
FROM work 
WHERE work.id = ?
15:45:41,573 INFO  [sqlalchemy.engine.base.Engine.0x...0590] [u'8']
15:45:41,575 INFO  [sqlalchemy.engine.base.Engine.0x...0590] SELECT instrument.id AS instrument_id, instrument.name AS instrument_name 
FROM instrument, workinstrument 
WHERE ? = workinstrument.workid AND instrument.id = workinstrument.instrumentid
15:45:41,575 INFO  [sqlalchemy.engine.base.Engine.0x...0590] [8]
15:45:41,577 INFO  [sqlalchemy.engine.base.Engine.0x...0590] SELECT movement.id AS movement_id, movement.title AS movement_title, movement.keyid AS movement_keyid, movement.number AS movement_number, movement.workid AS movement_workid, movement.description AS movement_description 
FROM movement 
WHERE ? = movement.workid
15:45:41,577 INFO  [sqlalchemy.engine.base.Engine.0x...0590] [8]
15:45:41,578 INFO  [sqlalchemy.engine.base.Engine.0x...0590] SELECT composer.id AS composer_id, composer.lastname AS composer_lastname, composer.firstname AS composer_firstname, composer.middlename AS composer_middlename, composer.bio AS composer_bio, composer.image AS composer_image 
FROM composer 
WHERE composer.id = ?
15:45:41,578 INFO  [sqlalchemy.engine.base.Engine.0x...0590] [1]
15:45:41,579 INFO  [sqlalchemy.engine.base.Engine.0x...0590] SELECT style.id AS style_id, style.name AS style_name 
FROM style, workstyle 
WHERE ? = workstyle.workid AND style.id = workstyle.styleid
15:45:41,579 INFO  [sqlalchemy.engine.base.Engine.0x...0590] [8]
15:45:41,580 INFO  [sqlalchemy.engine.base.Engine.0x...0590] SELECT soundclip.id AS soundclip_id, soundclip.workid AS soundclip_workid, soundclip.movementid AS soundclip_movementid, soundclip.path AS soundclip_path 
FROM soundclip 
WHERE ? = soundclip.workid
15:45:41,580 INFO  [sqlalchemy.engine.base.Engine.0x...0590] [8]
15:45:41,624 INFO  [sqlalchemy.engine.base.Engine.0x...0590] BEGIN
15:45:41,625 INFO  [sqlalchemy.engine.base.Engine.0x...0590] SELECT work.id AS work_id, work.title AS work_title, work.keyid AS work_keyid, work.publicationid AS work_publicationid, work.composerid AS work_composerid, work.styleid AS work_styleid, work.description AS work_description, work.image AS work_image 
FROM work 
WHERE work.id = ?
15:45:41,625 INFO  [sqlalchemy.engine.base.Engine.0x...0590] [u'4']
15:45:41,627 INFO  [sqlalchemy.engine.base.Engine.0x...0590] SELECT work.id AS work_id, work.title AS work_title, work.keyid AS work_keyid, work.publicationid AS work_publicationid, work.composerid AS work_composerid, work.styleid AS work_styleid, work.description AS work_description, work.image AS work_image 
FROM work 
WHERE work.id = ?
15:45:41,627 INFO  [sqlalchemy.engine.base.Engine.0x...0590] [u'4']
15:45:41,628 INFO  [sqlalchemy.engine.base.Engine.0x...0590] SELECT work.id AS work_id, work.title AS work_title, work.keyid AS work_keyid, work.publicationid AS work_publicationid, work.composerid AS work_composerid, work.styleid AS work_styleid, work.description AS work_description, work.image AS work_image 
FROM work 
WHERE work.id = ?
15:45:41,628 INFO  [sqlalchemy.engine.base.Engine.0x...0590] [u'8']
15:45:41,629 INFO  [sqlalchemy.engine.base.Engine.0x...0590] SELECT work.id AS work_id, work.title AS work_title, work.keyid AS work_keyid, work.publicationid AS work_publicationid, work.composerid AS work_composerid, work.styleid AS work_styleid, work.description AS work_description, work.image AS work_image 
FROM work 
WHERE work.id = ?
15:45:41,629 INFO  [sqlalchemy.engine.base.Engine.0x...0590] [u'8']
15:45:43,431 INFO  [sqlalchemy.engine.base.Engine.0x...0590] BEGIN
15:45:43,432 INFO  [sqlalchemy.engine.base.Engine.0x...0590] SELECT work.id AS work_id, work.title AS work_title, work.keyid AS work_keyid, work.publicationid AS work_publicationid, work.composerid AS work_composerid, work.styleid AS work_styleid, work.description AS work_description, work.image AS work_image 
FROM work 
WHERE work.id = ?
15:45:43,432 INFO  [sqlalchemy.engine.base.Engine.0x...0590] [u'4']
15:45:43,434 INFO  [sqlalchemy.engine.base.Engine.0x...0590] SELECT work.id AS work_id, work.title AS work_title, work.keyid AS work_keyid, work.publicationid AS work_publicationid, work.composerid AS work_composerid, work.styleid AS work_styleid, work.description AS work_description, work.image AS work_image 
FROM work 
WHERE work.id = ?
15:45:43,434 INFO  [sqlalchemy.engine.base.Engine.0x...0590] [u'4']
15:45:43,435 INFO  [sqlalchemy.engine.base.Engine.0x...0590] SELECT work.id AS work_id, work.title AS work_title, work.keyid AS work_keyid, work.publicationid AS work_publicationid, work.composerid AS work_composerid, work.styleid AS work_styleid, work.description AS work_description, work.image AS work_image 
FROM work 
WHERE work.id = ?
15:45:43,435 INFO  [sqlalchemy.engine.base.Engine.0x...0590] [u'8']
15:45:43,436 INFO  [sqlalchemy.engine.base.Engine.0x...0590] SELECT work.id AS work_id, work.title AS work_title, work.keyid AS work_keyid, work.publicationid AS work_publicationid, work.composerid AS work_composerid, work.styleid AS work_styleid, work.description AS work_description, work.image AS work_image 
FROM work 
WHERE work.id = ?
15:45:43,436 INFO  [sqlalchemy.engine.base.Engine.0x...0590] [u'8']
15:45:43,450 INFO  [sqlalchemy.engine.base.Engine.0x...0590] BEGIN
15:45:43,451 INFO  [sqlalchemy.engine.base.Engine.0x...0590] SELECT work.id AS work_id, work.title AS work_title, work.keyid AS work_keyid, work.publicationid AS work_publicationid, work.composerid AS work_composerid, work.styleid AS work_styleid, work.description AS work_description, work.image AS work_image 
FROM work 
WHERE work.id = ?
15:45:43,451 INFO  [sqlalchemy.engine.base.Engine.0x...0590] [u'4']
15:45:43,452 INFO  [sqlalchemy.engine.base.Engine.0x...0590] SELECT work.id AS work_id, work.title AS work_title, work.keyid AS work_keyid, work.publicationid AS work_publicationid, work.composerid AS work_composerid, work.styleid AS work_styleid, work.description AS work_description, work.image AS work_image 
FROM work 
WHERE work.id = ?
15:45:43,452 INFO  [sqlalchemy.engine.base.Engine.0x...0590] [u'4']
15:45:43,453 INFO  [sqlalchemy.engine.base.Engine.0x...0590] SELECT work.id AS work_id, work.title AS work_title, work.keyid AS work_keyid, work.publicationid AS work_publicationid, work.composerid AS work_composerid, work.styleid AS work_styleid, work.description AS work_description, work.image AS work_image 
FROM work 
WHERE work.id = ?
15:45:43,454 INFO  [sqlalchemy.engine.base.Engine.0x...0590] [u'8']
15:45:43,455 INFO  [sqlalchemy.engine.base.Engine.0x...0590] SELECT work.id AS work_id, work.title AS work_title, work.keyid AS work_keyid, work.publicationid AS work_publicationid, work.composerid AS work_composerid, work.styleid AS work_styleid, work.description AS work_description, work.image AS work_image 
FROM work 
WHERE work.id = ?
15:45:43,455 INFO  [sqlalchemy.engine.base.Engine.0x...0590] [u'8']
15:45:43,456 INFO  [sqlalchemy.engine.base.Engine.0x...0590] SELECT work.id AS work_id, work.title AS work_title, work.keyid AS work_keyid, work.publicationid AS work_publicationid, work.composerid AS work_composerid, work.styleid AS work_styleid, work.description AS work_description, work.image AS work_image 
FROM work 
WHERE work.id = ?
15:45:43,456 INFO  [sqlalchemy.engine.base.Engine.0x...0590] [u'8']
15:45:43,457 INFO  [sqlalchemy.engine.base.Engine.0x...0590] SELECT work.id AS work_id, work.title AS work_title, work.keyid AS work_keyid, work.publicationid AS work_publicationid, work.composerid AS work_composerid, work.styleid AS work_styleid, work.description AS work_description, work.image AS work_image 
FROM work 
WHERE work.id = ?
15:45:43,457 INFO  [sqlalchemy.engine.base.Engine.0x...0590] [u'8']
15:45:43,459 INFO  [sqlalchemy.engine.base.Engine.0x...0590] SELECT instrument.id AS instrument_id, instrument.name AS instrument_name 
FROM instrument, workinstrument 
WHERE ? = workinstrument.workid AND instrument.id = workinstrument.instrumentid
15:45:43,459 INFO  [sqlalchemy.engine.base.Engine.0x...0590] [8]
15:45:43,461 INFO  [sqlalchemy.engine.base.Engine.0x...0590] SELECT movement.id AS movement_id, movement.title AS movement_title, movement.keyid AS movement_keyid, movement.number AS movement_number, movement.workid AS movement_workid, movement.description AS movement_description 
FROM movement 
WHERE ? = movement.workid
15:45:43,461 INFO  [sqlalchemy.engine.base.Engine.0x...0590] [8]
15:45:43,463 INFO  [sqlalchemy.engine.base.Engine.0x...0590] SELECT composer.id AS composer_id, composer.lastname AS composer_lastname, composer.firstname AS composer_firstname, composer.middlename AS composer_middlename, composer.bio AS composer_bio, composer.image AS composer_image 
FROM composer 
WHERE composer.id = ?
15:45:43,463 INFO  [sqlalchemy.engine.base.Engine.0x...0590] [1]
15:45:43,464 INFO  [sqlalchemy.engine.base.Engine.0x...0590] SELECT style.id AS style_id, style.name AS style_name 
FROM style, workstyle 
WHERE ? = workstyle.workid AND style.id = workstyle.styleid
15:45:43,464 INFO  [sqlalchemy.engine.base.Engine.0x...0590] [8]
15:45:43,465 INFO  [sqlalchemy.engine.base.Engine.0x...0590] SELECT soundclip.id AS soundclip_id, soundclip.workid AS soundclip_workid, soundclip.movementid AS soundclip_movementid, soundclip.path AS soundclip_path 
FROM soundclip 
WHERE ? = soundclip.workid
15:45:43,465 INFO  [sqlalchemy.engine.base.Engine.0x...0590] [8]
15:45:43,502 INFO  [sqlalchemy.engine.base.Engine.0x...0590] BEGIN
15:45:43,502 INFO  [sqlalchemy.engine.base.Engine.0x...0590] SELECT work.id AS work_id, work.title AS work_title, work.keyid AS work_keyid, work.publicationid AS work_publicationid, work.composerid AS work_composerid, work.styleid AS work_styleid, work.description AS work_description, work.image AS work_image 
FROM work 
WHERE work.id = ?
15:45:43,503 INFO  [sqlalchemy.engine.base.Engine.0x...0590] [u'4']
15:45:43,504 INFO  [sqlalchemy.engine.base.Engine.0x...0590] SELECT work.id AS work_id, work.title AS work_title, work.keyid AS work_keyid, work.publicationid AS work_publicationid, work.composerid AS work_composerid, work.styleid AS work_styleid, work.description AS work_description, work.image AS work_image 
FROM work 
WHERE work.id = ?
15:45:43,504 INFO  [sqlalchemy.engine.base.Engine.0x...0590] [u'4']
15:45:43,505 INFO  [sqlalchemy.engine.base.Engine.0x...0590] SELECT work.id AS work_id, work.title AS work_title, work.keyid AS work_keyid, work.publicationid AS work_publicationid, work.composerid AS work_composerid, work.styleid AS work_styleid, work.description AS work_description, work.image AS work_image 
FROM work 
WHERE work.id = ?
15:45:43,505 INFO  [sqlalchemy.engine.base.Engine.0x...0590] [u'8']
15:45:43,506 INFO  [sqlalchemy.engine.base.Engine.0x...0590] SELECT work.id AS work_id, work.title AS work_title, work.keyid AS work_keyid, work.publicationid AS work_publicationid, work.composerid AS work_composerid, work.styleid AS work_styleid, work.description AS work_description, work.image AS work_image 
FROM work 
WHERE work.id = ?
15:45:43,507 INFO  [sqlalchemy.engine.base.Engine.0x...0590] [u'8']
15:45:43,508 INFO  [sqlalchemy.engine.base.Engine.0x...0590] SELECT work.id AS work_id, work.title AS work_title, work.keyid AS work_keyid, work.publicationid AS work_publicationid, work.composerid AS work_composerid, work.styleid AS work_styleid, work.description AS work_description, work.image AS work_image 
FROM work 
WHERE work.id = ?
15:45:43,508 INFO  [sqlalchemy.engine.base.Engine.0x...0590] [u'8']
15:45:50,840 INFO  [sqlalchemy.engine.base.Engine.0x...0590] BEGIN
15:45:50,840 INFO  [sqlalchemy.engine.base.Engine.0x...0590] SELECT work.id AS work_id, work.title AS work_title, work.keyid AS work_keyid, work.publicationid AS work_publicationid, work.composerid AS work_composerid, work.styleid AS work_styleid, work.description AS work_description, work.image AS work_image 
FROM work 
WHERE work.id = ?
15:45:50,840 INFO  [sqlalchemy.engine.base.Engine.0x...0590] [u'4']
15:45:50,841 INFO  [sqlalchemy.engine.base.Engine.0x...0590] SELECT work.id AS work_id, work.title AS work_title, work.keyid AS work_keyid, work.publicationid AS work_publicationid, work.composerid AS work_composerid, work.styleid AS work_styleid, work.description AS work_description, work.image AS work_image 
FROM work 
WHERE work.id = ?
15:45:50,842 INFO  [sqlalchemy.engine.base.Engine.0x...0590] [u'4']
15:45:50,843 INFO  [sqlalchemy.engine.base.Engine.0x...0590] SELECT work.id AS work_id, work.title AS work_title, work.keyid AS work_keyid, work.publicationid AS work_publicationid, work.composerid AS work_composerid, work.styleid AS work_styleid, work.description AS work_description, work.image AS work_image 
FROM work 
WHERE work.id = ?
15:45:50,843 INFO  [sqlalchemy.engine.base.Engine.0x...0590] [u'8']
15:45:50,844 INFO  [sqlalchemy.engine.base.Engine.0x...0590] SELECT work.id AS work_id, work.title AS work_title, work.keyid AS work_keyid, work.publicationid AS work_publicationid, work.composerid AS work_composerid, work.styleid AS work_styleid, work.description AS work_description, work.image AS work_image 
FROM work 
WHERE work.id = ?
15:45:50,844 INFO  [sqlalchemy.engine.base.Engine.0x...0590] [u'8']
15:45:50,845 INFO  [sqlalchemy.engine.base.Engine.0x...0590] SELECT work.id AS work_id, work.title AS work_title, work.keyid AS work_keyid, work.publicationid AS work_publicationid, work.composerid AS work_composerid, work.styleid AS work_styleid, work.description AS work_description, work.image AS work_image 
FROM work 
WHERE work.id = ?
15:45:50,846 INFO  [sqlalchemy.engine.base.Engine.0x...0590] [u'8']
15:45:50,847 INFO  [sqlalchemy.engine.base.Engine.0x...0590] SELECT work.id AS work_id, work.title AS work_title, work.keyid AS work_keyid, work.publicationid AS work_publicationid, work.composerid AS work_composerid, work.styleid AS work_styleid, work.description AS work_description, work.image AS work_image 
FROM work 
WHERE work.id = ?
15:45:50,847 INFO  [sqlalchemy.engine.base.Engine.0x...0590] [u'8']
15:45:50,849 INFO  [sqlalchemy.engine.base.Engine.0x...0590] SELECT instrument.id AS instrument_id, instrument.name AS instrument_name 
FROM instrument, workinstrument 
WHERE ? = workinstrument.workid AND instrument.id = workinstrument.instrumentid
15:45:50,849 INFO  [sqlalchemy.engine.base.Engine.0x...0590] [8]
15:45:50,851 INFO  [sqlalchemy.engine.base.Engine.0x...0590] SELECT movement.id AS movement_id, movement.title AS movement_title, movement.keyid AS movement_keyid, movement.number AS movement_number, movement.workid AS movement_workid, movement.description AS movement_description 
FROM movement 
WHERE ? = movement.workid
15:45:50,851 INFO  [sqlalchemy.engine.base.Engine.0x...0590] [8]
15:45:50,852 INFO  [sqlalchemy.engine.base.Engine.0x...0590] SELECT composer.id AS composer_id, composer.lastname AS composer_lastname, composer.firstname AS composer_firstname, composer.middlename AS composer_middlename, composer.bio AS composer_bio, composer.image AS composer_image 
FROM composer 
WHERE composer.id = ?
15:45:50,852 INFO  [sqlalchemy.engine.base.Engine.0x...0590] [1]
15:45:50,853 INFO  [sqlalchemy.engine.base.Engine.0x...0590] SELECT style.id AS style_id, style.name AS style_name 
FROM style, workstyle 
WHERE ? = workstyle.workid AND style.id = workstyle.styleid
15:45:50,853 INFO  [sqlalchemy.engine.base.Engine.0x...0590] [8]
15:45:50,854 INFO  [sqlalchemy.engine.base.Engine.0x...0590] SELECT soundclip.id AS soundclip_id, soundclip.workid AS soundclip_workid, soundclip.movementid AS soundclip_movementid, soundclip.path AS soundclip_path 
FROM soundclip 
WHERE ? = soundclip.workid
15:45:50,854 INFO  [sqlalchemy.engine.base.Engine.0x...0590] [8]
15:45:50,893 INFO  [sqlalchemy.engine.base.Engine.0x...0590] BEGIN
15:45:50,894 INFO  [sqlalchemy.engine.base.Engine.0x...0590] SELECT work.id AS work_id, work.title AS work_title, work.keyid AS work_keyid, work.publicationid AS work_publicationid, work.composerid AS work_composerid, work.styleid AS work_styleid, work.description AS work_description, work.image AS work_image 
FROM work 
WHERE work.id = ?
15:45:50,894 INFO  [sqlalchemy.engine.base.Engine.0x...0590] [u'4']
15:45:50,895 INFO  [sqlalchemy.engine.base.Engine.0x...0590] SELECT work.id AS work_id, work.title AS work_title, work.keyid AS work_keyid, work.publicationid AS work_publicationid, work.composerid AS work_composerid, work.styleid AS work_styleid, work.description AS work_description, work.image AS work_image 
FROM work 
WHERE work.id = ?
15:45:50,895 INFO  [sqlalchemy.engine.base.Engine.0x...0590] [u'4']
15:45:50,897 INFO  [sqlalchemy.engine.base.Engine.0x...0590] SELECT work.id AS work_id, work.title AS work_title, work.keyid AS work_keyid, work.publicationid AS work_publicationid, work.composerid AS work_composerid, work.styleid AS work_styleid, work.description AS work_description, work.image AS work_image 
FROM work 
WHERE work.id = ?
15:45:50,897 INFO  [sqlalchemy.engine.base.Engine.0x...0590] [u'8']
15:45:50,898 INFO  [sqlalchemy.engine.base.Engine.0x...0590] SELECT work.id AS work_id, work.title AS work_title, work.keyid AS work_keyid, work.publicationid AS work_publicationid, work.composerid AS work_composerid, work.styleid AS work_styleid, work.description AS work_description, work.image AS work_image 
FROM work 
WHERE work.id = ?
15:45:50,898 INFO  [sqlalchemy.engine.base.Engine.0x...0590] [u'8']
15:45:50,899 INFO  [sqlalchemy.engine.base.Engine.0x...0590] SELECT work.id AS work_id, work.title AS work_title, work.keyid AS work_keyid, work.publicationid AS work_publicationid, work.composerid AS work_composerid, work.styleid AS work_styleid, work.description AS work_description, work.image AS work_image 
FROM work 
WHERE work.id = ?
15:45:50,899 INFO  [sqlalchemy.engine.base.Engine.0x...0590] [u'8']
15:46:01,023 INFO  [sqlalchemy.engine.base.Engine.0x...0590] BEGIN
15:46:01,024 INFO  [sqlalchemy.engine.base.Engine.0x...0590] SELECT work.id AS work_id, work.title AS work_title, work.keyid AS work_keyid, work.publicationid AS work_publicationid, work.composerid AS work_composerid, work.styleid AS work_styleid, work.description AS work_description, work.image AS work_image 
FROM work 
WHERE work.id = ?
15:46:01,024 INFO  [sqlalchemy.engine.base.Engine.0x...0590] [u'4']
15:46:01,025 INFO  [sqlalchemy.engine.base.Engine.0x...0590] SELECT work.id AS work_id, work.title AS work_title, work.keyid AS work_keyid, work.publicationid AS work_publicationid, work.composerid AS work_composerid, work.styleid AS work_styleid, work.description AS work_description, work.image AS work_image 
FROM work 
WHERE work.id = ?
15:46:01,026 INFO  [sqlalchemy.engine.base.Engine.0x...0590] [u'4']
15:46:01,027 INFO  [sqlalchemy.engine.base.Engine.0x...0590] SELECT work.id AS work_id, work.title AS work_title, work.keyid AS work_keyid, work.publicationid AS work_publicationid, work.composerid AS work_composerid, work.styleid AS work_styleid, work.description AS work_description, work.image AS work_image 
FROM work 
WHERE work.id = ?
15:46:01,027 INFO  [sqlalchemy.engine.base.Engine.0x...0590] [u'8']
15:46:01,028 INFO  [sqlalchemy.engine.base.Engine.0x...0590] SELECT work.id AS work_id, work.title AS work_title, work.keyid AS work_keyid, work.publicationid AS work_publicationid, work.composerid AS work_composerid, work.styleid AS work_styleid, work.description AS work_description, work.image AS work_image 
FROM work 
WHERE work.id = ?
15:46:01,028 INFO  [sqlalchemy.engine.base.Engine.0x...0590] [u'8']
15:46:01,029 INFO  [sqlalchemy.engine.base.Engine.0x...0590] SELECT work.id AS work_id, work.title AS work_title, work.keyid AS work_keyid, work.publicationid AS work_publicationid, work.composerid AS work_composerid, work.styleid AS work_styleid, work.description AS work_description, work.image AS work_image 
FROM work 
WHERE work.id = ?
15:46:01,029 INFO  [sqlalchemy.engine.base.Engine.0x...0590] [u'8']
Debug at: http://127.0.0.1:5000/_debug/view/1246315471
/home/kgraehl/gwhiz/gwhiz/controllers/catalog.pyc changed; reloading...
Starting server in PID 14172.
serving on 0.0.0.0:5000 view at http://127.0.0.1:5000
15:46:16,619 INFO  [sqlalchemy.engine.base.Engine.0x...0590] BEGIN
15:46:16,620 INFO  [sqlalchemy.engine.base.Engine.0x...0590] SELECT work.id AS work_id, work.title AS work_title, work.keyid AS work_keyid, work.publicationid AS work_publicationid, work.composerid AS work_composerid, work.styleid AS work_styleid, work.description AS work_description, work.image AS work_image 
FROM work 
WHERE work.id = ?
15:46:16,620 INFO  [sqlalchemy.engine.base.Engine.0x...0590] [u'4']
15:46:16,622 INFO  [sqlalchemy.engine.base.Engine.0x...0590] SELECT work.id AS work_id, work.title AS work_title, work.keyid AS work_keyid, work.publicationid AS work_publicationid, work.composerid AS work_composerid, work.styleid AS work_styleid, work.description AS work_description, work.image AS work_image 
FROM work 
WHERE work.id = ?
15:46:16,622 INFO  [sqlalchemy.engine.base.Engine.0x...0590] [u'4']
15:46:16,623 INFO  [sqlalchemy.engine.base.Engine.0x...0590] SELECT work.id AS work_id, work.title AS work_title, work.keyid AS work_keyid, work.publicationid AS work_publicationid, work.composerid AS work_composerid, work.styleid AS work_styleid, work.description AS work_description, work.image AS work_image 
FROM work 
WHERE work.id = ?
15:46:16,623 INFO  [sqlalchemy.engine.base.Engine.0x...0590] [u'8']
15:46:16,624 INFO  [sqlalchemy.engine.base.Engine.0x...0590] SELECT work.id AS work_id, work.title AS work_title, work.keyid AS work_keyid, work.publicationid AS work_publicationid, work.composerid AS work_composerid, work.styleid AS work_styleid, work.description AS work_description, work.image AS work_image 
FROM work 
WHERE work.id = ?
15:46:16,624 INFO  [sqlalchemy.engine.base.Engine.0x...0590] [u'8']
15:46:16,626 INFO  [sqlalchemy.engine.base.Engine.0x...0590] SELECT work.id AS work_id, work.title AS work_title, work.keyid AS work_keyid, work.publicationid AS work_publicationid, work.composerid AS work_composerid, work.styleid AS work_styleid, work.description AS work_description, work.image AS work_image 
FROM work 
WHERE work.id = ?
15:46:16,626 INFO  [sqlalchemy.engine.base.Engine.0x...0590] [u'8']
15:46:16,627 INFO  [sqlalchemy.engine.base.Engine.0x...0590] SELECT work.id AS work_id, work.title AS work_title, work.keyid AS work_keyid, work.publicationid AS work_publicationid, work.composerid AS work_composerid, work.styleid AS work_styleid, work.description AS work_description, work.image AS work_image 
FROM work 
WHERE work.id = ?
15:46:16,627 INFO  [sqlalchemy.engine.base.Engine.0x...0590] [u'8']
15:46:16,630 INFO  [sqlalchemy.engine.base.Engine.0x...0590] SELECT instrument.id AS instrument_id, instrument.name AS instrument_name 
FROM instrument, workinstrument 
WHERE ? = workinstrument.workid AND instrument.id = workinstrument.instrumentid
15:46:16,630 INFO  [sqlalchemy.engine.base.Engine.0x...0590] [8]
15:46:16,632 INFO  [sqlalchemy.engine.base.Engine.0x...0590] SELECT movement.id AS movement_id, movement.title AS movement_title, movement.keyid AS movement_keyid, movement.number AS movement_number, movement.workid AS movement_workid, movement.description AS movement_description 
FROM movement 
WHERE ? = movement.workid
15:46:16,632 INFO  [sqlalchemy.engine.base.Engine.0x...0590] [8]
15:46:16,634 INFO  [sqlalchemy.engine.base.Engine.0x...0590] SELECT composer.id AS composer_id, composer.lastname AS composer_lastname, composer.firstname AS composer_firstname, composer.middlename AS composer_middlename, composer.bio AS composer_bio, composer.image AS composer_image 
FROM composer 
WHERE composer.id = ?
15:46:16,634 INFO  [sqlalchemy.engine.base.Engine.0x...0590] [1]
15:46:16,636 INFO  [sqlalchemy.engine.base.Engine.0x...0590] SELECT style.id AS style_id, style.name AS style_name 
FROM style, workstyle 
WHERE ? = workstyle.workid AND style.id = workstyle.styleid
15:46:16,636 INFO  [sqlalchemy.engine.base.Engine.0x...0590] [8]
15:46:16,637 INFO  [sqlalchemy.engine.base.Engine.0x...0590] SELECT soundclip.id AS soundclip_id, soundclip.workid AS soundclip_workid, soundclip.movementid AS soundclip_movementid, soundclip.path AS soundclip_path 
FROM soundclip 
WHERE ? = soundclip.workid
15:46:16,637 INFO  [sqlalchemy.engine.base.Engine.0x...0590] [8]
15:46:16,681 INFO  [sqlalchemy.engine.base.Engine.0x...0590] BEGIN
15:46:16,682 INFO  [sqlalchemy.engine.base.Engine.0x...0590] SELECT work.id AS work_id, work.title AS work_title, work.keyid AS work_keyid, work.publicationid AS work_publicationid, work.composerid AS work_composerid, work.styleid AS work_styleid, work.description AS work_description, work.image AS work_image 
FROM work 
WHERE work.id = ?
15:46:16,682 INFO  [sqlalchemy.engine.base.Engine.0x...0590] [u'4']
15:46:16,683 INFO  [sqlalchemy.engine.base.Engine.0x...0590] SELECT work.id AS work_id, work.title AS work_title, work.keyid AS work_keyid, work.publicationid AS work_publicationid, work.composerid AS work_composerid, work.styleid AS work_styleid, work.description AS work_description, work.image AS work_image 
FROM work 
WHERE work.id = ?
15:46:16,683 INFO  [sqlalchemy.engine.base.Engine.0x...0590] [u'4']
15:46:16,684 INFO  [sqlalchemy.engine.base.Engine.0x...0590] SELECT work.id AS work_id, work.title AS work_title, work.keyid AS work_keyid, work.publicationid AS work_publicationid, work.composerid AS work_composerid, work.styleid AS work_styleid, work.description AS work_description, work.image AS work_image 
FROM work 
WHERE work.id = ?
15:46:16,684 INFO  [sqlalchemy.engine.base.Engine.0x...0590] [u'8']
15:46:16,686 INFO  [sqlalchemy.engine.base.Engine.0x...0590] SELECT work.id AS work_id, work.title AS work_title, work.keyid AS work_keyid, work.publicationid AS work_publicationid, work.composerid AS work_composerid, work.styleid AS work_styleid, work.description AS work_description, work.image AS work_image 
FROM work 
WHERE work.id = ?
15:46:16,686 INFO  [sqlalchemy.engine.base.Engine.0x...0590] [u'8']
15:46:16,687 INFO  [sqlalchemy.engine.base.Engine.0x...0590] SELECT work.id AS work_id, work.title AS work_title, work.keyid AS work_keyid, work.publicationid AS work_publicationid, work.composerid AS work_composerid, work.styleid AS work_styleid, work.description AS work_description, work.image AS work_image 
FROM work 
WHERE work.id = ?
15:46:16,687 INFO  [sqlalchemy.engine.base.Engine.0x...0590] [u'8']
15:46:18,471 INFO  [sqlalchemy.engine.base.Engine.0x...0590] BEGIN
15:46:18,472 INFO  [sqlalchemy.engine.base.Engine.0x...0590] SELECT work.id AS work_id, work.title AS work_title, work.keyid AS work_keyid, work.publicationid AS work_publicationid, work.composerid AS work_composerid, work.styleid AS work_styleid, work.description AS work_description, work.image AS work_image 
FROM work 
WHERE work.id = ?
15:46:18,472 INFO  [sqlalchemy.engine.base.Engine.0x...0590] [u'4']
15:46:18,474 INFO  [sqlalchemy.engine.base.Engine.0x...0590] SELECT work.id AS work_id, work.title AS work_title, work.keyid AS work_keyid, work.publicationid AS work_publicationid, work.composerid AS work_composerid, work.styleid AS work_styleid, work.description AS work_description, work.image AS work_image 
FROM work 
WHERE work.id = ?
15:46:18,474 INFO  [sqlalchemy.engine.base.Engine.0x...0590] [u'4']
15:46:18,475 INFO  [sqlalchemy.engine.base.Engine.0x...0590] SELECT work.id AS work_id, work.title AS work_title, work.keyid AS work_keyid, work.publicationid AS work_publicationid, work.composerid AS work_composerid, work.styleid AS work_styleid, work.description AS work_description, work.image AS work_image 
FROM work 
WHERE work.id = ?
15:46:18,475 INFO  [sqlalchemy.engine.base.Engine.0x...0590] [u'8']
15:46:18,476 INFO  [sqlalchemy.engine.base.Engine.0x...0590] SELECT work.id AS work_id, work.title AS work_title, work.keyid AS work_keyid, work.publicationid AS work_publicationid, work.composerid AS work_composerid, work.styleid AS work_styleid, work.description AS work_description, work.image AS work_image 
FROM work 
WHERE work.id = ?
15:46:18,476 INFO  [sqlalchemy.engine.base.Engine.0x...0590] [u'8']
15:46:18,477 INFO  [sqlalchemy.engine.base.Engine.0x...0590] SELECT work.id AS work_id, work.title AS work_title, work.keyid AS work_keyid, work.publicationid AS work_publicationid, work.composerid AS work_composerid, work.styleid AS work_styleid, work.description AS work_description, work.image AS work_image 
FROM work 
WHERE work.id = ?
15:46:18,477 INFO  [sqlalchemy.engine.base.Engine.0x...0590] [u'8']
15:51:40,720 INFO  [sqlalchemy.engine.base.Engine.0x...0590] BEGIN
15:51:40,720 INFO  [sqlalchemy.engine.base.Engine.0x...0590] SELECT work.id AS work_id, work.title AS work_title, work.keyid AS work_keyid, work.publicationid AS work_publicationid, work.composerid AS work_composerid, work.styleid AS work_styleid, work.description AS work_description, work.image AS work_image 
FROM work 
WHERE work.id = ?
15:51:40,720 INFO  [sqlalchemy.engine.base.Engine.0x...0590] [u'4']
15:51:40,722 INFO  [sqlalchemy.engine.base.Engine.0x...0590] SELECT work.id AS work_id, work.title AS work_title, work.keyid AS work_keyid, work.publicationid AS work_publicationid, work.composerid AS work_composerid, work.styleid AS work_styleid, work.description AS work_description, work.image AS work_image 
FROM work 
WHERE work.id = ?
15:51:40,722 INFO  [sqlalchemy.engine.base.Engine.0x...0590] [u'4']
15:51:40,723 INFO  [sqlalchemy.engine.base.Engine.0x...0590] SELECT work.id AS work_id, work.title AS work_title, work.keyid AS work_keyid, work.publicationid AS work_publicationid, work.composerid AS work_composerid, work.styleid AS work_styleid, work.description AS work_description, work.image AS work_image 
FROM work 
WHERE work.id = ?
15:51:40,723 INFO  [sqlalchemy.engine.base.Engine.0x...0590] [u'8']
15:51:40,724 INFO  [sqlalchemy.engine.base.Engine.0x...0590] SELECT work.id AS work_id, work.title AS work_title, work.keyid AS work_keyid, work.publicationid AS work_publicationid, work.composerid AS work_composerid, work.styleid AS work_styleid, work.description AS work_description, work.image AS work_image 
FROM work 
WHERE work.id = ?
15:51:40,725 INFO  [sqlalchemy.engine.base.Engine.0x...0590] [u'8']
15:51:40,726 INFO  [sqlalchemy.engine.base.Engine.0x...0590] SELECT work.id AS work_id, work.title AS work_title, work.keyid AS work_keyid, work.publicationid AS work_publicationid, work.composerid AS work_composerid, work.styleid AS work_styleid, work.description AS work_description, work.image AS work_image 
FROM work 
WHERE work.id = ?
15:51:40,726 INFO  [sqlalchemy.engine.base.Engine.0x...0590] [u'8']
15:51:40,727 INFO  [sqlalchemy.engine.base.Engine.0x...0590] SELECT instrument.id AS instrument_id, instrument.name AS instrument_name 
FROM instrument 
WHERE instrument.id = ?
15:51:40,727 INFO  [sqlalchemy.engine.base.Engine.0x...0590] [u'7']
15:51:40,729 INFO  [sqlalchemy.engine.base.Engine.0x...0590] SELECT work.id AS work_id, work.title AS work_title, work.keyid AS work_keyid, work.publicationid AS work_publicationid, work.composerid AS work_composerid, work.styleid AS work_styleid, work.description AS work_description, work.image AS work_image 
FROM work, workinstrument AS workinstrument_1 
WHERE work.id = workinstrument_1.workid AND ? = workinstrument_1.instrumentid
15:51:40,729 INFO  [sqlalchemy.engine.base.Engine.0x...0590] [7]
15:51:40,780 INFO  [sqlalchemy.engine.base.Engine.0x...0590] BEGIN
15:51:40,781 INFO  [sqlalchemy.engine.base.Engine.0x...0590] SELECT work.id AS work_id, work.title AS work_title, work.keyid AS work_keyid, work.publicationid AS work_publicationid, work.composerid AS work_composerid, work.styleid AS work_styleid, work.description AS work_description, work.image AS work_image 
FROM work 
WHERE work.id = ?
15:51:40,781 INFO  [sqlalchemy.engine.base.Engine.0x...0590] [u'4']
15:51:40,782 INFO  [sqlalchemy.engine.base.Engine.0x...0590] SELECT work.id AS work_id, work.title AS work_title, work.keyid AS work_keyid, work.publicationid AS work_publicationid, work.composerid AS work_composerid, work.styleid AS work_styleid, work.description AS work_description, work.image AS work_image 
FROM work 
WHERE work.id = ?
15:51:40,782 INFO  [sqlalchemy.engine.base.Engine.0x...0590] [u'4']
15:51:40,784 INFO  [sqlalchemy.engine.base.Engine.0x...0590] SELECT work.id AS work_id, work.title AS work_title, work.keyid AS work_keyid, work.publicationid AS work_publicationid, work.composerid AS work_composerid, work.styleid AS work_styleid, work.description AS work_description, work.image AS work_image 
FROM work 
WHERE work.id = ?
15:51:40,784 INFO  [sqlalchemy.engine.base.Engine.0x...0590] [u'8']
15:51:40,785 INFO  [sqlalchemy.engine.base.Engine.0x...0590] SELECT work.id AS work_id, work.title AS work_title, work.keyid AS work_keyid, work.publicationid AS work_publicationid, work.composerid AS work_composerid, work.styleid AS work_styleid, work.description AS work_description, work.image AS work_image 
FROM work 
WHERE work.id = ?
15:51:40,785 INFO  [sqlalchemy.engine.base.Engine.0x...0590] [u'8']
15:51:40,786 INFO  [sqlalchemy.engine.base.Engine.0x...0590] SELECT work.id AS work_id, work.title AS work_title, work.keyid AS work_keyid, work.publicationid AS work_publicationid, work.composerid AS work_composerid, work.styleid AS work_styleid, work.description AS work_description, work.image AS work_image 
FROM work 
WHERE work.id = ?
15:51:40,786 INFO  [sqlalchemy.engine.base.Engine.0x...0590] [u'8']
15:53:40,125 INFO  [sqlalchemy.engine.base.Engine.0x...0590] BEGIN
15:53:40,125 INFO  [sqlalchemy.engine.base.Engine.0x...0590] SELECT work.id AS work_id, work.title AS work_title, work.keyid AS work_keyid, work.publicationid AS work_publicationid, work.composerid AS work_composerid, work.styleid AS work_styleid, work.description AS work_description, work.image AS work_image 
FROM work 
WHERE work.id = ?
15:53:40,125 INFO  [sqlalchemy.engine.base.Engine.0x...0590] [u'4']
15:53:40,127 INFO  [sqlalchemy.engine.base.Engine.0x...0590] SELECT work.id AS work_id, work.title AS work_title, work.keyid AS work_keyid, work.publicationid AS work_publicationid, work.composerid AS work_composerid, work.styleid AS work_styleid, work.description AS work_description, work.image AS work_image 
FROM work 
WHERE work.id = ?
15:53:40,127 INFO  [sqlalchemy.engine.base.Engine.0x...0590] [u'4']
15:53:40,128 INFO  [sqlalchemy.engine.base.Engine.0x...0590] SELECT work.id AS work_id, work.title AS work_title, work.keyid AS work_keyid, work.publicationid AS work_publicationid, work.composerid AS work_composerid, work.styleid AS work_styleid, work.description AS work_description, work.image AS work_image 
FROM work 
WHERE work.id = ?
15:53:40,128 INFO  [sqlalchemy.engine.base.Engine.0x...0590] [u'8']
15:53:40,129 INFO  [sqlalchemy.engine.base.Engine.0x...0590] SELECT work.id AS work_id, work.title AS work_title, work.keyid AS work_keyid, work.publicationid AS work_publicationid, work.composerid AS work_composerid, work.styleid AS work_styleid, work.description AS work_description, work.image AS work_image 
FROM work 
WHERE work.id = ?
15:53:40,129 INFO  [sqlalchemy.engine.base.Engine.0x...0590] [u'8']
15:53:40,130 INFO  [sqlalchemy.engine.base.Engine.0x...0590] SELECT work.id AS work_id, work.title AS work_title, work.keyid AS work_keyid, work.publicationid AS work_publicationid, work.composerid AS work_composerid, work.styleid AS work_styleid, work.description AS work_description, work.image AS work_image 
FROM work 
WHERE work.id = ?
15:53:40,130 INFO  [sqlalchemy.engine.base.Engine.0x...0590] [u'8']
15:53:40,132 INFO  [sqlalchemy.engine.base.Engine.0x...0590] SELECT work.id AS work_id, work.title AS work_title, work.keyid AS work_keyid, work.publicationid AS work_publicationid, work.composerid AS work_composerid, work.styleid AS work_styleid, work.description AS work_description, work.image AS work_image 
FROM work 
WHERE work.id = ?
15:53:40,132 INFO  [sqlalchemy.engine.base.Engine.0x...0590] [u'8']
Debug at: http://127.0.0.1:5000/_debug/view/1246316020
15:53:43,757 INFO  [sqlalchemy.engine.base.Engine.0x...0590] BEGIN
15:53:43,758 INFO  [sqlalchemy.engine.base.Engine.0x...0590] SELECT work.id AS work_id, work.title AS work_title, work.keyid AS work_keyid, work.publicationid AS work_publicationid, work.composerid AS work_composerid, work.styleid AS work_styleid, work.description AS work_description, work.image AS work_image 
FROM work 
WHERE work.id = ?
15:53:43,758 INFO  [sqlalchemy.engine.base.Engine.0x...0590] [u'4']
15:53:43,759 INFO  [sqlalchemy.engine.base.Engine.0x...0590] SELECT work.id AS work_id, work.title AS work_title, work.keyid AS work_keyid, work.publicationid AS work_publicationid, work.composerid AS work_composerid, work.styleid AS work_styleid, work.description AS work_description, work.image AS work_image 
FROM work 
WHERE work.id = ?
15:53:43,759 INFO  [sqlalchemy.engine.base.Engine.0x...0590] [u'4']
15:53:43,760 INFO  [sqlalchemy.engine.base.Engine.0x...0590] SELECT work.id AS work_id, work.title AS work_title, work.keyid AS work_keyid, work.publicationid AS work_publicationid, work.composerid AS work_composerid, work.styleid AS work_styleid, work.description AS work_description, work.image AS work_image 
FROM work 
WHERE work.id = ?
15:53:43,760 INFO  [sqlalchemy.engine.base.Engine.0x...0590] [u'8']
15:53:43,761 INFO  [sqlalchemy.engine.base.Engine.0x...0590] SELECT work.id AS work_id, work.title AS work_title, work.keyid AS work_keyid, work.publicationid AS work_publicationid, work.composerid AS work_composerid, work.styleid AS work_styleid, work.description AS work_description, work.image AS work_image 
FROM work 
WHERE work.id = ?
15:53:43,761 INFO  [sqlalchemy.engine.base.Engine.0x...0590] [u'8']
15:53:43,762 INFO  [sqlalchemy.engine.base.Engine.0x...0590] SELECT work.id AS work_id, work.title AS work_title, work.keyid AS work_keyid, work.publicationid AS work_publicationid, work.composerid AS work_composerid, work.styleid AS work_styleid, work.description AS work_description, work.image AS work_image 
FROM work 
WHERE work.id = ?
15:53:43,762 INFO  [sqlalchemy.engine.base.Engine.0x...0590] [u'8']
15:53:43,764 INFO  [sqlalchemy.engine.base.Engine.0x...0590] SELECT work.id AS work_id, work.title AS work_title, work.keyid AS work_keyid, work.publicationid AS work_publicationid, work.composerid AS work_composerid, work.styleid AS work_styleid, work.description AS work_description, work.image AS work_image 
FROM work 
WHERE work.id = ?
15:53:43,764 INFO  [sqlalchemy.engine.base.Engine.0x...0590] [u'4']
Debug at: http://127.0.0.1:5000/_debug/view/1246316021
15:53:50,058 INFO  [sqlalchemy.engine.base.Engine.0x...0590] BEGIN
15:53:50,059 INFO  [sqlalchemy.engine.base.Engine.0x...0590] SELECT work.id AS work_id, work.title AS work_title, work.keyid AS work_keyid, work.publicationid AS work_publicationid, work.composerid AS work_composerid, work.styleid AS work_styleid, work.description AS work_description, work.image AS work_image 
FROM work 
WHERE work.id = ?
15:53:50,059 INFO  [sqlalchemy.engine.base.Engine.0x...0590] [u'4']
15:53:50,061 INFO  [sqlalchemy.engine.base.Engine.0x...0590] SELECT work.id AS work_id, work.title AS work_title, work.keyid AS work_keyid, work.publicationid AS work_publicationid, work.composerid AS work_composerid, work.styleid AS work_styleid, work.description AS work_description, work.image AS work_image 
FROM work 
WHERE work.id = ?
15:53:50,061 INFO  [sqlalchemy.engine.base.Engine.0x...0590] [u'4']
15:53:50,062 INFO  [sqlalchemy.engine.base.Engine.0x...0590] SELECT work.id AS work_id, work.title AS work_title, work.keyid AS work_keyid, work.publicationid AS work_publicationid, work.composerid AS work_composerid, work.styleid AS work_styleid, work.description AS work_description, work.image AS work_image 
FROM work 
WHERE work.id = ?
15:53:50,062 INFO  [sqlalchemy.engine.base.Engine.0x...0590] [u'8']
15:53:50,063 INFO  [sqlalchemy.engine.base.Engine.0x...0590] SELECT work.id AS work_id, work.title AS work_title, work.keyid AS work_keyid, work.publicationid AS work_publicationid, work.composerid AS work_composerid, work.styleid AS work_styleid, work.description AS work_description, work.image AS work_image 
FROM work 
WHERE work.id = ?
15:53:50,063 INFO  [sqlalchemy.engine.base.Engine.0x...0590] [u'8']
15:53:50,064 INFO  [sqlalchemy.engine.base.Engine.0x...0590] SELECT work.id AS work_id, work.title AS work_title, work.keyid AS work_keyid, work.publicationid AS work_publicationid, work.composerid AS work_composerid, work.styleid AS work_styleid, work.description AS work_description, work.image AS work_image 
FROM work 
WHERE work.id = ?
15:53:50,064 INFO  [sqlalchemy.engine.base.Engine.0x...0590] [u'8']
15:53:50,065 INFO  [sqlalchemy.engine.base.Engine.0x...0590] SELECT work.id AS work_id, work.title AS work_title, work.keyid AS work_keyid, work.publicationid AS work_publicationid, work.composerid AS work_composerid, work.styleid AS work_styleid, work.description AS work_description, work.image AS work_image 
FROM work 
WHERE work.id = ?
15:53:50,065 INFO  [sqlalchemy.engine.base.Engine.0x...0590] [u'4']
Debug at: http://127.0.0.1:5000/_debug/view/1246316022
15:54:02,834 INFO  [sqlalchemy.engine.base.Engine.0x...0590] BEGIN
15:54:02,835 INFO  [sqlalchemy.engine.base.Engine.0x...0590] SELECT work.id AS work_id, work.title AS work_title, work.keyid AS work_keyid, work.publicationid AS work_publicationid, work.composerid AS work_composerid, work.styleid AS work_styleid, work.description AS work_description, work.image AS work_image 
FROM work 
WHERE work.id = ?
15:54:02,835 INFO  [sqlalchemy.engine.base.Engine.0x...0590] [u'4']
15:54:02,836 INFO  [sqlalchemy.engine.base.Engine.0x...0590] SELECT work.id AS work_id, work.title AS work_title, work.keyid AS work_keyid, work.publicationid AS work_publicationid, work.composerid AS work_composerid, work.styleid AS work_styleid, work.description AS work_description, work.image AS work_image 
FROM work 
WHERE work.id = ?
15:54:02,836 INFO  [sqlalchemy.engine.base.Engine.0x...0590] [u'4']
15:54:02,837 INFO  [sqlalchemy.engine.base.Engine.0x...0590] SELECT work.id AS work_id, work.title AS work_title, work.keyid AS work_keyid, work.publicationid AS work_publicationid, work.composerid AS work_composerid, work.styleid AS work_styleid, work.description AS work_description, work.image AS work_image 
FROM work 
WHERE work.id = ?
15:54:02,837 INFO  [sqlalchemy.engine.base.Engine.0x...0590] [u'8']
15:54:02,838 INFO  [sqlalchemy.engine.base.Engine.0x...0590] SELECT work.id AS work_id, work.title AS work_title, work.keyid AS work_keyid, work.publicationid AS work_publicationid, work.composerid AS work_composerid, work.styleid AS work_styleid, work.description AS work_description, work.image AS work_image 
FROM work 
WHERE work.id = ?
15:54:02,838 INFO  [sqlalchemy.engine.base.Engine.0x...0590] [u'8']
15:54:02,839 INFO  [sqlalchemy.engine.base.Engine.0x...0590] SELECT work.id AS work_id, work.title AS work_title, work.keyid AS work_keyid, work.publicationid AS work_publicationid, work.composerid AS work_composerid, work.styleid AS work_styleid, work.description AS work_description, work.image AS work_image 
FROM work 
WHERE work.id = ?
15:54:02,840 INFO  [sqlalchemy.engine.base.Engine.0x...0590] [u'8']
15:54:02,841 INFO  [sqlalchemy.engine.base.Engine.0x...0590] SELECT work.id AS work_id, work.title AS work_title, work.keyid AS work_keyid, work.publicationid AS work_publicationid, work.composerid AS work_composerid, work.styleid AS work_styleid, work.description AS work_description, work.image AS work_image 
FROM work 
WHERE work.id = ?
15:54:02,841 INFO  [sqlalchemy.engine.base.Engine.0x...0590] [u'4']
15:54:02,852 INFO  [sqlalchemy.engine.base.Engine.0x...0590] SELECT instrument.id AS instrument_id, instrument.name AS instrument_name 
FROM instrument, workinstrument 
WHERE ? = workinstrument.workid AND instrument.id = workinstrument.instrumentid
15:54:02,852 INFO  [sqlalchemy.engine.base.Engine.0x...0590] [4]
15:54:02,853 INFO  [sqlalchemy.engine.base.Engine.0x...0590] SELECT "key".id AS key_id, "key".name AS key_name 
FROM "key" 
WHERE "key".id = ?
15:54:02,853 INFO  [sqlalchemy.engine.base.Engine.0x...0590] [17]
15:54:02,855 INFO  [sqlalchemy.engine.base.Engine.0x...0590] SELECT movement.id AS movement_id, movement.title AS movement_title, movement.keyid AS movement_keyid, movement.number AS movement_number, movement.workid AS movement_workid, movement.description AS movement_description 
FROM movement 
WHERE ? = movement.workid
15:54:02,855 INFO  [sqlalchemy.engine.base.Engine.0x...0590] [4]
15:54:02,856 INFO  [sqlalchemy.engine.base.Engine.0x...0590] SELECT composer.id AS composer_id, composer.lastname AS composer_lastname, composer.firstname AS composer_firstname, composer.middlename AS composer_middlename, composer.bio AS composer_bio, composer.image AS composer_image 
FROM composer 
WHERE composer.id = ?
15:54:02,856 INFO  [sqlalchemy.engine.base.Engine.0x...0590] [1]
15:54:02,857 INFO  [sqlalchemy.engine.base.Engine.0x...0590] SELECT style.id AS style_id, style.name AS style_name 
FROM style, workstyle 
WHERE ? = workstyle.workid AND style.id = workstyle.styleid
15:54:02,857 INFO  [sqlalchemy.engine.base.Engine.0x...0590] [4]
15:54:02,858 INFO  [sqlalchemy.engine.base.Engine.0x...0590] SELECT soundclip.id AS soundclip_id, soundclip.workid AS soundclip_workid, soundclip.movementid AS soundclip_movementid, soundclip.path AS soundclip_path 
FROM soundclip 
WHERE ? = soundclip.workid
15:54:02,858 INFO  [sqlalchemy.engine.base.Engine.0x...0590] [4]
15:54:03,066 INFO  [sqlalchemy.engine.base.Engine.0x...0590] BEGIN
15:54:03,067 INFO  [sqlalchemy.engine.base.Engine.0x...0590] SELECT work.id AS work_id, work.title AS work_title, work.keyid AS work_keyid, work.publicationid AS work_publicationid, work.composerid AS work_composerid, work.styleid AS work_styleid, work.description AS work_description, work.image AS work_image 
FROM work 
WHERE work.id = ?
15:54:03,067 INFO  [sqlalchemy.engine.base.Engine.0x...0590] [u'4']
15:54:03,068 INFO  [sqlalchemy.engine.base.Engine.0x...0590] SELECT work.id AS work_id, work.title AS work_title, work.keyid AS work_keyid, work.publicationid AS work_publicationid, work.composerid AS work_composerid, work.styleid AS work_styleid, work.description AS work_description, work.image AS work_image 
FROM work 
WHERE work.id = ?
15:54:03,069 INFO  [sqlalchemy.engine.base.Engine.0x...0590] [u'4']
15:54:03,070 INFO  [sqlalchemy.engine.base.Engine.0x...0590] SELECT work.id AS work_id, work.title AS work_title, work.keyid AS work_keyid, work.publicationid AS work_publicationid, work.composerid AS work_composerid, work.styleid AS work_styleid, work.description AS work_description, work.image AS work_image 
FROM work 
WHERE work.id = ?
15:54:03,070 INFO  [sqlalchemy.engine.base.Engine.0x...0590] [u'8']
15:54:03,071 INFO  [sqlalchemy.engine.base.Engine.0x...0590] SELECT work.id AS work_id, work.title AS work_title, work.keyid AS work_keyid, work.publicationid AS work_publicationid, work.composerid AS work_composerid, work.styleid AS work_styleid, work.description AS work_description, work.image AS work_image 
FROM work 
WHERE work.id = ?
15:54:03,071 INFO  [sqlalchemy.engine.base.Engine.0x...0590] [u'8']
15:54:03,072 INFO  [sqlalchemy.engine.base.Engine.0x...0590] SELECT work.id AS work_id, work.title AS work_title, work.keyid AS work_keyid, work.publicationid AS work_publicationid, work.composerid AS work_composerid, work.styleid AS work_styleid, work.description AS work_description, work.image AS work_image 
FROM work 
WHERE work.id = ?
15:54:03,072 INFO  [sqlalchemy.engine.base.Engine.0x...0590] [u'8']
15:54:09,482 INFO  [sqlalchemy.engine.base.Engine.0x...0590] BEGIN
15:54:09,483 INFO  [sqlalchemy.engine.base.Engine.0x...0590] SELECT work.id AS work_id, work.title AS work_title, work.keyid AS work_keyid, work.publicationid AS work_publicationid, work.composerid AS work_composerid, work.styleid AS work_styleid, work.description AS work_description, work.image AS work_image 
FROM work 
WHERE work.id = ?
15:54:09,483 INFO  [sqlalchemy.engine.base.Engine.0x...0590] [u'4']
15:54:09,485 INFO  [sqlalchemy.engine.base.Engine.0x...0590] SELECT work.id AS work_id, work.title AS work_title, work.keyid AS work_keyid, work.publicationid AS work_publicationid, work.composerid AS work_composerid, work.styleid AS work_styleid, work.description AS work_description, work.image AS work_image 
FROM work 
WHERE work.id = ?
15:54:09,485 INFO  [sqlalchemy.engine.base.Engine.0x...0590] [u'4']
15:54:09,486 INFO  [sqlalchemy.engine.base.Engine.0x...0590] SELECT work.id AS work_id, work.title AS work_title, work.keyid AS work_keyid, work.publicationid AS work_publicationid, work.composerid AS work_composerid, work.styleid AS work_styleid, work.description AS work_description, work.image AS work_image 
FROM work 
WHERE work.id = ?
15:54:09,486 INFO  [sqlalchemy.engine.base.Engine.0x...0590] [u'8']
15:54:09,487 INFO  [sqlalchemy.engine.base.Engine.0x...0590] SELECT work.id AS work_id, work.title AS work_title, work.keyid AS work_keyid, work.publicationid AS work_publicationid, work.composerid AS work_composerid, work.styleid AS work_styleid, work.description AS work_description, work.image AS work_image 
FROM work 
WHERE work.id = ?
15:54:09,487 INFO  [sqlalchemy.engine.base.Engine.0x...0590] [u'8']
15:54:09,489 INFO  [sqlalchemy.engine.base.Engine.0x...0590] SELECT work.id AS work_id, work.title AS work_title, work.keyid AS work_keyid, work.publicationid AS work_publicationid, work.composerid AS work_composerid, work.styleid AS work_styleid, work.description AS work_description, work.image AS work_image 
FROM work 
WHERE work.id = ?
15:54:09,489 INFO  [sqlalchemy.engine.base.Engine.0x...0590] [u'8']
15:54:09,490 INFO  [sqlalchemy.engine.base.Engine.0x...0590] SELECT work.id AS work_id, work.title AS work_title, work.keyid AS work_keyid, work.publicationid AS work_publicationid, work.composerid AS work_composerid, work.styleid AS work_styleid, work.description AS work_description, work.image AS work_image 
FROM work 
WHERE work.id = ?
15:54:09,490 INFO  [sqlalchemy.engine.base.Engine.0x...0590] [u'4']
15:54:09,501 INFO  [sqlalchemy.engine.base.Engine.0x...0590] SELECT instrument.id AS instrument_id, instrument.name AS instrument_name 
FROM instrument, workinstrument 
WHERE ? = workinstrument.workid AND instrument.id = workinstrument.instrumentid
15:54:09,501 INFO  [sqlalchemy.engine.base.Engine.0x...0590] [4]
15:54:09,502 INFO  [sqlalchemy.engine.base.Engine.0x...0590] SELECT "key".id AS key_id, "key".name AS key_name 
FROM "key" 
WHERE "key".id = ?
15:54:09,502 INFO  [sqlalchemy.engine.base.Engine.0x...0590] [17]
15:54:09,503 INFO  [sqlalchemy.engine.base.Engine.0x...0590] SELECT movement.id AS movement_id, movement.title AS movement_title, movement.keyid AS movement_keyid, movement.number AS movement_number, movement.workid AS movement_workid, movement.description AS movement_description 
FROM movement 
WHERE ? = movement.workid
15:54:09,503 INFO  [sqlalchemy.engine.base.Engine.0x...0590] [4]
15:54:09,504 INFO  [sqlalchemy.engine.base.Engine.0x...0590] SELECT composer.id AS composer_id, composer.lastname AS composer_lastname, composer.firstname AS composer_firstname, composer.middlename AS composer_middlename, composer.bio AS composer_bio, composer.image AS composer_image 
FROM composer 
WHERE composer.id = ?
15:54:09,504 INFO  [sqlalchemy.engine.base.Engine.0x...0590] [1]
15:54:09,505 INFO  [sqlalchemy.engine.base.Engine.0x...0590] SELECT style.id AS style_id, style.name AS style_name 
FROM style, workstyle 
WHERE ? = workstyle.workid AND style.id = workstyle.styleid
15:54:09,505 INFO  [sqlalchemy.engine.base.Engine.0x...0590] [4]
15:54:09,507 INFO  [sqlalchemy.engine.base.Engine.0x...0590] SELECT soundclip.id AS soundclip_id, soundclip.workid AS soundclip_workid, soundclip.movementid AS soundclip_movementid, soundclip.path AS soundclip_path 
FROM soundclip 
WHERE ? = soundclip.workid
15:54:09,507 INFO  [sqlalchemy.engine.base.Engine.0x...0590] [4]
15:54:09,564 INFO  [sqlalchemy.engine.base.Engine.0x...0590] BEGIN
15:54:09,564 INFO  [sqlalchemy.engine.base.Engine.0x...0590] SELECT work.id AS work_id, work.title AS work_title, work.keyid AS work_keyid, work.publicationid AS work_publicationid, work.composerid AS work_composerid, work.styleid AS work_styleid, work.description AS work_description, work.image AS work_image 
FROM work 
WHERE work.id = ?
15:54:09,564 INFO  [sqlalchemy.engine.base.Engine.0x...0590] [u'4']
15:54:09,565 INFO  [sqlalchemy.engine.base.Engine.0x...0590] SELECT work.id AS work_id, work.title AS work_title, work.keyid AS work_keyid, work.publicationid AS work_publicationid, work.composerid AS work_composerid, work.styleid AS work_styleid, work.description AS work_description, work.image AS work_image 
FROM work 
WHERE work.id = ?
15:54:09,566 INFO  [sqlalchemy.engine.base.Engine.0x...0590] [u'4']
15:54:09,567 INFO  [sqlalchemy.engine.base.Engine.0x...0590] SELECT work.id AS work_id, work.title AS work_title, work.keyid AS work_keyid, work.publicationid AS work_publicationid, work.composerid AS work_composerid, work.styleid AS work_styleid, work.description AS work_description, work.image AS work_image 
FROM work 
WHERE work.id = ?
15:54:09,567 INFO  [sqlalchemy.engine.base.Engine.0x...0590] [u'8']
15:54:09,568 INFO  [sqlalchemy.engine.base.Engine.0x...0590] SELECT work.id AS work_id, work.title AS work_title, work.keyid AS work_keyid, work.publicationid AS work_publicationid, work.composerid AS work_composerid, work.styleid AS work_styleid, work.description AS work_description, work.image AS work_image 
FROM work 
WHERE work.id = ?
15:54:09,568 INFO  [sqlalchemy.engine.base.Engine.0x...0590] [u'8']
15:54:09,569 INFO  [sqlalchemy.engine.base.Engine.0x...0590] SELECT work.id AS work_id, work.title AS work_title, work.keyid AS work_keyid, work.publicationid AS work_publicationid, work.composerid AS work_composerid, work.styleid AS work_styleid, work.description AS work_description, work.image AS work_image 
FROM work 
WHERE work.id = ?
15:54:09,569 INFO  [sqlalchemy.engine.base.Engine.0x...0590] [u'8']
15:58:04,307 INFO  [sqlalchemy.engine.base.Engine.0x...0590] BEGIN
15:58:04,307 INFO  [sqlalchemy.engine.base.Engine.0x...0590] SELECT work.id AS work_id, work.title AS work_title, work.keyid AS work_keyid, work.publicationid AS work_publicationid, work.composerid AS work_composerid, work.styleid AS work_styleid, work.description AS work_description, work.image AS work_image 
FROM work 
WHERE work.id = ?
15:58:04,307 INFO  [sqlalchemy.engine.base.Engine.0x...0590] [u'4']
15:58:04,309 INFO  [sqlalchemy.engine.base.Engine.0x...0590] SELECT work.id AS work_id, work.title AS work_title, work.keyid AS work_keyid, work.publicationid AS work_publicationid, work.composerid AS work_composerid, work.styleid AS work_styleid, work.description AS work_description, work.image AS work_image 
FROM work 
WHERE work.id = ?
15:58:04,309 INFO  [sqlalchemy.engine.base.Engine.0x...0590] [u'4']
15:58:04,310 INFO  [sqlalchemy.engine.base.Engine.0x...0590] SELECT work.id AS work_id, work.title AS work_title, work.keyid AS work_keyid, work.publicationid AS work_publicationid, work.composerid AS work_composerid, work.styleid AS work_styleid, work.description AS work_description, work.image AS work_image 
FROM work 
WHERE work.id = ?
15:58:04,310 INFO  [sqlalchemy.engine.base.Engine.0x...0590] [u'8']
15:58:04,312 INFO  [sqlalchemy.engine.base.Engine.0x...0590] SELECT work.id AS work_id, work.title AS work_title, work.keyid AS work_keyid, work.publicationid AS work_publicationid, work.composerid AS work_composerid, work.styleid AS work_styleid, work.description AS work_description, work.image AS work_image 
FROM work 
WHERE work.id = ?
15:58:04,312 INFO  [sqlalchemy.engine.base.Engine.0x...0590] [u'8']
15:58:04,313 INFO  [sqlalchemy.engine.base.Engine.0x...0590] SELECT work.id AS work_id, work.title AS work_title, work.keyid AS work_keyid, work.publicationid AS work_publicationid, work.composerid AS work_composerid, work.styleid AS work_styleid, work.description AS work_description, work.image AS work_image 
FROM work 
WHERE work.id = ?
15:58:04,313 INFO  [sqlalchemy.engine.base.Engine.0x...0590] [u'8']
15:58:04,314 INFO  [sqlalchemy.engine.base.Engine.0x...0590] SELECT work.id AS work_id, work.title AS work_title, work.keyid AS work_keyid, work.publicationid AS work_publicationid, work.composerid AS work_composerid, work.styleid AS work_styleid, work.description AS work_description, work.image AS work_image 
FROM work 
WHERE work.id = ?
15:58:04,314 INFO  [sqlalchemy.engine.base.Engine.0x...0590] [u'4']
Debug at: http://127.0.0.1:5000/_debug/view/1246316023
15:58:22,347 INFO  [sqlalchemy.engine.base.Engine.0x...0590] BEGIN
15:58:22,347 INFO  [sqlalchemy.engine.base.Engine.0x...0590] SELECT work.id AS work_id, work.title AS work_title, work.keyid AS work_keyid, work.publicationid AS work_publicationid, work.composerid AS work_composerid, work.styleid AS work_styleid, work.description AS work_description, work.image AS work_image 
FROM work 
WHERE work.id = ?
15:58:22,347 INFO  [sqlalchemy.engine.base.Engine.0x...0590] [u'4']
15:58:22,348 INFO  [sqlalchemy.engine.base.Engine.0x...0590] SELECT work.id AS work_id, work.title AS work_title, work.keyid AS work_keyid, work.publicationid AS work_publicationid, work.composerid AS work_composerid, work.styleid AS work_styleid, work.description AS work_description, work.image AS work_image 
FROM work 
WHERE work.id = ?
15:58:22,348 INFO  [sqlalchemy.engine.base.Engine.0x...0590] [u'4']
15:58:22,350 INFO  [sqlalchemy.engine.base.Engine.0x...0590] SELECT work.id AS work_id, work.title AS work_title, work.keyid AS work_keyid, work.publicationid AS work_publicationid, work.composerid AS work_composerid, work.styleid AS work_styleid, work.description AS work_description, work.image AS work_image 
FROM work 
WHERE work.id = ?
15:58:22,350 INFO  [sqlalchemy.engine.base.Engine.0x...0590] [u'8']
15:58:22,351 INFO  [sqlalchemy.engine.base.Engine.0x...0590] SELECT work.id AS work_id, work.title AS work_title, work.keyid AS work_keyid, work.publicationid AS work_publicationid, work.composerid AS work_composerid, work.styleid AS work_styleid, work.description AS work_description, work.image AS work_image 
FROM work 
WHERE work.id = ?
15:58:22,351 INFO  [sqlalchemy.engine.base.Engine.0x...0590] [u'8']
15:58:22,352 INFO  [sqlalchemy.engine.base.Engine.0x...0590] SELECT work.id AS work_id, work.title AS work_title, work.keyid AS work_keyid, work.publicationid AS work_publicationid, work.composerid AS work_composerid, work.styleid AS work_styleid, work.description AS work_description, work.image AS work_image 
FROM work 
WHERE work.id = ?
15:58:22,352 INFO  [sqlalchemy.engine.base.Engine.0x...0590] [u'8']
15:58:22,353 INFO  [sqlalchemy.engine.base.Engine.0x...0590] SELECT work.id AS work_id, work.title AS work_title, work.keyid AS work_keyid, work.publicationid AS work_publicationid, work.composerid AS work_composerid, work.styleid AS work_styleid, work.description AS work_description, work.image AS work_image 
FROM work 
WHERE work.id = ?
15:58:22,353 INFO  [sqlalchemy.engine.base.Engine.0x...0590] [u'4']
15:58:22,370 INFO  [sqlalchemy.engine.base.Engine.0x...0590] SELECT instrument.id AS instrument_id, instrument.name AS instrument_name 
FROM instrument, workinstrument 
WHERE ? = workinstrument.workid AND instrument.id = workinstrument.instrumentid
15:58:22,370 INFO  [sqlalchemy.engine.base.Engine.0x...0590] [4]
15:58:22,371 INFO  [sqlalchemy.engine.base.Engine.0x...0590] SELECT "key".id AS key_id, "key".name AS key_name 
FROM "key" 
WHERE "key".id = ?
15:58:22,371 INFO  [sqlalchemy.engine.base.Engine.0x...0590] [17]
15:58:22,372 INFO  [sqlalchemy.engine.base.Engine.0x...0590] SELECT movement.id AS movement_id, movement.title AS movement_title, movement.keyid AS movement_keyid, movement.number AS movement_number, movement.workid AS movement_workid, movement.description AS movement_description 
FROM movement 
WHERE ? = movement.workid
15:58:22,372 INFO  [sqlalchemy.engine.base.Engine.0x...0590] [4]
15:58:22,373 INFO  [sqlalchemy.engine.base.Engine.0x...0590] SELECT composer.id AS composer_id, composer.lastname AS composer_lastname, composer.firstname AS composer_firstname, composer.middlename AS composer_middlename, composer.bio AS composer_bio, composer.image AS composer_image 
FROM composer 
WHERE composer.id = ?
15:58:22,373 INFO  [sqlalchemy.engine.base.Engine.0x...0590] [1]
15:58:22,374 INFO  [sqlalchemy.engine.base.Engine.0x...0590] SELECT style.id AS style_id, style.name AS style_name 
FROM style, workstyle 
WHERE ? = workstyle.workid AND style.id = workstyle.styleid
15:58:22,375 INFO  [sqlalchemy.engine.base.Engine.0x...0590] [4]
15:58:22,376 INFO  [sqlalchemy.engine.base.Engine.0x...0590] SELECT soundclip.id AS soundclip_id, soundclip.workid AS soundclip_workid, soundclip.movementid AS soundclip_movementid, soundclip.path AS soundclip_path 
FROM soundclip 
WHERE ? = soundclip.workid
15:58:22,376 INFO  [sqlalchemy.engine.base.Engine.0x...0590] [4]
15:59:00,232 INFO  [sqlalchemy.engine.base.Engine.0x...0590] BEGIN
15:59:00,232 INFO  [sqlalchemy.engine.base.Engine.0x...0590] SELECT work.id AS work_id, work.title AS work_title, work.keyid AS work_keyid, work.publicationid AS work_publicationid, work.composerid AS work_composerid, work.styleid AS work_styleid, work.description AS work_description, work.image AS work_image 
FROM work 
WHERE work.id = ?
15:59:00,232 INFO  [sqlalchemy.engine.base.Engine.0x...0590] [u'4']
15:59:00,234 INFO  [sqlalchemy.engine.base.Engine.0x...0590] SELECT work.id AS work_id, work.title AS work_title, work.keyid AS work_keyid, work.publicationid AS work_publicationid, work.composerid AS work_composerid, work.styleid AS work_styleid, work.description AS work_description, work.image AS work_image 
FROM work 
WHERE work.id = ?
15:59:00,234 INFO  [sqlalchemy.engine.base.Engine.0x...0590] [u'4']
15:59:00,235 INFO  [sqlalchemy.engine.base.Engine.0x...0590] SELECT work.id AS work_id, work.title AS work_title, work.keyid AS work_keyid, work.publicationid AS work_publicationid, work.composerid AS work_composerid, work.styleid AS work_styleid, work.description AS work_description, work.image AS work_image 
FROM work 
WHERE work.id = ?
15:59:00,235 INFO  [sqlalchemy.engine.base.Engine.0x...0590] [u'8']
15:59:00,236 INFO  [sqlalchemy.engine.base.Engine.0x...0590] SELECT work.id AS work_id, work.title AS work_title, work.keyid AS work_keyid, work.publicationid AS work_publicationid, work.composerid AS work_composerid, work.styleid AS work_styleid, work.description AS work_description, work.image AS work_image 
FROM work 
WHERE work.id = ?
15:59:00,236 INFO  [sqlalchemy.engine.base.Engine.0x...0590] [u'8']
15:59:00,237 INFO  [sqlalchemy.engine.base.Engine.0x...0590] SELECT work.id AS work_id, work.title AS work_title, work.keyid AS work_keyid, work.publicationid AS work_publicationid, work.composerid AS work_composerid, work.styleid AS work_styleid, work.description AS work_description, work.image AS work_image 
FROM work 
WHERE work.id = ?
15:59:00,238 INFO  [sqlalchemy.engine.base.Engine.0x...0590] [u'8']
15:59:18,376 INFO  [sqlalchemy.engine.base.Engine.0x...0590] BEGIN
15:59:18,376 INFO  [sqlalchemy.engine.base.Engine.0x...0590] SELECT work.id AS work_id, work.title AS work_title, work.keyid AS work_keyid, work.publicationid AS work_publicationid, work.composerid AS work_composerid, work.styleid AS work_styleid, work.description AS work_description, work.image AS work_image 
FROM work 
WHERE work.id = ?
15:59:18,376 INFO  [sqlalchemy.engine.base.Engine.0x...0590] [u'4']
15:59:18,378 INFO  [sqlalchemy.engine.base.Engine.0x...0590] SELECT work.id AS work_id, work.title AS work_title, work.keyid AS work_keyid, work.publicationid AS work_publicationid, work.composerid AS work_composerid, work.styleid AS work_styleid, work.description AS work_description, work.image AS work_image 
FROM work 
WHERE work.id = ?
15:59:18,378 INFO  [sqlalchemy.engine.base.Engine.0x...0590] [u'4']
15:59:18,379 INFO  [sqlalchemy.engine.base.Engine.0x...0590] SELECT work.id AS work_id, work.title AS work_title, work.keyid AS work_keyid, work.publicationid AS work_publicationid, work.composerid AS work_composerid, work.styleid AS work_styleid, work.description AS work_description, work.image AS work_image 
FROM work 
WHERE work.id = ?
15:59:18,379 INFO  [sqlalchemy.engine.base.Engine.0x...0590] [u'8']
15:59:18,380 INFO  [sqlalchemy.engine.base.Engine.0x...0590] SELECT work.id AS work_id, work.title AS work_title, work.keyid AS work_keyid, work.publicationid AS work_publicationid, work.composerid AS work_composerid, work.styleid AS work_styleid, work.description AS work_description, work.image AS work_image 
FROM work 
WHERE work.id = ?
15:59:18,380 INFO  [sqlalchemy.engine.base.Engine.0x...0590] [u'8']
15:59:18,381 INFO  [sqlalchemy.engine.base.Engine.0x...0590] SELECT work.id AS work_id, work.title AS work_title, work.keyid AS work_keyid, work.publicationid AS work_publicationid, work.composerid AS work_composerid, work.styleid AS work_styleid, work.description AS work_description, work.image AS work_image 
FROM work 
WHERE work.id = ?
15:59:18,381 INFO  [sqlalchemy.engine.base.Engine.0x...0590] [u'8']
15:59:18,382 INFO  [sqlalchemy.engine.base.Engine.0x...0590] SELECT work.id AS work_id, work.title AS work_title, work.keyid AS work_keyid, work.publicationid AS work_publicationid, work.composerid AS work_composerid, work.styleid AS work_styleid, work.description AS work_description, work.image AS work_image 
FROM work 
WHERE work.id = ?
15:59:18,383 INFO  [sqlalchemy.engine.base.Engine.0x...0590] [u'8']
15:59:18,385 INFO  [sqlalchemy.engine.base.Engine.0x...0590] SELECT instrument.id AS instrument_id, instrument.name AS instrument_name 
FROM instrument, workinstrument 
WHERE ? = workinstrument.workid AND instrument.id = workinstrument.instrumentid
15:59:18,385 INFO  [sqlalchemy.engine.base.Engine.0x...0590] [8]
15:59:18,386 INFO  [sqlalchemy.engine.base.Engine.0x...0590] SELECT movement.id AS movement_id, movement.title AS movement_title, movement.keyid AS movement_keyid, movement.number AS movement_number, movement.workid AS movement_workid, movement.description AS movement_description 
FROM movement 
WHERE ? = movement.workid
15:59:18,386 INFO  [sqlalchemy.engine.base.Engine.0x...0590] [8]
15:59:18,388 INFO  [sqlalchemy.engine.base.Engine.0x...0590] SELECT composer.id AS composer_id, composer.lastname AS composer_lastname, composer.firstname AS composer_firstname, composer.middlename AS composer_middlename, composer.bio AS composer_bio, composer.image AS composer_image 
FROM composer 
WHERE composer.id = ?
15:59:18,388 INFO  [sqlalchemy.engine.base.Engine.0x...0590] [1]
15:59:18,389 INFO  [sqlalchemy.engine.base.Engine.0x...0590] SELECT style.id AS style_id, style.name AS style_name 
FROM style, workstyle 
WHERE ? = workstyle.workid AND style.id = workstyle.styleid
15:59:18,389 INFO  [sqlalchemy.engine.base.Engine.0x...0590] [8]
15:59:18,390 INFO  [sqlalchemy.engine.base.Engine.0x...0590] SELECT soundclip.id AS soundclip_id, soundclip.workid AS soundclip_workid, soundclip.movementid AS soundclip_movementid, soundclip.path AS soundclip_path 
FROM soundclip 
WHERE ? = soundclip.workid
15:59:18,390 INFO  [sqlalchemy.engine.base.Engine.0x...0590] [8]
15:59:18,435 INFO  [sqlalchemy.engine.base.Engine.0x...0590] BEGIN
15:59:18,435 INFO  [sqlalchemy.engine.base.Engine.0x...0590] SELECT work.id AS work_id, work.title AS work_title, work.keyid AS work_keyid, work.publicationid AS work_publicationid, work.composerid AS work_composerid, work.styleid AS work_styleid, work.description AS work_description, work.image AS work_image 
FROM work 
WHERE work.id = ?
15:59:18,435 INFO  [sqlalchemy.engine.base.Engine.0x...0590] [u'4']
15:59:18,437 INFO  [sqlalchemy.engine.base.Engine.0x...0590] SELECT work.id AS work_id, work.title AS work_title, work.keyid AS work_keyid, work.publicationid AS work_publicationid, work.composerid AS work_composerid, work.styleid AS work_styleid, work.description AS work_description, work.image AS work_image 
FROM work 
WHERE work.id = ?
15:59:18,437 INFO  [sqlalchemy.engine.base.Engine.0x...0590] [u'4']
15:59:18,438 INFO  [sqlalchemy.engine.base.Engine.0x...0590] SELECT work.id AS work_id, work.title AS work_title, work.keyid AS work_keyid, work.publicationid AS work_publicationid, work.composerid AS work_composerid, work.styleid AS work_styleid, work.description AS work_description, work.image AS work_image 
FROM work 
WHERE work.id = ?
15:59:18,438 INFO  [sqlalchemy.engine.base.Engine.0x...0590] [u'8']
15:59:18,439 INFO  [sqlalchemy.engine.base.Engine.0x...0590] SELECT work.id AS work_id, work.title AS work_title, work.keyid AS work_keyid, work.publicationid AS work_publicationid, work.composerid AS work_composerid, work.styleid AS work_styleid, work.description AS work_description, work.image AS work_image 
FROM work 
WHERE work.id = ?
15:59:18,439 INFO  [sqlalchemy.engine.base.Engine.0x...0590] [u'8']
15:59:18,441 INFO  [sqlalchemy.engine.base.Engine.0x...0590] SELECT work.id AS work_id, work.title AS work_title, work.keyid AS work_keyid, work.publicationid AS work_publicationid, work.composerid AS work_composerid, work.styleid AS work_styleid, work.description AS work_description, work.image AS work_image 
FROM work 
WHERE work.id = ?
15:59:18,441 INFO  [sqlalchemy.engine.base.Engine.0x...0590] [u'8']
15:59:19,215 INFO  [sqlalchemy.engine.base.Engine.0x...0590] BEGIN
15:59:19,216 INFO  [sqlalchemy.engine.base.Engine.0x...0590] SELECT work.id AS work_id, work.title AS work_title, work.keyid AS work_keyid, work.publicationid AS work_publicationid, work.composerid AS work_composerid, work.styleid AS work_styleid, work.description AS work_description, work.image AS work_image 
FROM work 
WHERE work.id = ?
15:59:19,216 INFO  [sqlalchemy.engine.base.Engine.0x...0590] [u'4']
15:59:19,218 INFO  [sqlalchemy.engine.base.Engine.0x...0590] SELECT work.id AS work_id, work.title AS work_title, work.keyid AS work_keyid, work.publicationid AS work_publicationid, work.composerid AS work_composerid, work.styleid AS work_styleid, work.description AS work_description, work.image AS work_image 
FROM work 
WHERE work.id = ?
15:59:19,218 INFO  [sqlalchemy.engine.base.Engine.0x...0590] [u'4']
15:59:19,219 INFO  [sqlalchemy.engine.base.Engine.0x...0590] SELECT work.id AS work_id, work.title AS work_title, work.keyid AS work_keyid, work.publicationid AS work_publicationid, work.composerid AS work_composerid, work.styleid AS work_styleid, work.description AS work_description, work.image AS work_image 
FROM work 
WHERE work.id = ?
15:59:19,219 INFO  [sqlalchemy.engine.base.Engine.0x...0590] [u'8']
15:59:19,220 INFO  [sqlalchemy.engine.base.Engine.0x...0590] SELECT work.id AS work_id, work.title AS work_title, work.keyid AS work_keyid, work.publicationid AS work_publicationid, work.composerid AS work_composerid, work.styleid AS work_styleid, work.description AS work_description, work.image AS work_image 
FROM work 
WHERE work.id = ?
15:59:19,220 INFO  [sqlalchemy.engine.base.Engine.0x...0590] [u'8']
15:59:19,222 INFO  [sqlalchemy.engine.base.Engine.0x...0590] SELECT work.id AS work_id, work.title AS work_title, work.keyid AS work_keyid, work.publicationid AS work_publicationid, work.composerid AS work_composerid, work.styleid AS work_styleid, work.description AS work_description, work.image AS work_image 
FROM work 
WHERE work.id = ?
15:59:19,222 INFO  [sqlalchemy.engine.base.Engine.0x...0590] [u'8']
15:59:19,223 INFO  [sqlalchemy.engine.base.Engine.0x...0590] SELECT work.id AS work_id, work.title AS work_title, work.keyid AS work_keyid, work.publicationid AS work_publicationid, work.composerid AS work_composerid, work.styleid AS work_styleid, work.description AS work_description, work.image AS work_image 
FROM work 
WHERE work.id = ?
15:59:19,223 INFO  [sqlalchemy.engine.base.Engine.0x...0590] [u'8']
15:59:19,236 INFO  [sqlalchemy.engine.base.Engine.0x...0590] BEGIN
15:59:19,236 INFO  [sqlalchemy.engine.base.Engine.0x...0590] SELECT work.id AS work_id, work.title AS work_title, work.keyid AS work_keyid, work.publicationid AS work_publicationid, work.composerid AS work_composerid, work.styleid AS work_styleid, work.description AS work_description, work.image AS work_image 
FROM work 
WHERE work.id = ?
15:59:19,236 INFO  [sqlalchemy.engine.base.Engine.0x...0590] ['4']
15:59:19,238 INFO  [sqlalchemy.engine.base.Engine.0x...0590] SELECT work.id AS work_id, work.title AS work_title, work.keyid AS work_keyid, work.publicationid AS work_publicationid, work.composerid AS work_composerid, work.styleid AS work_styleid, work.description AS work_description, work.image AS work_image 
FROM work 
WHERE work.id = ?
15:59:19,238 INFO  [sqlalchemy.engine.base.Engine.0x...0590] ['4']
15:59:19,239 INFO  [sqlalchemy.engine.base.Engine.0x...0590] SELECT work.id AS work_id, work.title AS work_title, work.keyid AS work_keyid, work.publicationid AS work_publicationid, work.composerid AS work_composerid, work.styleid AS work_styleid, work.description AS work_description, work.image AS work_image 
FROM work 
WHERE work.id = ?
15:59:19,239 INFO  [sqlalchemy.engine.base.Engine.0x...0590] ['8']
15:59:19,240 INFO  [sqlalchemy.engine.base.Engine.0x...0590] SELECT work.id AS work_id, work.title AS work_title, work.keyid AS work_keyid, work.publicationid AS work_publicationid, work.composerid AS work_composerid, work.styleid AS work_styleid, work.description AS work_description, work.image AS work_image 
FROM work 
WHERE work.id = ?
15:59:19,240 INFO  [sqlalchemy.engine.base.Engine.0x...0590] ['8']
15:59:19,241 INFO  [sqlalchemy.engine.base.Engine.0x...0590] SELECT work.id AS work_id, work.title AS work_title, work.keyid AS work_keyid, work.publicationid AS work_publicationid, work.composerid AS work_composerid, work.styleid AS work_styleid, work.description AS work_description, work.image AS work_image 
FROM work 
WHERE work.id = ?
15:59:19,241 INFO  [sqlalchemy.engine.base.Engine.0x...0590] [u'8']
15:59:19,243 INFO  [sqlalchemy.engine.base.Engine.0x...0590] SELECT instrument.id AS instrument_id, instrument.name AS instrument_name 
FROM instrument, workinstrument 
WHERE ? = workinstrument.workid AND instrument.id = workinstrument.instrumentid
15:59:19,243 INFO  [sqlalchemy.engine.base.Engine.0x...0590] [8]
15:59:19,245 INFO  [sqlalchemy.engine.base.Engine.0x...0590] SELECT movement.id AS movement_id, movement.title AS movement_title, movement.keyid AS movement_keyid, movement.number AS movement_number, movement.workid AS movement_workid, movement.description AS movement_description 
FROM movement 
WHERE ? = movement.workid
15:59:19,245 INFO  [sqlalchemy.engine.base.Engine.0x...0590] [8]
15:59:19,246 INFO  [sqlalchemy.engine.base.Engine.0x...0590] SELECT composer.id AS composer_id, composer.lastname AS composer_lastname, composer.firstname AS composer_firstname, composer.middlename AS composer_middlename, composer.bio AS composer_bio, composer.image AS composer_image 
FROM composer 
WHERE composer.id = ?
15:59:19,246 INFO  [sqlalchemy.engine.base.Engine.0x...0590] [1]
15:59:19,248 INFO  [sqlalchemy.engine.base.Engine.0x...0590] SELECT style.id AS style_id, style.name AS style_name 
FROM style, workstyle 
WHERE ? = workstyle.workid AND style.id = workstyle.styleid
15:59:19,248 INFO  [sqlalchemy.engine.base.Engine.0x...0590] [8]
15:59:19,249 INFO  [sqlalchemy.engine.base.Engine.0x...0590] SELECT soundclip.id AS soundclip_id, soundclip.workid AS soundclip_workid, soundclip.movementid AS soundclip_movementid, soundclip.path AS soundclip_path 
FROM soundclip 
WHERE ? = soundclip.workid
15:59:19,249 INFO  [sqlalchemy.engine.base.Engine.0x...0590] [8]
15:59:19,285 INFO  [sqlalchemy.engine.base.Engine.0x...0590] BEGIN
15:59:19,286 INFO  [sqlalchemy.engine.base.Engine.0x...0590] SELECT work.id AS work_id, work.title AS work_title, work.keyid AS work_keyid, work.publicationid AS work_publicationid, work.composerid AS work_composerid, work.styleid AS work_styleid, work.description AS work_description, work.image AS work_image 
FROM work 
WHERE work.id = ?
15:59:19,286 INFO  [sqlalchemy.engine.base.Engine.0x...0590] ['4']
15:59:19,287 INFO  [sqlalchemy.engine.base.Engine.0x...0590] SELECT work.id AS work_id, work.title AS work_title, work.keyid AS work_keyid, work.publicationid AS work_publicationid, work.composerid AS work_composerid, work.styleid AS work_styleid, work.description AS work_description, work.image AS work_image 
FROM work 
WHERE work.id = ?
15:59:19,287 INFO  [sqlalchemy.engine.base.Engine.0x...0590] ['4']
15:59:19,288 INFO  [sqlalchemy.engine.base.Engine.0x...0590] SELECT work.id AS work_id, work.title AS work_title, work.keyid AS work_keyid, work.publicationid AS work_publicationid, work.composerid AS work_composerid, work.styleid AS work_styleid, work.description AS work_description, work.image AS work_image 
FROM work 
WHERE work.id = ?
15:59:19,288 INFO  [sqlalchemy.engine.base.Engine.0x...0590] ['8']
15:59:19,289 INFO  [sqlalchemy.engine.base.Engine.0x...0590] SELECT work.id AS work_id, work.title AS work_title, work.keyid AS work_keyid, work.publicationid AS work_publicationid, work.composerid AS work_composerid, work.styleid AS work_styleid, work.description AS work_description, work.image AS work_image 
FROM work 
WHERE work.id = ?
15:59:19,289 INFO  [sqlalchemy.engine.base.Engine.0x...0590] ['8']
15:59:20,119 INFO  [sqlalchemy.engine.base.Engine.0x...0590] BEGIN
15:59:20,120 INFO  [sqlalchemy.engine.base.Engine.0x...0590] SELECT work.id AS work_id, work.title AS work_title, work.keyid AS work_keyid, work.publicationid AS work_publicationid, work.composerid AS work_composerid, work.styleid AS work_styleid, work.description AS work_description, work.image AS work_image 
FROM work 
WHERE work.id = ?
15:59:20,120 INFO  [sqlalchemy.engine.base.Engine.0x...0590] ['4']
15:59:20,122 INFO  [sqlalchemy.engine.base.Engine.0x...0590] SELECT work.id AS work_id, work.title AS work_title, work.keyid AS work_keyid, work.publicationid AS work_publicationid, work.composerid AS work_composerid, work.styleid AS work_styleid, work.description AS work_description, work.image AS work_image 
FROM work 
WHERE work.id = ?
15:59:20,122 INFO  [sqlalchemy.engine.base.Engine.0x...0590] ['4']
15:59:20,123 INFO  [sqlalchemy.engine.base.Engine.0x...0590] SELECT work.id AS work_id, work.title AS work_title, work.keyid AS work_keyid, work.publicationid AS work_publicationid, work.composerid AS work_composerid, work.styleid AS work_styleid, work.description AS work_description, work.image AS work_image 
FROM work 
WHERE work.id = ?
15:59:20,123 INFO  [sqlalchemy.engine.base.Engine.0x...0590] ['8']
15:59:20,124 INFO  [sqlalchemy.engine.base.Engine.0x...0590] SELECT work.id AS work_id, work.title AS work_title, work.keyid AS work_keyid, work.publicationid AS work_publicationid, work.composerid AS work_composerid, work.styleid AS work_styleid, work.description AS work_description, work.image AS work_image 
FROM work 
WHERE work.id = ?
15:59:20,124 INFO  [sqlalchemy.engine.base.Engine.0x...0590] ['8']
15:59:20,126 INFO  [sqlalchemy.engine.base.Engine.0x...0590] SELECT work.id AS work_id, work.title AS work_title, work.keyid AS work_keyid, work.publicationid AS work_publicationid, work.composerid AS work_composerid, work.styleid AS work_styleid, work.description AS work_description, work.image AS work_image 
FROM work 
WHERE work.id = ?
15:59:20,126 INFO  [sqlalchemy.engine.base.Engine.0x...0590] [u'8']
15:59:20,132 INFO  [sqlalchemy.engine.base.Engine.0x...0590] BEGIN
15:59:20,132 INFO  [sqlalchemy.engine.base.Engine.0x...0590] SELECT work.id AS work_id, work.title AS work_title, work.keyid AS work_keyid, work.publicationid AS work_publicationid, work.composerid AS work_composerid, work.styleid AS work_styleid, work.description AS work_description, work.image AS work_image 
FROM work 
WHERE work.id = ?
15:59:20,132 INFO  [sqlalchemy.engine.base.Engine.0x...0590] ['4']
15:59:20,134 INFO  [sqlalchemy.engine.base.Engine.0x...0590] SELECT work.id AS work_id, work.title AS work_title, work.keyid AS work_keyid, work.publicationid AS work_publicationid, work.composerid AS work_composerid, work.styleid AS work_styleid, work.description AS work_description, work.image AS work_image 
FROM work 
WHERE work.id = ?
15:59:20,134 INFO  [sqlalchemy.engine.base.Engine.0x...0590] ['4']
15:59:20,135 INFO  [sqlalchemy.engine.base.Engine.0x...0590] SELECT work.id AS work_id, work.title AS work_title, work.keyid AS work_keyid, work.publicationid AS work_publicationid, work.composerid AS work_composerid, work.styleid AS work_styleid, work.description AS work_description, work.image AS work_image 
FROM work 
WHERE work.id = ?
15:59:20,135 INFO  [sqlalchemy.engine.base.Engine.0x...0590] ['8']
15:59:20,136 INFO  [sqlalchemy.engine.base.Engine.0x...0590] SELECT work.id AS work_id, work.title AS work_title, work.keyid AS work_keyid, work.publicationid AS work_publicationid, work.composerid AS work_composerid, work.styleid AS work_styleid, work.description AS work_description, work.image AS work_image 
FROM work 
WHERE work.id = ?
15:59:20,136 INFO  [sqlalchemy.engine.base.Engine.0x...0590] [u'8']
15:59:20,138 INFO  [sqlalchemy.engine.base.Engine.0x...0590] SELECT instrument.id AS instrument_id, instrument.name AS instrument_name 
FROM instrument, workinstrument 
WHERE ? = workinstrument.workid AND instrument.id = workinstrument.instrumentid
15:59:20,138 INFO  [sqlalchemy.engine.base.Engine.0x...0590] [8]
15:59:20,139 INFO  [sqlalchemy.engine.base.Engine.0x...0590] SELECT movement.id AS movement_id, movement.title AS movement_title, movement.keyid AS movement_keyid, movement.number AS movement_number, movement.workid AS movement_workid, movement.description AS movement_description 
FROM movement 
WHERE ? = movement.workid
15:59:20,140 INFO  [sqlalchemy.engine.base.Engine.0x...0590] [8]
15:59:20,141 INFO  [sqlalchemy.engine.base.Engine.0x...0590] SELECT composer.id AS composer_id, composer.lastname AS composer_lastname, composer.firstname AS composer_firstname, composer.middlename AS composer_middlename, composer.bio AS composer_bio, composer.image AS composer_image 
FROM composer 
WHERE composer.id = ?
15:59:20,141 INFO  [sqlalchemy.engine.base.Engine.0x...0590] [1]
15:59:20,142 INFO  [sqlalchemy.engine.base.Engine.0x...0590] SELECT style.id AS style_id, style.name AS style_name 
FROM style, workstyle 
WHERE ? = workstyle.workid AND style.id = workstyle.styleid
15:59:20,142 INFO  [sqlalchemy.engine.base.Engine.0x...0590] [8]
15:59:20,143 INFO  [sqlalchemy.engine.base.Engine.0x...0590] SELECT soundclip.id AS soundclip_id, soundclip.workid AS soundclip_workid, soundclip.movementid AS soundclip_movementid, soundclip.path AS soundclip_path 
FROM soundclip 
WHERE ? = soundclip.workid
15:59:20,143 INFO  [sqlalchemy.engine.base.Engine.0x...0590] [8]
15:59:20,179 INFO  [sqlalchemy.engine.base.Engine.0x...0590] BEGIN
15:59:20,179 INFO  [sqlalchemy.engine.base.Engine.0x...0590] SELECT work.id AS work_id, work.title AS work_title, work.keyid AS work_keyid, work.publicationid AS work_publicationid, work.composerid AS work_composerid, work.styleid AS work_styleid, work.description AS work_description, work.image AS work_image 
FROM work 
WHERE work.id = ?
15:59:20,179 INFO  [sqlalchemy.engine.base.Engine.0x...0590] ['4']
15:59:20,181 INFO  [sqlalchemy.engine.base.Engine.0x...0590] SELECT work.id AS work_id, work.title AS work_title, work.keyid AS work_keyid, work.publicationid AS work_publicationid, work.composerid AS work_composerid, work.styleid AS work_styleid, work.description AS work_description, work.image AS work_image 
FROM work 
WHERE work.id = ?
15:59:20,181 INFO  [sqlalchemy.engine.base.Engine.0x...0590] ['4']
15:59:20,182 INFO  [sqlalchemy.engine.base.Engine.0x...0590] SELECT work.id AS work_id, work.title AS work_title, work.keyid AS work_keyid, work.publicationid AS work_publicationid, work.composerid AS work_composerid, work.styleid AS work_styleid, work.description AS work_description, work.image AS work_image 
FROM work 
WHERE work.id = ?
15:59:20,182 INFO  [sqlalchemy.engine.base.Engine.0x...0590] ['8']
15:59:21,104 INFO  [sqlalchemy.engine.base.Engine.0x...0590] BEGIN
15:59:21,104 INFO  [sqlalchemy.engine.base.Engine.0x...0590] SELECT work.id AS work_id, work.title AS work_title, work.keyid AS work_keyid, work.publicationid AS work_publicationid, work.composerid AS work_composerid, work.styleid AS work_styleid, work.description AS work_description, work.image AS work_image 
FROM work 
WHERE work.id = ?
15:59:21,104 INFO  [sqlalchemy.engine.base.Engine.0x...0590] ['4']
15:59:21,106 INFO  [sqlalchemy.engine.base.Engine.0x...0590] SELECT work.id AS work_id, work.title AS work_title, work.keyid AS work_keyid, work.publicationid AS work_publicationid, work.composerid AS work_composerid, work.styleid AS work_styleid, work.description AS work_description, work.image AS work_image 
FROM work 
WHERE work.id = ?
15:59:21,106 INFO  [sqlalchemy.engine.base.Engine.0x...0590] ['4']
15:59:21,107 INFO  [sqlalchemy.engine.base.Engine.0x...0590] SELECT work.id AS work_id, work.title AS work_title, work.keyid AS work_keyid, work.publicationid AS work_publicationid, work.composerid AS work_composerid, work.styleid AS work_styleid, work.description AS work_description, work.image AS work_image 
FROM work 
WHERE work.id = ?
15:59:21,107 INFO  [sqlalchemy.engine.base.Engine.0x...0590] ['8']
15:59:21,108 INFO  [sqlalchemy.engine.base.Engine.0x...0590] SELECT work.id AS work_id, work.title AS work_title, work.keyid AS work_keyid, work.publicationid AS work_publicationid, work.composerid AS work_composerid, work.styleid AS work_styleid, work.description AS work_description, work.image AS work_image 
FROM work 
WHERE work.id = ?
15:59:21,108 INFO  [sqlalchemy.engine.base.Engine.0x...0590] [u'8']
15:59:21,122 INFO  [sqlalchemy.engine.base.Engine.0x...0590] BEGIN
15:59:21,123 INFO  [sqlalchemy.engine.base.Engine.0x...0590] SELECT work.id AS work_id, work.title AS work_title, work.keyid AS work_keyid, work.publicationid AS work_publicationid, work.composerid AS work_composerid, work.styleid AS work_styleid, work.description AS work_description, work.image AS work_image 
FROM work 
WHERE work.id = ?
15:59:21,124 INFO  [sqlalchemy.engine.base.Engine.0x...0590] ['4']
15:59:21,125 INFO  [sqlalchemy.engine.base.Engine.0x...0590] SELECT work.id AS work_id, work.title AS work_title, work.keyid AS work_keyid, work.publicationid AS work_publicationid, work.composerid AS work_composerid, work.styleid AS work_styleid, work.description AS work_description, work.image AS work_image 
FROM work 
WHERE work.id = ?
15:59:21,125 INFO  [sqlalchemy.engine.base.Engine.0x...0590] ['4']
15:59:21,126 INFO  [sqlalchemy.engine.base.Engine.0x...0590] SELECT work.id AS work_id, work.title AS work_title, work.keyid AS work_keyid, work.publicationid AS work_publicationid, work.composerid AS work_composerid, work.styleid AS work_styleid, work.description AS work_description, work.image AS work_image 
FROM work 
WHERE work.id = ?
15:59:21,126 INFO  [sqlalchemy.engine.base.Engine.0x...0590] [u'8']
15:59:21,128 INFO  [sqlalchemy.engine.base.Engine.0x...0590] SELECT instrument.id AS instrument_id, instrument.name AS instrument_name 
FROM instrument, workinstrument 
WHERE ? = workinstrument.workid AND instrument.id = workinstrument.instrumentid
15:59:21,128 INFO  [sqlalchemy.engine.base.Engine.0x...0590] [8]
15:59:21,130 INFO  [sqlalchemy.engine.base.Engine.0x...0590] SELECT movement.id AS movement_id, movement.title AS movement_title, movement.keyid AS movement_keyid, movement.number AS movement_number, movement.workid AS movement_workid, movement.description AS movement_description 
FROM movement 
WHERE ? = movement.workid
15:59:21,130 INFO  [sqlalchemy.engine.base.Engine.0x...0590] [8]
15:59:21,131 INFO  [sqlalchemy.engine.base.Engine.0x...0590] SELECT composer.id AS composer_id, composer.lastname AS composer_lastname, composer.firstname AS composer_firstname, composer.middlename AS composer_middlename, composer.bio AS composer_bio, composer.image AS composer_image 
FROM composer 
WHERE composer.id = ?
15:59:21,131 INFO  [sqlalchemy.engine.base.Engine.0x...0590] [1]
15:59:21,132 INFO  [sqlalchemy.engine.base.Engine.0x...0590] SELECT style.id AS style_id, style.name AS style_name 
FROM style, workstyle 
WHERE ? = workstyle.workid AND style.id = workstyle.styleid
15:59:21,132 INFO  [sqlalchemy.engine.base.Engine.0x...0590] [8]
15:59:21,133 INFO  [sqlalchemy.engine.base.Engine.0x...0590] SELECT soundclip.id AS soundclip_id, soundclip.workid AS soundclip_workid, soundclip.movementid AS soundclip_movementid, soundclip.path AS soundclip_path 
FROM soundclip 
WHERE ? = soundclip.workid
15:59:21,133 INFO  [sqlalchemy.engine.base.Engine.0x...0590] [8]
15:59:21,170 INFO  [sqlalchemy.engine.base.Engine.0x...0590] BEGIN
15:59:21,170 INFO  [sqlalchemy.engine.base.Engine.0x...0590] SELECT work.id AS work_id, work.title AS work_title, work.keyid AS work_keyid, work.publicationid AS work_publicationid, work.composerid AS work_composerid, work.styleid AS work_styleid, work.description AS work_description, work.image AS work_image 
FROM work 
WHERE work.id = ?
15:59:21,170 INFO  [sqlalchemy.engine.base.Engine.0x...0590] ['4']
15:59:21,172 INFO  [sqlalchemy.engine.base.Engine.0x...0590] SELECT work.id AS work_id, work.title AS work_title, work.keyid AS work_keyid, work.publicationid AS work_publicationid, work.composerid AS work_composerid, work.styleid AS work_styleid, work.description AS work_description, work.image AS work_image 
FROM work 
WHERE work.id = ?
15:59:21,172 INFO  [sqlalchemy.engine.base.Engine.0x...0590] ['4']
15:59:21,928 INFO  [sqlalchemy.engine.base.Engine.0x...0590] BEGIN
15:59:21,928 INFO  [sqlalchemy.engine.base.Engine.0x...0590] SELECT work.id AS work_id, work.title AS work_title, work.keyid AS work_keyid, work.publicationid AS work_publicationid, work.composerid AS work_composerid, work.styleid AS work_styleid, work.description AS work_description, work.image AS work_image 
FROM work 
WHERE work.id = ?
15:59:21,928 INFO  [sqlalchemy.engine.base.Engine.0x...0590] ['4']
15:59:21,930 INFO  [sqlalchemy.engine.base.Engine.0x...0590] SELECT work.id AS work_id, work.title AS work_title, work.keyid AS work_keyid, work.publicationid AS work_publicationid, work.composerid AS work_composerid, work.styleid AS work_styleid, work.description AS work_description, work.image AS work_image 
FROM work 
WHERE work.id = ?
15:59:21,930 INFO  [sqlalchemy.engine.base.Engine.0x...0590] ['4']
15:59:21,931 INFO  [sqlalchemy.engine.base.Engine.0x...0590] SELECT work.id AS work_id, work.title AS work_title, work.keyid AS work_keyid, work.publicationid AS work_publicationid, work.composerid AS work_composerid, work.styleid AS work_styleid, work.description AS work_description, work.image AS work_image 
FROM work 
WHERE work.id = ?
15:59:21,931 INFO  [sqlalchemy.engine.base.Engine.0x...0590] [u'4']
15:59:21,933 INFO  [sqlalchemy.engine.base.Engine.0x...0590] SELECT instrument.id AS instrument_id, instrument.name AS instrument_name 
FROM instrument, workinstrument 
WHERE ? = workinstrument.workid AND instrument.id = workinstrument.instrumentid
15:59:21,933 INFO  [sqlalchemy.engine.base.Engine.0x...0590] [4]
15:59:21,934 INFO  [sqlalchemy.engine.base.Engine.0x...0590] SELECT "key".id AS key_id, "key".name AS key_name 
FROM "key" 
WHERE "key".id = ?
15:59:21,934 INFO  [sqlalchemy.engine.base.Engine.0x...0590] [17]
15:59:21,935 INFO  [sqlalchemy.engine.base.Engine.0x...0590] SELECT movement.id AS movement_id, movement.title AS movement_title, movement.keyid AS movement_keyid, movement.number AS movement_number, movement.workid AS movement_workid, movement.description AS movement_description 
FROM movement 
WHERE ? = movement.workid
15:59:21,935 INFO  [sqlalchemy.engine.base.Engine.0x...0590] [4]
15:59:21,936 INFO  [sqlalchemy.engine.base.Engine.0x...0590] SELECT composer.id AS composer_id, composer.lastname AS composer_lastname, composer.firstname AS composer_firstname, composer.middlename AS composer_middlename, composer.bio AS composer_bio, composer.image AS composer_image 
FROM composer 
WHERE composer.id = ?
15:59:21,936 INFO  [sqlalchemy.engine.base.Engine.0x...0590] [1]
15:59:21,937 INFO  [sqlalchemy.engine.base.Engine.0x...0590] SELECT style.id AS style_id, style.name AS style_name 
FROM style, workstyle 
WHERE ? = workstyle.workid AND style.id = workstyle.styleid
15:59:21,937 INFO  [sqlalchemy.engine.base.Engine.0x...0590] [4]
15:59:21,938 INFO  [sqlalchemy.engine.base.Engine.0x...0590] SELECT soundclip.id AS soundclip_id, soundclip.workid AS soundclip_workid, soundclip.movementid AS soundclip_movementid, soundclip.path AS soundclip_path 
FROM soundclip 
WHERE ? = soundclip.workid
15:59:21,938 INFO  [sqlalchemy.engine.base.Engine.0x...0590] [4]
15:59:21,981 INFO  [sqlalchemy.engine.base.Engine.0x...0590] BEGIN
15:59:21,981 INFO  [sqlalchemy.engine.base.Engine.0x...0590] SELECT work.id AS work_id, work.title AS work_title, work.keyid AS work_keyid, work.publicationid AS work_publicationid, work.composerid AS work_composerid, work.styleid AS work_styleid, work.description AS work_description, work.image AS work_image 
FROM work 
WHERE work.id = ?
15:59:21,981 INFO  [sqlalchemy.engine.base.Engine.0x...0590] ['4']
15:59:21,983 INFO  [sqlalchemy.engine.base.Engine.0x...0590] SELECT work.id AS work_id, work.title AS work_title, work.keyid AS work_keyid, work.publicationid AS work_publicationid, work.composerid AS work_composerid, work.styleid AS work_styleid, work.description AS work_description, work.image AS work_image 
FROM work 
WHERE work.id = ?
15:59:21,983 INFO  [sqlalchemy.engine.base.Engine.0x...0590] ['4']
15:59:22,599 INFO  [sqlalchemy.engine.base.Engine.0x...0590] BEGIN
15:59:22,600 INFO  [sqlalchemy.engine.base.Engine.0x...0590] SELECT work.id AS work_id, work.title AS work_title, work.keyid AS work_keyid, work.publicationid AS work_publicationid, work.composerid AS work_composerid, work.styleid AS work_styleid, work.description AS work_description, work.image AS work_image 
FROM work 
WHERE work.id = ?
15:59:22,600 INFO  [sqlalchemy.engine.base.Engine.0x...0590] ['4']
15:59:22,601 INFO  [sqlalchemy.engine.base.Engine.0x...0590] SELECT work.id AS work_id, work.title AS work_title, work.keyid AS work_keyid, work.publicationid AS work_publicationid, work.composerid AS work_composerid, work.styleid AS work_styleid, work.description AS work_description, work.image AS work_image 
FROM work 
WHERE work.id = ?
15:59:22,601 INFO  [sqlalchemy.engine.base.Engine.0x...0590] ['4']
15:59:22,602 INFO  [sqlalchemy.engine.base.Engine.0x...0590] SELECT work.id AS work_id, work.title AS work_title, work.keyid AS work_keyid, work.publicationid AS work_publicationid, work.composerid AS work_composerid, work.styleid AS work_styleid, work.description AS work_description, work.image AS work_image 
FROM work 
WHERE work.id = ?
15:59:22,603 INFO  [sqlalchemy.engine.base.Engine.0x...0590] [u'4']
15:59:22,608 INFO  [sqlalchemy.engine.base.Engine.0x...0590] BEGIN
15:59:22,609 INFO  [sqlalchemy.engine.base.Engine.0x...0590] SELECT work.id AS work_id, work.title AS work_title, work.keyid AS work_keyid, work.publicationid AS work_publicationid, work.composerid AS work_composerid, work.styleid AS work_styleid, work.description AS work_description, work.image AS work_image 
FROM work 
WHERE work.id = ?
15:59:22,609 INFO  [sqlalchemy.engine.base.Engine.0x...0590] ['4']
15:59:22,610 INFO  [sqlalchemy.engine.base.Engine.0x...0590] SELECT work.id AS work_id, work.title AS work_title, work.keyid AS work_keyid, work.publicationid AS work_publicationid, work.composerid AS work_composerid, work.styleid AS work_styleid, work.description AS work_description, work.image AS work_image 
FROM work 
WHERE work.id = ?
15:59:22,610 INFO  [sqlalchemy.engine.base.Engine.0x...0590] [u'4']
15:59:22,612 INFO  [sqlalchemy.engine.base.Engine.0x...0590] SELECT instrument.id AS instrument_id, instrument.name AS instrument_name 
FROM instrument, workinstrument 
WHERE ? = workinstrument.workid AND instrument.id = workinstrument.instrumentid
15:59:22,612 INFO  [sqlalchemy.engine.base.Engine.0x...0590] [4]
15:59:22,613 INFO  [sqlalchemy.engine.base.Engine.0x...0590] SELECT "key".id AS key_id, "key".name AS key_name 
FROM "key" 
WHERE "key".id = ?
15:59:22,613 INFO  [sqlalchemy.engine.base.Engine.0x...0590] [17]
15:59:22,616 INFO  [sqlalchemy.engine.base.Engine.0x...0590] SELECT movement.id AS movement_id, movement.title AS movement_title, movement.keyid AS movement_keyid, movement.number AS movement_number, movement.workid AS movement_workid, movement.description AS movement_description 
FROM movement 
WHERE ? = movement.workid
15:59:22,616 INFO  [sqlalchemy.engine.base.Engine.0x...0590] [4]
15:59:22,617 INFO  [sqlalchemy.engine.base.Engine.0x...0590] SELECT composer.id AS composer_id, composer.lastname AS composer_lastname, composer.firstname AS composer_firstname, composer.middlename AS composer_middlename, composer.bio AS composer_bio, composer.image AS composer_image 
FROM composer 
WHERE composer.id = ?
15:59:22,617 INFO  [sqlalchemy.engine.base.Engine.0x...0590] [1]
15:59:22,618 INFO  [sqlalchemy.engine.base.Engine.0x...0590] SELECT style.id AS style_id, style.name AS style_name 
FROM style, workstyle 
WHERE ? = workstyle.workid AND style.id = workstyle.styleid
15:59:22,618 INFO  [sqlalchemy.engine.base.Engine.0x...0590] [4]
15:59:22,619 INFO  [sqlalchemy.engine.base.Engine.0x...0590] SELECT soundclip.id AS soundclip_id, soundclip.workid AS soundclip_workid, soundclip.movementid AS soundclip_movementid, soundclip.path AS soundclip_path 
FROM soundclip 
WHERE ? = soundclip.workid
15:59:22,619 INFO  [sqlalchemy.engine.base.Engine.0x...0590] [4]
15:59:22,653 INFO  [sqlalchemy.engine.base.Engine.0x...0590] BEGIN
15:59:22,653 INFO  [sqlalchemy.engine.base.Engine.0x...0590] SELECT work.id AS work_id, work.title AS work_title, work.keyid AS work_keyid, work.publicationid AS work_publicationid, work.composerid AS work_composerid, work.styleid AS work_styleid, work.description AS work_description, work.image AS work_image 
FROM work 
WHERE work.id = ?
15:59:22,653 INFO  [sqlalchemy.engine.base.Engine.0x...0590] ['4']
15:59:23,111 INFO  [sqlalchemy.engine.base.Engine.0x...0590] BEGIN
15:59:23,112 INFO  [sqlalchemy.engine.base.Engine.0x...0590] SELECT work.id AS work_id, work.title AS work_title, work.keyid AS work_keyid, work.publicationid AS work_publicationid, work.composerid AS work_composerid, work.styleid AS work_styleid, work.description AS work_description, work.image AS work_image 
FROM work 
WHERE work.id = ?
15:59:23,112 INFO  [sqlalchemy.engine.base.Engine.0x...0590] ['4']
15:59:23,113 INFO  [sqlalchemy.engine.base.Engine.0x...0590] SELECT work.id AS work_id, work.title AS work_title, work.keyid AS work_keyid, work.publicationid AS work_publicationid, work.composerid AS work_composerid, work.styleid AS work_styleid, work.description AS work_description, work.image AS work_image 
FROM work 
WHERE work.id = ?
15:59:23,113 INFO  [sqlalchemy.engine.base.Engine.0x...0590] [u'4']
15:59:23,131 INFO  [sqlalchemy.engine.base.Engine.0x...0590] BEGIN
15:59:23,132 INFO  [sqlalchemy.engine.base.Engine.0x...0590] SELECT work.id AS work_id, work.title AS work_title, work.keyid AS work_keyid, work.publicationid AS work_publicationid, work.composerid AS work_composerid, work.styleid AS work_styleid, work.description AS work_description, work.image AS work_image 
FROM work 
WHERE work.id = ?
15:59:23,132 INFO  [sqlalchemy.engine.base.Engine.0x...0590] [u'4']
15:59:23,134 INFO  [sqlalchemy.engine.base.Engine.0x...0590] SELECT instrument.id AS instrument_id, instrument.name AS instrument_name 
FROM instrument, workinstrument 
WHERE ? = workinstrument.workid AND instrument.id = workinstrument.instrumentid
15:59:23,134 INFO  [sqlalchemy.engine.base.Engine.0x...0590] [4]
15:59:23,135 INFO  [sqlalchemy.engine.base.Engine.0x...0590] SELECT "key".id AS key_id, "key".name AS key_name 
FROM "key" 
WHERE "key".id = ?
15:59:23,135 INFO  [sqlalchemy.engine.base.Engine.0x...0590] [17]
15:59:23,136 INFO  [sqlalchemy.engine.base.Engine.0x...0590] SELECT movement.id AS movement_id, movement.title AS movement_title, movement.keyid AS movement_keyid, movement.number AS movement_number, movement.workid AS movement_workid, movement.description AS movement_description 
FROM movement 
WHERE ? = movement.workid
15:59:23,136 INFO  [sqlalchemy.engine.base.Engine.0x...0590] [4]
15:59:23,137 INFO  [sqlalchemy.engine.base.Engine.0x...0590] SELECT composer.id AS composer_id, composer.lastname AS composer_lastname, composer.firstname AS composer_firstname, composer.middlename AS composer_middlename, composer.bio AS composer_bio, composer.image AS composer_image 
FROM composer 
WHERE composer.id = ?
15:59:23,137 INFO  [sqlalchemy.engine.base.Engine.0x...0590] [1]
15:59:23,138 INFO  [sqlalchemy.engine.base.Engine.0x...0590] SELECT style.id AS style_id, style.name AS style_name 
FROM style, workstyle 
WHERE ? = workstyle.workid AND style.id = workstyle.styleid
15:59:23,138 INFO  [sqlalchemy.engine.base.Engine.0x...0590] [4]
15:59:23,139 INFO  [sqlalchemy.engine.base.Engine.0x...0590] SELECT soundclip.id AS soundclip_id, soundclip.workid AS soundclip_workid, soundclip.movementid AS soundclip_movementid, soundclip.path AS soundclip_path 
FROM soundclip 
WHERE ? = soundclip.workid
15:59:23,139 INFO  [sqlalchemy.engine.base.Engine.0x...0590] [4]
15:59:41,219 INFO  [sqlalchemy.engine.base.Engine.0x...0590] BEGIN
15:59:41,219 INFO  [sqlalchemy.engine.base.Engine.0x...0590] SELECT work.id AS work_id, work.title AS work_title, work.keyid AS work_keyid, work.publicationid AS work_publicationid, work.composerid AS work_composerid, work.styleid AS work_styleid, work.description AS work_description, work.image AS work_image 
FROM work 
WHERE work.id = ?
15:59:41,219 INFO  [sqlalchemy.engine.base.Engine.0x...0590] [u'4']
15:59:41,231 INFO  [sqlalchemy.engine.base.Engine.0x...0590] SELECT instrument.id AS instrument_id, instrument.name AS instrument_name 
FROM instrument, workinstrument 
WHERE ? = workinstrument.workid AND instrument.id = workinstrument.instrumentid
15:59:41,231 INFO  [sqlalchemy.engine.base.Engine.0x...0590] [4]
15:59:41,232 INFO  [sqlalchemy.engine.base.Engine.0x...0590] SELECT "key".id AS key_id, "key".name AS key_name 
FROM "key" 
WHERE "key".id = ?
15:59:41,232 INFO  [sqlalchemy.engine.base.Engine.0x...0590] [17]
15:59:41,233 INFO  [sqlalchemy.engine.base.Engine.0x...0590] SELECT movement.id AS movement_id, movement.title AS movement_title, movement.keyid AS movement_keyid, movement.number AS movement_number, movement.workid AS movement_workid, movement.description AS movement_description 
FROM movement 
WHERE ? = movement.workid
15:59:41,234 INFO  [sqlalchemy.engine.base.Engine.0x...0590] [4]
15:59:41,235 INFO  [sqlalchemy.engine.base.Engine.0x...0590] SELECT composer.id AS composer_id, composer.lastname AS composer_lastname, composer.firstname AS composer_firstname, composer.middlename AS composer_middlename, composer.bio AS composer_bio, composer.image AS composer_image 
FROM composer 
WHERE composer.id = ?
15:59:41,235 INFO  [sqlalchemy.engine.base.Engine.0x...0590] [1]
15:59:41,236 INFO  [sqlalchemy.engine.base.Engine.0x...0590] SELECT style.id AS style_id, style.name AS style_name 
FROM style, workstyle 
WHERE ? = workstyle.workid AND style.id = workstyle.styleid
15:59:41,236 INFO  [sqlalchemy.engine.base.Engine.0x...0590] [4]
15:59:41,237 INFO  [sqlalchemy.engine.base.Engine.0x...0590] SELECT soundclip.id AS soundclip_id, soundclip.workid AS soundclip_workid, soundclip.movementid AS soundclip_movementid, soundclip.path AS soundclip_path 
FROM soundclip 
WHERE ? = soundclip.workid
15:59:41,237 INFO  [sqlalchemy.engine.base.Engine.0x...0590] [4]
15:59:54,715 INFO  [sqlalchemy.engine.base.Engine.0x...0590] BEGIN
15:59:54,715 INFO  [sqlalchemy.engine.base.Engine.0x...0590] SELECT work.id AS work_id, work.title AS work_title, work.keyid AS work_keyid, work.publicationid AS work_publicationid, work.composerid AS work_composerid, work.styleid AS work_styleid, work.description AS work_description, work.image AS work_image 
FROM work 
WHERE work.id = ?
15:59:54,715 INFO  [sqlalchemy.engine.base.Engine.0x...0590] [u'4']
15:59:54,727 INFO  [sqlalchemy.engine.base.Engine.0x...0590] SELECT instrument.id AS instrument_id, instrument.name AS instrument_name 
FROM instrument, workinstrument 
WHERE ? = workinstrument.workid AND instrument.id = workinstrument.instrumentid
15:59:54,727 INFO  [sqlalchemy.engine.base.Engine.0x...0590] [4]
15:59:54,728 INFO  [sqlalchemy.engine.base.Engine.0x...0590] SELECT "key".id AS key_id, "key".name AS key_name 
FROM "key" 
WHERE "key".id = ?
15:59:54,728 INFO  [sqlalchemy.engine.base.Engine.0x...0590] [17]
15:59:54,730 INFO  [sqlalchemy.engine.base.Engine.0x...0590] SELECT movement.id AS movement_id, movement.title AS movement_title, movement.keyid AS movement_keyid, movement.number AS movement_number, movement.workid AS movement_workid, movement.description AS movement_description 
FROM movement 
WHERE ? = movement.workid
15:59:54,730 INFO  [sqlalchemy.engine.base.Engine.0x...0590] [4]
15:59:54,731 INFO  [sqlalchemy.engine.base.Engine.0x...0590] SELECT composer.id AS composer_id, composer.lastname AS composer_lastname, composer.firstname AS composer_firstname, composer.middlename AS composer_middlename, composer.bio AS composer_bio, composer.image AS composer_image 
FROM composer 
WHERE composer.id = ?
15:59:54,731 INFO  [sqlalchemy.engine.base.Engine.0x...0590] [1]
15:59:54,732 INFO  [sqlalchemy.engine.base.Engine.0x...0590] SELECT style.id AS style_id, style.name AS style_name 
FROM style, workstyle 
WHERE ? = workstyle.workid AND style.id = workstyle.styleid
15:59:54,732 INFO  [sqlalchemy.engine.base.Engine.0x...0590] [4]
15:59:54,733 INFO  [sqlalchemy.engine.base.Engine.0x...0590] SELECT soundclip.id AS soundclip_id, soundclip.workid AS soundclip_workid, soundclip.movementid AS soundclip_movementid, soundclip.path AS soundclip_path 
FROM soundclip 
WHERE ? = soundclip.workid
15:59:54,733 INFO  [sqlalchemy.engine.base.Engine.0x...0590] [4]
15:59:57,752 INFO  [sqlalchemy.engine.base.Engine.0x...0590] BEGIN
15:59:57,752 INFO  [sqlalchemy.engine.base.Engine.0x...0590] SELECT instrument.id AS instrument_id, instrument.name AS instrument_name 
FROM instrument 
WHERE instrument.id = ?
15:59:57,752 INFO  [sqlalchemy.engine.base.Engine.0x...0590] [u'3']
15:59:57,755 INFO  [sqlalchemy.engine.base.Engine.0x...0590] SELECT work.id AS work_id, work.title AS work_title, work.keyid AS work_keyid, work.publicationid AS work_publicationid, work.composerid AS work_composerid, work.styleid AS work_styleid, work.description AS work_description, work.image AS work_image 
FROM work, workinstrument AS workinstrument_1 
WHERE work.id = workinstrument_1.workid AND ? = workinstrument_1.instrumentid
15:59:57,755 INFO  [sqlalchemy.engine.base.Engine.0x...0590] [3]
15:59:58,680 INFO  [sqlalchemy.engine.base.Engine.0x...0590] BEGIN
15:59:58,680 INFO  [sqlalchemy.engine.base.Engine.0x...0590] SELECT work.id AS work_id, work.title AS work_title, work.keyid AS work_keyid, work.publicationid AS work_publicationid, work.composerid AS work_composerid, work.styleid AS work_styleid, work.description AS work_description, work.image AS work_image 
FROM work 
WHERE work.id = ?
15:59:58,680 INFO  [sqlalchemy.engine.base.Engine.0x...0590] [u'2']
15:59:58,683 INFO  [sqlalchemy.engine.base.Engine.0x...0590] SELECT instrument.id AS instrument_id, instrument.name AS instrument_name 
FROM instrument, workinstrument 
WHERE ? = workinstrument.workid AND instrument.id = workinstrument.instrumentid
15:59:58,683 INFO  [sqlalchemy.engine.base.Engine.0x...0590] [2]
15:59:58,684 INFO  [sqlalchemy.engine.base.Engine.0x...0590] SELECT "key".id AS key_id, "key".name AS key_name 
FROM "key" 
WHERE "key".id = ?
15:59:58,684 INFO  [sqlalchemy.engine.base.Engine.0x...0590] [17]
15:59:58,685 INFO  [sqlalchemy.engine.base.Engine.0x...0590] SELECT movement.id AS movement_id, movement.title AS movement_title, movement.keyid AS movement_keyid, movement.number AS movement_number, movement.workid AS movement_workid, movement.description AS movement_description 
FROM movement 
WHERE ? = movement.workid
15:59:58,685 INFO  [sqlalchemy.engine.base.Engine.0x...0590] [2]
15:59:58,686 INFO  [sqlalchemy.engine.base.Engine.0x...0590] SELECT composer.id AS composer_id, composer.lastname AS composer_lastname, composer.firstname AS composer_firstname, composer.middlename AS composer_middlename, composer.bio AS composer_bio, composer.image AS composer_image 
FROM composer 
WHERE composer.id = ?
15:59:58,686 INFO  [sqlalchemy.engine.base.Engine.0x...0590] [1]
15:59:58,687 INFO  [sqlalchemy.engine.base.Engine.0x...0590] SELECT style.id AS style_id, style.name AS style_name 
FROM style, workstyle 
WHERE ? = workstyle.workid AND style.id = workstyle.styleid
15:59:58,687 INFO  [sqlalchemy.engine.base.Engine.0x...0590] [2]
15:59:58,688 INFO  [sqlalchemy.engine.base.Engine.0x...0590] SELECT soundclip.id AS soundclip_id, soundclip.workid AS soundclip_workid, soundclip.movementid AS soundclip_movementid, soundclip.path AS soundclip_path 
FROM soundclip 
WHERE ? = soundclip.workid
15:59:58,688 INFO  [sqlalchemy.engine.base.Engine.0x...0590] [2]
15:59:58,716 INFO  [paste.httpserver.ThreadPool] kill_hung_threads status: 10 threads (0 working, 10 idle, 0 starting) ave time N/A, max time 0.00sec, killed 0 workers
15:59:59,717 INFO  [sqlalchemy.engine.base.Engine.0x...0590] BEGIN
15:59:59,718 INFO  [sqlalchemy.engine.base.Engine.0x...0590] SELECT work.id AS work_id, work.title AS work_title, work.keyid AS work_keyid, work.publicationid AS work_publicationid, work.composerid AS work_composerid, work.styleid AS work_styleid, work.description AS work_description, work.image AS work_image 
FROM work 
WHERE work.id = ?
15:59:59,718 INFO  [sqlalchemy.engine.base.Engine.0x...0590] [u'2']
15:59:59,719 INFO  [sqlalchemy.engine.base.Engine.0x...0590] SELECT work.id AS work_id, work.title AS work_title, work.keyid AS work_keyid, work.publicationid AS work_publicationid, work.composerid AS work_composerid, work.styleid AS work_styleid, work.description AS work_description, work.image AS work_image 
FROM work 
WHERE work.id = ?
15:59:59,719 INFO  [sqlalchemy.engine.base.Engine.0x...0590] [u'2']
15:59:59,722 INFO  [sqlalchemy.engine.base.Engine.0x...0590] SELECT instrument.id AS instrument_id, instrument.name AS instrument_name 
FROM instrument, workinstrument 
WHERE ? = workinstrument.workid AND instrument.id = workinstrument.instrumentid
15:59:59,722 INFO  [sqlalchemy.engine.base.Engine.0x...0590] [2]
15:59:59,723 INFO  [sqlalchemy.engine.base.Engine.0x...0590] SELECT "key".id AS key_id, "key".name AS key_name 
FROM "key" 
WHERE "key".id = ?
15:59:59,723 INFO  [sqlalchemy.engine.base.Engine.0x...0590] [17]
15:59:59,724 INFO  [sqlalchemy.engine.base.Engine.0x...0590] SELECT movement.id AS movement_id, movement.title AS movement_title, movement.keyid AS movement_keyid, movement.number AS movement_number, movement.workid AS movement_workid, movement.description AS movement_description 
FROM movement 
WHERE ? = movement.workid
15:59:59,724 INFO  [sqlalchemy.engine.base.Engine.0x...0590] [2]
15:59:59,725 INFO  [sqlalchemy.engine.base.Engine.0x...0590] SELECT composer.id AS composer_id, composer.lastname AS composer_lastname, composer.firstname AS composer_firstname, composer.middlename AS composer_middlename, composer.bio AS composer_bio, composer.image AS composer_image 
FROM composer 
WHERE composer.id = ?
15:59:59,725 INFO  [sqlalchemy.engine.base.Engine.0x...0590] [1]
15:59:59,726 INFO  [sqlalchemy.engine.base.Engine.0x...0590] SELECT style.id AS style_id, style.name AS style_name 
FROM style, workstyle 
WHERE ? = workstyle.workid AND style.id = workstyle.styleid
15:59:59,726 INFO  [sqlalchemy.engine.base.Engine.0x...0590] [2]
15:59:59,727 INFO  [sqlalchemy.engine.base.Engine.0x...0590] SELECT soundclip.id AS soundclip_id, soundclip.workid AS soundclip_workid, soundclip.movementid AS soundclip_movementid, soundclip.path AS soundclip_path 
FROM soundclip 
WHERE ? = soundclip.workid
15:59:59,727 INFO  [sqlalchemy.engine.base.Engine.0x...0590] [2]
15:59:59,766 INFO  [sqlalchemy.engine.base.Engine.0x...0590] BEGIN
15:59:59,766 INFO  [sqlalchemy.engine.base.Engine.0x...0590] SELECT work.id AS work_id, work.title AS work_title, work.keyid AS work_keyid, work.publicationid AS work_publicationid, work.composerid AS work_composerid, work.styleid AS work_styleid, work.description AS work_description, work.image AS work_image 
FROM work 
WHERE work.id = ?
15:59:59,767 INFO  [sqlalchemy.engine.base.Engine.0x...0590] [u'2']
16:00:04,423 INFO  [sqlalchemy.engine.base.Engine.0x...0590] BEGIN
16:00:04,424 INFO  [sqlalchemy.engine.base.Engine.0x...0590] SELECT work.id AS work_id, work.title AS work_title, work.keyid AS work_keyid, work.publicationid AS work_publicationid, work.composerid AS work_composerid, work.styleid AS work_styleid, work.description AS work_description, work.image AS work_image 
FROM work 
WHERE work.id = ?
16:00:04,424 INFO  [sqlalchemy.engine.base.Engine.0x...0590] [u'2']
16:00:04,425 INFO  [sqlalchemy.engine.base.Engine.0x...0590] SELECT composer.id AS composer_id, composer.lastname AS composer_lastname, composer.firstname AS composer_firstname, composer.middlename AS composer_middlename, composer.bio AS composer_bio, composer.image AS composer_image 
FROM composer
16:00:04,426 INFO  [sqlalchemy.engine.base.Engine.0x...0590] []
16:00:04,427 INFO  [sqlalchemy.engine.base.Engine.0x...0590] SELECT work.id AS work_id, work.title AS work_title, work.keyid AS work_keyid, work.publicationid AS work_publicationid, work.composerid AS work_composerid, work.styleid AS work_styleid, work.description AS work_description, work.image AS work_image 
FROM work 
WHERE ? = work.composerid
16:00:04,427 INFO  [sqlalchemy.engine.base.Engine.0x...0590] [1]
16:00:04,429 INFO  [sqlalchemy.engine.base.Engine.0x...0590] SELECT work.id AS work_id, work.title AS work_title, work.keyid AS work_keyid, work.publicationid AS work_publicationid, work.composerid AS work_composerid, work.styleid AS work_styleid, work.description AS work_description, work.image AS work_image 
FROM work 
WHERE ? = work.composerid
16:00:04,429 INFO  [sqlalchemy.engine.base.Engine.0x...0590] [2]
16:00:04,474 INFO  [sqlalchemy.engine.base.Engine.0x...0590] BEGIN
16:00:04,474 INFO  [sqlalchemy.engine.base.Engine.0x...0590] SELECT work.id AS work_id, work.title AS work_title, work.keyid AS work_keyid, work.publicationid AS work_publicationid, work.composerid AS work_composerid, work.styleid AS work_styleid, work.description AS work_description, work.image AS work_image 
FROM work 
WHERE work.id = ?
16:00:04,475 INFO  [sqlalchemy.engine.base.Engine.0x...0590] [u'2']
16:00:05,496 INFO  [sqlalchemy.engine.base.Engine.0x...0590] BEGIN
16:00:05,496 INFO  [sqlalchemy.engine.base.Engine.0x...0590] SELECT work.id AS work_id, work.title AS work_title, work.keyid AS work_keyid, work.publicationid AS work_publicationid, work.composerid AS work_composerid, work.styleid AS work_styleid, work.description AS work_description, work.image AS work_image 
FROM work 
WHERE work.id = ?
16:00:05,496 INFO  [sqlalchemy.engine.base.Engine.0x...0590] [u'2']
16:00:05,498 INFO  [sqlalchemy.engine.base.Engine.0x...0590] SELECT composer.id AS composer_id, composer.lastname AS composer_lastname, composer.firstname AS composer_firstname, composer.middlename AS composer_middlename, composer.bio AS composer_bio, composer.image AS composer_image 
FROM composer 
WHERE composer.id = ?
16:00:05,498 INFO  [sqlalchemy.engine.base.Engine.0x...0590] [u'2']
16:00:05,500 INFO  [sqlalchemy.engine.base.Engine.0x...0590] SELECT work.id AS work_id, work.title AS work_title, work.keyid AS work_keyid, work.publicationid AS work_publicationid, work.composerid AS work_composerid, work.styleid AS work_styleid, work.description AS work_description, work.image AS work_image 
FROM work 
WHERE ? = work.composerid
16:00:05,500 INFO  [sqlalchemy.engine.base.Engine.0x...0590] [2]
16:00:05,539 INFO  [sqlalchemy.engine.base.Engine.0x...0590] BEGIN
16:00:05,539 INFO  [sqlalchemy.engine.base.Engine.0x...0590] SELECT work.id AS work_id, work.title AS work_title, work.keyid AS work_keyid, work.publicationid AS work_publicationid, work.composerid AS work_composerid, work.styleid AS work_styleid, work.description AS work_description, work.image AS work_image 
FROM work 
WHERE work.id = ?
16:00:05,539 INFO  [sqlalchemy.engine.base.Engine.0x...0590] [u'2']
16:00:06,553 INFO  [sqlalchemy.engine.base.Engine.0x...0590] BEGIN
16:00:06,554 INFO  [sqlalchemy.engine.base.Engine.0x...0590] SELECT work.id AS work_id, work.title AS work_title, work.keyid AS work_keyid, work.publicationid AS work_publicationid, work.composerid AS work_composerid, work.styleid AS work_styleid, work.description AS work_description, work.image AS work_image 
FROM work 
WHERE work.id = ?
16:00:06,554 INFO  [sqlalchemy.engine.base.Engine.0x...0590] [u'2']
16:00:06,555 INFO  [sqlalchemy.engine.base.Engine.0x...0590] SELECT work.id AS work_id, work.title AS work_title, work.keyid AS work_keyid, work.publicationid AS work_publicationid, work.composerid AS work_composerid, work.styleid AS work_styleid, work.description AS work_description, work.image AS work_image 
FROM work 
WHERE work.id = ?
16:00:06,555 INFO  [sqlalchemy.engine.base.Engine.0x...0590] [u'1']
16:00:06,557 INFO  [sqlalchemy.engine.base.Engine.0x...0590] SELECT instrument.id AS instrument_id, instrument.name AS instrument_name 
FROM instrument, workinstrument 
WHERE ? = workinstrument.workid AND instrument.id = workinstrument.instrumentid
16:00:06,557 INFO  [sqlalchemy.engine.base.Engine.0x...0590] [1]
16:00:06,558 INFO  [sqlalchemy.engine.base.Engine.0x...0590] SELECT "key".id AS key_id, "key".name AS key_name 
FROM "key" 
WHERE "key".id = ?
16:00:06,558 INFO  [sqlalchemy.engine.base.Engine.0x...0590] [17]
16:00:06,559 INFO  [sqlalchemy.engine.base.Engine.0x...0590] SELECT movement.id AS movement_id, movement.title AS movement_title, movement.keyid AS movement_keyid, movement.number AS movement_number, movement.workid AS movement_workid, movement.description AS movement_description 
FROM movement 
WHERE ? = movement.workid
16:00:06,559 INFO  [sqlalchemy.engine.base.Engine.0x...0590] [1]
16:00:06,560 INFO  [sqlalchemy.engine.base.Engine.0x...0590] SELECT composer.id AS composer_id, composer.lastname AS composer_lastname, composer.firstname AS composer_firstname, composer.middlename AS composer_middlename, composer.bio AS composer_bio, composer.image AS composer_image 
FROM composer 
WHERE composer.id = ?
16:00:06,560 INFO  [sqlalchemy.engine.base.Engine.0x...0590] [2]
16:00:06,561 INFO  [sqlalchemy.engine.base.Engine.0x...0590] SELECT style.id AS style_id, style.name AS style_name 
FROM style, workstyle 
WHERE ? = workstyle.workid AND style.id = workstyle.styleid
16:00:06,561 INFO  [sqlalchemy.engine.base.Engine.0x...0590] [1]
16:00:06,562 INFO  [sqlalchemy.engine.base.Engine.0x...0590] SELECT soundclip.id AS soundclip_id, soundclip.workid AS soundclip_workid, soundclip.movementid AS soundclip_movementid, soundclip.path AS soundclip_path 
FROM soundclip 
WHERE ? = soundclip.workid
16:00:06,562 INFO  [sqlalchemy.engine.base.Engine.0x...0590] [1]
16:00:06,599 INFO  [sqlalchemy.engine.base.Engine.0x...0590] BEGIN
16:00:06,600 INFO  [sqlalchemy.engine.base.Engine.0x...0590] SELECT work.id AS work_id, work.title AS work_title, work.keyid AS work_keyid, work.publicationid AS work_publicationid, work.composerid AS work_composerid, work.styleid AS work_styleid, work.description AS work_description, work.image AS work_image 
FROM work 
WHERE work.id = ?
16:00:06,600 INFO  [sqlalchemy.engine.base.Engine.0x...0590] [u'2']
16:00:07,319 INFO  [sqlalchemy.engine.base.Engine.0x...0590] BEGIN
16:00:07,320 INFO  [sqlalchemy.engine.base.Engine.0x...0590] SELECT work.id AS work_id, work.title AS work_title, work.keyid AS work_keyid, work.publicationid AS work_publicationid, work.composerid AS work_composerid, work.styleid AS work_styleid, work.description AS work_description, work.image AS work_image 
FROM work 
WHERE work.id = ?
16:00:07,320 INFO  [sqlalchemy.engine.base.Engine.0x...0590] [u'2']
16:00:07,326 INFO  [sqlalchemy.engine.base.Engine.0x...0590] BEGIN
16:00:07,327 INFO  [sqlalchemy.engine.base.Engine.0x...0590] SELECT work.id AS work_id, work.title AS work_title, work.keyid AS work_keyid, work.publicationid AS work_publicationid, work.composerid AS work_composerid, work.styleid AS work_styleid, work.description AS work_description, work.image AS work_image 
FROM work 
WHERE work.id = ?
16:00:07,327 INFO  [sqlalchemy.engine.base.Engine.0x...0590] [u'2']
16:00:07,328 INFO  [sqlalchemy.engine.base.Engine.0x...0590] SELECT work.id AS work_id, work.title AS work_title, work.keyid AS work_keyid, work.publicationid AS work_publicationid, work.composerid AS work_composerid, work.styleid AS work_styleid, work.description AS work_description, work.image AS work_image 
FROM work 
WHERE work.id = ?
16:00:07,328 INFO  [sqlalchemy.engine.base.Engine.0x...0590] [u'1']
16:00:07,329 INFO  [sqlalchemy.engine.base.Engine.0x...0590] SELECT work.id AS work_id, work.title AS work_title, work.keyid AS work_keyid, work.publicationid AS work_publicationid, work.composerid AS work_composerid, work.styleid AS work_styleid, work.description AS work_description, work.image AS work_image 
FROM work 
WHERE work.id = ?
16:00:07,329 INFO  [sqlalchemy.engine.base.Engine.0x...0590] [u'1']
16:00:07,331 INFO  [sqlalchemy.engine.base.Engine.0x...0590] SELECT instrument.id AS instrument_id, instrument.name AS instrument_name 
FROM instrument, workinstrument 
WHERE ? = workinstrument.workid AND instrument.id = workinstrument.instrumentid
16:00:07,331 INFO  [sqlalchemy.engine.base.Engine.0x...0590] [1]
16:00:07,332 INFO  [sqlalchemy.engine.base.Engine.0x...0590] SELECT "key".id AS key_id, "key".name AS key_name 
FROM "key" 
WHERE "key".id = ?
16:00:07,332 INFO  [sqlalchemy.engine.base.Engine.0x...0590] [17]
16:00:07,333 INFO  [sqlalchemy.engine.base.Engine.0x...0590] SELECT movement.id AS movement_id, movement.title AS movement_title, movement.keyid AS movement_keyid, movement.number AS movement_number, movement.workid AS movement_workid, movement.description AS movement_description 
FROM movement 
WHERE ? = movement.workid
16:00:07,333 INFO  [sqlalchemy.engine.base.Engine.0x...0590] [1]
16:00:07,334 INFO  [sqlalchemy.engine.base.Engine.0x...0590] SELECT composer.id AS composer_id, composer.lastname AS composer_lastname, composer.firstname AS composer_firstname, composer.middlename AS composer_middlename, composer.bio AS composer_bio, composer.image AS composer_image 
FROM composer 
WHERE composer.id = ?
16:00:07,334 INFO  [sqlalchemy.engine.base.Engine.0x...0590] [2]
16:00:07,336 INFO  [sqlalchemy.engine.base.Engine.0x...0590] SELECT style.id AS style_id, style.name AS style_name 
FROM style, workstyle 
WHERE ? = workstyle.workid AND style.id = workstyle.styleid
16:00:07,336 INFO  [sqlalchemy.engine.base.Engine.0x...0590] [1]
16:00:07,337 INFO  [sqlalchemy.engine.base.Engine.0x...0590] SELECT soundclip.id AS soundclip_id, soundclip.workid AS soundclip_workid, soundclip.movementid AS soundclip_movementid, soundclip.path AS soundclip_path 
FROM soundclip 
WHERE ? = soundclip.workid
16:00:07,337 INFO  [sqlalchemy.engine.base.Engine.0x...0590] [1]
16:00:07,370 INFO  [sqlalchemy.engine.base.Engine.0x...0590] BEGIN
16:00:07,370 INFO  [sqlalchemy.engine.base.Engine.0x...0590] SELECT work.id AS work_id, work.title AS work_title, work.keyid AS work_keyid, work.publicationid AS work_publicationid, work.composerid AS work_composerid, work.styleid AS work_styleid, work.description AS work_description, work.image AS work_image 
FROM work 
WHERE work.id = ?
16:00:07,370 INFO  [sqlalchemy.engine.base.Engine.0x...0590] [u'2']
16:00:07,372 INFO  [sqlalchemy.engine.base.Engine.0x...0590] SELECT work.id AS work_id, work.title AS work_title, work.keyid AS work_keyid, work.publicationid AS work_publicationid, work.composerid AS work_composerid, work.styleid AS work_styleid, work.description AS work_description, work.image AS work_image 
FROM work 
WHERE work.id = ?
16:00:07,372 INFO  [sqlalchemy.engine.base.Engine.0x...0590] [u'1']
16:00:29,398 INFO  [sqlalchemy.engine.base.Engine.0x...0590] BEGIN
16:00:29,399 INFO  [sqlalchemy.engine.base.Engine.0x...0590] SELECT work.id AS work_id, work.title AS work_title, work.keyid AS work_keyid, work.publicationid AS work_publicationid, work.composerid AS work_composerid, work.styleid AS work_styleid, work.description AS work_description, work.image AS work_image 
FROM work 
WHERE work.id = ?
16:00:29,399 INFO  [sqlalchemy.engine.base.Engine.0x...0590] [u'2']
16:00:29,400 INFO  [sqlalchemy.engine.base.Engine.0x...0590] SELECT work.id AS work_id, work.title AS work_title, work.keyid AS work_keyid, work.publicationid AS work_publicationid, work.composerid AS work_composerid, work.styleid AS work_styleid, work.description AS work_description, work.image AS work_image 
FROM work 
WHERE work.id = ?
16:00:29,401 INFO  [sqlalchemy.engine.base.Engine.0x...0590] [u'1']
16:00:30,364 INFO  [sqlalchemy.engine.base.Engine.0x...0590] BEGIN
16:00:30,365 INFO  [sqlalchemy.engine.base.Engine.0x...0590] SELECT work.id AS work_id, work.title AS work_title, work.keyid AS work_keyid, work.publicationid AS work_publicationid, work.composerid AS work_composerid, work.styleid AS work_styleid, work.description AS work_description, work.image AS work_image 
FROM work 
WHERE work.id = ?
16:00:30,365 INFO  [sqlalchemy.engine.base.Engine.0x...0590] [u'2']
16:00:30,366 INFO  [sqlalchemy.engine.base.Engine.0x...0590] SELECT work.id AS work_id, work.title AS work_title, work.keyid AS work_keyid, work.publicationid AS work_publicationid, work.composerid AS work_composerid, work.styleid AS work_styleid, work.description AS work_description, work.image AS work_image 
FROM work 
WHERE work.id = ?
16:00:30,366 INFO  [sqlalchemy.engine.base.Engine.0x...0590] [u'1']
16:00:30,369 INFO  [sqlalchemy.engine.base.Engine.0x...0590] SELECT users.uid AS users_uid, users.username AS users_username, users.password AS users_password, users.group_uid AS users_group_uid 
FROM users 
WHERE users.username = ? 
 LIMIT 1 OFFSET 0
16:00:30,369 INFO  [sqlalchemy.engine.base.Engine.0x...0590] ['gwhiz']
16:00:30,384 INFO  [sqlalchemy.engine.base.Engine.0x...0590] SELECT users.uid AS users_uid, users.username AS users_username, users.password AS users_password, users.group_uid AS users_group_uid 
FROM users 
WHERE users.username = ? 
 LIMIT 1 OFFSET 0
16:00:30,384 INFO  [sqlalchemy.engine.base.Engine.0x...0590] ['gwhiz']
16:00:30,385 INFO  [sqlalchemy.engine.base.Engine.0x...0590] SELECT users.uid AS users_uid, users.username AS users_username, users.password AS users_password, users.group_uid AS users_group_uid 
FROM users 
WHERE users.username = ? 
 LIMIT 1 OFFSET 0
16:00:30,385 INFO  [sqlalchemy.engine.base.Engine.0x...0590] ['gwhiz']
16:00:30,389 INFO  [sqlalchemy.engine.base.Engine.0x...0590] SELECT work.id AS work_id, work.title AS work_title, work.keyid AS work_keyid, work.publicationid AS work_publicationid, work.composerid AS work_composerid, work.styleid AS work_styleid, work.description AS work_description, work.image AS work_image 
FROM work 
WHERE work.id = ?
16:00:30,389 INFO  [sqlalchemy.engine.base.Engine.0x...0590] [u'2']
16:00:30,390 INFO  [sqlalchemy.engine.base.Engine.0x...0590] SELECT work.id AS work_id, work.title AS work_title, work.keyid AS work_keyid, work.publicationid AS work_publicationid, work.composerid AS work_composerid, work.styleid AS work_styleid, work.description AS work_description, work.image AS work_image 
FROM work 
WHERE work.id = ?
16:00:30,390 INFO  [sqlalchemy.engine.base.Engine.0x...0590] [u'1']
16:00:30,391 INFO  [sqlalchemy.engine.base.Engine.0x...0590] SELECT users.uid AS users_uid, users.username AS users_username, users.password AS users_password, users.group_uid AS users_group_uid 
FROM users 
WHERE users.username = ? 
 LIMIT 1 OFFSET 0
16:00:30,391 INFO  [sqlalchemy.engine.base.Engine.0x...0590] ['gwhiz']
/home/kgraehl/pylons/lib/python2.5/site-packages/Paste-1.7.2-py2.5.egg/paste/registry.py:137: DeprecationWarning: pylons.h is deprecated: use your project's lib.helpers module directly instead. Your lib/helpers.py may require the following additional imports:

    from pylons.helpers import log
    from pylons.i18n import get_lang, set_lang

Use the following in your project's lib/base.py file (and any other module that
uses h):

    import MYPROJ.lib.helpers as h

(where MYPROJ is the name of your project) instead of:

    from pylons import h

  return getattr(self._current_obj(), attr)
16:00:33,839 INFO  [sqlalchemy.engine.base.Engine.0x...0590] BEGIN
16:00:33,840 INFO  [sqlalchemy.engine.base.Engine.0x...0590] SELECT work.id AS work_id, work.title AS work_title, work.keyid AS work_keyid, work.publicationid AS work_publicationid, work.composerid AS work_composerid, work.styleid AS work_styleid, work.description AS work_description, work.image AS work_image 
FROM work 
WHERE work.id = ?
16:00:33,840 INFO  [sqlalchemy.engine.base.Engine.0x...0590] [u'2']
16:00:33,842 INFO  [sqlalchemy.engine.base.Engine.0x...0590] SELECT work.id AS work_id, work.title AS work_title, work.keyid AS work_keyid, work.publicationid AS work_publicationid, work.composerid AS work_composerid, work.styleid AS work_styleid, work.description AS work_description, work.image AS work_image 
FROM work 
WHERE work.id = ?
16:00:33,842 INFO  [sqlalchemy.engine.base.Engine.0x...0590] [u'1']
16:00:36,443 INFO  [sqlalchemy.engine.base.Engine.0x...0590] BEGIN
16:00:36,444 INFO  [sqlalchemy.engine.base.Engine.0x...0590] SELECT work.id AS work_id, work.title AS work_title, work.keyid AS work_keyid, work.publicationid AS work_publicationid, work.composerid AS work_composerid, work.styleid AS work_styleid, work.description AS work_description, work.image AS work_image 
FROM work 
WHERE work.id = ?
16:00:36,444 INFO  [sqlalchemy.engine.base.Engine.0x...0590] [u'2']
16:00:36,446 INFO  [sqlalchemy.engine.base.Engine.0x...0590] SELECT work.id AS work_id, work.title AS work_title, work.keyid AS work_keyid, work.publicationid AS work_publicationid, work.composerid AS work_composerid, work.styleid AS work_styleid, work.description AS work_description, work.image AS work_image 
FROM work 
WHERE work.id = ?
16:00:36,446 INFO  [sqlalchemy.engine.base.Engine.0x...0590] [u'1']
16:00:36,534 INFO  [sqlalchemy.engine.base.Engine.0x...0590] BEGIN
16:00:36,535 INFO  [sqlalchemy.engine.base.Engine.0x...0590] SELECT work.id AS work_id, work.title AS work_title, work.keyid AS work_keyid, work.publicationid AS work_publicationid, work.composerid AS work_composerid, work.styleid AS work_styleid, work.description AS work_description, work.image AS work_image 
FROM work 
WHERE work.id = ?
16:00:36,535 INFO  [sqlalchemy.engine.base.Engine.0x...0590] [u'2']
16:00:36,536 INFO  [sqlalchemy.engine.base.Engine.0x...0590] SELECT work.id AS work_id, work.title AS work_title, work.keyid AS work_keyid, work.publicationid AS work_publicationid, work.composerid AS work_composerid, work.styleid AS work_styleid, work.description AS work_description, work.image AS work_image 
FROM work 
WHERE work.id = ?
16:00:36,536 INFO  [sqlalchemy.engine.base.Engine.0x...0590] [u'1']
16:00:38,071 INFO  [sqlalchemy.engine.base.Engine.0x...0590] BEGIN
16:00:38,072 INFO  [sqlalchemy.engine.base.Engine.0x...0590] SELECT work.id AS work_id, work.title AS work_title, work.keyid AS work_keyid, work.publicationid AS work_publicationid, work.composerid AS work_composerid, work.styleid AS work_styleid, work.description AS work_description, work.image AS work_image 
FROM work 
WHERE work.id = ?
16:00:38,072 INFO  [sqlalchemy.engine.base.Engine.0x...0590] [u'2']
16:00:38,073 INFO  [sqlalchemy.engine.base.Engine.0x...0590] SELECT work.id AS work_id, work.title AS work_title, work.keyid AS work_keyid, work.publicationid AS work_publicationid, work.composerid AS work_composerid, work.styleid AS work_styleid, work.description AS work_description, work.image AS work_image 
FROM work 
WHERE work.id = ?
16:00:38,073 INFO  [sqlalchemy.engine.base.Engine.0x...0590] [u'1']
16:00:38,075 INFO  [sqlalchemy.engine.base.Engine.0x...0590] SELECT work.id AS work_id, work.title AS work_title, work.keyid AS work_keyid, work.publicationid AS work_publicationid, work.composerid AS work_composerid, work.styleid AS work_styleid, work.description AS work_description, work.image AS work_image 
FROM work 
WHERE work.id = ?
16:00:38,075 INFO  [sqlalchemy.engine.base.Engine.0x...0590] [u'2']
16:00:38,077 INFO  [sqlalchemy.engine.base.Engine.0x...0590] SELECT instrument.id AS instrument_id, instrument.name AS instrument_name 
FROM instrument, workinstrument 
WHERE ? = workinstrument.workid AND instrument.id = workinstrument.instrumentid
16:00:38,077 INFO  [sqlalchemy.engine.base.Engine.0x...0590] [2]
16:00:38,078 INFO  [sqlalchemy.engine.base.Engine.0x...0590] SELECT "key".id AS key_id, "key".name AS key_name 
FROM "key" 
WHERE "key".id = ?
16:00:38,078 INFO  [sqlalchemy.engine.base.Engine.0x...0590] [17]
16:00:38,079 INFO  [sqlalchemy.engine.base.Engine.0x...0590] SELECT movement.id AS movement_id, movement.title AS movement_title, movement.keyid AS movement_keyid, movement.number AS movement_number, movement.workid AS movement_workid, movement.description AS movement_description 
FROM movement 
WHERE ? = movement.workid
16:00:38,079 INFO  [sqlalchemy.engine.base.Engine.0x...0590] [2]
16:00:38,080 INFO  [sqlalchemy.engine.base.Engine.0x...0590] SELECT composer.id AS composer_id, composer.lastname AS composer_lastname, composer.firstname AS composer_firstname, composer.middlename AS composer_middlename, composer.bio AS composer_bio, composer.image AS composer_image 
FROM composer 
WHERE composer.id = ?
16:00:38,080 INFO  [sqlalchemy.engine.base.Engine.0x...0590] [1]
16:00:38,081 INFO  [sqlalchemy.engine.base.Engine.0x...0590] SELECT style.id AS style_id, style.name AS style_name 
FROM style, workstyle 
WHERE ? = workstyle.workid AND style.id = workstyle.styleid
16:00:38,081 INFO  [sqlalchemy.engine.base.Engine.0x...0590] [2]
16:00:38,082 INFO  [sqlalchemy.engine.base.Engine.0x...0590] SELECT soundclip.id AS soundclip_id, soundclip.workid AS soundclip_workid, soundclip.movementid AS soundclip_movementid, soundclip.path AS soundclip_path 
FROM soundclip 
WHERE ? = soundclip.workid
16:00:38,083 INFO  [sqlalchemy.engine.base.Engine.0x...0590] [2]
16:00:38,116 INFO  [sqlalchemy.engine.base.Engine.0x...0590] BEGIN
16:00:38,117 INFO  [sqlalchemy.engine.base.Engine.0x...0590] SELECT work.id AS work_id, work.title AS work_title, work.keyid AS work_keyid, work.publicationid AS work_publicationid, work.composerid AS work_composerid, work.styleid AS work_styleid, work.description AS work_description, work.image AS work_image 
FROM work 
WHERE work.id = ?
16:00:38,117 INFO  [sqlalchemy.engine.base.Engine.0x...0590] [u'2']
16:00:38,118 INFO  [sqlalchemy.engine.base.Engine.0x...0590] SELECT work.id AS work_id, work.title AS work_title, work.keyid AS work_keyid, work.publicationid AS work_publicationid, work.composerid AS work_composerid, work.styleid AS work_styleid, work.description AS work_description, work.image AS work_image 
FROM work 
WHERE work.id = ?
16:00:38,118 INFO  [sqlalchemy.engine.base.Engine.0x...0590] [u'1']
16:01:18,432 INFO  [sqlalchemy.engine.base.Engine.0x...0590] BEGIN
16:01:18,433 INFO  [sqlalchemy.engine.base.Engine.0x...0590] SELECT work.id AS work_id, work.title AS work_title, work.keyid AS work_keyid, work.publicationid AS work_publicationid, work.composerid AS work_composerid, work.styleid AS work_styleid, work.description AS work_description, work.image AS work_image 
FROM work 
WHERE work.id = ?
16:01:18,433 INFO  [sqlalchemy.engine.base.Engine.0x...0590] [u'2']
16:01:18,434 INFO  [sqlalchemy.engine.base.Engine.0x...0590] SELECT work.id AS work_id, work.title AS work_title, work.keyid AS work_keyid, work.publicationid AS work_publicationid, work.composerid AS work_composerid, work.styleid AS work_styleid, work.description AS work_description, work.image AS work_image 
FROM work 
WHERE work.id = ?
16:01:18,434 INFO  [sqlalchemy.engine.base.Engine.0x...0590] [u'1']
16:01:18,470 INFO  [sqlalchemy.engine.base.Engine.0x...0590] BEGIN
16:01:18,471 INFO  [sqlalchemy.engine.base.Engine.0x...0590] SELECT work.id AS work_id, work.title AS work_title, work.keyid AS work_keyid, work.publicationid AS work_publicationid, work.composerid AS work_composerid, work.styleid AS work_styleid, work.description AS work_description, work.image AS work_image 
FROM work 
WHERE work.id = ?
16:01:18,471 INFO  [sqlalchemy.engine.base.Engine.0x...0590] [u'2']
16:01:18,472 INFO  [sqlalchemy.engine.base.Engine.0x...0590] SELECT work.id AS work_id, work.title AS work_title, work.keyid AS work_keyid, work.publicationid AS work_publicationid, work.composerid AS work_composerid, work.styleid AS work_styleid, work.description AS work_description, work.image AS work_image 
FROM work 
WHERE work.id = ?
16:01:18,472 INFO  [sqlalchemy.engine.base.Engine.0x...0590] [u'1']
16:01:19,248 INFO  [sqlalchemy.engine.base.Engine.0x...0590] BEGIN
16:01:19,249 INFO  [sqlalchemy.engine.base.Engine.0x...0590] SELECT work.id AS work_id, work.title AS work_title, work.keyid AS work_keyid, work.publicationid AS work_publicationid, work.composerid AS work_composerid, work.styleid AS work_styleid, work.description AS work_description, work.image AS work_image 
FROM work 
WHERE work.id = ?
16:01:19,249 INFO  [sqlalchemy.engine.base.Engine.0x...0590] [u'2']
16:01:19,250 INFO  [sqlalchemy.engine.base.Engine.0x...0590] SELECT work.id AS work_id, work.title AS work_title, work.keyid AS work_keyid, work.publicationid AS work_publicationid, work.composerid AS work_composerid, work.styleid AS work_styleid, work.description AS work_description, work.image AS work_image 
FROM work 
WHERE work.id = ?
16:01:19,250 INFO  [sqlalchemy.engine.base.Engine.0x...0590] [u'1']
16:01:19,291 INFO  [sqlalchemy.engine.base.Engine.0x...0590] BEGIN
16:01:19,291 INFO  [sqlalchemy.engine.base.Engine.0x...0590] SELECT work.id AS work_id, work.title AS work_title, work.keyid AS work_keyid, work.publicationid AS work_publicationid, work.composerid AS work_composerid, work.styleid AS work_styleid, work.description AS work_description, work.image AS work_image 
FROM work 
WHERE work.id = ?
16:01:19,292 INFO  [sqlalchemy.engine.base.Engine.0x...0590] [u'2']
16:01:19,293 INFO  [sqlalchemy.engine.base.Engine.0x...0590] SELECT work.id AS work_id, work.title AS work_title, work.keyid AS work_keyid, work.publicationid AS work_publicationid, work.composerid AS work_composerid, work.styleid AS work_styleid, work.description AS work_description, work.image AS work_image 
FROM work 
WHERE work.id = ?
16:01:19,293 INFO  [sqlalchemy.engine.base.Engine.0x...0590] [u'1']
16:01:20,136 INFO  [sqlalchemy.engine.base.Engine.0x...0590] BEGIN
16:01:20,137 INFO  [sqlalchemy.engine.base.Engine.0x...0590] SELECT work.id AS work_id, work.title AS work_title, work.keyid AS work_keyid, work.publicationid AS work_publicationid, work.composerid AS work_composerid, work.styleid AS work_styleid, work.description AS work_description, work.image AS work_image 
FROM work 
WHERE work.id = ?
16:01:20,137 INFO  [sqlalchemy.engine.base.Engine.0x...0590] [u'2']
16:01:20,138 INFO  [sqlalchemy.engine.base.Engine.0x...0590] SELECT work.id AS work_id, work.title AS work_title, work.keyid AS work_keyid, work.publicationid AS work_publicationid, work.composerid AS work_composerid, work.styleid AS work_styleid, work.description AS work_description, work.image AS work_image 
FROM work 
WHERE work.id = ?
16:01:20,138 INFO  [sqlalchemy.engine.base.Engine.0x...0590] [u'1']
16:01:20,177 INFO  [sqlalchemy.engine.base.Engine.0x...0590] BEGIN
16:01:20,177 INFO  [sqlalchemy.engine.base.Engine.0x...0590] SELECT work.id AS work_id, work.title AS work_title, work.keyid AS work_keyid, work.publicationid AS work_publicationid, work.composerid AS work_composerid, work.styleid AS work_styleid, work.description AS work_description, work.image AS work_image 
FROM work 
WHERE work.id = ?
16:01:20,177 INFO  [sqlalchemy.engine.base.Engine.0x...0590] [u'2']
16:01:20,179 INFO  [sqlalchemy.engine.base.Engine.0x...0590] SELECT work.id AS work_id, work.title AS work_title, work.keyid AS work_keyid, work.publicationid AS work_publicationid, work.composerid AS work_composerid, work.styleid AS work_styleid, work.description AS work_description, work.image AS work_image 
FROM work 
WHERE work.id = ?
16:01:20,179 INFO  [sqlalchemy.engine.base.Engine.0x...0590] [u'1']
16:01:20,712 INFO  [sqlalchemy.engine.base.Engine.0x...0590] BEGIN
16:01:20,712 INFO  [sqlalchemy.engine.base.Engine.0x...0590] SELECT work.id AS work_id, work.title AS work_title, work.keyid AS work_keyid, work.publicationid AS work_publicationid, work.composerid AS work_composerid, work.styleid AS work_styleid, work.description AS work_description, work.image AS work_image 
FROM work 
WHERE work.id = ?
16:01:20,712 INFO  [sqlalchemy.engine.base.Engine.0x...0590] [u'2']
16:01:20,714 INFO  [sqlalchemy.engine.base.Engine.0x...0590] SELECT work.id AS work_id, work.title AS work_title, work.keyid AS work_keyid, work.publicationid AS work_publicationid, work.composerid AS work_composerid, work.styleid AS work_styleid, work.description AS work_description, work.image AS work_image 
FROM work 
WHERE work.id = ?
16:01:20,714 INFO  [sqlalchemy.engine.base.Engine.0x...0590] [u'1']
16:01:20,745 INFO  [sqlalchemy.engine.base.Engine.0x...0590] BEGIN
16:01:20,746 INFO  [sqlalchemy.engine.base.Engine.0x...0590] SELECT work.id AS work_id, work.title AS work_title, work.keyid AS work_keyid, work.publicationid AS work_publicationid, work.composerid AS work_composerid, work.styleid AS work_styleid, work.description AS work_description, work.image AS work_image 
FROM work 
WHERE work.id = ?
16:01:20,746 INFO  [sqlalchemy.engine.base.Engine.0x...0590] [u'2']
16:01:20,748 INFO  [sqlalchemy.engine.base.Engine.0x...0590] SELECT work.id AS work_id, work.title AS work_title, work.keyid AS work_keyid, work.publicationid AS work_publicationid, work.composerid AS work_composerid, work.styleid AS work_styleid, work.description AS work_description, work.image AS work_image 
FROM work 
WHERE work.id = ?
16:01:20,748 INFO  [sqlalchemy.engine.base.Engine.0x...0590] [u'1']
16:01:21,621 INFO  [sqlalchemy.engine.base.Engine.0x...0590] BEGIN
16:01:21,621 INFO  [sqlalchemy.engine.base.Engine.0x...0590] SELECT work.id AS work_id, work.title AS work_title, work.keyid AS work_keyid, work.publicationid AS work_publicationid, work.composerid AS work_composerid, work.styleid AS work_styleid, work.description AS work_description, work.image AS work_image 
FROM work 
WHERE work.id = ?
16:01:21,621 INFO  [sqlalchemy.engine.base.Engine.0x...0590] [u'2']
16:01:21,623 INFO  [sqlalchemy.engine.base.Engine.0x...0590] SELECT work.id AS work_id, work.title AS work_title, work.keyid AS work_keyid, work.publicationid AS work_publicationid, work.composerid AS work_composerid, work.styleid AS work_styleid, work.description AS work_description, work.image AS work_image 
FROM work 
WHERE work.id = ?
16:01:21,623 INFO  [sqlalchemy.engine.base.Engine.0x...0590] [u'1']
16:01:21,658 INFO  [sqlalchemy.engine.base.Engine.0x...0590] BEGIN
16:01:21,658 INFO  [sqlalchemy.engine.base.Engine.0x...0590] SELECT work.id AS work_id, work.title AS work_title, work.keyid AS work_keyid, work.publicationid AS work_publicationid, work.composerid AS work_composerid, work.styleid AS work_styleid, work.description AS work_description, work.image AS work_image 
FROM work 
WHERE work.id = ?
16:01:21,658 INFO  [sqlalchemy.engine.base.Engine.0x...0590] [u'2']
16:01:21,660 INFO  [sqlalchemy.engine.base.Engine.0x...0590] SELECT work.id AS work_id, work.title AS work_title, work.keyid AS work_keyid, work.publicationid AS work_publicationid, work.composerid AS work_composerid, work.styleid AS work_styleid, work.description AS work_description, work.image AS work_image 
FROM work 
WHERE work.id = ?
16:01:21,660 INFO  [sqlalchemy.engine.base.Engine.0x...0590] [u'1']
16:01:22,027 INFO  [sqlalchemy.engine.base.Engine.0x...0590] BEGIN
16:01:22,028 INFO  [sqlalchemy.engine.base.Engine.0x...0590] SELECT work.id AS work_id, work.title AS work_title, work.keyid AS work_keyid, work.publicationid AS work_publicationid, work.composerid AS work_composerid, work.styleid AS work_styleid, work.description AS work_description, work.image AS work_image 
FROM work 
WHERE work.id = ?
16:01:22,028 INFO  [sqlalchemy.engine.base.Engine.0x...0590] [u'2']
16:01:22,029 INFO  [sqlalchemy.engine.base.Engine.0x...0590] SELECT work.id AS work_id, work.title AS work_title, work.keyid AS work_keyid, work.publicationid AS work_publicationid, work.composerid AS work_composerid, work.styleid AS work_styleid, work.description AS work_description, work.image AS work_image 
FROM work 
WHERE work.id = ?
16:01:22,030 INFO  [sqlalchemy.engine.base.Engine.0x...0590] [u'1']
16:01:22,098 INFO  [sqlalchemy.engine.base.Engine.0x...0590] BEGIN
16:01:22,099 INFO  [sqlalchemy.engine.base.Engine.0x...0590] SELECT work.id AS work_id, work.title AS work_title, work.keyid AS work_keyid, work.publicationid AS work_publicationid, work.composerid AS work_composerid, work.styleid AS work_styleid, work.description AS work_description, work.image AS work_image 
FROM work 
WHERE work.id = ?
16:01:22,099 INFO  [sqlalchemy.engine.base.Engine.0x...0590] [u'2']
16:01:22,100 INFO  [sqlalchemy.engine.base.Engine.0x...0590] SELECT work.id AS work_id, work.title AS work_title, work.keyid AS work_keyid, work.publicationid AS work_publicationid, work.composerid AS work_composerid, work.styleid AS work_styleid, work.description AS work_description, work.image AS work_image 
FROM work 
WHERE work.id = ?
16:01:22,100 INFO  [sqlalchemy.engine.base.Engine.0x...0590] [u'1']
16:01:22,448 INFO  [sqlalchemy.engine.base.Engine.0x...0590] BEGIN
16:01:22,448 INFO  [sqlalchemy.engine.base.Engine.0x...0590] SELECT work.id AS work_id, work.title AS work_title, work.keyid AS work_keyid, work.publicationid AS work_publicationid, work.composerid AS work_composerid, work.styleid AS work_styleid, work.description AS work_description, work.image AS work_image 
FROM work 
WHERE work.id = ?
16:01:22,448 INFO  [sqlalchemy.engine.base.Engine.0x...0590] [u'2']
16:01:22,450 INFO  [sqlalchemy.engine.base.Engine.0x...0590] SELECT work.id AS work_id, work.title AS work_title, work.keyid AS work_keyid, work.publicationid AS work_publicationid, work.composerid AS work_composerid, work.styleid AS work_styleid, work.description AS work_description, work.image AS work_image 
FROM work 
WHERE work.id = ?
16:01:22,450 INFO  [sqlalchemy.engine.base.Engine.0x...0590] [u'1']
16:01:22,484 INFO  [sqlalchemy.engine.base.Engine.0x...0590] BEGIN
16:01:22,484 INFO  [sqlalchemy.engine.base.Engine.0x...0590] SELECT work.id AS work_id, work.title AS work_title, work.keyid AS work_keyid, work.publicationid AS work_publicationid, work.composerid AS work_composerid, work.styleid AS work_styleid, work.description AS work_description, work.image AS work_image 
FROM work 
WHERE work.id = ?
16:01:22,484 INFO  [sqlalchemy.engine.base.Engine.0x...0590] [u'2']
16:01:22,486 INFO  [sqlalchemy.engine.base.Engine.0x...0590] SELECT work.id AS work_id, work.title AS work_title, work.keyid AS work_keyid, work.publicationid AS work_publicationid, work.composerid AS work_composerid, work.styleid AS work_styleid, work.description AS work_description, work.image AS work_image 
FROM work 
WHERE work.id = ?
16:01:22,486 INFO  [sqlalchemy.engine.base.Engine.0x...0590] [u'1']
16:01:23,944 INFO  [sqlalchemy.engine.base.Engine.0x...0590] BEGIN
16:01:23,944 INFO  [sqlalchemy.engine.base.Engine.0x...0590] SELECT work.id AS work_id, work.title AS work_title, work.keyid AS work_keyid, work.publicationid AS work_publicationid, work.composerid AS work_composerid, work.styleid AS work_styleid, work.description AS work_description, work.image AS work_image 
FROM work 
WHERE work.id = ?
16:01:23,944 INFO  [sqlalchemy.engine.base.Engine.0x...0590] [u'2']
16:01:23,946 INFO  [sqlalchemy.engine.base.Engine.0x...0590] SELECT work.id AS work_id, work.title AS work_title, work.keyid AS work_keyid, work.publicationid AS work_publicationid, work.composerid AS work_composerid, work.styleid AS work_styleid, work.description AS work_description, work.image AS work_image 
FROM work 
WHERE work.id = ?
16:01:23,946 INFO  [sqlalchemy.engine.base.Engine.0x...0590] [u'1']
16:01:23,986 INFO  [sqlalchemy.engine.base.Engine.0x...0590] BEGIN
16:01:23,986 INFO  [sqlalchemy.engine.base.Engine.0x...0590] SELECT work.id AS work_id, work.title AS work_title, work.keyid AS work_keyid, work.publicationid AS work_publicationid, work.composerid AS work_composerid, work.styleid AS work_styleid, work.description AS work_description, work.image AS work_image 
FROM work 
WHERE work.id = ?
16:01:23,987 INFO  [sqlalchemy.engine.base.Engine.0x...0590] [u'2']
16:01:23,988 INFO  [sqlalchemy.engine.base.Engine.0x...0590] SELECT work.id AS work_id, work.title AS work_title, work.keyid AS work_keyid, work.publicationid AS work_publicationid, work.composerid AS work_composerid, work.styleid AS work_styleid, work.description AS work_description, work.image AS work_image 
FROM work 
WHERE work.id = ?
16:01:23,988 INFO  [sqlalchemy.engine.base.Engine.0x...0590] [u'1']
16:01:36,808 INFO  [sqlalchemy.engine.base.Engine.0x...0590] BEGIN
16:01:36,808 INFO  [sqlalchemy.engine.base.Engine.0x...0590] SELECT work.id AS work_id, work.title AS work_title, work.keyid AS work_keyid, work.publicationid AS work_publicationid, work.composerid AS work_composerid, work.styleid AS work_styleid, work.description AS work_description, work.image AS work_image 
FROM work 
WHERE work.id = ?
16:01:36,808 INFO  [sqlalchemy.engine.base.Engine.0x...0590] [u'2']
16:01:36,810 INFO  [sqlalchemy.engine.base.Engine.0x...0590] SELECT work.id AS work_id, work.title AS work_title, work.keyid AS work_keyid, work.publicationid AS work_publicationid, work.composerid AS work_composerid, work.styleid AS work_styleid, work.description AS work_description, work.image AS work_image 
FROM work 
WHERE work.id = ?
16:01:36,811 INFO  [sqlalchemy.engine.base.Engine.0x...0590] [u'1']
16:01:36,812 INFO  [sqlalchemy.engine.base.Engine.0x...0590] SELECT work.id AS work_id, work.title AS work_title, work.keyid AS work_keyid, work.publicationid AS work_publicationid, work.composerid AS work_composerid, work.styleid AS work_styleid, work.description AS work_description, work.image AS work_image 
FROM work 
WHERE work.id = ?
16:01:36,812 INFO  [sqlalchemy.engine.base.Engine.0x...0590] [u'1']
16:01:36,814 INFO  [sqlalchemy.engine.base.Engine.0x...0590] SELECT instrument.id AS instrument_id, instrument.name AS instrument_name 
FROM instrument, workinstrument 
WHERE ? = workinstrument.workid AND instrument.id = workinstrument.instrumentid
16:01:36,814 INFO  [sqlalchemy.engine.base.Engine.0x...0590] [1]
16:01:36,815 INFO  [sqlalchemy.engine.base.Engine.0x...0590] SELECT "key".id AS key_id, "key".name AS key_name 
FROM "key" 
WHERE "key".id = ?
16:01:36,815 INFO  [sqlalchemy.engine.base.Engine.0x...0590] [17]
16:01:36,816 INFO  [sqlalchemy.engine.base.Engine.0x...0590] SELECT movement.id AS movement_id, movement.title AS movement_title, movement.keyid AS movement_keyid, movement.number AS movement_number, movement.workid AS movement_workid, movement.description AS movement_description 
FROM movement 
WHERE ? = movement.workid
16:01:36,816 INFO  [sqlalchemy.engine.base.Engine.0x...0590] [1]
16:01:36,817 INFO  [sqlalchemy.engine.base.Engine.0x...0590] SELECT composer.id AS composer_id, composer.lastname AS composer_lastname, composer.firstname AS composer_firstname, composer.middlename AS composer_middlename, composer.bio AS composer_bio, composer.image AS composer_image 
FROM composer 
WHERE composer.id = ?
16:01:36,817 INFO  [sqlalchemy.engine.base.Engine.0x...0590] [2]
16:01:36,818 INFO  [sqlalchemy.engine.base.Engine.0x...0590] SELECT style.id AS style_id, style.name AS style_name 
FROM style, workstyle 
WHERE ? = workstyle.workid AND style.id = workstyle.styleid
16:01:36,818 INFO  [sqlalchemy.engine.base.Engine.0x...0590] [1]
16:01:36,819 INFO  [sqlalchemy.engine.base.Engine.0x...0590] SELECT soundclip.id AS soundclip_id, soundclip.workid AS soundclip_workid, soundclip.movementid AS soundclip_movementid, soundclip.path AS soundclip_path 
FROM soundclip 
WHERE ? = soundclip.workid
16:01:36,819 INFO  [sqlalchemy.engine.base.Engine.0x...0590] [1]
16:01:36,859 INFO  [sqlalchemy.engine.base.Engine.0x...0590] BEGIN
16:01:36,860 INFO  [sqlalchemy.engine.base.Engine.0x...0590] SELECT work.id AS work_id, work.title AS work_title, work.keyid AS work_keyid, work.publicationid AS work_publicationid, work.composerid AS work_composerid, work.styleid AS work_styleid, work.description AS work_description, work.image AS work_image 
FROM work 
WHERE work.id = ?
16:01:36,860 INFO  [sqlalchemy.engine.base.Engine.0x...0590] [u'2']
16:01:36,861 INFO  [sqlalchemy.engine.base.Engine.0x...0590] SELECT work.id AS work_id, work.title AS work_title, work.keyid AS work_keyid, work.publicationid AS work_publicationid, work.composerid AS work_composerid, work.styleid AS work_styleid, work.description AS work_description, work.image AS work_image 
FROM work 
WHERE work.id = ?
16:01:36,861 INFO  [sqlalchemy.engine.base.Engine.0x...0590] [u'1']
16:01:38,296 INFO  [sqlalchemy.engine.base.Engine.0x...0590] BEGIN
16:01:38,297 INFO  [sqlalchemy.engine.base.Engine.0x...0590] SELECT work.id AS work_id, work.title AS work_title, work.keyid AS work_keyid, work.publicationid AS work_publicationid, work.composerid AS work_composerid, work.styleid AS work_styleid, work.description AS work_description, work.image AS work_image 
FROM work 
WHERE work.id = ?
16:01:38,297 INFO  [sqlalchemy.engine.base.Engine.0x...0590] [u'2']
16:01:38,298 INFO  [sqlalchemy.engine.base.Engine.0x...0590] SELECT work.id AS work_id, work.title AS work_title, work.keyid AS work_keyid, work.publicationid AS work_publicationid, work.composerid AS work_composerid, work.styleid AS work_styleid, work.description AS work_description, work.image AS work_image 
FROM work 
WHERE work.id = ?
16:01:38,298 INFO  [sqlalchemy.engine.base.Engine.0x...0590] [u'1']
16:01:38,299 INFO  [sqlalchemy.engine.base.Engine.0x...0590] SELECT work.id AS work_id, work.title AS work_title, work.keyid AS work_keyid, work.publicationid AS work_publicationid, work.composerid AS work_composerid, work.styleid AS work_styleid, work.description AS work_description, work.image AS work_image 
FROM work 
WHERE work.id = ?
16:01:38,299 INFO  [sqlalchemy.engine.base.Engine.0x...0590] [u'1']
16:01:38,305 INFO  [sqlalchemy.engine.base.Engine.0x...0590] BEGIN
16:01:38,306 INFO  [sqlalchemy.engine.base.Engine.0x...0590] SELECT work.id AS work_id, work.title AS work_title, work.keyid AS work_keyid, work.publicationid AS work_publicationid, work.composerid AS work_composerid, work.styleid AS work_styleid, work.description AS work_description, work.image AS work_image 
FROM work 
WHERE work.id = ?
16:01:38,306 INFO  [sqlalchemy.engine.base.Engine.0x...0590] ['2']
16:01:38,307 INFO  [sqlalchemy.engine.base.Engine.0x...0590] SELECT work.id AS work_id, work.title AS work_title, work.keyid AS work_keyid, work.publicationid AS work_publicationid, work.composerid AS work_composerid, work.styleid AS work_styleid, work.description AS work_description, work.image AS work_image 
FROM work 
WHERE work.id = ?
16:01:38,307 INFO  [sqlalchemy.engine.base.Engine.0x...0590] [u'1']
16:01:38,309 INFO  [sqlalchemy.engine.base.Engine.0x...0590] SELECT instrument.id AS instrument_id, instrument.name AS instrument_name 
FROM instrument, workinstrument 
WHERE ? = workinstrument.workid AND instrument.id = workinstrument.instrumentid
16:01:38,309 INFO  [sqlalchemy.engine.base.Engine.0x...0590] [1]
16:01:38,310 INFO  [sqlalchemy.engine.base.Engine.0x...0590] SELECT "key".id AS key_id, "key".name AS key_name 
FROM "key" 
WHERE "key".id = ?
16:01:38,310 INFO  [sqlalchemy.engine.base.Engine.0x...0590] [17]
16:01:38,311 INFO  [sqlalchemy.engine.base.Engine.0x...0590] SELECT movement.id AS movement_id, movement.title AS movement_title, movement.keyid AS movement_keyid, movement.number AS movement_number, movement.workid AS movement_workid, movement.description AS movement_description 
FROM movement 
WHERE ? = movement.workid
16:01:38,311 INFO  [sqlalchemy.engine.base.Engine.0x...0590] [1]
16:01:38,312 INFO  [sqlalchemy.engine.base.Engine.0x...0590] SELECT composer.id AS composer_id, composer.lastname AS composer_lastname, composer.firstname AS composer_firstname, composer.middlename AS composer_middlename, composer.bio AS composer_bio, composer.image AS composer_image 
FROM composer 
WHERE composer.id = ?
16:01:38,312 INFO  [sqlalchemy.engine.base.Engine.0x...0590] [2]
16:01:38,313 INFO  [sqlalchemy.engine.base.Engine.0x...0590] SELECT style.id AS style_id, style.name AS style_name 
FROM style, workstyle 
WHERE ? = workstyle.workid AND style.id = workstyle.styleid
16:01:38,313 INFO  [sqlalchemy.engine.base.Engine.0x...0590] [1]
16:01:38,314 INFO  [sqlalchemy.engine.base.Engine.0x...0590] SELECT soundclip.id AS soundclip_id, soundclip.workid AS soundclip_workid, soundclip.movementid AS soundclip_movementid, soundclip.path AS soundclip_path 
FROM soundclip 
WHERE ? = soundclip.workid
16:01:38,314 INFO  [sqlalchemy.engine.base.Engine.0x...0590] [1]
16:01:38,348 INFO  [sqlalchemy.engine.base.Engine.0x...0590] BEGIN
16:01:38,349 INFO  [sqlalchemy.engine.base.Engine.0x...0590] SELECT work.id AS work_id, work.title AS work_title, work.keyid AS work_keyid, work.publicationid AS work_publicationid, work.composerid AS work_composerid, work.styleid AS work_styleid, work.description AS work_description, work.image AS work_image 
FROM work 
WHERE work.id = ?
16:01:38,349 INFO  [sqlalchemy.engine.base.Engine.0x...0590] ['2']
16:01:40,151 INFO  [sqlalchemy.engine.base.Engine.0x...0590] BEGIN
16:01:40,152 INFO  [sqlalchemy.engine.base.Engine.0x...0590] SELECT work.id AS work_id, work.title AS work_title, work.keyid AS work_keyid, work.publicationid AS work_publicationid, work.composerid AS work_composerid, work.styleid AS work_styleid, work.description AS work_description, work.image AS work_image 
FROM work 
WHERE work.id = ?
16:01:40,152 INFO  [sqlalchemy.engine.base.Engine.0x...0590] ['2']
16:01:48,887 INFO  [sqlalchemy.engine.base.Engine.0x...0590] BEGIN
16:01:48,888 INFO  [sqlalchemy.engine.base.Engine.0x...0590] SELECT work.id AS work_id, work.title AS work_title, work.keyid AS work_keyid, work.publicationid AS work_publicationid, work.composerid AS work_composerid, work.styleid AS work_styleid, work.description AS work_description, work.image AS work_image 
FROM work 
WHERE work.id = ?
16:01:48,888 INFO  [sqlalchemy.engine.base.Engine.0x...0590] ['2']
16:01:48,890 INFO  [sqlalchemy.engine.base.Engine.0x...0590] SELECT work.id AS work_id, work.title AS work_title, work.keyid AS work_keyid, work.publicationid AS work_publicationid, work.composerid AS work_composerid, work.styleid AS work_styleid, work.description AS work_description, work.image AS work_image 
FROM work 
WHERE work.id = ?
16:01:48,890 INFO  [sqlalchemy.engine.base.Engine.0x...0590] [u'2']
16:01:48,892 INFO  [sqlalchemy.engine.base.Engine.0x...0590] SELECT instrument.id AS instrument_id, instrument.name AS instrument_name 
FROM instrument, workinstrument 
WHERE ? = workinstrument.workid AND instrument.id = workinstrument.instrumentid
16:01:48,892 INFO  [sqlalchemy.engine.base.Engine.0x...0590] [2]
16:01:48,893 INFO  [sqlalchemy.engine.base.Engine.0x...0590] SELECT "key".id AS key_id, "key".name AS key_name 
FROM "key" 
WHERE "key".id = ?
16:01:48,893 INFO  [sqlalchemy.engine.base.Engine.0x...0590] [17]
16:01:48,894 INFO  [sqlalchemy.engine.base.Engine.0x...0590] SELECT movement.id AS movement_id, movement.title AS movement_title, movement.keyid AS movement_keyid, movement.number AS movement_number, movement.workid AS movement_workid, movement.description AS movement_description 
FROM movement 
WHERE ? = movement.workid
16:01:48,894 INFO  [sqlalchemy.engine.base.Engine.0x...0590] [2]
16:01:48,895 INFO  [sqlalchemy.engine.base.Engine.0x...0590] SELECT composer.id AS composer_id, composer.lastname AS composer_lastname, composer.firstname AS composer_firstname, composer.middlename AS composer_middlename, composer.bio AS composer_bio, composer.image AS composer_image 
FROM composer 
WHERE composer.id = ?
16:01:48,895 INFO  [sqlalchemy.engine.base.Engine.0x...0590] [1]
16:01:48,896 INFO  [sqlalchemy.engine.base.Engine.0x...0590] SELECT style.id AS style_id, style.name AS style_name 
FROM style, workstyle 
WHERE ? = workstyle.workid AND style.id = workstyle.styleid
16:01:48,896 INFO  [sqlalchemy.engine.base.Engine.0x...0590] [2]
16:01:48,897 INFO  [sqlalchemy.engine.base.Engine.0x...0590] SELECT soundclip.id AS soundclip_id, soundclip.workid AS soundclip_workid, soundclip.movementid AS soundclip_movementid, soundclip.path AS soundclip_path 
FROM soundclip 
WHERE ? = soundclip.workid
16:01:48,898 INFO  [sqlalchemy.engine.base.Engine.0x...0590] [2]
16:01:48,934 INFO  [sqlalchemy.engine.base.Engine.0x...0590] BEGIN
16:01:48,935 INFO  [sqlalchemy.engine.base.Engine.0x...0590] SELECT work.id AS work_id, work.title AS work_title, work.keyid AS work_keyid, work.publicationid AS work_publicationid, work.composerid AS work_composerid, work.styleid AS work_styleid, work.description AS work_description, work.image AS work_image 
FROM work 
WHERE work.id = ?
16:01:48,935 INFO  [sqlalchemy.engine.base.Engine.0x...0590] ['2']
16:02:01,208 INFO  [sqlalchemy.engine.base.Engine.0x...0590] BEGIN
16:02:01,208 INFO  [sqlalchemy.engine.base.Engine.0x...0590] SELECT work.id AS work_id, work.title AS work_title, work.keyid AS work_keyid, work.publicationid AS work_publicationid, work.composerid AS work_composerid, work.styleid AS work_styleid, work.description AS work_description, work.image AS work_image 
FROM work 
WHERE work.id = ?
16:02:01,208 INFO  [sqlalchemy.engine.base.Engine.0x...0590] ['2']
16:02:01,210 INFO  [sqlalchemy.engine.base.Engine.0x...0590] SELECT work.id AS work_id, work.title AS work_title, work.keyid AS work_keyid, work.publicationid AS work_publicationid, work.composerid AS work_composerid, work.styleid AS work_styleid, work.description AS work_description, work.image AS work_image 
FROM work 
WHERE work.id = ?
16:02:01,210 INFO  [sqlalchemy.engine.base.Engine.0x...0590] [u'2']
16:02:01,212 INFO  [sqlalchemy.engine.base.Engine.0x...0590] SELECT instrument.id AS instrument_id, instrument.name AS instrument_name 
FROM instrument, workinstrument 
WHERE ? = workinstrument.workid AND instrument.id = workinstrument.instrumentid
16:02:01,212 INFO  [sqlalchemy.engine.base.Engine.0x...0590] [2]
16:02:01,214 INFO  [sqlalchemy.engine.base.Engine.0x...0590] SELECT "key".id AS key_id, "key".name AS key_name 
FROM "key" 
WHERE "key".id = ?
16:02:01,214 INFO  [sqlalchemy.engine.base.Engine.0x...0590] [17]
16:02:01,215 INFO  [sqlalchemy.engine.base.Engine.0x...0590] SELECT movement.id AS movement_id, movement.title AS movement_title, movement.keyid AS movement_keyid, movement.number AS movement_number, movement.workid AS movement_workid, movement.description AS movement_description 
FROM movement 
WHERE ? = movement.workid
16:02:01,215 INFO  [sqlalchemy.engine.base.Engine.0x...0590] [2]
16:02:01,216 INFO  [sqlalchemy.engine.base.Engine.0x...0590] SELECT composer.id AS composer_id, composer.lastname AS composer_lastname, composer.firstname AS composer_firstname, composer.middlename AS composer_middlename, composer.bio AS composer_bio, composer.image AS composer_image 
FROM composer 
WHERE composer.id = ?
16:02:01,216 INFO  [sqlalchemy.engine.base.Engine.0x...0590] [1]
16:02:01,217 INFO  [sqlalchemy.engine.base.Engine.0x...0590] SELECT style.id AS style_id, style.name AS style_name 
FROM style, workstyle 
WHERE ? = workstyle.workid AND style.id = workstyle.styleid
16:02:01,217 INFO  [sqlalchemy.engine.base.Engine.0x...0590] [2]
16:02:01,218 INFO  [sqlalchemy.engine.base.Engine.0x...0590] SELECT soundclip.id AS soundclip_id, soundclip.workid AS soundclip_workid, soundclip.movementid AS soundclip_movementid, soundclip.path AS soundclip_path 
FROM soundclip 
WHERE ? = soundclip.workid
16:02:01,218 INFO  [sqlalchemy.engine.base.Engine.0x...0590] [2]
16:02:01,252 INFO  [sqlalchemy.engine.base.Engine.0x...0590] BEGIN
16:02:01,252 INFO  [sqlalchemy.engine.base.Engine.0x...0590] SELECT work.id AS work_id, work.title AS work_title, work.keyid AS work_keyid, work.publicationid AS work_publicationid, work.composerid AS work_composerid, work.styleid AS work_styleid, work.description AS work_description, work.image AS work_image 
FROM work 
WHERE work.id = ?
16:02:01,252 INFO  [sqlalchemy.engine.base.Engine.0x...0590] ['2']
/home/kgraehl/gwhiz/gwhiz/controllers/catalog.py changed; reloading...
Starting server in PID 14409.
serving on 0.0.0.0:5000 view at http://127.0.0.1:5000
16:03:50,032 INFO  [sqlalchemy.engine.base.Engine.0x...0590] BEGIN
16:03:50,033 INFO  [sqlalchemy.engine.base.Engine.0x...0590] SELECT work.id AS work_id, work.title AS work_title, work.keyid AS work_keyid, work.publicationid AS work_publicationid, work.composerid AS work_composerid, work.styleid AS work_styleid, work.description AS work_description, work.image AS work_image 
FROM work 
WHERE work.id = ?
16:03:50,033 INFO  [sqlalchemy.engine.base.Engine.0x...0590] ['2']
16:03:50,152 INFO  [sqlalchemy.engine.base.Engine.0x...0590] BEGIN
16:03:50,153 INFO  [sqlalchemy.engine.base.Engine.0x...0590] SELECT work.id AS work_id, work.title AS work_title, work.keyid AS work_keyid, work.publicationid AS work_publicationid, work.composerid AS work_composerid, work.styleid AS work_styleid, work.description AS work_description, work.image AS work_image 
FROM work 
WHERE work.id = ?
16:03:50,153 INFO  [sqlalchemy.engine.base.Engine.0x...0590] ['2']
16:05:03,667 INFO  [sqlalchemy.engine.base.Engine.0x...0590] BEGIN
16:05:03,667 INFO  [sqlalchemy.engine.base.Engine.0x...0590] SELECT work.id AS work_id, work.title AS work_title, work.keyid AS work_keyid, work.publicationid AS work_publicationid, work.composerid AS work_composerid, work.styleid AS work_styleid, work.description AS work_description, work.image AS work_image 
FROM work 
WHERE work.id = ?
16:05:03,667 INFO  [sqlalchemy.engine.base.Engine.0x...0590] ['2']
Debug at: http://127.0.0.1:5000/_debug/view/1246316703
/home/kgraehl/gwhiz/gwhiz/model/__init__.pyc changed; reloading...
Starting server in PID 14455.
serving on 0.0.0.0:5000 view at http://127.0.0.1:5000
16:05:50,647 INFO  [sqlalchemy.engine.base.Engine.0x...16d0] BEGIN
16:05:50,648 INFO  [sqlalchemy.engine.base.Engine.0x...16d0] SELECT work.id AS work_id, work.title AS work_title, work.keyid AS work_keyid, work.publicationid AS work_publicationid, work.composerid AS work_composerid, work.styleid AS work_styleid, work.description AS work_description, work.price AS work_price, work.image AS work_image 
FROM work 
WHERE work.id = ?
16:05:50,648 INFO  [sqlalchemy.engine.base.Engine.0x...16d0] ['2']
16:05:50,797 INFO  [sqlalchemy.engine.base.Engine.0x...16d0] BEGIN
16:05:50,798 INFO  [sqlalchemy.engine.base.Engine.0x...16d0] SELECT work.id AS work_id, work.title AS work_title, work.keyid AS work_keyid, work.publicationid AS work_publicationid, work.composerid AS work_composerid, work.styleid AS work_styleid, work.description AS work_description, work.price AS work_price, work.image AS work_image 
FROM work 
WHERE work.id = ?
16:05:50,798 INFO  [sqlalchemy.engine.base.Engine.0x...16d0] ['2']
16:06:32,675 INFO  [sqlalchemy.engine.base.Engine.0x...16d0] BEGIN
16:06:32,676 INFO  [sqlalchemy.engine.base.Engine.0x...16d0] SELECT work.id AS work_id, work.title AS work_title, work.keyid AS work_keyid, work.publicationid AS work_publicationid, work.composerid AS work_composerid, work.styleid AS work_styleid, work.description AS work_description, work.price AS work_price, work.image AS work_image 
FROM work 
WHERE work.id = ?
16:06:32,676 INFO  [sqlalchemy.engine.base.Engine.0x...16d0] ['2']
16:06:32,721 INFO  [sqlalchemy.engine.base.Engine.0x...16d0] BEGIN
16:06:32,722 INFO  [sqlalchemy.engine.base.Engine.0x...16d0] SELECT work.id AS work_id, work.title AS work_title, work.keyid AS work_keyid, work.publicationid AS work_publicationid, work.composerid AS work_composerid, work.styleid AS work_styleid, work.description AS work_description, work.price AS work_price, work.image AS work_image 
FROM work 
WHERE work.id = ?
16:06:32,722 INFO  [sqlalchemy.engine.base.Engine.0x...16d0] ['2']
16:06:35,280 INFO  [sqlalchemy.engine.base.Engine.0x...16d0] BEGIN
16:06:35,280 INFO  [sqlalchemy.engine.base.Engine.0x...16d0] SELECT work.id AS work_id, work.title AS work_title, work.keyid AS work_keyid, work.publicationid AS work_publicationid, work.composerid AS work_composerid, work.styleid AS work_styleid, work.description AS work_description, work.price AS work_price, work.image AS work_image 
FROM work 
WHERE work.id = ?
16:06:35,280 INFO  [sqlalchemy.engine.base.Engine.0x...16d0] ['2']
16:06:35,282 INFO  [sqlalchemy.engine.base.Engine.0x...16d0] SELECT composer.id AS composer_id, composer.lastname AS composer_lastname, composer.firstname AS composer_firstname, composer.middlename AS composer_middlename, composer.bio AS composer_bio, composer.image AS composer_image 
FROM composer
16:06:35,282 INFO  [sqlalchemy.engine.base.Engine.0x...16d0] []
16:06:35,283 INFO  [sqlalchemy.engine.base.Engine.0x...16d0] SELECT work.id AS work_id, work.title AS work_title, work.keyid AS work_keyid, work.publicationid AS work_publicationid, work.composerid AS work_composerid, work.styleid AS work_styleid, work.description AS work_description, work.price AS work_price, work.image AS work_image 
FROM work 
WHERE ? = work.composerid
16:06:35,283 INFO  [sqlalchemy.engine.base.Engine.0x...16d0] [1]
16:06:35,285 INFO  [sqlalchemy.engine.base.Engine.0x...16d0] SELECT work.id AS work_id, work.title AS work_title, work.keyid AS work_keyid, work.publicationid AS work_publicationid, work.composerid AS work_composerid, work.styleid AS work_styleid, work.description AS work_description, work.price AS work_price, work.image AS work_image 
FROM work 
WHERE ? = work.composerid
16:06:35,285 INFO  [sqlalchemy.engine.base.Engine.0x...16d0] [2]
16:06:35,326 INFO  [sqlalchemy.engine.base.Engine.0x...16d0] BEGIN
16:06:35,327 INFO  [sqlalchemy.engine.base.Engine.0x...16d0] SELECT work.id AS work_id, work.title AS work_title, work.keyid AS work_keyid, work.publicationid AS work_publicationid, work.composerid AS work_composerid, work.styleid AS work_styleid, work.description AS work_description, work.price AS work_price, work.image AS work_image 
FROM work 
WHERE work.id = ?
16:06:35,327 INFO  [sqlalchemy.engine.base.Engine.0x...16d0] ['2']
16:06:35,888 INFO  [sqlalchemy.engine.base.Engine.0x...16d0] BEGIN
16:06:35,889 INFO  [sqlalchemy.engine.base.Engine.0x...16d0] SELECT work.id AS work_id, work.title AS work_title, work.keyid AS work_keyid, work.publicationid AS work_publicationid, work.composerid AS work_composerid, work.styleid AS work_styleid, work.description AS work_description, work.price AS work_price, work.image AS work_image 
FROM work 
WHERE work.id = ?
16:06:35,889 INFO  [sqlalchemy.engine.base.Engine.0x...16d0] ['2']
16:06:35,890 INFO  [sqlalchemy.engine.base.Engine.0x...16d0] SELECT composer.id AS composer_id, composer.lastname AS composer_lastname, composer.firstname AS composer_firstname, composer.middlename AS composer_middlename, composer.bio AS composer_bio, composer.image AS composer_image 
FROM composer 
WHERE composer.id = ?
16:06:35,891 INFO  [sqlalchemy.engine.base.Engine.0x...16d0] [u'1']
16:06:35,893 INFO  [sqlalchemy.engine.base.Engine.0x...16d0] SELECT work.id AS work_id, work.title AS work_title, work.keyid AS work_keyid, work.publicationid AS work_publicationid, work.composerid AS work_composerid, work.styleid AS work_styleid, work.description AS work_description, work.price AS work_price, work.image AS work_image 
FROM work 
WHERE ? = work.composerid
16:06:35,893 INFO  [sqlalchemy.engine.base.Engine.0x...16d0] [1]
16:06:35,934 INFO  [sqlalchemy.engine.base.Engine.0x...16d0] BEGIN
16:06:35,935 INFO  [sqlalchemy.engine.base.Engine.0x...16d0] SELECT work.id AS work_id, work.title AS work_title, work.keyid AS work_keyid, work.publicationid AS work_publicationid, work.composerid AS work_composerid, work.styleid AS work_styleid, work.description AS work_description, work.price AS work_price, work.image AS work_image 
FROM work 
WHERE work.id = ?
16:06:35,935 INFO  [sqlalchemy.engine.base.Engine.0x...16d0] ['2']
16:06:36,711 INFO  [sqlalchemy.engine.base.Engine.0x...16d0] BEGIN
16:06:36,712 INFO  [sqlalchemy.engine.base.Engine.0x...16d0] SELECT work.id AS work_id, work.title AS work_title, work.keyid AS work_keyid, work.publicationid AS work_publicationid, work.composerid AS work_composerid, work.styleid AS work_styleid, work.description AS work_description, work.price AS work_price, work.image AS work_image 
FROM work 
WHERE work.id = ?
16:06:36,712 INFO  [sqlalchemy.engine.base.Engine.0x...16d0] ['2']
16:06:36,714 INFO  [sqlalchemy.engine.base.Engine.0x...16d0] SELECT work.id AS work_id, work.title AS work_title, work.keyid AS work_keyid, work.publicationid AS work_publicationid, work.composerid AS work_composerid, work.styleid AS work_styleid, work.description AS work_description, work.price AS work_price, work.image AS work_image 
FROM work 
WHERE work.id = ?
16:06:36,714 INFO  [sqlalchemy.engine.base.Engine.0x...16d0] [u'3']
16:06:36,716 INFO  [sqlalchemy.engine.base.Engine.0x...16d0] SELECT instrument.id AS instrument_id, instrument.name AS instrument_name 
FROM instrument, workinstrument 
WHERE ? = workinstrument.workid AND instrument.id = workinstrument.instrumentid
16:06:36,716 INFO  [sqlalchemy.engine.base.Engine.0x...16d0] [3]
16:06:36,717 INFO  [sqlalchemy.engine.base.Engine.0x...16d0] SELECT "key".id AS key_id, "key".name AS key_name 
FROM "key" 
WHERE "key".id = ?
16:06:36,717 INFO  [sqlalchemy.engine.base.Engine.0x...16d0] [17]
16:06:36,718 INFO  [sqlalchemy.engine.base.Engine.0x...16d0] SELECT movement.id AS movement_id, movement.title AS movement_title, movement.keyid AS movement_keyid, movement.number AS movement_number, movement.workid AS movement_workid, movement.description AS movement_description 
FROM movement 
WHERE ? = movement.workid
16:06:36,718 INFO  [sqlalchemy.engine.base.Engine.0x...16d0] [3]
16:06:36,719 INFO  [sqlalchemy.engine.base.Engine.0x...16d0] SELECT composer.id AS composer_id, composer.lastname AS composer_lastname, composer.firstname AS composer_firstname, composer.middlename AS composer_middlename, composer.bio AS composer_bio, composer.image AS composer_image 
FROM composer 
WHERE composer.id = ?
16:06:36,720 INFO  [sqlalchemy.engine.base.Engine.0x...16d0] [1]
16:06:36,721 INFO  [sqlalchemy.engine.base.Engine.0x...16d0] SELECT style.id AS style_id, style.name AS style_name 
FROM style, workstyle 
WHERE ? = workstyle.workid AND style.id = workstyle.styleid
16:06:36,721 INFO  [sqlalchemy.engine.base.Engine.0x...16d0] [3]
16:06:36,722 INFO  [sqlalchemy.engine.base.Engine.0x...16d0] SELECT soundclip.id AS soundclip_id, soundclip.workid AS soundclip_workid, soundclip.movementid AS soundclip_movementid, soundclip.path AS soundclip_path 
FROM soundclip 
WHERE ? = soundclip.workid
16:06:36,722 INFO  [sqlalchemy.engine.base.Engine.0x...16d0] [3]
16:06:36,763 INFO  [sqlalchemy.engine.base.Engine.0x...16d0] BEGIN
16:06:36,764 INFO  [sqlalchemy.engine.base.Engine.0x...16d0] SELECT work.id AS work_id, work.title AS work_title, work.keyid AS work_keyid, work.publicationid AS work_publicationid, work.composerid AS work_composerid, work.styleid AS work_styleid, work.description AS work_description, work.price AS work_price, work.image AS work_image 
FROM work 
WHERE work.id = ?
16:06:36,764 INFO  [sqlalchemy.engine.base.Engine.0x...16d0] ['2']
16:06:39,255 INFO  [sqlalchemy.engine.base.Engine.0x...16d0] BEGIN
16:06:39,256 INFO  [sqlalchemy.engine.base.Engine.0x...16d0] SELECT work.id AS work_id, work.title AS work_title, work.keyid AS work_keyid, work.publicationid AS work_publicationid, work.composerid AS work_composerid, work.styleid AS work_styleid, work.description AS work_description, work.price AS work_price, work.image AS work_image 
FROM work 
WHERE work.id = ?
16:06:39,256 INFO  [sqlalchemy.engine.base.Engine.0x...16d0] ['2']
16:06:39,303 INFO  [sqlalchemy.engine.base.Engine.0x...16d0] BEGIN
16:06:39,304 INFO  [sqlalchemy.engine.base.Engine.0x...16d0] SELECT work.id AS work_id, work.title AS work_title, work.keyid AS work_keyid, work.publicationid AS work_publicationid, work.composerid AS work_composerid, work.styleid AS work_styleid, work.description AS work_description, work.price AS work_price, work.image AS work_image 
FROM work 
WHERE work.id = ?
16:06:39,304 INFO  [sqlalchemy.engine.base.Engine.0x...16d0] ['2']
16:12:09,563 INFO  [sqlalchemy.engine.base.Engine.0x...16d0] BEGIN
16:12:09,563 INFO  [sqlalchemy.engine.base.Engine.0x...16d0] SELECT work.id AS work_id, work.title AS work_title, work.keyid AS work_keyid, work.publicationid AS work_publicationid, work.composerid AS work_composerid, work.styleid AS work_styleid, work.description AS work_description, work.price AS work_price, work.image AS work_image 
FROM work 
WHERE work.id = ?
16:12:09,563 INFO  [sqlalchemy.engine.base.Engine.0x...16d0] ['2']
16:12:09,612 INFO  [sqlalchemy.engine.base.Engine.0x...16d0] BEGIN
16:12:09,612 INFO  [sqlalchemy.engine.base.Engine.0x...16d0] SELECT work.id AS work_id, work.title AS work_title, work.keyid AS work_keyid, work.publicationid AS work_publicationid, work.composerid AS work_composerid, work.styleid AS work_styleid, work.description AS work_description, work.price AS work_price, work.image AS work_image 
FROM work 
WHERE work.id = ?
16:12:09,612 INFO  [sqlalchemy.engine.base.Engine.0x...16d0] ['2']
16:12:23,299 INFO  [sqlalchemy.engine.base.Engine.0x...16d0] BEGIN
16:12:23,300 INFO  [sqlalchemy.engine.base.Engine.0x...16d0] SELECT work.id AS work_id, work.title AS work_title, work.keyid AS work_keyid, work.publicationid AS work_publicationid, work.composerid AS work_composerid, work.styleid AS work_styleid, work.description AS work_description, work.price AS work_price, work.image AS work_image 
FROM work 
WHERE work.id = ?
16:12:23,300 INFO  [sqlalchemy.engine.base.Engine.0x...16d0] ['2']
16:12:23,341 INFO  [sqlalchemy.engine.base.Engine.0x...16d0] BEGIN
16:12:23,341 INFO  [sqlalchemy.engine.base.Engine.0x...16d0] SELECT work.id AS work_id, work.title AS work_title, work.keyid AS work_keyid, work.publicationid AS work_publicationid, work.composerid AS work_composerid, work.styleid AS work_styleid, work.description AS work_description, work.price AS work_price, work.image AS work_image 
FROM work 
WHERE work.id = ?
16:12:23,342 INFO  [sqlalchemy.engine.base.Engine.0x...16d0] ['2']
16:12:25,736 INFO  [sqlalchemy.engine.base.Engine.0x...16d0] BEGIN
16:12:25,737 INFO  [sqlalchemy.engine.base.Engine.0x...16d0] SELECT work.id AS work_id, work.title AS work_title, work.keyid AS work_keyid, work.publicationid AS work_publicationid, work.composerid AS work_composerid, work.styleid AS work_styleid, work.description AS work_description, work.price AS work_price, work.image AS work_image 
FROM work 
WHERE work.id = ?
16:12:25,737 INFO  [sqlalchemy.engine.base.Engine.0x...16d0] ['2']
16:12:25,781 INFO  [sqlalchemy.engine.base.Engine.0x...16d0] BEGIN
16:12:25,781 INFO  [sqlalchemy.engine.base.Engine.0x...16d0] SELECT work.id AS work_id, work.title AS work_title, work.keyid AS work_keyid, work.publicationid AS work_publicationid, work.composerid AS work_composerid, work.styleid AS work_styleid, work.description AS work_description, work.price AS work_price, work.image AS work_image 
FROM work 
WHERE work.id = ?
16:12:25,781 INFO  [sqlalchemy.engine.base.Engine.0x...16d0] ['2']
16:12:45,082 INFO  [sqlalchemy.engine.base.Engine.0x...16d0] BEGIN
16:12:45,083 INFO  [sqlalchemy.engine.base.Engine.0x...16d0] SELECT work.id AS work_id, work.title AS work_title, work.keyid AS work_keyid, work.publicationid AS work_publicationid, work.composerid AS work_composerid, work.styleid AS work_styleid, work.description AS work_description, work.price AS work_price, work.image AS work_image 
FROM work 
WHERE work.id = ?
16:12:45,083 INFO  [sqlalchemy.engine.base.Engine.0x...16d0] ['2']
16:12:45,132 INFO  [sqlalchemy.engine.base.Engine.0x...16d0] BEGIN
16:12:45,133 INFO  [sqlalchemy.engine.base.Engine.0x...16d0] SELECT work.id AS work_id, work.title AS work_title, work.keyid AS work_keyid, work.publicationid AS work_publicationid, work.composerid AS work_composerid, work.styleid AS work_styleid, work.description AS work_description, work.price AS work_price, work.image AS work_image 
FROM work 
WHERE work.id = ?
16:12:45,133 INFO  [sqlalchemy.engine.base.Engine.0x...16d0] ['2']
16:12:53,402 INFO  [sqlalchemy.engine.base.Engine.0x...16d0] BEGIN
16:12:53,403 INFO  [sqlalchemy.engine.base.Engine.0x...16d0] SELECT work.id AS work_id, work.title AS work_title, work.keyid AS work_keyid, work.publicationid AS work_publicationid, work.composerid AS work_composerid, work.styleid AS work_styleid, work.description AS work_description, work.price AS work_price, work.image AS work_image 
FROM work 
WHERE work.id = ?
16:12:53,403 INFO  [sqlalchemy.engine.base.Engine.0x...16d0] ['2']
16:12:53,452 INFO  [sqlalchemy.engine.base.Engine.0x...16d0] BEGIN
16:12:53,453 INFO  [sqlalchemy.engine.base.Engine.0x...16d0] SELECT work.id AS work_id, work.title AS work_title, work.keyid AS work_keyid, work.publicationid AS work_publicationid, work.composerid AS work_composerid, work.styleid AS work_styleid, work.description AS work_description, work.price AS work_price, work.image AS work_image 
FROM work 
WHERE work.id = ?
16:12:53,453 INFO  [sqlalchemy.engine.base.Engine.0x...16d0] ['2']
16:12:53,690 INFO  [sqlalchemy.engine.base.Engine.0x...16d0] BEGIN
16:12:53,691 INFO  [sqlalchemy.engine.base.Engine.0x...16d0] SELECT work.id AS work_id, work.title AS work_title, work.keyid AS work_keyid, work.publicationid AS work_publicationid, work.composerid AS work_composerid, work.styleid AS work_styleid, work.description AS work_description, work.price AS work_price, work.image AS work_image 
FROM work 
WHERE work.id = ?
16:12:53,691 INFO  [sqlalchemy.engine.base.Engine.0x...16d0] ['2']
16:12:53,733 INFO  [sqlalchemy.engine.base.Engine.0x...16d0] BEGIN
16:12:53,733 INFO  [sqlalchemy.engine.base.Engine.0x...16d0] SELECT work.id AS work_id, work.title AS work_title, work.keyid AS work_keyid, work.publicationid AS work_publicationid, work.composerid AS work_composerid, work.styleid AS work_styleid, work.description AS work_description, work.price AS work_price, work.image AS work_image 
FROM work 
WHERE work.id = ?
16:12:53,733 INFO  [sqlalchemy.engine.base.Engine.0x...16d0] ['2']
16:12:55,840 INFO  [sqlalchemy.engine.base.Engine.0x...16d0] BEGIN
16:12:55,840 INFO  [sqlalchemy.engine.base.Engine.0x...16d0] SELECT work.id AS work_id, work.title AS work_title, work.keyid AS work_keyid, work.publicationid AS work_publicationid, work.composerid AS work_composerid, work.styleid AS work_styleid, work.description AS work_description, work.price AS work_price, work.image AS work_image 
FROM work 
WHERE work.id = ?
16:12:55,840 INFO  [sqlalchemy.engine.base.Engine.0x...16d0] ['2']
16:12:55,876 INFO  [sqlalchemy.engine.base.Engine.0x...16d0] BEGIN
16:12:55,877 INFO  [sqlalchemy.engine.base.Engine.0x...16d0] SELECT work.id AS work_id, work.title AS work_title, work.keyid AS work_keyid, work.publicationid AS work_publicationid, work.composerid AS work_composerid, work.styleid AS work_styleid, work.description AS work_description, work.price AS work_price, work.image AS work_image 
FROM work 
WHERE work.id = ?
16:12:55,877 INFO  [sqlalchemy.engine.base.Engine.0x...16d0] ['2']
16:13:00,640 INFO  [sqlalchemy.engine.base.Engine.0x...16d0] BEGIN
16:13:00,640 INFO  [sqlalchemy.engine.base.Engine.0x...16d0] SELECT work.id AS work_id, work.title AS work_title, work.keyid AS work_keyid, work.publicationid AS work_publicationid, work.composerid AS work_composerid, work.styleid AS work_styleid, work.description AS work_description, work.price AS work_price, work.image AS work_image 
FROM work 
WHERE work.id = ?
16:13:00,640 INFO  [sqlalchemy.engine.base.Engine.0x...16d0] ['2']
16:13:00,642 INFO  [sqlalchemy.engine.base.Engine.0x...16d0] SELECT work.id AS work_id, work.title AS work_title, work.keyid AS work_keyid, work.publicationid AS work_publicationid, work.composerid AS work_composerid, work.styleid AS work_styleid, work.description AS work_description, work.price AS work_price, work.image AS work_image 
FROM work 
WHERE work.id = ?
16:13:00,642 INFO  [sqlalchemy.engine.base.Engine.0x...16d0] [u'2']
16:13:00,644 INFO  [sqlalchemy.engine.base.Engine.0x...16d0] SELECT instrument.id AS instrument_id, instrument.name AS instrument_name 
FROM instrument, workinstrument 
WHERE ? = workinstrument.workid AND instrument.id = workinstrument.instrumentid
16:13:00,644 INFO  [sqlalchemy.engine.base.Engine.0x...16d0] [2]
16:13:00,645 INFO  [sqlalchemy.engine.base.Engine.0x...16d0] SELECT "key".id AS key_id, "key".name AS key_name 
FROM "key" 
WHERE "key".id = ?
16:13:00,645 INFO  [sqlalchemy.engine.base.Engine.0x...16d0] [17]
16:13:00,646 INFO  [sqlalchemy.engine.base.Engine.0x...16d0] SELECT movement.id AS movement_id, movement.title AS movement_title, movement.keyid AS movement_keyid, movement.number AS movement_number, movement.workid AS movement_workid, movement.description AS movement_description 
FROM movement 
WHERE ? = movement.workid
16:13:00,646 INFO  [sqlalchemy.engine.base.Engine.0x...16d0] [2]
16:13:00,647 INFO  [sqlalchemy.engine.base.Engine.0x...16d0] SELECT composer.id AS composer_id, composer.lastname AS composer_lastname, composer.firstname AS composer_firstname, composer.middlename AS composer_middlename, composer.bio AS composer_bio, composer.image AS composer_image 
FROM composer 
WHERE composer.id = ?
16:13:00,647 INFO  [sqlalchemy.engine.base.Engine.0x...16d0] [1]
16:13:00,648 INFO  [sqlalchemy.engine.base.Engine.0x...16d0] SELECT style.id AS style_id, style.name AS style_name 
FROM style, workstyle 
WHERE ? = workstyle.workid AND style.id = workstyle.styleid
16:13:00,648 INFO  [sqlalchemy.engine.base.Engine.0x...16d0] [2]
16:13:00,649 INFO  [sqlalchemy.engine.base.Engine.0x...16d0] SELECT soundclip.id AS soundclip_id, soundclip.workid AS soundclip_workid, soundclip.movementid AS soundclip_movementid, soundclip.path AS soundclip_path 
FROM soundclip 
WHERE ? = soundclip.workid
16:13:00,649 INFO  [sqlalchemy.engine.base.Engine.0x...16d0] [2]
16:13:00,690 INFO  [sqlalchemy.engine.base.Engine.0x...16d0] BEGIN
16:13:00,691 INFO  [sqlalchemy.engine.base.Engine.0x...16d0] SELECT work.id AS work_id, work.title AS work_title, work.keyid AS work_keyid, work.publicationid AS work_publicationid, work.composerid AS work_composerid, work.styleid AS work_styleid, work.description AS work_description, work.price AS work_price, work.image AS work_image 
FROM work 
WHERE work.id = ?
16:13:00,691 INFO  [sqlalchemy.engine.base.Engine.0x...16d0] ['2']
16:13:02,679 INFO  [sqlalchemy.engine.base.Engine.0x...16d0] BEGIN
16:13:02,680 INFO  [sqlalchemy.engine.base.Engine.0x...16d0] SELECT work.id AS work_id, work.title AS work_title, work.keyid AS work_keyid, work.publicationid AS work_publicationid, work.composerid AS work_composerid, work.styleid AS work_styleid, work.description AS work_description, work.price AS work_price, work.image AS work_image 
FROM work 
WHERE work.id = ?
16:13:02,680 INFO  [sqlalchemy.engine.base.Engine.0x...16d0] ['2']
16:13:02,682 INFO  [sqlalchemy.engine.base.Engine.0x...16d0] SELECT work.id AS work_id, work.title AS work_title, work.keyid AS work_keyid, work.publicationid AS work_publicationid, work.composerid AS work_composerid, work.styleid AS work_styleid, work.description AS work_description, work.price AS work_price, work.image AS work_image 
FROM work 
WHERE work.id = ?
16:13:02,682 INFO  [sqlalchemy.engine.base.Engine.0x...16d0] [u'2']
16:13:02,688 INFO  [sqlalchemy.engine.base.Engine.0x...16d0] BEGIN
16:13:02,689 INFO  [sqlalchemy.engine.base.Engine.0x...16d0] SELECT work.id AS work_id, work.title AS work_title, work.keyid AS work_keyid, work.publicationid AS work_publicationid, work.composerid AS work_composerid, work.styleid AS work_styleid, work.description AS work_description, work.price AS work_price, work.image AS work_image 
FROM work 
WHERE work.id = ?
16:13:02,689 INFO  [sqlalchemy.engine.base.Engine.0x...16d0] [u'2']
16:13:02,691 INFO  [sqlalchemy.engine.base.Engine.0x...16d0] SELECT instrument.id AS instrument_id, instrument.name AS instrument_name 
FROM instrument, workinstrument 
WHERE ? = workinstrument.workid AND instrument.id = workinstrument.instrumentid
16:13:02,691 INFO  [sqlalchemy.engine.base.Engine.0x...16d0] [2]
16:13:02,692 INFO  [sqlalchemy.engine.base.Engine.0x...16d0] SELECT "key".id AS key_id, "key".name AS key_name 
FROM "key" 
WHERE "key".id = ?
16:13:02,692 INFO  [sqlalchemy.engine.base.Engine.0x...16d0] [17]
16:13:02,693 INFO  [sqlalchemy.engine.base.Engine.0x...16d0] SELECT movement.id AS movement_id, movement.title AS movement_title, movement.keyid AS movement_keyid, movement.number AS movement_number, movement.workid AS movement_workid, movement.description AS movement_description 
FROM movement 
WHERE ? = movement.workid
16:13:02,693 INFO  [sqlalchemy.engine.base.Engine.0x...16d0] [2]
16:13:02,694 INFO  [sqlalchemy.engine.base.Engine.0x...16d0] SELECT composer.id AS composer_id, composer.lastname AS composer_lastname, composer.firstname AS composer_firstname, composer.middlename AS composer_middlename, composer.bio AS composer_bio, composer.image AS composer_image 
FROM composer 
WHERE composer.id = ?
16:13:02,694 INFO  [sqlalchemy.engine.base.Engine.0x...16d0] [1]
16:13:02,695 INFO  [sqlalchemy.engine.base.Engine.0x...16d0] SELECT style.id AS style_id, style.name AS style_name 
FROM style, workstyle 
WHERE ? = workstyle.workid AND style.id = workstyle.styleid
16:13:02,695 INFO  [sqlalchemy.engine.base.Engine.0x...16d0] [2]
16:13:02,696 INFO  [sqlalchemy.engine.base.Engine.0x...16d0] SELECT soundclip.id AS soundclip_id, soundclip.workid AS soundclip_workid, soundclip.movementid AS soundclip_movementid, soundclip.path AS soundclip_path 
FROM soundclip 
WHERE ? = soundclip.workid
16:13:02,696 INFO  [sqlalchemy.engine.base.Engine.0x...16d0] [2]
16:13:05,143 INFO  [sqlalchemy.engine.base.Engine.0x...16d0] BEGIN
16:13:05,144 INFO  [sqlalchemy.engine.base.Engine.0x...16d0] SELECT style.id AS style_id, style.name AS style_name 
FROM style
16:13:05,144 INFO  [sqlalchemy.engine.base.Engine.0x...16d0] []
16:13:05,147 INFO  [sqlalchemy.engine.base.Engine.0x...16d0] SELECT work.id AS work_id, work.title AS work_title, work.keyid AS work_keyid, work.publicationid AS work_publicationid, work.composerid AS work_composerid, work.styleid AS work_styleid, work.description AS work_description, work.price AS work_price, work.image AS work_image 
FROM work, workstyle AS workstyle_1 
WHERE work.id = workstyle_1.workid AND ? = workstyle_1.styleid
16:13:05,147 INFO  [sqlalchemy.engine.base.Engine.0x...16d0] [1]
16:13:05,150 INFO  [sqlalchemy.engine.base.Engine.0x...16d0] SELECT work.id AS work_id, work.title AS work_title, work.keyid AS work_keyid, work.publicationid AS work_publicationid, work.composerid AS work_composerid, work.styleid AS work_styleid, work.description AS work_description, work.price AS work_price, work.image AS work_image 
FROM work, workstyle AS workstyle_1 
WHERE work.id = workstyle_1.workid AND ? = workstyle_1.styleid
16:13:05,150 INFO  [sqlalchemy.engine.base.Engine.0x...16d0] [2]
16:13:05,152 INFO  [sqlalchemy.engine.base.Engine.0x...16d0] SELECT work.id AS work_id, work.title AS work_title, work.keyid AS work_keyid, work.publicationid AS work_publicationid, work.composerid AS work_composerid, work.styleid AS work_styleid, work.description AS work_description, work.price AS work_price, work.image AS work_image 
FROM work, workstyle AS workstyle_1 
WHERE work.id = workstyle_1.workid AND ? = workstyle_1.styleid
16:13:05,152 INFO  [sqlalchemy.engine.base.Engine.0x...16d0] [3]
16:13:05,154 INFO  [sqlalchemy.engine.base.Engine.0x...16d0] SELECT work.id AS work_id, work.title AS work_title, work.keyid AS work_keyid, work.publicationid AS work_publicationid, work.composerid AS work_composerid, work.styleid AS work_styleid, work.description AS work_description, work.price AS work_price, work.image AS work_image 
FROM work, workstyle AS workstyle_1 
WHERE work.id = workstyle_1.workid AND ? = workstyle_1.styleid
16:13:05,154 INFO  [sqlalchemy.engine.base.Engine.0x...16d0] [4]
16:13:05,156 INFO  [sqlalchemy.engine.base.Engine.0x...16d0] SELECT work.id AS work_id, work.title AS work_title, work.keyid AS work_keyid, work.publicationid AS work_publicationid, work.composerid AS work_composerid, work.styleid AS work_styleid, work.description AS work_description, work.price AS work_price, work.image AS work_image 
FROM work, workstyle AS workstyle_1 
WHERE work.id = workstyle_1.workid AND ? = workstyle_1.styleid
16:13:05,156 INFO  [sqlalchemy.engine.base.Engine.0x...16d0] [5]
16:13:05,158 INFO  [sqlalchemy.engine.base.Engine.0x...16d0] SELECT work.id AS work_id, work.title AS work_title, work.keyid AS work_keyid, work.publicationid AS work_publicationid, work.composerid AS work_composerid, work.styleid AS work_styleid, work.description AS work_description, work.price AS work_price, work.image AS work_image 
FROM work, workstyle AS workstyle_1 
WHERE work.id = workstyle_1.workid AND ? = workstyle_1.styleid
16:13:05,158 INFO  [sqlalchemy.engine.base.Engine.0x...16d0] [6]
16:13:05,160 INFO  [sqlalchemy.engine.base.Engine.0x...16d0] SELECT work.id AS work_id, work.title AS work_title, work.keyid AS work_keyid, work.publicationid AS work_publicationid, work.composerid AS work_composerid, work.styleid AS work_styleid, work.description AS work_description, work.price AS work_price, work.image AS work_image 
FROM work, workstyle AS workstyle_1 
WHERE work.id = workstyle_1.workid AND ? = workstyle_1.styleid
16:13:05,160 INFO  [sqlalchemy.engine.base.Engine.0x...16d0] [7]
16:13:06,112 INFO  [sqlalchemy.engine.base.Engine.0x...16d0] BEGIN
16:13:06,112 INFO  [sqlalchemy.engine.base.Engine.0x...16d0] SELECT style.id AS style_id, style.name AS style_name 
FROM style 
WHERE style.id = ?
16:13:06,112 INFO  [sqlalchemy.engine.base.Engine.0x...16d0] [u'1']
16:13:06,115 INFO  [sqlalchemy.engine.base.Engine.0x...16d0] SELECT work.id AS work_id, work.title AS work_title, work.keyid AS work_keyid, work.publicationid AS work_publicationid, work.composerid AS work_composerid, work.styleid AS work_styleid, work.description AS work_description, work.price AS work_price, work.image AS work_image 
FROM work, workstyle AS workstyle_1 
WHERE work.id = workstyle_1.workid AND ? = workstyle_1.styleid
16:13:06,115 INFO  [sqlalchemy.engine.base.Engine.0x...16d0] [1]
16:13:07,000 INFO  [sqlalchemy.engine.base.Engine.0x...16d0] BEGIN
16:13:07,000 INFO  [sqlalchemy.engine.base.Engine.0x...16d0] SELECT work.id AS work_id, work.title AS work_title, work.keyid AS work_keyid, work.publicationid AS work_publicationid, work.composerid AS work_composerid, work.styleid AS work_styleid, work.description AS work_description, work.price AS work_price, work.image AS work_image 
FROM work 
WHERE work.id = ?
16:13:07,000 INFO  [sqlalchemy.engine.base.Engine.0x...16d0] [u'2']
16:13:07,002 INFO  [sqlalchemy.engine.base.Engine.0x...16d0] SELECT instrument.id AS instrument_id, instrument.name AS instrument_name 
FROM instrument, workinstrument 
WHERE ? = workinstrument.workid AND instrument.id = workinstrument.instrumentid
16:13:07,002 INFO  [sqlalchemy.engine.base.Engine.0x...16d0] [2]
16:13:07,004 INFO  [sqlalchemy.engine.base.Engine.0x...16d0] SELECT "key".id AS key_id, "key".name AS key_name 
FROM "key" 
WHERE "key".id = ?
16:13:07,004 INFO  [sqlalchemy.engine.base.Engine.0x...16d0] [17]
16:13:07,005 INFO  [sqlalchemy.engine.base.Engine.0x...16d0] SELECT movement.id AS movement_id, movement.title AS movement_title, movement.keyid AS movement_keyid, movement.number AS movement_number, movement.workid AS movement_workid, movement.description AS movement_description 
FROM movement 
WHERE ? = movement.workid
16:13:07,005 INFO  [sqlalchemy.engine.base.Engine.0x...16d0] [2]
16:13:07,006 INFO  [sqlalchemy.engine.base.Engine.0x...16d0] SELECT composer.id AS composer_id, composer.lastname AS composer_lastname, composer.firstname AS composer_firstname, composer.middlename AS composer_middlename, composer.bio AS composer_bio, composer.image AS composer_image 
FROM composer 
WHERE composer.id = ?
16:13:07,006 INFO  [sqlalchemy.engine.base.Engine.0x...16d0] [1]
16:13:07,007 INFO  [sqlalchemy.engine.base.Engine.0x...16d0] SELECT style.id AS style_id, style.name AS style_name 
FROM style, workstyle 
WHERE ? = workstyle.workid AND style.id = workstyle.styleid
16:13:07,007 INFO  [sqlalchemy.engine.base.Engine.0x...16d0] [2]
16:13:07,008 INFO  [sqlalchemy.engine.base.Engine.0x...16d0] SELECT soundclip.id AS soundclip_id, soundclip.workid AS soundclip_workid, soundclip.movementid AS soundclip_movementid, soundclip.path AS soundclip_path 
FROM soundclip 
WHERE ? = soundclip.workid
16:13:07,008 INFO  [sqlalchemy.engine.base.Engine.0x...16d0] [2]
16:13:07,891 INFO  [sqlalchemy.engine.base.Engine.0x...16d0] BEGIN
16:13:07,892 INFO  [sqlalchemy.engine.base.Engine.0x...16d0] SELECT work.id AS work_id, work.title AS work_title, work.keyid AS work_keyid, work.publicationid AS work_publicationid, work.composerid AS work_composerid, work.styleid AS work_styleid, work.description AS work_description, work.price AS work_price, work.image AS work_image 
FROM work 
WHERE work.id = ?
16:13:07,892 INFO  [sqlalchemy.engine.base.Engine.0x...16d0] [u'2']
16:13:07,894 INFO  [sqlalchemy.engine.base.Engine.0x...16d0] SELECT work.id AS work_id, work.title AS work_title, work.keyid AS work_keyid, work.publicationid AS work_publicationid, work.composerid AS work_composerid, work.styleid AS work_styleid, work.description AS work_description, work.price AS work_price, work.image AS work_image 
FROM work 
WHERE work.id = ?
16:13:07,894 INFO  [sqlalchemy.engine.base.Engine.0x...16d0] [u'2']
16:13:07,896 INFO  [sqlalchemy.engine.base.Engine.0x...16d0] SELECT instrument.id AS instrument_id, instrument.name AS instrument_name 
FROM instrument, workinstrument 
WHERE ? = workinstrument.workid AND instrument.id = workinstrument.instrumentid
16:13:07,896 INFO  [sqlalchemy.engine.base.Engine.0x...16d0] [2]
16:13:07,897 INFO  [sqlalchemy.engine.base.Engine.0x...16d0] SELECT "key".id AS key_id, "key".name AS key_name 
FROM "key" 
WHERE "key".id = ?
16:13:07,897 INFO  [sqlalchemy.engine.base.Engine.0x...16d0] [17]
16:13:07,898 INFO  [sqlalchemy.engine.base.Engine.0x...16d0] SELECT movement.id AS movement_id, movement.title AS movement_title, movement.keyid AS movement_keyid, movement.number AS movement_number, movement.workid AS movement_workid, movement.description AS movement_description 
FROM movement 
WHERE ? = movement.workid
16:13:07,898 INFO  [sqlalchemy.engine.base.Engine.0x...16d0] [2]
16:13:07,899 INFO  [sqlalchemy.engine.base.Engine.0x...16d0] SELECT composer.id AS composer_id, composer.lastname AS composer_lastname, composer.firstname AS composer_firstname, composer.middlename AS composer_middlename, composer.bio AS composer_bio, composer.image AS composer_image 
FROM composer 
WHERE composer.id = ?
16:13:07,899 INFO  [sqlalchemy.engine.base.Engine.0x...16d0] [1]
16:13:07,900 INFO  [sqlalchemy.engine.base.Engine.0x...16d0] SELECT style.id AS style_id, style.name AS style_name 
FROM style, workstyle 
WHERE ? = workstyle.workid AND style.id = workstyle.styleid
16:13:07,900 INFO  [sqlalchemy.engine.base.Engine.0x...16d0] [2]
16:13:07,901 INFO  [sqlalchemy.engine.base.Engine.0x...16d0] SELECT soundclip.id AS soundclip_id, soundclip.workid AS soundclip_workid, soundclip.movementid AS soundclip_movementid, soundclip.path AS soundclip_path 
FROM soundclip 
WHERE ? = soundclip.workid
16:13:07,901 INFO  [sqlalchemy.engine.base.Engine.0x...16d0] [2]
16:13:07,940 INFO  [sqlalchemy.engine.base.Engine.0x...16d0] BEGIN
16:13:07,941 INFO  [sqlalchemy.engine.base.Engine.0x...16d0] SELECT work.id AS work_id, work.title AS work_title, work.keyid AS work_keyid, work.publicationid AS work_publicationid, work.composerid AS work_composerid, work.styleid AS work_styleid, work.description AS work_description, work.price AS work_price, work.image AS work_image 
FROM work 
WHERE work.id = ?
16:13:07,941 INFO  [sqlalchemy.engine.base.Engine.0x...16d0] [u'2']
16:13:09,672 INFO  [sqlalchemy.engine.base.Engine.0x...16d0] BEGIN
16:13:09,672 INFO  [sqlalchemy.engine.base.Engine.0x...16d0] SELECT work.id AS work_id, work.title AS work_title, work.keyid AS work_keyid, work.publicationid AS work_publicationid, work.composerid AS work_composerid, work.styleid AS work_styleid, work.description AS work_description, work.price AS work_price, work.image AS work_image 
FROM work 
WHERE work.id = ?
16:13:09,672 INFO  [sqlalchemy.engine.base.Engine.0x...16d0] [u'2']
16:13:09,680 INFO  [sqlalchemy.engine.base.Engine.0x...16d0] BEGIN
16:13:09,680 INFO  [sqlalchemy.engine.base.Engine.0x...16d0] SELECT work.id AS work_id, work.title AS work_title, work.keyid AS work_keyid, work.publicationid AS work_publicationid, work.composerid AS work_composerid, work.styleid AS work_styleid, work.description AS work_description, work.price AS work_price, work.image AS work_image 
FROM work 
WHERE work.id = ?
16:13:09,680 INFO  [sqlalchemy.engine.base.Engine.0x...16d0] [u'2']
16:13:09,682 INFO  [sqlalchemy.engine.base.Engine.0x...16d0] SELECT work.id AS work_id, work.title AS work_title, work.keyid AS work_keyid, work.publicationid AS work_publicationid, work.composerid AS work_composerid, work.styleid AS work_styleid, work.description AS work_description, work.price AS work_price, work.image AS work_image 
FROM work 
WHERE work.id = ?
16:13:09,682 INFO  [sqlalchemy.engine.base.Engine.0x...16d0] [u'2']
16:13:09,684 INFO  [sqlalchemy.engine.base.Engine.0x...16d0] SELECT work.id AS work_id, work.title AS work_title, work.keyid AS work_keyid, work.publicationid AS work_publicationid, work.composerid AS work_composerid, work.styleid AS work_styleid, work.description AS work_description, work.price AS work_price, work.image AS work_image 
FROM work 
WHERE work.id = ?
16:13:09,684 INFO  [sqlalchemy.engine.base.Engine.0x...16d0] [u'2']
16:13:09,685 INFO  [sqlalchemy.engine.base.Engine.0x...16d0] SELECT instrument.id AS instrument_id, instrument.name AS instrument_name 
FROM instrument, workinstrument 
WHERE ? = workinstrument.workid AND instrument.id = workinstrument.instrumentid
16:13:09,686 INFO  [sqlalchemy.engine.base.Engine.0x...16d0] [2]
16:13:09,686 INFO  [sqlalchemy.engine.base.Engine.0x...16d0] SELECT "key".id AS key_id, "key".name AS key_name 
FROM "key" 
WHERE "key".id = ?
16:13:09,687 INFO  [sqlalchemy.engine.base.Engine.0x...16d0] [17]
16:13:09,688 INFO  [sqlalchemy.engine.base.Engine.0x...16d0] SELECT movement.id AS movement_id, movement.title AS movement_title, movement.keyid AS movement_keyid, movement.number AS movement_number, movement.workid AS movement_workid, movement.description AS movement_description 
FROM movement 
WHERE ? = movement.workid
16:13:09,688 INFO  [sqlalchemy.engine.base.Engine.0x...16d0] [2]
16:13:09,689 INFO  [sqlalchemy.engine.base.Engine.0x...16d0] SELECT composer.id AS composer_id, composer.lastname AS composer_lastname, composer.firstname AS composer_firstname, composer.middlename AS composer_middlename, composer.bio AS composer_bio, composer.image AS composer_image 
FROM composer 
WHERE composer.id = ?
16:13:09,689 INFO  [sqlalchemy.engine.base.Engine.0x...16d0] [1]
16:13:09,690 INFO  [sqlalchemy.engine.base.Engine.0x...16d0] SELECT style.id AS style_id, style.name AS style_name 
FROM style, workstyle 
WHERE ? = workstyle.workid AND style.id = workstyle.styleid
16:13:09,690 INFO  [sqlalchemy.engine.base.Engine.0x...16d0] [2]
16:13:09,691 INFO  [sqlalchemy.engine.base.Engine.0x...16d0] SELECT soundclip.id AS soundclip_id, soundclip.workid AS soundclip_workid, soundclip.movementid AS soundclip_movementid, soundclip.path AS soundclip_path 
FROM soundclip 
WHERE ? = soundclip.workid
16:13:09,691 INFO  [sqlalchemy.engine.base.Engine.0x...16d0] [2]
16:13:09,726 INFO  [sqlalchemy.engine.base.Engine.0x...16d0] BEGIN
16:13:09,726 INFO  [sqlalchemy.engine.base.Engine.0x...16d0] SELECT work.id AS work_id, work.title AS work_title, work.keyid AS work_keyid, work.publicationid AS work_publicationid, work.composerid AS work_composerid, work.styleid AS work_styleid, work.description AS work_description, work.price AS work_price, work.image AS work_image 
FROM work 
WHERE work.id = ?
16:13:09,726 INFO  [sqlalchemy.engine.base.Engine.0x...16d0] [u'2']
16:13:09,728 INFO  [sqlalchemy.engine.base.Engine.0x...16d0] SELECT work.id AS work_id, work.title AS work_title, work.keyid AS work_keyid, work.publicationid AS work_publicationid, work.composerid AS work_composerid, work.styleid AS work_styleid, work.description AS work_description, work.price AS work_price, work.image AS work_image 
FROM work 
WHERE work.id = ?
16:13:09,728 INFO  [sqlalchemy.engine.base.Engine.0x...16d0] [u'2']
16:13:10,120 INFO  [sqlalchemy.engine.base.Engine.0x...16d0] BEGIN
16:13:10,120 INFO  [sqlalchemy.engine.base.Engine.0x...16d0] SELECT work.id AS work_id, work.title AS work_title, work.keyid AS work_keyid, work.publicationid AS work_publicationid, work.composerid AS work_composerid, work.styleid AS work_styleid, work.description AS work_description, work.price AS work_price, work.image AS work_image 
FROM work 
WHERE work.id = ?
16:13:10,120 INFO  [sqlalchemy.engine.base.Engine.0x...16d0] [u'2']
16:13:10,122 INFO  [sqlalchemy.engine.base.Engine.0x...16d0] SELECT work.id AS work_id, work.title AS work_title, work.keyid AS work_keyid, work.publicationid AS work_publicationid, work.composerid AS work_composerid, work.styleid AS work_styleid, work.description AS work_description, work.price AS work_price, work.image AS work_image 
FROM work 
WHERE work.id = ?
16:13:10,122 INFO  [sqlalchemy.engine.base.Engine.0x...16d0] [u'2']
16:13:10,134 INFO  [sqlalchemy.engine.base.Engine.0x...16d0] BEGIN
16:13:10,135 INFO  [sqlalchemy.engine.base.Engine.0x...16d0] SELECT work.id AS work_id, work.title AS work_title, work.keyid AS work_keyid, work.publicationid AS work_publicationid, work.composerid AS work_composerid, work.styleid AS work_styleid, work.description AS work_description, work.price AS work_price, work.image AS work_image 
FROM work 
WHERE work.id = ?
16:13:10,135 INFO  [sqlalchemy.engine.base.Engine.0x...16d0] [u'2']
16:13:10,136 INFO  [sqlalchemy.engine.base.Engine.0x...16d0] SELECT work.id AS work_id, work.title AS work_title, work.keyid AS work_keyid, work.publicationid AS work_publicationid, work.composerid AS work_composerid, work.styleid AS work_styleid, work.description AS work_description, work.price AS work_price, work.image AS work_image 
FROM work 
WHERE work.id = ?
16:13:10,137 INFO  [sqlalchemy.engine.base.Engine.0x...16d0] [u'2']
16:13:10,138 INFO  [sqlalchemy.engine.base.Engine.0x...16d0] SELECT work.id AS work_id, work.title AS work_title, work.keyid AS work_keyid, work.publicationid AS work_publicationid, work.composerid AS work_composerid, work.styleid AS work_styleid, work.description AS work_description, work.price AS work_price, work.image AS work_image 
FROM work 
WHERE work.id = ?
16:13:10,138 INFO  [sqlalchemy.engine.base.Engine.0x...16d0] [u'2']
16:13:10,139 INFO  [sqlalchemy.engine.base.Engine.0x...16d0] SELECT work.id AS work_id, work.title AS work_title, work.keyid AS work_keyid, work.publicationid AS work_publicationid, work.composerid AS work_composerid, work.styleid AS work_styleid, work.description AS work_description, work.price AS work_price, work.image AS work_image 
FROM work 
WHERE work.id = ?
16:13:10,139 INFO  [sqlalchemy.engine.base.Engine.0x...16d0] [u'2']
16:13:10,141 INFO  [sqlalchemy.engine.base.Engine.0x...16d0] SELECT instrument.id AS instrument_id, instrument.name AS instrument_name 
FROM instrument, workinstrument 
WHERE ? = workinstrument.workid AND instrument.id = workinstrument.instrumentid
16:13:10,141 INFO  [sqlalchemy.engine.base.Engine.0x...16d0] [2]
16:13:10,142 INFO  [sqlalchemy.engine.base.Engine.0x...16d0] SELECT "key".id AS key_id, "key".name AS key_name 
FROM "key" 
WHERE "key".id = ?
16:13:10,143 INFO  [sqlalchemy.engine.base.Engine.0x...16d0] [17]
16:13:10,144 INFO  [sqlalchemy.engine.base.Engine.0x...16d0] SELECT movement.id AS movement_id, movement.title AS movement_title, movement.keyid AS movement_keyid, movement.number AS movement_number, movement.workid AS movement_workid, movement.description AS movement_description 
FROM movement 
WHERE ? = movement.workid
16:13:10,144 INFO  [sqlalchemy.engine.base.Engine.0x...16d0] [2]
16:13:10,145 INFO  [sqlalchemy.engine.base.Engine.0x...16d0] SELECT composer.id AS composer_id, composer.lastname AS composer_lastname, composer.firstname AS composer_firstname, composer.middlename AS composer_middlename, composer.bio AS composer_bio, composer.image AS composer_image 
FROM composer 
WHERE composer.id = ?
16:13:10,145 INFO  [sqlalchemy.engine.base.Engine.0x...16d0] [1]
16:13:10,146 INFO  [sqlalchemy.engine.base.Engine.0x...16d0] SELECT style.id AS style_id, style.name AS style_name 
FROM style, workstyle 
WHERE ? = workstyle.workid AND style.id = workstyle.styleid
16:13:10,146 INFO  [sqlalchemy.engine.base.Engine.0x...16d0] [2]
16:13:10,147 INFO  [sqlalchemy.engine.base.Engine.0x...16d0] SELECT soundclip.id AS soundclip_id, soundclip.workid AS soundclip_workid, soundclip.movementid AS soundclip_movementid, soundclip.path AS soundclip_path 
FROM soundclip 
WHERE ? = soundclip.workid
16:13:10,147 INFO  [sqlalchemy.engine.base.Engine.0x...16d0] [2]
16:13:10,182 INFO  [sqlalchemy.engine.base.Engine.0x...16d0] BEGIN
16:13:10,183 INFO  [sqlalchemy.engine.base.Engine.0x...16d0] SELECT work.id AS work_id, work.title AS work_title, work.keyid AS work_keyid, work.publicationid AS work_publicationid, work.composerid AS work_composerid, work.styleid AS work_styleid, work.description AS work_description, work.price AS work_price, work.image AS work_image 
FROM work 
WHERE work.id = ?
16:13:10,183 INFO  [sqlalchemy.engine.base.Engine.0x...16d0] [u'2']
16:13:10,184 INFO  [sqlalchemy.engine.base.Engine.0x...16d0] SELECT work.id AS work_id, work.title AS work_title, work.keyid AS work_keyid, work.publicationid AS work_publicationid, work.composerid AS work_composerid, work.styleid AS work_styleid, work.description AS work_description, work.price AS work_price, work.image AS work_image 
FROM work 
WHERE work.id = ?
16:13:10,184 INFO  [sqlalchemy.engine.base.Engine.0x...16d0] [u'2']
16:13:10,186 INFO  [sqlalchemy.engine.base.Engine.0x...16d0] SELECT work.id AS work_id, work.title AS work_title, work.keyid AS work_keyid, work.publicationid AS work_publicationid, work.composerid AS work_composerid, work.styleid AS work_styleid, work.description AS work_description, work.price AS work_price, work.image AS work_image 
FROM work 
WHERE work.id = ?
16:13:10,186 INFO  [sqlalchemy.engine.base.Engine.0x...16d0] [u'2']
16:13:12,223 INFO  [sqlalchemy.engine.base.Engine.0x...16d0] BEGIN
16:13:12,224 INFO  [sqlalchemy.engine.base.Engine.0x...16d0] SELECT work.id AS work_id, work.title AS work_title, work.keyid AS work_keyid, work.publicationid AS work_publicationid, work.composerid AS work_composerid, work.styleid AS work_styleid, work.description AS work_description, work.price AS work_price, work.image AS work_image 
FROM work 
WHERE work.id = ?
16:13:12,224 INFO  [sqlalchemy.engine.base.Engine.0x...16d0] [u'2']
16:13:12,226 INFO  [sqlalchemy.engine.base.Engine.0x...16d0] SELECT work.id AS work_id, work.title AS work_title, work.keyid AS work_keyid, work.publicationid AS work_publicationid, work.composerid AS work_composerid, work.styleid AS work_styleid, work.description AS work_description, work.price AS work_price, work.image AS work_image 
FROM work 
WHERE work.id = ?
16:13:12,226 INFO  [sqlalchemy.engine.base.Engine.0x...16d0] [u'2']
16:13:12,227 INFO  [sqlalchemy.engine.base.Engine.0x...16d0] SELECT work.id AS work_id, work.title AS work_title, work.keyid AS work_keyid, work.publicationid AS work_publicationid, work.composerid AS work_composerid, work.styleid AS work_styleid, work.description AS work_description, work.price AS work_price, work.image AS work_image 
FROM work 
WHERE work.id = ?
16:13:12,227 INFO  [sqlalchemy.engine.base.Engine.0x...16d0] [u'2']
16:13:13,727 INFO  [sqlalchemy.engine.base.Engine.0x...16d0] BEGIN
16:13:13,728 INFO  [sqlalchemy.engine.base.Engine.0x...16d0] SELECT work.id AS work_id, work.title AS work_title, work.keyid AS work_keyid, work.publicationid AS work_publicationid, work.composerid AS work_composerid, work.styleid AS work_styleid, work.description AS work_description, work.price AS work_price, work.image AS work_image 
FROM work 
WHERE work.id = ?
16:13:13,728 INFO  [sqlalchemy.engine.base.Engine.0x...16d0] [u'2']
16:13:13,729 INFO  [sqlalchemy.engine.base.Engine.0x...16d0] SELECT work.id AS work_id, work.title AS work_title, work.keyid AS work_keyid, work.publicationid AS work_publicationid, work.composerid AS work_composerid, work.styleid AS work_styleid, work.description AS work_description, work.price AS work_price, work.image AS work_image 
FROM work 
WHERE work.id = ?
16:13:13,729 INFO  [sqlalchemy.engine.base.Engine.0x...16d0] [u'2']
16:13:13,730 INFO  [sqlalchemy.engine.base.Engine.0x...16d0] SELECT work.id AS work_id, work.title AS work_title, work.keyid AS work_keyid, work.publicationid AS work_publicationid, work.composerid AS work_composerid, work.styleid AS work_styleid, work.description AS work_description, work.price AS work_price, work.image AS work_image 
FROM work 
WHERE work.id = ?
16:13:13,731 INFO  [sqlalchemy.engine.base.Engine.0x...16d0] [u'2']
16:13:13,774 INFO  [sqlalchemy.engine.base.Engine.0x...16d0] BEGIN
16:13:13,774 INFO  [sqlalchemy.engine.base.Engine.0x...16d0] SELECT work.id AS work_id, work.title AS work_title, work.keyid AS work_keyid, work.publicationid AS work_publicationid, work.composerid AS work_composerid, work.styleid AS work_styleid, work.description AS work_description, work.price AS work_price, work.image AS work_image 
FROM work 
WHERE work.id = ?
16:13:13,774 INFO  [sqlalchemy.engine.base.Engine.0x...16d0] [u'2']
16:13:13,776 INFO  [sqlalchemy.engine.base.Engine.0x...16d0] SELECT work.id AS work_id, work.title AS work_title, work.keyid AS work_keyid, work.publicationid AS work_publicationid, work.composerid AS work_composerid, work.styleid AS work_styleid, work.description AS work_description, work.price AS work_price, work.image AS work_image 
FROM work 
WHERE work.id = ?
16:13:13,776 INFO  [sqlalchemy.engine.base.Engine.0x...16d0] [u'2']
16:13:13,779 INFO  [sqlalchemy.engine.base.Engine.0x...16d0] SELECT work.id AS work_id, work.title AS work_title, work.keyid AS work_keyid, work.publicationid AS work_publicationid, work.composerid AS work_composerid, work.styleid AS work_styleid, work.description AS work_description, work.price AS work_price, work.image AS work_image 
FROM work 
WHERE work.id = ?
16:13:13,779 INFO  [sqlalchemy.engine.base.Engine.0x...16d0] [u'2']
16:47:45,002 INFO  [sqlalchemy.engine.base.Engine.0x...16d0] BEGIN
16:47:45,002 INFO  [sqlalchemy.engine.base.Engine.0x...16d0] SELECT work.id AS work_id, work.title AS work_title, work.keyid AS work_keyid, work.publicationid AS work_publicationid, work.composerid AS work_composerid, work.styleid AS work_styleid, work.description AS work_description, work.price AS work_price, work.image AS work_image 
FROM work 
WHERE work.id = ?
16:47:45,002 INFO  [sqlalchemy.engine.base.Engine.0x...16d0] [u'2']
16:47:45,004 INFO  [sqlalchemy.engine.base.Engine.0x...16d0] SELECT work.id AS work_id, work.title AS work_title, work.keyid AS work_keyid, work.publicationid AS work_publicationid, work.composerid AS work_composerid, work.styleid AS work_styleid, work.description AS work_description, work.price AS work_price, work.image AS work_image 
FROM work 
WHERE work.id = ?
16:47:45,004 INFO  [sqlalchemy.engine.base.Engine.0x...16d0] [u'2']
16:47:45,005 INFO  [sqlalchemy.engine.base.Engine.0x...16d0] SELECT work.id AS work_id, work.title AS work_title, work.keyid AS work_keyid, work.publicationid AS work_publicationid, work.composerid AS work_composerid, work.styleid AS work_styleid, work.description AS work_description, work.price AS work_price, work.image AS work_image 
FROM work 
WHERE work.id = ?
16:47:45,005 INFO  [sqlalchemy.engine.base.Engine.0x...16d0] [u'2']
16:47:45,105 INFO  [sqlalchemy.engine.base.Engine.0x...16d0] BEGIN
16:47:45,105 INFO  [sqlalchemy.engine.base.Engine.0x...16d0] SELECT work.id AS work_id, work.title AS work_title, work.keyid AS work_keyid, work.publicationid AS work_publicationid, work.composerid AS work_composerid, work.styleid AS work_styleid, work.description AS work_description, work.price AS work_price, work.image AS work_image 
FROM work 
WHERE work.id = ?
16:47:45,106 INFO  [sqlalchemy.engine.base.Engine.0x...16d0] [u'2']
16:47:45,107 INFO  [sqlalchemy.engine.base.Engine.0x...16d0] SELECT work.id AS work_id, work.title AS work_title, work.keyid AS work_keyid, work.publicationid AS work_publicationid, work.composerid AS work_composerid, work.styleid AS work_styleid, work.description AS work_description, work.price AS work_price, work.image AS work_image 
FROM work 
WHERE work.id = ?
16:47:45,107 INFO  [sqlalchemy.engine.base.Engine.0x...16d0] [u'2']
16:47:45,108 INFO  [sqlalchemy.engine.base.Engine.0x...16d0] SELECT work.id AS work_id, work.title AS work_title, work.keyid AS work_keyid, work.publicationid AS work_publicationid, work.composerid AS work_composerid, work.styleid AS work_styleid, work.description AS work_description, work.price AS work_price, work.image AS work_image 
FROM work 
WHERE work.id = ?
16:47:45,109 INFO  [sqlalchemy.engine.base.Engine.0x...16d0] [u'2']
16:48:07,193 INFO  [sqlalchemy.engine.base.Engine.0x...16d0] BEGIN
16:48:07,194 INFO  [sqlalchemy.engine.base.Engine.0x...16d0] SELECT work.id AS work_id, work.title AS work_title, work.keyid AS work_keyid, work.publicationid AS work_publicationid, work.composerid AS work_composerid, work.styleid AS work_styleid, work.description AS work_description, work.price AS work_price, work.image AS work_image 
FROM work 
WHERE work.id = ?
16:48:07,194 INFO  [sqlalchemy.engine.base.Engine.0x...16d0] [u'2']
16:48:07,196 INFO  [sqlalchemy.engine.base.Engine.0x...16d0] SELECT work.id AS work_id, work.title AS work_title, work.keyid AS work_keyid, work.publicationid AS work_publicationid, work.composerid AS work_composerid, work.styleid AS work_styleid, work.description AS work_description, work.price AS work_price, work.image AS work_image 
FROM work 
WHERE work.id = ?
16:48:07,196 INFO  [sqlalchemy.engine.base.Engine.0x...16d0] [u'2']
16:48:07,197 INFO  [sqlalchemy.engine.base.Engine.0x...16d0] SELECT work.id AS work_id, work.title AS work_title, work.keyid AS work_keyid, work.publicationid AS work_publicationid, work.composerid AS work_composerid, work.styleid AS work_styleid, work.description AS work_description, work.price AS work_price, work.image AS work_image 
FROM work 
WHERE work.id = ?
16:48:07,197 INFO  [sqlalchemy.engine.base.Engine.0x...16d0] [u'2']
16:48:07,270 INFO  [paste.httpserver.ThreadPool] kill_hung_threads status: 10 threads (0 working, 10 idle, 0 starting) ave time N/A, max time 0.00sec, killed 0 workers
16:48:07,278 INFO  [sqlalchemy.engine.base.Engine.0x...16d0] BEGIN
16:48:07,279 INFO  [sqlalchemy.engine.base.Engine.0x...16d0] SELECT work.id AS work_id, work.title AS work_title, work.keyid AS work_keyid, work.publicationid AS work_publicationid, work.composerid AS work_composerid, work.styleid AS work_styleid, work.description AS work_description, work.price AS work_price, work.image AS work_image 
FROM work 
WHERE work.id = ?
16:48:07,279 INFO  [sqlalchemy.engine.base.Engine.0x...16d0] [u'2']
16:48:07,280 INFO  [sqlalchemy.engine.base.Engine.0x...16d0] SELECT work.id AS work_id, work.title AS work_title, work.keyid AS work_keyid, work.publicationid AS work_publicationid, work.composerid AS work_composerid, work.styleid AS work_styleid, work.description AS work_description, work.price AS work_price, work.image AS work_image 
FROM work 
WHERE work.id = ?
16:48:07,280 INFO  [sqlalchemy.engine.base.Engine.0x...16d0] [u'2']
16:48:07,281 INFO  [sqlalchemy.engine.base.Engine.0x...16d0] SELECT work.id AS work_id, work.title AS work_title, work.keyid AS work_keyid, work.publicationid AS work_publicationid, work.composerid AS work_composerid, work.styleid AS work_styleid, work.description AS work_description, work.price AS work_price, work.image AS work_image 
FROM work 
WHERE work.id = ?
16:48:07,281 INFO  [sqlalchemy.engine.base.Engine.0x...16d0] [u'2']
16:48:43,533 INFO  [sqlalchemy.engine.base.Engine.0x...16d0] BEGIN
16:48:43,533 INFO  [sqlalchemy.engine.base.Engine.0x...16d0] SELECT work.id AS work_id, work.title AS work_title, work.keyid AS work_keyid, work.publicationid AS work_publicationid, work.composerid AS work_composerid, work.styleid AS work_styleid, work.description AS work_description, work.price AS work_price, work.image AS work_image 
FROM work 
WHERE work.id = ?
16:48:43,533 INFO  [sqlalchemy.engine.base.Engine.0x...16d0] [u'2']
16:48:43,535 INFO  [sqlalchemy.engine.base.Engine.0x...16d0] SELECT work.id AS work_id, work.title AS work_title, work.keyid AS work_keyid, work.publicationid AS work_publicationid, work.composerid AS work_composerid, work.styleid AS work_styleid, work.description AS work_description, work.price AS work_price, work.image AS work_image 
FROM work 
WHERE work.id = ?
16:48:43,535 INFO  [sqlalchemy.engine.base.Engine.0x...16d0] [u'2']
16:48:43,536 INFO  [sqlalchemy.engine.base.Engine.0x...16d0] SELECT work.id AS work_id, work.title AS work_title, work.keyid AS work_keyid, work.publicationid AS work_publicationid, work.composerid AS work_composerid, work.styleid AS work_styleid, work.description AS work_description, work.price AS work_price, work.image AS work_image 
FROM work 
WHERE work.id = ?
16:48:43,536 INFO  [sqlalchemy.engine.base.Engine.0x...16d0] [u'2']
16:48:43,592 INFO  [sqlalchemy.engine.base.Engine.0x...16d0] BEGIN
16:48:43,592 INFO  [sqlalchemy.engine.base.Engine.0x...16d0] SELECT work.id AS work_id, work.title AS work_title, work.keyid AS work_keyid, work.publicationid AS work_publicationid, work.composerid AS work_composerid, work.styleid AS work_styleid, work.description AS work_description, work.price AS work_price, work.image AS work_image 
FROM work 
WHERE work.id = ?
16:48:43,592 INFO  [sqlalchemy.engine.base.Engine.0x...16d0] [u'2']
16:48:43,594 INFO  [sqlalchemy.engine.base.Engine.0x...16d0] SELECT work.id AS work_id, work.title AS work_title, work.keyid AS work_keyid, work.publicationid AS work_publicationid, work.composerid AS work_composerid, work.styleid AS work_styleid, work.description AS work_description, work.price AS work_price, work.image AS work_image 
FROM work 
WHERE work.id = ?
16:48:43,594 INFO  [sqlalchemy.engine.base.Engine.0x...16d0] [u'2']
16:48:43,595 INFO  [sqlalchemy.engine.base.Engine.0x...16d0] SELECT work.id AS work_id, work.title AS work_title, work.keyid AS work_keyid, work.publicationid AS work_publicationid, work.composerid AS work_composerid, work.styleid AS work_styleid, work.description AS work_description, work.price AS work_price, work.image AS work_image 
FROM work 
WHERE work.id = ?
16:48:43,595 INFO  [sqlalchemy.engine.base.Engine.0x...16d0] [u'2']
16:48:50,580 INFO  [sqlalchemy.engine.base.Engine.0x...16d0] BEGIN
16:48:50,580 INFO  [sqlalchemy.engine.base.Engine.0x...16d0] SELECT work.id AS work_id, work.title AS work_title, work.keyid AS work_keyid, work.publicationid AS work_publicationid, work.composerid AS work_composerid, work.styleid AS work_styleid, work.description AS work_description, work.price AS work_price, work.image AS work_image 
FROM work 
WHERE work.id = ?
16:48:50,581 INFO  [sqlalchemy.engine.base.Engine.0x...16d0] [u'2']
16:48:50,582 INFO  [sqlalchemy.engine.base.Engine.0x...16d0] SELECT work.id AS work_id, work.title AS work_title, work.keyid AS work_keyid, work.publicationid AS work_publicationid, work.composerid AS work_composerid, work.styleid AS work_styleid, work.description AS work_description, work.price AS work_price, work.image AS work_image 
FROM work 
WHERE work.id = ?
16:48:50,582 INFO  [sqlalchemy.engine.base.Engine.0x...16d0] [u'2']
16:48:50,584 INFO  [sqlalchemy.engine.base.Engine.0x...16d0] SELECT work.id AS work_id, work.title AS work_title, work.keyid AS work_keyid, work.publicationid AS work_publicationid, work.composerid AS work_composerid, work.styleid AS work_styleid, work.description AS work_description, work.price AS work_price, work.image AS work_image 
FROM work 
WHERE work.id = ?
16:48:50,584 INFO  [sqlalchemy.engine.base.Engine.0x...16d0] [u'2']
16:48:50,642 INFO  [sqlalchemy.engine.base.Engine.0x...16d0] BEGIN
16:48:50,642 INFO  [sqlalchemy.engine.base.Engine.0x...16d0] SELECT work.id AS work_id, work.title AS work_title, work.keyid AS work_keyid, work.publicationid AS work_publicationid, work.composerid AS work_composerid, work.styleid AS work_styleid, work.description AS work_description, work.price AS work_price, work.image AS work_image 
FROM work 
WHERE work.id = ?
16:48:50,642 INFO  [sqlalchemy.engine.base.Engine.0x...16d0] [u'2']
16:48:50,644 INFO  [sqlalchemy.engine.base.Engine.0x...16d0] SELECT work.id AS work_id, work.title AS work_title, work.keyid AS work_keyid, work.publicationid AS work_publicationid, work.composerid AS work_composerid, work.styleid AS work_styleid, work.description AS work_description, work.price AS work_price, work.image AS work_image 
FROM work 
WHERE work.id = ?
16:48:50,644 INFO  [sqlalchemy.engine.base.Engine.0x...16d0] [u'2']
16:48:50,645 INFO  [sqlalchemy.engine.base.Engine.0x...16d0] SELECT work.id AS work_id, work.title AS work_title, work.keyid AS work_keyid, work.publicationid AS work_publicationid, work.composerid AS work_composerid, work.styleid AS work_styleid, work.description AS work_description, work.price AS work_price, work.image AS work_image 
FROM work 
WHERE work.id = ?
16:48:50,645 INFO  [sqlalchemy.engine.base.Engine.0x...16d0] [u'2']
16:49:26,796 INFO  [sqlalchemy.engine.base.Engine.0x...16d0] BEGIN
16:49:26,797 INFO  [sqlalchemy.engine.base.Engine.0x...16d0] SELECT work.id AS work_id, work.title AS work_title, work.keyid AS work_keyid, work.publicationid AS work_publicationid, work.composerid AS work_composerid, work.styleid AS work_styleid, work.description AS work_description, work.price AS work_price, work.image AS work_image 
FROM work 
WHERE work.id = ?
16:49:26,797 INFO  [sqlalchemy.engine.base.Engine.0x...16d0] [u'2']
16:49:26,798 INFO  [sqlalchemy.engine.base.Engine.0x...16d0] SELECT work.id AS work_id, work.title AS work_title, work.keyid AS work_keyid, work.publicationid AS work_publicationid, work.composerid AS work_composerid, work.styleid AS work_styleid, work.description AS work_description, work.price AS work_price, work.image AS work_image 
FROM work 
WHERE work.id = ?
16:49:26,798 INFO  [sqlalchemy.engine.base.Engine.0x...16d0] [u'2']
16:49:26,799 INFO  [sqlalchemy.engine.base.Engine.0x...16d0] SELECT work.id AS work_id, work.title AS work_title, work.keyid AS work_keyid, work.publicationid AS work_publicationid, work.composerid AS work_composerid, work.styleid AS work_styleid, work.description AS work_description, work.price AS work_price, work.image AS work_image 
FROM work 
WHERE work.id = ?
16:49:26,800 INFO  [sqlalchemy.engine.base.Engine.0x...16d0] [u'2']
16:49:26,849 INFO  [sqlalchemy.engine.base.Engine.0x...16d0] BEGIN
16:49:26,849 INFO  [sqlalchemy.engine.base.Engine.0x...16d0] SELECT work.id AS work_id, work.title AS work_title, work.keyid AS work_keyid, work.publicationid AS work_publicationid, work.composerid AS work_composerid, work.styleid AS work_styleid, work.description AS work_description, work.price AS work_price, work.image AS work_image 
FROM work 
WHERE work.id = ?
16:49:26,849 INFO  [sqlalchemy.engine.base.Engine.0x...16d0] [u'2']
16:49:26,851 INFO  [sqlalchemy.engine.base.Engine.0x...16d0] SELECT work.id AS work_id, work.title AS work_title, work.keyid AS work_keyid, work.publicationid AS work_publicationid, work.composerid AS work_composerid, work.styleid AS work_styleid, work.description AS work_description, work.price AS work_price, work.image AS work_image 
FROM work 
WHERE work.id = ?
16:49:26,851 INFO  [sqlalchemy.engine.base.Engine.0x...16d0] [u'2']
16:49:26,852 INFO  [sqlalchemy.engine.base.Engine.0x...16d0] SELECT work.id AS work_id, work.title AS work_title, work.keyid AS work_keyid, work.publicationid AS work_publicationid, work.composerid AS work_composerid, work.styleid AS work_styleid, work.description AS work_description, work.price AS work_price, work.image AS work_image 
FROM work 
WHERE work.id = ?
16:49:26,852 INFO  [sqlalchemy.engine.base.Engine.0x...16d0] [u'2']
16:50:09,297 INFO  [sqlalchemy.engine.base.Engine.0x...16d0] BEGIN
16:50:09,297 INFO  [sqlalchemy.engine.base.Engine.0x...16d0] SELECT work.id AS work_id, work.title AS work_title, work.keyid AS work_keyid, work.publicationid AS work_publicationid, work.composerid AS work_composerid, work.styleid AS work_styleid, work.description AS work_description, work.price AS work_price, work.image AS work_image 
FROM work 
WHERE work.id = ?
16:50:09,297 INFO  [sqlalchemy.engine.base.Engine.0x...16d0] [u'2']
16:50:09,299 INFO  [sqlalchemy.engine.base.Engine.0x...16d0] SELECT work.id AS work_id, work.title AS work_title, work.keyid AS work_keyid, work.publicationid AS work_publicationid, work.composerid AS work_composerid, work.styleid AS work_styleid, work.description AS work_description, work.price AS work_price, work.image AS work_image 
FROM work 
WHERE work.id = ?
16:50:09,299 INFO  [sqlalchemy.engine.base.Engine.0x...16d0] [u'2']
16:50:09,300 INFO  [sqlalchemy.engine.base.Engine.0x...16d0] SELECT work.id AS work_id, work.title AS work_title, work.keyid AS work_keyid, work.publicationid AS work_publicationid, work.composerid AS work_composerid, work.styleid AS work_styleid, work.description AS work_description, work.price AS work_price, work.image AS work_image 
FROM work 
WHERE work.id = ?
16:50:09,300 INFO  [sqlalchemy.engine.base.Engine.0x...16d0] [u'2']
16:50:09,374 INFO  [sqlalchemy.engine.base.Engine.0x...16d0] BEGIN
16:50:09,374 INFO  [sqlalchemy.engine.base.Engine.0x...16d0] SELECT work.id AS work_id, work.title AS work_title, work.keyid AS work_keyid, work.publicationid AS work_publicationid, work.composerid AS work_composerid, work.styleid AS work_styleid, work.description AS work_description, work.price AS work_price, work.image AS work_image 
FROM work 
WHERE work.id = ?
16:50:09,374 INFO  [sqlalchemy.engine.base.Engine.0x...16d0] [u'2']
16:50:09,376 INFO  [sqlalchemy.engine.base.Engine.0x...16d0] SELECT work.id AS work_id, work.title AS work_title, work.keyid AS work_keyid, work.publicationid AS work_publicationid, work.composerid AS work_composerid, work.styleid AS work_styleid, work.description AS work_description, work.price AS work_price, work.image AS work_image 
FROM work 
WHERE work.id = ?
16:50:09,376 INFO  [sqlalchemy.engine.base.Engine.0x...16d0] [u'2']
16:50:09,377 INFO  [sqlalchemy.engine.base.Engine.0x...16d0] SELECT work.id AS work_id, work.title AS work_title, work.keyid AS work_keyid, work.publicationid AS work_publicationid, work.composerid AS work_composerid, work.styleid AS work_styleid, work.description AS work_description, work.price AS work_price, work.image AS work_image 
FROM work 
WHERE work.id = ?
16:50:09,377 INFO  [sqlalchemy.engine.base.Engine.0x...16d0] [u'2']
16:51:51,115 INFO  [sqlalchemy.engine.base.Engine.0x...16d0] BEGIN
16:51:51,115 INFO  [sqlalchemy.engine.base.Engine.0x...16d0] SELECT work.id AS work_id, work.title AS work_title, work.keyid AS work_keyid, work.publicationid AS work_publicationid, work.composerid AS work_composerid, work.styleid AS work_styleid, work.description AS work_description, work.price AS work_price, work.image AS work_image 
FROM work 
WHERE work.id = ?
16:51:51,115 INFO  [sqlalchemy.engine.base.Engine.0x...16d0] [u'2']
16:51:51,117 INFO  [sqlalchemy.engine.base.Engine.0x...16d0] SELECT work.id AS work_id, work.title AS work_title, work.keyid AS work_keyid, work.publicationid AS work_publicationid, work.composerid AS work_composerid, work.styleid AS work_styleid, work.description AS work_description, work.price AS work_price, work.image AS work_image 
FROM work 
WHERE work.id = ?
16:51:51,117 INFO  [sqlalchemy.engine.base.Engine.0x...16d0] [u'2']
16:51:51,118 INFO  [sqlalchemy.engine.base.Engine.0x...16d0] SELECT work.id AS work_id, work.title AS work_title, work.keyid AS work_keyid, work.publicationid AS work_publicationid, work.composerid AS work_composerid, work.styleid AS work_styleid, work.description AS work_description, work.price AS work_price, work.image AS work_image 
FROM work 
WHERE work.id = ?
16:51:51,118 INFO  [sqlalchemy.engine.base.Engine.0x...16d0] [u'2']
16:51:51,162 INFO  [sqlalchemy.engine.base.Engine.0x...16d0] BEGIN
16:51:51,163 INFO  [sqlalchemy.engine.base.Engine.0x...16d0] SELECT work.id AS work_id, work.title AS work_title, work.keyid AS work_keyid, work.publicationid AS work_publicationid, work.composerid AS work_composerid, work.styleid AS work_styleid, work.description AS work_description, work.price AS work_price, work.image AS work_image 
FROM work 
WHERE work.id = ?
16:51:51,163 INFO  [sqlalchemy.engine.base.Engine.0x...16d0] [u'2']
16:51:51,164 INFO  [sqlalchemy.engine.base.Engine.0x...16d0] SELECT work.id AS work_id, work.title AS work_title, work.keyid AS work_keyid, work.publicationid AS work_publicationid, work.composerid AS work_composerid, work.styleid AS work_styleid, work.description AS work_description, work.price AS work_price, work.image AS work_image 
FROM work 
WHERE work.id = ?
16:51:51,165 INFO  [sqlalchemy.engine.base.Engine.0x...16d0] [u'2']
16:51:51,166 INFO  [sqlalchemy.engine.base.Engine.0x...16d0] SELECT work.id AS work_id, work.title AS work_title, work.keyid AS work_keyid, work.publicationid AS work_publicationid, work.composerid AS work_composerid, work.styleid AS work_styleid, work.description AS work_description, work.price AS work_price, work.image AS work_image 
FROM work 
WHERE work.id = ?
16:51:51,166 INFO  [sqlalchemy.engine.base.Engine.0x...16d0] [u'2']
16:54:48,329 INFO  [sqlalchemy.engine.base.Engine.0x...16d0] BEGIN
16:54:48,330 INFO  [sqlalchemy.engine.base.Engine.0x...16d0] SELECT work.id AS work_id, work.title AS work_title, work.keyid AS work_keyid, work.publicationid AS work_publicationid, work.composerid AS work_composerid, work.styleid AS work_styleid, work.description AS work_description, work.price AS work_price, work.image AS work_image 
FROM work 
WHERE work.id = ?
16:54:48,330 INFO  [sqlalchemy.engine.base.Engine.0x...16d0] [u'2']
16:54:48,332 INFO  [sqlalchemy.engine.base.Engine.0x...16d0] SELECT work.id AS work_id, work.title AS work_title, work.keyid AS work_keyid, work.publicationid AS work_publicationid, work.composerid AS work_composerid, work.styleid AS work_styleid, work.description AS work_description, work.price AS work_price, work.image AS work_image 
FROM work 
WHERE work.id = ?
16:54:48,332 INFO  [sqlalchemy.engine.base.Engine.0x...16d0] [u'2']
16:54:48,333 INFO  [sqlalchemy.engine.base.Engine.0x...16d0] SELECT work.id AS work_id, work.title AS work_title, work.keyid AS work_keyid, work.publicationid AS work_publicationid, work.composerid AS work_composerid, work.styleid AS work_styleid, work.description AS work_description, work.price AS work_price, work.image AS work_image 
FROM work 
WHERE work.id = ?
16:54:48,333 INFO  [sqlalchemy.engine.base.Engine.0x...16d0] [u'2']
Debug at: http://127.0.0.1:5000/_debug/view/1246319688
16:56:10,528 INFO  [sqlalchemy.engine.base.Engine.0x...16d0] BEGIN
16:56:10,528 INFO  [sqlalchemy.engine.base.Engine.0x...16d0] SELECT work.id AS work_id, work.title AS work_title, work.keyid AS work_keyid, work.publicationid AS work_publicationid, work.composerid AS work_composerid, work.styleid AS work_styleid, work.description AS work_description, work.price AS work_price, work.image AS work_image 
FROM work 
WHERE work.id = ?
16:56:10,528 INFO  [sqlalchemy.engine.base.Engine.0x...16d0] [u'2']
16:56:10,530 INFO  [sqlalchemy.engine.base.Engine.0x...16d0] SELECT work.id AS work_id, work.title AS work_title, work.keyid AS work_keyid, work.publicationid AS work_publicationid, work.composerid AS work_composerid, work.styleid AS work_styleid, work.description AS work_description, work.price AS work_price, work.image AS work_image 
FROM work 
WHERE work.id = ?
16:56:10,530 INFO  [sqlalchemy.engine.base.Engine.0x...16d0] [u'2']
16:56:10,531 INFO  [sqlalchemy.engine.base.Engine.0x...16d0] SELECT work.id AS work_id, work.title AS work_title, work.keyid AS work_keyid, work.publicationid AS work_publicationid, work.composerid AS work_composerid, work.styleid AS work_styleid, work.description AS work_description, work.price AS work_price, work.image AS work_image 
FROM work 
WHERE work.id = ?
16:56:10,531 INFO  [sqlalchemy.engine.base.Engine.0x...16d0] [u'2']
Debug at: http://127.0.0.1:5000/_debug/view/1246319689
16:57:59,076 INFO  [sqlalchemy.engine.base.Engine.0x...16d0] BEGIN
16:57:59,076 INFO  [sqlalchemy.engine.base.Engine.0x...16d0] SELECT work.id AS work_id, work.title AS work_title, work.keyid AS work_keyid, work.publicationid AS work_publicationid, work.composerid AS work_composerid, work.styleid AS work_styleid, work.description AS work_description, work.price AS work_price, work.image AS work_image 
FROM work 
WHERE work.id = ?
16:57:59,077 INFO  [sqlalchemy.engine.base.Engine.0x...16d0] [u'2']
16:57:59,078 INFO  [sqlalchemy.engine.base.Engine.0x...16d0] SELECT work.id AS work_id, work.title AS work_title, work.keyid AS work_keyid, work.publicationid AS work_publicationid, work.composerid AS work_composerid, work.styleid AS work_styleid, work.description AS work_description, work.price AS work_price, work.image AS work_image 
FROM work 
WHERE work.id = ?
16:57:59,078 INFO  [sqlalchemy.engine.base.Engine.0x...16d0] [u'2']
16:57:59,079 INFO  [sqlalchemy.engine.base.Engine.0x...16d0] SELECT work.id AS work_id, work.title AS work_title, work.keyid AS work_keyid, work.publicationid AS work_publicationid, work.composerid AS work_composerid, work.styleid AS work_styleid, work.description AS work_description, work.price AS work_price, work.image AS work_image 
FROM work 
WHERE work.id = ?
16:57:59,079 INFO  [sqlalchemy.engine.base.Engine.0x...16d0] [u'2']
Debug at: http://127.0.0.1:5000/_debug/view/1246319690
16:58:07,236 INFO  [sqlalchemy.engine.base.Engine.0x...16d0] BEGIN
16:58:07,237 INFO  [sqlalchemy.engine.base.Engine.0x...16d0] SELECT work.id AS work_id, work.title AS work_title, work.keyid AS work_keyid, work.publicationid AS work_publicationid, work.composerid AS work_composerid, work.styleid AS work_styleid, work.description AS work_description, work.price AS work_price, work.image AS work_image 
FROM work 
WHERE work.id = ?
16:58:07,237 INFO  [sqlalchemy.engine.base.Engine.0x...16d0] [u'2']
16:58:07,238 INFO  [sqlalchemy.engine.base.Engine.0x...16d0] SELECT work.id AS work_id, work.title AS work_title, work.keyid AS work_keyid, work.publicationid AS work_publicationid, work.composerid AS work_composerid, work.styleid AS work_styleid, work.description AS work_description, work.price AS work_price, work.image AS work_image 
FROM work 
WHERE work.id = ?
16:58:07,238 INFO  [sqlalchemy.engine.base.Engine.0x...16d0] [u'2']
16:58:07,239 INFO  [sqlalchemy.engine.base.Engine.0x...16d0] SELECT work.id AS work_id, work.title AS work_title, work.keyid AS work_keyid, work.publicationid AS work_publicationid, work.composerid AS work_composerid, work.styleid AS work_styleid, work.description AS work_description, work.price AS work_price, work.image AS work_image 
FROM work 
WHERE work.id = ?
16:58:07,240 INFO  [sqlalchemy.engine.base.Engine.0x...16d0] [u'2']
Debug at: http://127.0.0.1:5000/_debug/view/1246319691
16:58:14,540 INFO  [sqlalchemy.engine.base.Engine.0x...16d0] BEGIN
16:58:14,540 INFO  [sqlalchemy.engine.base.Engine.0x...16d0] SELECT work.id AS work_id, work.title AS work_title, work.keyid AS work_keyid, work.publicationid AS work_publicationid, work.composerid AS work_composerid, work.styleid AS work_styleid, work.description AS work_description, work.price AS work_price, work.image AS work_image 
FROM work 
WHERE work.id = ?
16:58:14,540 INFO  [sqlalchemy.engine.base.Engine.0x...16d0] [u'2']
16:58:14,542 INFO  [sqlalchemy.engine.base.Engine.0x...16d0] SELECT work.id AS work_id, work.title AS work_title, work.keyid AS work_keyid, work.publicationid AS work_publicationid, work.composerid AS work_composerid, work.styleid AS work_styleid, work.description AS work_description, work.price AS work_price, work.image AS work_image 
FROM work 
WHERE work.id = ?
16:58:14,542 INFO  [sqlalchemy.engine.base.Engine.0x...16d0] [u'2']
16:58:14,543 INFO  [sqlalchemy.engine.base.Engine.0x...16d0] SELECT work.id AS work_id, work.title AS work_title, work.keyid AS work_keyid, work.publicationid AS work_publicationid, work.composerid AS work_composerid, work.styleid AS work_styleid, work.description AS work_description, work.price AS work_price, work.image AS work_image 
FROM work 
WHERE work.id = ?
16:58:14,543 INFO  [sqlalchemy.engine.base.Engine.0x...16d0] [u'2']
Debug at: http://127.0.0.1:5000/_debug/view/1246319692
16:58:23,924 INFO  [sqlalchemy.engine.base.Engine.0x...16d0] BEGIN
16:58:23,925 INFO  [sqlalchemy.engine.base.Engine.0x...16d0] SELECT work.id AS work_id, work.title AS work_title, work.keyid AS work_keyid, work.publicationid AS work_publicationid, work.composerid AS work_composerid, work.styleid AS work_styleid, work.description AS work_description, work.price AS work_price, work.image AS work_image 
FROM work 
WHERE work.id = ?
16:58:23,925 INFO  [sqlalchemy.engine.base.Engine.0x...16d0] [u'2']
16:58:23,927 INFO  [sqlalchemy.engine.base.Engine.0x...16d0] SELECT work.id AS work_id, work.title AS work_title, work.keyid AS work_keyid, work.publicationid AS work_publicationid, work.composerid AS work_composerid, work.styleid AS work_styleid, work.description AS work_description, work.price AS work_price, work.image AS work_image 
FROM work 
WHERE work.id = ?
16:58:23,927 INFO  [sqlalchemy.engine.base.Engine.0x...16d0] [u'2']
16:58:23,928 INFO  [sqlalchemy.engine.base.Engine.0x...16d0] SELECT work.id AS work_id, work.title AS work_title, work.keyid AS work_keyid, work.publicationid AS work_publicationid, work.composerid AS work_composerid, work.styleid AS work_styleid, work.description AS work_description, work.price AS work_price, work.image AS work_image 
FROM work 
WHERE work.id = ?
16:58:23,928 INFO  [sqlalchemy.engine.base.Engine.0x...16d0] [u'2']
16:58:24,062 INFO  [sqlalchemy.engine.base.Engine.0x...16d0] BEGIN
16:58:24,063 INFO  [sqlalchemy.engine.base.Engine.0x...16d0] SELECT work.id AS work_id, work.title AS work_title, work.keyid AS work_keyid, work.publicationid AS work_publicationid, work.composerid AS work_composerid, work.styleid AS work_styleid, work.description AS work_description, work.price AS work_price, work.image AS work_image 
FROM work 
WHERE work.id = ?
16:58:24,063 INFO  [sqlalchemy.engine.base.Engine.0x...16d0] [u'2']
16:58:24,064 INFO  [sqlalchemy.engine.base.Engine.0x...16d0] SELECT work.id AS work_id, work.title AS work_title, work.keyid AS work_keyid, work.publicationid AS work_publicationid, work.composerid AS work_composerid, work.styleid AS work_styleid, work.description AS work_description, work.price AS work_price, work.image AS work_image 
FROM work 
WHERE work.id = ?
16:58:24,064 INFO  [sqlalchemy.engine.base.Engine.0x...16d0] [u'2']
16:58:24,065 INFO  [sqlalchemy.engine.base.Engine.0x...16d0] SELECT work.id AS work_id, work.title AS work_title, work.keyid AS work_keyid, work.publicationid AS work_publicationid, work.composerid AS work_composerid, work.styleid AS work_styleid, work.description AS work_description, work.price AS work_price, work.image AS work_image 
FROM work 
WHERE work.id = ?
16:58:24,066 INFO  [sqlalchemy.engine.base.Engine.0x...16d0] [u'2']
/home/kgraehl/gwhiz/gwhiz/model/__init__.py changed; reloading...
Starting server in PID 15206.
serving on 0.0.0.0:5000 view at http://127.0.0.1:5000
/home/kgraehl/gwhiz/gwhiz/model/__init__.py changed; reloading...
Starting server in PID 15218.
serving on 0.0.0.0:5000 view at http://127.0.0.1:5000
17:00:07,169 INFO  [sqlalchemy.engine.base.Engine.0x...0750] BEGIN
17:00:07,170 INFO  [sqlalchemy.engine.base.Engine.0x...0750] SELECT work.id AS work_id, work.title AS work_title, work.keyid AS work_keyid, work.publicationid AS work_publicationid, work.composerid AS work_composerid, work.styleid AS work_styleid, work.description AS work_description, work.price AS work_price, work.image AS work_image 
FROM work 
WHERE work.id = ?
17:00:07,170 INFO  [sqlalchemy.engine.base.Engine.0x...0750] [u'2']
17:00:07,172 INFO  [sqlalchemy.engine.base.Engine.0x...0750] SELECT work.id AS work_id, work.title AS work_title, work.keyid AS work_keyid, work.publicationid AS work_publicationid, work.composerid AS work_composerid, work.styleid AS work_styleid, work.description AS work_description, work.price AS work_price, work.image AS work_image 
FROM work 
WHERE work.id = ?
17:00:07,172 INFO  [sqlalchemy.engine.base.Engine.0x...0750] [u'2']
17:00:07,173 INFO  [sqlalchemy.engine.base.Engine.0x...0750] SELECT work.id AS work_id, work.title AS work_title, work.keyid AS work_keyid, work.publicationid AS work_publicationid, work.composerid AS work_composerid, work.styleid AS work_styleid, work.description AS work_description, work.price AS work_price, work.image AS work_image 
FROM work 
WHERE work.id = ?
17:00:07,173 INFO  [sqlalchemy.engine.base.Engine.0x...0750] [u'2']
17:00:07,239 INFO  [sqlalchemy.engine.base.Engine.0x...0750] BEGIN
17:00:07,240 INFO  [sqlalchemy.engine.base.Engine.0x...0750] SELECT work.id AS work_id, work.title AS work_title, work.keyid AS work_keyid, work.publicationid AS work_publicationid, work.composerid AS work_composerid, work.styleid AS work_styleid, work.description AS work_description, work.price AS work_price, work.image AS work_image 
FROM work 
WHERE work.id = ?
17:00:07,240 INFO  [sqlalchemy.engine.base.Engine.0x...0750] [u'2']
17:00:07,242 INFO  [sqlalchemy.engine.base.Engine.0x...0750] SELECT work.id AS work_id, work.title AS work_title, work.keyid AS work_keyid, work.publicationid AS work_publicationid, work.composerid AS work_composerid, work.styleid AS work_styleid, work.description AS work_description, work.price AS work_price, work.image AS work_image 
FROM work 
WHERE work.id = ?
17:00:07,242 INFO  [sqlalchemy.engine.base.Engine.0x...0750] [u'2']
17:00:07,243 INFO  [sqlalchemy.engine.base.Engine.0x...0750] SELECT work.id AS work_id, work.title AS work_title, work.keyid AS work_keyid, work.publicationid AS work_publicationid, work.composerid AS work_composerid, work.styleid AS work_styleid, work.description AS work_description, work.price AS work_price, work.image AS work_image 
FROM work 
WHERE work.id = ?
17:00:07,243 INFO  [sqlalchemy.engine.base.Engine.0x...0750] [u'2']
17:00:33,883 INFO  [sqlalchemy.engine.base.Engine.0x...0750] BEGIN
17:00:33,884 INFO  [sqlalchemy.engine.base.Engine.0x...0750] SELECT work.id AS work_id, work.title AS work_title, work.keyid AS work_keyid, work.publicationid AS work_publicationid, work.composerid AS work_composerid, work.styleid AS work_styleid, work.description AS work_description, work.price AS work_price, work.image AS work_image 
FROM work 
WHERE work.id = ?
17:00:33,884 INFO  [sqlalchemy.engine.base.Engine.0x...0750] [u'2']
17:00:33,886 INFO  [sqlalchemy.engine.base.Engine.0x...0750] SELECT work.id AS work_id, work.title AS work_title, work.keyid AS work_keyid, work.publicationid AS work_publicationid, work.composerid AS work_composerid, work.styleid AS work_styleid, work.description AS work_description, work.price AS work_price, work.image AS work_image 
FROM work 
WHERE work.id = ?
17:00:33,886 INFO  [sqlalchemy.engine.base.Engine.0x...0750] [u'2']
17:00:33,887 INFO  [sqlalchemy.engine.base.Engine.0x...0750] SELECT work.id AS work_id, work.title AS work_title, work.keyid AS work_keyid, work.publicationid AS work_publicationid, work.composerid AS work_composerid, work.styleid AS work_styleid, work.description AS work_description, work.price AS work_price, work.image AS work_image 
FROM work 
WHERE work.id = ?
17:00:33,887 INFO  [sqlalchemy.engine.base.Engine.0x...0750] [u'2']
17:00:33,943 INFO  [sqlalchemy.engine.base.Engine.0x...0750] BEGIN
17:00:33,944 INFO  [sqlalchemy.engine.base.Engine.0x...0750] SELECT work.id AS work_id, work.title AS work_title, work.keyid AS work_keyid, work.publicationid AS work_publicationid, work.composerid AS work_composerid, work.styleid AS work_styleid, work.description AS work_description, work.price AS work_price, work.image AS work_image 
FROM work 
WHERE work.id = ?
17:00:33,944 INFO  [sqlalchemy.engine.base.Engine.0x...0750] [u'2']
17:00:33,945 INFO  [sqlalchemy.engine.base.Engine.0x...0750] SELECT work.id AS work_id, work.title AS work_title, work.keyid AS work_keyid, work.publicationid AS work_publicationid, work.composerid AS work_composerid, work.styleid AS work_styleid, work.description AS work_description, work.price AS work_price, work.image AS work_image 
FROM work 
WHERE work.id = ?
17:00:33,946 INFO  [sqlalchemy.engine.base.Engine.0x...0750] [u'2']
17:00:33,947 INFO  [sqlalchemy.engine.base.Engine.0x...0750] SELECT work.id AS work_id, work.title AS work_title, work.keyid AS work_keyid, work.publicationid AS work_publicationid, work.composerid AS work_composerid, work.styleid AS work_styleid, work.description AS work_description, work.price AS work_price, work.image AS work_image 
FROM work 
WHERE work.id = ?
17:00:33,947 INFO  [sqlalchemy.engine.base.Engine.0x...0750] [u'2']
17:00:52,947 INFO  [sqlalchemy.engine.base.Engine.0x...0750] BEGIN
17:00:52,948 INFO  [sqlalchemy.engine.base.Engine.0x...0750] SELECT work.id AS work_id, work.title AS work_title, work.keyid AS work_keyid, work.publicationid AS work_publicationid, work.composerid AS work_composerid, work.styleid AS work_styleid, work.description AS work_description, work.price AS work_price, work.image AS work_image 
FROM work 
WHERE work.id = ?
17:00:52,948 INFO  [sqlalchemy.engine.base.Engine.0x...0750] [u'2']
17:00:52,949 INFO  [sqlalchemy.engine.base.Engine.0x...0750] SELECT work.id AS work_id, work.title AS work_title, work.keyid AS work_keyid, work.publicationid AS work_publicationid, work.composerid AS work_composerid, work.styleid AS work_styleid, work.description AS work_description, work.price AS work_price, work.image AS work_image 
FROM work 
WHERE work.id = ?
17:00:52,950 INFO  [sqlalchemy.engine.base.Engine.0x...0750] [u'2']
17:00:52,951 INFO  [sqlalchemy.engine.base.Engine.0x...0750] SELECT work.id AS work_id, work.title AS work_title, work.keyid AS work_keyid, work.publicationid AS work_publicationid, work.composerid AS work_composerid, work.styleid AS work_styleid, work.description AS work_description, work.price AS work_price, work.image AS work_image 
FROM work 
WHERE work.id = ?
17:00:52,951 INFO  [sqlalchemy.engine.base.Engine.0x...0750] [u'2']
17:00:53,009 INFO  [sqlalchemy.engine.base.Engine.0x...0750] BEGIN
17:00:53,010 INFO  [sqlalchemy.engine.base.Engine.0x...0750] SELECT work.id AS work_id, work.title AS work_title, work.keyid AS work_keyid, work.publicationid AS work_publicationid, work.composerid AS work_composerid, work.styleid AS work_styleid, work.description AS work_description, work.price AS work_price, work.image AS work_image 
FROM work 
WHERE work.id = ?
17:00:53,010 INFO  [sqlalchemy.engine.base.Engine.0x...0750] [u'2']
17:00:53,011 INFO  [sqlalchemy.engine.base.Engine.0x...0750] SELECT work.id AS work_id, work.title AS work_title, work.keyid AS work_keyid, work.publicationid AS work_publicationid, work.composerid AS work_composerid, work.styleid AS work_styleid, work.description AS work_description, work.price AS work_price, work.image AS work_image 
FROM work 
WHERE work.id = ?
17:00:53,012 INFO  [sqlalchemy.engine.base.Engine.0x...0750] [u'2']
17:00:53,013 INFO  [sqlalchemy.engine.base.Engine.0x...0750] SELECT work.id AS work_id, work.title AS work_title, work.keyid AS work_keyid, work.publicationid AS work_publicationid, work.composerid AS work_composerid, work.styleid AS work_styleid, work.description AS work_description, work.price AS work_price, work.image AS work_image 
FROM work 
WHERE work.id = ?
17:00:53,013 INFO  [sqlalchemy.engine.base.Engine.0x...0750] [u'2']
17:03:54,668 INFO  [sqlalchemy.engine.base.Engine.0x...0750] BEGIN
17:03:54,669 INFO  [sqlalchemy.engine.base.Engine.0x...0750] SELECT work.id AS work_id, work.title AS work_title, work.keyid AS work_keyid, work.publicationid AS work_publicationid, work.composerid AS work_composerid, work.styleid AS work_styleid, work.description AS work_description, work.price AS work_price, work.image AS work_image 
FROM work 
WHERE work.id = ?
17:03:54,669 INFO  [sqlalchemy.engine.base.Engine.0x...0750] [u'2']
17:03:54,670 INFO  [sqlalchemy.engine.base.Engine.0x...0750] SELECT work.id AS work_id, work.title AS work_title, work.keyid AS work_keyid, work.publicationid AS work_publicationid, work.composerid AS work_composerid, work.styleid AS work_styleid, work.description AS work_description, work.price AS work_price, work.image AS work_image 
FROM work 
WHERE work.id = ?
17:03:54,670 INFO  [sqlalchemy.engine.base.Engine.0x...0750] [u'2']
17:03:54,671 INFO  [sqlalchemy.engine.base.Engine.0x...0750] SELECT work.id AS work_id, work.title AS work_title, work.keyid AS work_keyid, work.publicationid AS work_publicationid, work.composerid AS work_composerid, work.styleid AS work_styleid, work.description AS work_description, work.price AS work_price, work.image AS work_image 
FROM work 
WHERE work.id = ?
17:03:54,672 INFO  [sqlalchemy.engine.base.Engine.0x...0750] [u'2']
17:03:54,730 INFO  [sqlalchemy.engine.base.Engine.0x...0750] BEGIN
17:03:54,731 INFO  [sqlalchemy.engine.base.Engine.0x...0750] SELECT work.id AS work_id, work.title AS work_title, work.keyid AS work_keyid, work.publicationid AS work_publicationid, work.composerid AS work_composerid, work.styleid AS work_styleid, work.description AS work_description, work.price AS work_price, work.image AS work_image 
FROM work 
WHERE work.id = ?
17:03:54,731 INFO  [sqlalchemy.engine.base.Engine.0x...0750] [u'2']
17:03:54,733 INFO  [sqlalchemy.engine.base.Engine.0x...0750] SELECT work.id AS work_id, work.title AS work_title, work.keyid AS work_keyid, work.publicationid AS work_publicationid, work.composerid AS work_composerid, work.styleid AS work_styleid, work.description AS work_description, work.price AS work_price, work.image AS work_image 
FROM work 
WHERE work.id = ?
17:03:54,733 INFO  [sqlalchemy.engine.base.Engine.0x...0750] [u'2']
17:03:54,734 INFO  [sqlalchemy.engine.base.Engine.0x...0750] SELECT work.id AS work_id, work.title AS work_title, work.keyid AS work_keyid, work.publicationid AS work_publicationid, work.composerid AS work_composerid, work.styleid AS work_styleid, work.description AS work_description, work.price AS work_price, work.image AS work_image 
FROM work 
WHERE work.id = ?
17:03:54,734 INFO  [sqlalchemy.engine.base.Engine.0x...0750] [u'2']
17:06:03,659 INFO  [sqlalchemy.engine.base.Engine.0x...0750] BEGIN
17:06:03,660 INFO  [sqlalchemy.engine.base.Engine.0x...0750] SELECT work.id AS work_id, work.title AS work_title, work.keyid AS work_keyid, work.publicationid AS work_publicationid, work.composerid AS work_composerid, work.styleid AS work_styleid, work.description AS work_description, work.price AS work_price, work.image AS work_image 
FROM work 
WHERE work.id = ?
17:06:03,660 INFO  [sqlalchemy.engine.base.Engine.0x...0750] [u'2']
17:06:03,662 INFO  [sqlalchemy.engine.base.Engine.0x...0750] SELECT work.id AS work_id, work.title AS work_title, work.keyid AS work_keyid, work.publicationid AS work_publicationid, work.composerid AS work_composerid, work.styleid AS work_styleid, work.description AS work_description, work.price AS work_price, work.image AS work_image 
FROM work 
WHERE work.id = ?
17:06:03,662 INFO  [sqlalchemy.engine.base.Engine.0x...0750] [u'2']
17:06:03,663 INFO  [sqlalchemy.engine.base.Engine.0x...0750] SELECT work.id AS work_id, work.title AS work_title, work.keyid AS work_keyid, work.publicationid AS work_publicationid, work.composerid AS work_composerid, work.styleid AS work_styleid, work.description AS work_description, work.price AS work_price, work.image AS work_image 
FROM work 
WHERE work.id = ?
17:06:03,663 INFO  [sqlalchemy.engine.base.Engine.0x...0750] [u'2']
17:06:03,722 INFO  [sqlalchemy.engine.base.Engine.0x...0750] BEGIN
17:06:03,723 INFO  [sqlalchemy.engine.base.Engine.0x...0750] SELECT work.id AS work_id, work.title AS work_title, work.keyid AS work_keyid, work.publicationid AS work_publicationid, work.composerid AS work_composerid, work.styleid AS work_styleid, work.description AS work_description, work.price AS work_price, work.image AS work_image 
FROM work 
WHERE work.id = ?
17:06:03,723 INFO  [sqlalchemy.engine.base.Engine.0x...0750] [u'2']
17:06:03,724 INFO  [sqlalchemy.engine.base.Engine.0x...0750] SELECT work.id AS work_id, work.title AS work_title, work.keyid AS work_keyid, work.publicationid AS work_publicationid, work.composerid AS work_composerid, work.styleid AS work_styleid, work.description AS work_description, work.price AS work_price, work.image AS work_image 
FROM work 
WHERE work.id = ?
17:06:03,724 INFO  [sqlalchemy.engine.base.Engine.0x...0750] [u'2']
17:06:03,725 INFO  [sqlalchemy.engine.base.Engine.0x...0750] SELECT work.id AS work_id, work.title AS work_title, work.keyid AS work_keyid, work.publicationid AS work_publicationid, work.composerid AS work_composerid, work.styleid AS work_styleid, work.description AS work_description, work.price AS work_price, work.image AS work_image 
FROM work 
WHERE work.id = ?
17:06:03,726 INFO  [sqlalchemy.engine.base.Engine.0x...0750] [u'2']
17:06:55,697 INFO  [sqlalchemy.engine.base.Engine.0x...0750] BEGIN
17:06:55,698 INFO  [sqlalchemy.engine.base.Engine.0x...0750] SELECT work.id AS work_id, work.title AS work_title, work.keyid AS work_keyid, work.publicationid AS work_publicationid, work.composerid AS work_composerid, work.styleid AS work_styleid, work.description AS work_description, work.price AS work_price, work.image AS work_image 
FROM work 
WHERE work.id = ?
17:06:55,698 INFO  [sqlalchemy.engine.base.Engine.0x...0750] [u'2']
17:06:55,699 INFO  [sqlalchemy.engine.base.Engine.0x...0750] SELECT work.id AS work_id, work.title AS work_title, work.keyid AS work_keyid, work.publicationid AS work_publicationid, work.composerid AS work_composerid, work.styleid AS work_styleid, work.description AS work_description, work.price AS work_price, work.image AS work_image 
FROM work 
WHERE work.id = ?
17:06:55,699 INFO  [sqlalchemy.engine.base.Engine.0x...0750] [u'2']
17:06:55,700 INFO  [sqlalchemy.engine.base.Engine.0x...0750] SELECT work.id AS work_id, work.title AS work_title, work.keyid AS work_keyid, work.publicationid AS work_publicationid, work.composerid AS work_composerid, work.styleid AS work_styleid, work.description AS work_description, work.price AS work_price, work.image AS work_image 
FROM work 
WHERE work.id = ?
17:06:55,700 INFO  [sqlalchemy.engine.base.Engine.0x...0750] [u'2']
17:06:55,701 INFO  [sqlalchemy.engine.base.Engine.0x...0750] SELECT work.id AS work_id, work.title AS work_title, work.keyid AS work_keyid, work.publicationid AS work_publicationid, work.composerid AS work_composerid, work.styleid AS work_styleid, work.description AS work_description, work.price AS work_price, work.image AS work_image 
FROM work 
WHERE work.id = ?
17:06:55,702 INFO  [sqlalchemy.engine.base.Engine.0x...0750] [u'2']
17:06:55,704 INFO  [sqlalchemy.engine.base.Engine.0x...0750] SELECT instrument.id AS instrument_id, instrument.name AS instrument_name 
FROM instrument, workinstrument 
WHERE ? = workinstrument.workid AND instrument.id = workinstrument.instrumentid
17:06:55,704 INFO  [sqlalchemy.engine.base.Engine.0x...0750] [2]
17:06:55,705 INFO  [sqlalchemy.engine.base.Engine.0x...0750] SELECT "key".id AS key_id, "key".name AS key_name 
FROM "key" 
WHERE "key".id = ?
17:06:55,705 INFO  [sqlalchemy.engine.base.Engine.0x...0750] [17]
17:06:55,707 INFO  [sqlalchemy.engine.base.Engine.0x...0750] SELECT movement.id AS movement_id, movement.title AS movement_title, movement.keyid AS movement_keyid, movement.number AS movement_number, movement.workid AS movement_workid, movement.description AS movement_description 
FROM movement 
WHERE ? = movement.workid
17:06:55,707 INFO  [sqlalchemy.engine.base.Engine.0x...0750] [2]
17:06:55,708 INFO  [sqlalchemy.engine.base.Engine.0x...0750] SELECT composer.id AS composer_id, composer.lastname AS composer_lastname, composer.firstname AS composer_firstname, composer.middlename AS composer_middlename, composer.bio AS composer_bio, composer.image AS composer_image 
FROM composer 
WHERE composer.id = ?
17:06:55,708 INFO  [sqlalchemy.engine.base.Engine.0x...0750] [1]
17:06:55,709 INFO  [sqlalchemy.engine.base.Engine.0x...0750] SELECT style.id AS style_id, style.name AS style_name 
FROM style, workstyle 
WHERE ? = workstyle.workid AND style.id = workstyle.styleid
17:06:55,709 INFO  [sqlalchemy.engine.base.Engine.0x...0750] [2]
17:06:55,711 INFO  [sqlalchemy.engine.base.Engine.0x...0750] SELECT soundclip.id AS soundclip_id, soundclip.workid AS soundclip_workid, soundclip.movementid AS soundclip_movementid, soundclip.path AS soundclip_path 
FROM soundclip 
WHERE ? = soundclip.workid
17:06:55,711 INFO  [sqlalchemy.engine.base.Engine.0x...0750] [2]
17:06:55,752 INFO  [sqlalchemy.engine.base.Engine.0x...0750] BEGIN
17:06:55,753 INFO  [sqlalchemy.engine.base.Engine.0x...0750] SELECT work.id AS work_id, work.title AS work_title, work.keyid AS work_keyid, work.publicationid AS work_publicationid, work.composerid AS work_composerid, work.styleid AS work_styleid, work.description AS work_description, work.price AS work_price, work.image AS work_image 
FROM work 
WHERE work.id = ?
17:06:55,753 INFO  [sqlalchemy.engine.base.Engine.0x...0750] [u'2']
17:06:55,755 INFO  [sqlalchemy.engine.base.Engine.0x...0750] SELECT work.id AS work_id, work.title AS work_title, work.keyid AS work_keyid, work.publicationid AS work_publicationid, work.composerid AS work_composerid, work.styleid AS work_styleid, work.description AS work_description, work.price AS work_price, work.image AS work_image 
FROM work 
WHERE work.id = ?
17:06:55,755 INFO  [sqlalchemy.engine.base.Engine.0x...0750] [u'2']
17:06:55,756 INFO  [sqlalchemy.engine.base.Engine.0x...0750] SELECT work.id AS work_id, work.title AS work_title, work.keyid AS work_keyid, work.publicationid AS work_publicationid, work.composerid AS work_composerid, work.styleid AS work_styleid, work.description AS work_description, work.price AS work_price, work.image AS work_image 
FROM work 
WHERE work.id = ?
17:06:55,756 INFO  [sqlalchemy.engine.base.Engine.0x...0750] [u'2']
17:06:56,793 INFO  [sqlalchemy.engine.base.Engine.0x...0750] BEGIN
17:06:56,794 INFO  [sqlalchemy.engine.base.Engine.0x...0750] SELECT work.id AS work_id, work.title AS work_title, work.keyid AS work_keyid, work.publicationid AS work_publicationid, work.composerid AS work_composerid, work.styleid AS work_styleid, work.description AS work_description, work.price AS work_price, work.image AS work_image 
FROM work 
WHERE work.id = ?
17:06:56,794 INFO  [sqlalchemy.engine.base.Engine.0x...0750] [u'2']
17:06:56,795 INFO  [sqlalchemy.engine.base.Engine.0x...0750] SELECT work.id AS work_id, work.title AS work_title, work.keyid AS work_keyid, work.publicationid AS work_publicationid, work.composerid AS work_composerid, work.styleid AS work_styleid, work.description AS work_description, work.price AS work_price, work.image AS work_image 
FROM work 
WHERE work.id = ?
17:06:56,795 INFO  [sqlalchemy.engine.base.Engine.0x...0750] [u'2']
17:06:56,797 INFO  [sqlalchemy.engine.base.Engine.0x...0750] SELECT work.id AS work_id, work.title AS work_title, work.keyid AS work_keyid, work.publicationid AS work_publicationid, work.composerid AS work_composerid, work.styleid AS work_styleid, work.description AS work_description, work.price AS work_price, work.image AS work_image 
FROM work 
WHERE work.id = ?
17:06:56,797 INFO  [sqlalchemy.engine.base.Engine.0x...0750] [u'2']
17:06:56,798 INFO  [sqlalchemy.engine.base.Engine.0x...0750] SELECT work.id AS work_id, work.title AS work_title, work.keyid AS work_keyid, work.publicationid AS work_publicationid, work.composerid AS work_composerid, work.styleid AS work_styleid, work.description AS work_description, work.price AS work_price, work.image AS work_image 
FROM work 
WHERE work.id = ?
17:06:56,798 INFO  [sqlalchemy.engine.base.Engine.0x...0750] [u'2']
17:06:56,804 INFO  [sqlalchemy.engine.base.Engine.0x...0750] BEGIN
17:06:56,805 INFO  [sqlalchemy.engine.base.Engine.0x...0750] SELECT work.id AS work_id, work.title AS work_title, work.keyid AS work_keyid, work.publicationid AS work_publicationid, work.composerid AS work_composerid, work.styleid AS work_styleid, work.description AS work_description, work.price AS work_price, work.image AS work_image 
FROM work 
WHERE work.id = ?
17:06:56,805 INFO  [sqlalchemy.engine.base.Engine.0x...0750] ['2']
17:06:56,807 INFO  [sqlalchemy.engine.base.Engine.0x...0750] SELECT work.id AS work_id, work.title AS work_title, work.keyid AS work_keyid, work.publicationid AS work_publicationid, work.composerid AS work_composerid, work.styleid AS work_styleid, work.description AS work_description, work.price AS work_price, work.image AS work_image 
FROM work 
WHERE work.id = ?
17:06:56,807 INFO  [sqlalchemy.engine.base.Engine.0x...0750] ['2']
17:06:56,808 INFO  [sqlalchemy.engine.base.Engine.0x...0750] SELECT work.id AS work_id, work.title AS work_title, work.keyid AS work_keyid, work.publicationid AS work_publicationid, work.composerid AS work_composerid, work.styleid AS work_styleid, work.description AS work_description, work.price AS work_price, work.image AS work_image 
FROM work 
WHERE work.id = ?
17:06:56,808 INFO  [sqlalchemy.engine.base.Engine.0x...0750] [u'2']
17:06:56,810 INFO  [sqlalchemy.engine.base.Engine.0x...0750] SELECT instrument.id AS instrument_id, instrument.name AS instrument_name 
FROM instrument, workinstrument 
WHERE ? = workinstrument.workid AND instrument.id = workinstrument.instrumentid
17:06:56,810 INFO  [sqlalchemy.engine.base.Engine.0x...0750] [2]
17:06:56,811 INFO  [sqlalchemy.engine.base.Engine.0x...0750] SELECT "key".id AS key_id, "key".name AS key_name 
FROM "key" 
WHERE "key".id = ?
17:06:56,811 INFO  [sqlalchemy.engine.base.Engine.0x...0750] [17]
17:06:56,812 INFO  [sqlalchemy.engine.base.Engine.0x...0750] SELECT movement.id AS movement_id, movement.title AS movement_title, movement.keyid AS movement_keyid, movement.number AS movement_number, movement.workid AS movement_workid, movement.description AS movement_description 
FROM movement 
WHERE ? = movement.workid
17:06:56,812 INFO  [sqlalchemy.engine.base.Engine.0x...0750] [2]
17:06:56,813 INFO  [sqlalchemy.engine.base.Engine.0x...0750] SELECT composer.id AS composer_id, composer.lastname AS composer_lastname, composer.firstname AS composer_firstname, composer.middlename AS composer_middlename, composer.bio AS composer_bio, composer.image AS composer_image 
FROM composer 
WHERE composer.id = ?
17:06:56,813 INFO  [sqlalchemy.engine.base.Engine.0x...0750] [1]
17:06:56,814 INFO  [sqlalchemy.engine.base.Engine.0x...0750] SELECT style.id AS style_id, style.name AS style_name 
FROM style, workstyle 
WHERE ? = workstyle.workid AND style.id = workstyle.styleid
17:06:56,814 INFO  [sqlalchemy.engine.base.Engine.0x...0750] [2]
17:06:56,815 INFO  [sqlalchemy.engine.base.Engine.0x...0750] SELECT soundclip.id AS soundclip_id, soundclip.workid AS soundclip_workid, soundclip.movementid AS soundclip_movementid, soundclip.path AS soundclip_path 
FROM soundclip 
WHERE ? = soundclip.workid
17:06:56,816 INFO  [sqlalchemy.engine.base.Engine.0x...0750] [2]
17:06:56,852 INFO  [sqlalchemy.engine.base.Engine.0x...0750] BEGIN
17:06:56,852 INFO  [sqlalchemy.engine.base.Engine.0x...0750] SELECT work.id AS work_id, work.title AS work_title, work.keyid AS work_keyid, work.publicationid AS work_publicationid, work.composerid AS work_composerid, work.styleid AS work_styleid, work.description AS work_description, work.price AS work_price, work.image AS work_image 
FROM work 
WHERE work.id = ?
17:06:56,852 INFO  [sqlalchemy.engine.base.Engine.0x...0750] ['2']
17:06:56,854 INFO  [sqlalchemy.engine.base.Engine.0x...0750] SELECT work.id AS work_id, work.title AS work_title, work.keyid AS work_keyid, work.publicationid AS work_publicationid, work.composerid AS work_composerid, work.styleid AS work_styleid, work.description AS work_description, work.price AS work_price, work.image AS work_image 
FROM work 
WHERE work.id = ?
17:06:56,854 INFO  [sqlalchemy.engine.base.Engine.0x...0750] ['2']
17:06:57,894 INFO  [sqlalchemy.engine.base.Engine.0x...0750] BEGIN
17:06:57,894 INFO  [sqlalchemy.engine.base.Engine.0x...0750] SELECT work.id AS work_id, work.title AS work_title, work.keyid AS work_keyid, work.publicationid AS work_publicationid, work.composerid AS work_composerid, work.styleid AS work_styleid, work.description AS work_description, work.price AS work_price, work.image AS work_image 
FROM work 
WHERE work.id = ?
17:06:57,894 INFO  [sqlalchemy.engine.base.Engine.0x...0750] ['2']
17:06:57,895 INFO  [sqlalchemy.engine.base.Engine.0x...0750] SELECT work.id AS work_id, work.title AS work_title, work.keyid AS work_keyid, work.publicationid AS work_publicationid, work.composerid AS work_composerid, work.styleid AS work_styleid, work.description AS work_description, work.price AS work_price, work.image AS work_image 
FROM work 
WHERE work.id = ?
17:06:57,896 INFO  [sqlalchemy.engine.base.Engine.0x...0750] ['2']
17:06:57,897 INFO  [sqlalchemy.engine.base.Engine.0x...0750] SELECT work.id AS work_id, work.title AS work_title, work.keyid AS work_keyid, work.publicationid AS work_publicationid, work.composerid AS work_composerid, work.styleid AS work_styleid, work.description AS work_description, work.price AS work_price, work.image AS work_image 
FROM work 
WHERE work.id = ?
17:06:57,897 INFO  [sqlalchemy.engine.base.Engine.0x...0750] [u'2']
17:06:57,899 INFO  [sqlalchemy.engine.base.Engine.0x...0750] SELECT instrument.id AS instrument_id, instrument.name AS instrument_name 
FROM instrument, workinstrument 
WHERE ? = workinstrument.workid AND instrument.id = workinstrument.instrumentid
17:06:57,899 INFO  [sqlalchemy.engine.base.Engine.0x...0750] [2]
17:06:57,901 INFO  [sqlalchemy.engine.base.Engine.0x...0750] SELECT "key".id AS key_id, "key".name AS key_name 
FROM "key" 
WHERE "key".id = ?
17:06:57,901 INFO  [sqlalchemy.engine.base.Engine.0x...0750] [17]
17:06:57,902 INFO  [sqlalchemy.engine.base.Engine.0x...0750] SELECT movement.id AS movement_id, movement.title AS movement_title, movement.keyid AS movement_keyid, movement.number AS movement_number, movement.workid AS movement_workid, movement.description AS movement_description 
FROM movement 
WHERE ? = movement.workid
17:06:57,902 INFO  [sqlalchemy.engine.base.Engine.0x...0750] [2]
17:06:57,903 INFO  [sqlalchemy.engine.base.Engine.0x...0750] SELECT composer.id AS composer_id, composer.lastname AS composer_lastname, composer.firstname AS composer_firstname, composer.middlename AS composer_middlename, composer.bio AS composer_bio, composer.image AS composer_image 
FROM composer 
WHERE composer.id = ?
17:06:57,903 INFO  [sqlalchemy.engine.base.Engine.0x...0750] [1]
17:06:57,904 INFO  [sqlalchemy.engine.base.Engine.0x...0750] SELECT style.id AS style_id, style.name AS style_name 
FROM style, workstyle 
WHERE ? = workstyle.workid AND style.id = workstyle.styleid
17:06:57,905 INFO  [sqlalchemy.engine.base.Engine.0x...0750] [2]
17:06:57,906 INFO  [sqlalchemy.engine.base.Engine.0x...0750] SELECT soundclip.id AS soundclip_id, soundclip.workid AS soundclip_workid, soundclip.movementid AS soundclip_movementid, soundclip.path AS soundclip_path 
FROM soundclip 
WHERE ? = soundclip.workid
17:06:57,906 INFO  [sqlalchemy.engine.base.Engine.0x...0750] [2]
17:06:57,941 INFO  [sqlalchemy.engine.base.Engine.0x...0750] BEGIN
17:06:57,942 INFO  [sqlalchemy.engine.base.Engine.0x...0750] SELECT work.id AS work_id, work.title AS work_title, work.keyid AS work_keyid, work.publicationid AS work_publicationid, work.composerid AS work_composerid, work.styleid AS work_styleid, work.description AS work_description, work.price AS work_price, work.image AS work_image 
FROM work 
WHERE work.id = ?
17:06:57,942 INFO  [sqlalchemy.engine.base.Engine.0x...0750] ['2']
17:06:57,943 INFO  [sqlalchemy.engine.base.Engine.0x...0750] SELECT work.id AS work_id, work.title AS work_title, work.keyid AS work_keyid, work.publicationid AS work_publicationid, work.composerid AS work_composerid, work.styleid AS work_styleid, work.description AS work_description, work.price AS work_price, work.image AS work_image 
FROM work 
WHERE work.id = ?
17:06:57,943 INFO  [sqlalchemy.engine.base.Engine.0x...0750] ['2']
17:06:58,745 INFO  [sqlalchemy.engine.base.Engine.0x...0750] BEGIN
17:06:58,745 INFO  [sqlalchemy.engine.base.Engine.0x...0750] SELECT work.id AS work_id, work.title AS work_title, work.keyid AS work_keyid, work.publicationid AS work_publicationid, work.composerid AS work_composerid, work.styleid AS work_styleid, work.description AS work_description, work.price AS work_price, work.image AS work_image 
FROM work 
WHERE work.id = ?
17:06:58,745 INFO  [sqlalchemy.engine.base.Engine.0x...0750] ['2']
17:06:58,747 INFO  [sqlalchemy.engine.base.Engine.0x...0750] SELECT work.id AS work_id, work.title AS work_title, work.keyid AS work_keyid, work.publicationid AS work_publicationid, work.composerid AS work_composerid, work.styleid AS work_styleid, work.description AS work_description, work.price AS work_price, work.image AS work_image 
FROM work 
WHERE work.id = ?
17:06:58,747 INFO  [sqlalchemy.engine.base.Engine.0x...0750] ['2']
17:06:58,749 INFO  [sqlalchemy.engine.base.Engine.0x...0750] SELECT work.id AS work_id, work.title AS work_title, work.keyid AS work_keyid, work.publicationid AS work_publicationid, work.composerid AS work_composerid, work.styleid AS work_styleid, work.description AS work_description, work.price AS work_price, work.image AS work_image 
FROM work 
WHERE work.id = ?
17:06:58,749 INFO  [sqlalchemy.engine.base.Engine.0x...0750] [u'2']
17:06:58,755 INFO  [sqlalchemy.engine.base.Engine.0x...0750] BEGIN
17:06:58,755 INFO  [sqlalchemy.engine.base.Engine.0x...0750] SELECT work.id AS work_id, work.title AS work_title, work.keyid AS work_keyid, work.publicationid AS work_publicationid, work.composerid AS work_composerid, work.styleid AS work_styleid, work.description AS work_description, work.price AS work_price, work.image AS work_image 
FROM work 
WHERE work.id = ?
17:06:58,755 INFO  [sqlalchemy.engine.base.Engine.0x...0750] ['2']
17:06:58,757 INFO  [sqlalchemy.engine.base.Engine.0x...0750] SELECT work.id AS work_id, work.title AS work_title, work.keyid AS work_keyid, work.publicationid AS work_publicationid, work.composerid AS work_composerid, work.styleid AS work_styleid, work.description AS work_description, work.price AS work_price, work.image AS work_image 
FROM work 
WHERE work.id = ?
17:06:58,757 INFO  [sqlalchemy.engine.base.Engine.0x...0750] [u'2']
17:06:58,759 INFO  [sqlalchemy.engine.base.Engine.0x...0750] SELECT instrument.id AS instrument_id, instrument.name AS instrument_name 
FROM instrument, workinstrument 
WHERE ? = workinstrument.workid AND instrument.id = workinstrument.instrumentid
17:06:58,759 INFO  [sqlalchemy.engine.base.Engine.0x...0750] [2]
17:06:58,760 INFO  [sqlalchemy.engine.base.Engine.0x...0750] SELECT "key".id AS key_id, "key".name AS key_name 
FROM "key" 
WHERE "key".id = ?
17:06:58,760 INFO  [sqlalchemy.engine.base.Engine.0x...0750] [17]
17:06:58,761 INFO  [sqlalchemy.engine.base.Engine.0x...0750] SELECT movement.id AS movement_id, movement.title AS movement_title, movement.keyid AS movement_keyid, movement.number AS movement_number, movement.workid AS movement_workid, movement.description AS movement_description 
FROM movement 
WHERE ? = movement.workid
17:06:58,761 INFO  [sqlalchemy.engine.base.Engine.0x...0750] [2]
17:06:58,762 INFO  [sqlalchemy.engine.base.Engine.0x...0750] SELECT composer.id AS composer_id, composer.lastname AS composer_lastname, composer.firstname AS composer_firstname, composer.middlename AS composer_middlename, composer.bio AS composer_bio, composer.image AS composer_image 
FROM composer 
WHERE composer.id = ?
17:06:58,762 INFO  [sqlalchemy.engine.base.Engine.0x...0750] [1]
17:06:58,763 INFO  [sqlalchemy.engine.base.Engine.0x...0750] SELECT style.id AS style_id, style.name AS style_name 
FROM style, workstyle 
WHERE ? = workstyle.workid AND style.id = workstyle.styleid
17:06:58,763 INFO  [sqlalchemy.engine.base.Engine.0x...0750] [2]
17:06:58,764 INFO  [sqlalchemy.engine.base.Engine.0x...0750] SELECT soundclip.id AS soundclip_id, soundclip.workid AS soundclip_workid, soundclip.movementid AS soundclip_movementid, soundclip.path AS soundclip_path 
FROM soundclip 
WHERE ? = soundclip.workid
17:06:58,764 INFO  [sqlalchemy.engine.base.Engine.0x...0750] [2]
17:06:58,810 INFO  [sqlalchemy.engine.base.Engine.0x...0750] BEGIN
17:06:58,811 INFO  [sqlalchemy.engine.base.Engine.0x...0750] SELECT work.id AS work_id, work.title AS work_title, work.keyid AS work_keyid, work.publicationid AS work_publicationid, work.composerid AS work_composerid, work.styleid AS work_styleid, work.description AS work_description, work.price AS work_price, work.image AS work_image 
FROM work 
WHERE work.id = ?
17:06:58,811 INFO  [sqlalchemy.engine.base.Engine.0x...0750] ['2']
17:07:03,256 INFO  [sqlalchemy.engine.base.Engine.0x...0750] BEGIN
17:07:03,257 INFO  [sqlalchemy.engine.base.Engine.0x...0750] SELECT work.id AS work_id, work.title AS work_title, work.keyid AS work_keyid, work.publicationid AS work_publicationid, work.composerid AS work_composerid, work.styleid AS work_styleid, work.description AS work_description, work.price AS work_price, work.image AS work_image 
FROM work 
WHERE work.id = ?
17:07:03,257 INFO  [sqlalchemy.engine.base.Engine.0x...0750] ['2']
17:07:03,305 INFO  [sqlalchemy.engine.base.Engine.0x...0750] BEGIN
17:07:03,305 INFO  [sqlalchemy.engine.base.Engine.0x...0750] SELECT work.id AS work_id, work.title AS work_title, work.keyid AS work_keyid, work.publicationid AS work_publicationid, work.composerid AS work_composerid, work.styleid AS work_styleid, work.description AS work_description, work.price AS work_price, work.image AS work_image 
FROM work 
WHERE work.id = ?
17:07:03,305 INFO  [sqlalchemy.engine.base.Engine.0x...0750] ['2']
17:07:34,105 INFO  [sqlalchemy.engine.base.Engine.0x...0750] BEGIN
17:07:34,106 INFO  [sqlalchemy.engine.base.Engine.0x...0750] SELECT work.id AS work_id, work.title AS work_title, work.keyid AS work_keyid, work.publicationid AS work_publicationid, work.composerid AS work_composerid, work.styleid AS work_styleid, work.description AS work_description, work.price AS work_price, work.image AS work_image 
FROM work 
WHERE work.id = ?
17:07:34,106 INFO  [sqlalchemy.engine.base.Engine.0x...0750] ['2']
17:07:34,108 INFO  [sqlalchemy.engine.base.Engine.0x...0750] SELECT work.id AS work_id, work.title AS work_title, work.keyid AS work_keyid, work.publicationid AS work_publicationid, work.composerid AS work_composerid, work.styleid AS work_styleid, work.description AS work_description, work.price AS work_price, work.image AS work_image 
FROM work 
WHERE work.id = ?
17:07:34,108 INFO  [sqlalchemy.engine.base.Engine.0x...0750] [u'2']
17:07:34,110 INFO  [sqlalchemy.engine.base.Engine.0x...0750] SELECT instrument.id AS instrument_id, instrument.name AS instrument_name 
FROM instrument, workinstrument 
WHERE ? = workinstrument.workid AND instrument.id = workinstrument.instrumentid
17:07:34,110 INFO  [sqlalchemy.engine.base.Engine.0x...0750] [2]
17:07:34,111 INFO  [sqlalchemy.engine.base.Engine.0x...0750] SELECT "key".id AS key_id, "key".name AS key_name 
FROM "key" 
WHERE "key".id = ?
17:07:34,111 INFO  [sqlalchemy.engine.base.Engine.0x...0750] [17]
17:07:34,112 INFO  [sqlalchemy.engine.base.Engine.0x...0750] SELECT movement.id AS movement_id, movement.title AS movement_title, movement.keyid AS movement_keyid, movement.number AS movement_number, movement.workid AS movement_workid, movement.description AS movement_description 
FROM movement 
WHERE ? = movement.workid
17:07:34,112 INFO  [sqlalchemy.engine.base.Engine.0x...0750] [2]
17:07:34,113 INFO  [sqlalchemy.engine.base.Engine.0x...0750] SELECT composer.id AS composer_id, composer.lastname AS composer_lastname, composer.firstname AS composer_firstname, composer.middlename AS composer_middlename, composer.bio AS composer_bio, composer.image AS composer_image 
FROM composer 
WHERE composer.id = ?
17:07:34,113 INFO  [sqlalchemy.engine.base.Engine.0x...0750] [1]
17:07:34,114 INFO  [sqlalchemy.engine.base.Engine.0x...0750] SELECT style.id AS style_id, style.name AS style_name 
FROM style, workstyle 
WHERE ? = workstyle.workid AND style.id = workstyle.styleid
17:07:34,114 INFO  [sqlalchemy.engine.base.Engine.0x...0750] [2]
17:07:34,115 INFO  [sqlalchemy.engine.base.Engine.0x...0750] SELECT soundclip.id AS soundclip_id, soundclip.workid AS soundclip_workid, soundclip.movementid AS soundclip_movementid, soundclip.path AS soundclip_path 
FROM soundclip 
WHERE ? = soundclip.workid
17:07:34,115 INFO  [sqlalchemy.engine.base.Engine.0x...0750] [2]
17:07:34,151 INFO  [sqlalchemy.engine.base.Engine.0x...0750] BEGIN
17:07:34,152 INFO  [sqlalchemy.engine.base.Engine.0x...0750] SELECT work.id AS work_id, work.title AS work_title, work.keyid AS work_keyid, work.publicationid AS work_publicationid, work.composerid AS work_composerid, work.styleid AS work_styleid, work.description AS work_description, work.price AS work_price, work.image AS work_image 
FROM work 
WHERE work.id = ?
17:07:34,152 INFO  [sqlalchemy.engine.base.Engine.0x...0750] ['2']
/home/kgraehl/gwhiz/gwhiz/controllers/catalog.pyc changed; reloading...
Starting server in PID 15347.
serving on 0.0.0.0:5000 view at http://127.0.0.1:5000
17:08:48,910 INFO  [sqlalchemy.engine.base.Engine.0x...1750] BEGIN
17:08:48,910 INFO  [sqlalchemy.engine.base.Engine.0x...1750] SELECT work.id AS work_id, work.title AS work_title, work.keyid AS work_keyid, work.publicationid AS work_publicationid, work.composerid AS work_composerid, work.styleid AS work_styleid, work.description AS work_description, work.price AS work_price, work.image AS work_image 
FROM work 
WHERE work.id = ?
17:08:48,911 INFO  [sqlalchemy.engine.base.Engine.0x...1750] ['2']
17:08:48,913 INFO  [sqlalchemy.engine.base.Engine.0x...1750] SELECT work.id AS work_id, work.title AS work_title, work.keyid AS work_keyid, work.publicationid AS work_publicationid, work.composerid AS work_composerid, work.styleid AS work_styleid, work.description AS work_description, work.price AS work_price, work.image AS work_image 
FROM work 
WHERE work.id = ?
17:08:48,913 INFO  [sqlalchemy.engine.base.Engine.0x...1750] [u'2']
17:08:48,916 INFO  [sqlalchemy.engine.base.Engine.0x...1750] SELECT instrument.id AS instrument_id, instrument.name AS instrument_name 
FROM instrument, workinstrument 
WHERE ? = workinstrument.workid AND instrument.id = workinstrument.instrumentid
17:08:48,916 INFO  [sqlalchemy.engine.base.Engine.0x...1750] [2]
17:08:48,917 INFO  [sqlalchemy.engine.base.Engine.0x...1750] SELECT "key".id AS key_id, "key".name AS key_name 
FROM "key" 
WHERE "key".id = ?
17:08:48,917 INFO  [sqlalchemy.engine.base.Engine.0x...1750] [17]
17:08:48,919 INFO  [sqlalchemy.engine.base.Engine.0x...1750] SELECT movement.id AS movement_id, movement.title AS movement_title, movement.keyid AS movement_keyid, movement.number AS movement_number, movement.workid AS movement_workid, movement.description AS movement_description 
FROM movement 
WHERE ? = movement.workid
17:08:48,919 INFO  [sqlalchemy.engine.base.Engine.0x...1750] [2]
17:08:48,920 INFO  [sqlalchemy.engine.base.Engine.0x...1750] SELECT composer.id AS composer_id, composer.lastname AS composer_lastname, composer.firstname AS composer_firstname, composer.middlename AS composer_middlename, composer.bio AS composer_bio, composer.image AS composer_image 
FROM composer 
WHERE composer.id = ?
17:08:48,920 INFO  [sqlalchemy.engine.base.Engine.0x...1750] [1]
17:08:48,921 INFO  [sqlalchemy.engine.base.Engine.0x...1750] SELECT style.id AS style_id, style.name AS style_name 
FROM style, workstyle 
WHERE ? = workstyle.workid AND style.id = workstyle.styleid
17:08:48,921 INFO  [sqlalchemy.engine.base.Engine.0x...1750] [2]
17:08:48,922 INFO  [sqlalchemy.engine.base.Engine.0x...1750] SELECT soundclip.id AS soundclip_id, soundclip.workid AS soundclip_workid, soundclip.movementid AS soundclip_movementid, soundclip.path AS soundclip_path 
FROM soundclip 
WHERE ? = soundclip.workid
17:08:48,923 INFO  [sqlalchemy.engine.base.Engine.0x...1750] [2]
17:08:48,965 INFO  [sqlalchemy.engine.base.Engine.0x...1750] BEGIN
17:08:48,966 INFO  [sqlalchemy.engine.base.Engine.0x...1750] SELECT work.id AS work_id, work.title AS work_title, work.keyid AS work_keyid, work.publicationid AS work_publicationid, work.composerid AS work_composerid, work.styleid AS work_styleid, work.description AS work_description, work.price AS work_price, work.image AS work_image 
FROM work 
WHERE work.id = ?
17:08:48,966 INFO  [sqlalchemy.engine.base.Engine.0x...1750] ['2']
17:08:50,585 INFO  [sqlalchemy.engine.base.Engine.0x...1750] BEGIN
17:08:50,586 INFO  [sqlalchemy.engine.base.Engine.0x...1750] SELECT work.id AS work_id, work.title AS work_title, work.keyid AS work_keyid, work.publicationid AS work_publicationid, work.composerid AS work_composerid, work.styleid AS work_styleid, work.description AS work_description, work.price AS work_price, work.image AS work_image 
FROM work 
WHERE work.id = ?
17:08:50,586 INFO  [sqlalchemy.engine.base.Engine.0x...1750] ['2']
17:08:50,594 INFO  [sqlalchemy.engine.base.Engine.0x...1750] BEGIN
17:08:50,594 INFO  [sqlalchemy.engine.base.Engine.0x...1750] SELECT work.id AS work_id, work.title AS work_title, work.keyid AS work_keyid, work.publicationid AS work_publicationid, work.composerid AS work_composerid, work.styleid AS work_styleid, work.description AS work_description, work.price AS work_price, work.image AS work_image 
FROM work 
WHERE work.id = ?
17:08:50,594 INFO  [sqlalchemy.engine.base.Engine.0x...1750] [u'2']
17:08:50,596 INFO  [sqlalchemy.engine.base.Engine.0x...1750] SELECT work.id AS work_id, work.title AS work_title, work.keyid AS work_keyid, work.publicationid AS work_publicationid, work.composerid AS work_composerid, work.styleid AS work_styleid, work.description AS work_description, work.price AS work_price, work.image AS work_image 
FROM work 
WHERE work.id = ?
17:08:50,596 INFO  [sqlalchemy.engine.base.Engine.0x...1750] [u'2']
17:08:50,632 INFO  [sqlalchemy.engine.base.Engine.0x...1750] BEGIN
17:08:50,633 INFO  [sqlalchemy.engine.base.Engine.0x...1750] SELECT work.id AS work_id, work.title AS work_title, work.keyid AS work_keyid, work.publicationid AS work_publicationid, work.composerid AS work_composerid, work.styleid AS work_styleid, work.description AS work_description, work.price AS work_price, work.image AS work_image 
FROM work 
WHERE work.id = ?
17:08:50,633 INFO  [sqlalchemy.engine.base.Engine.0x...1750] [u'2']
17:08:50,634 INFO  [sqlalchemy.engine.base.Engine.0x...1750] SELECT work.id AS work_id, work.title AS work_title, work.keyid AS work_keyid, work.publicationid AS work_publicationid, work.composerid AS work_composerid, work.styleid AS work_styleid, work.description AS work_description, work.price AS work_price, work.image AS work_image 
FROM work 
WHERE work.id = ?
17:08:50,634 INFO  [sqlalchemy.engine.base.Engine.0x...1750] [u'2']
17:08:52,817 INFO  [sqlalchemy.engine.base.Engine.0x...1750] BEGIN
17:08:52,818 INFO  [sqlalchemy.engine.base.Engine.0x...1750] SELECT work.id AS work_id, work.title AS work_title, work.keyid AS work_keyid, work.publicationid AS work_publicationid, work.composerid AS work_composerid, work.styleid AS work_styleid, work.description AS work_description, work.price AS work_price, work.image AS work_image 
FROM work 
WHERE work.id = ?
17:08:52,818 INFO  [sqlalchemy.engine.base.Engine.0x...1750] [u'2']
17:08:52,820 INFO  [sqlalchemy.engine.base.Engine.0x...1750] SELECT work.id AS work_id, work.title AS work_title, work.keyid AS work_keyid, work.publicationid AS work_publicationid, work.composerid AS work_composerid, work.styleid AS work_styleid, work.description AS work_description, work.price AS work_price, work.image AS work_image 
FROM work 
WHERE work.id = ?
17:08:52,820 INFO  [sqlalchemy.engine.base.Engine.0x...1750] [u'2']
17:08:52,821 INFO  [sqlalchemy.engine.base.Engine.0x...1750] SELECT work.id AS work_id, work.title AS work_title, work.keyid AS work_keyid, work.publicationid AS work_publicationid, work.composerid AS work_composerid, work.styleid AS work_styleid, work.description AS work_description, work.price AS work_price, work.image AS work_image 
FROM work 
WHERE work.id = ?
17:08:52,821 INFO  [sqlalchemy.engine.base.Engine.0x...1750] [u'2']
17:08:52,823 INFO  [sqlalchemy.engine.base.Engine.0x...1750] SELECT instrument.id AS instrument_id, instrument.name AS instrument_name 
FROM instrument, workinstrument 
WHERE ? = workinstrument.workid AND instrument.id = workinstrument.instrumentid
17:08:52,823 INFO  [sqlalchemy.engine.base.Engine.0x...1750] [2]
17:08:52,824 INFO  [sqlalchemy.engine.base.Engine.0x...1750] SELECT "key".id AS key_id, "key".name AS key_name 
FROM "key" 
WHERE "key".id = ?
17:08:52,824 INFO  [sqlalchemy.engine.base.Engine.0x...1750] [17]
17:08:52,825 INFO  [sqlalchemy.engine.base.Engine.0x...1750] SELECT movement.id AS movement_id, movement.title AS movement_title, movement.keyid AS movement_keyid, movement.number AS movement_number, movement.workid AS movement_workid, movement.description AS movement_description 
FROM movement 
WHERE ? = movement.workid
17:08:52,825 INFO  [sqlalchemy.engine.base.Engine.0x...1750] [2]
17:08:52,826 INFO  [sqlalchemy.engine.base.Engine.0x...1750] SELECT composer.id AS composer_id, composer.lastname AS composer_lastname, composer.firstname AS composer_firstname, composer.middlename AS composer_middlename, composer.bio AS composer_bio, composer.image AS composer_image 
FROM composer 
WHERE composer.id = ?
17:08:52,826 INFO  [sqlalchemy.engine.base.Engine.0x...1750] [1]
17:08:52,827 INFO  [sqlalchemy.engine.base.Engine.0x...1750] SELECT style.id AS style_id, style.name AS style_name 
FROM style, workstyle 
WHERE ? = workstyle.workid AND style.id = workstyle.styleid
17:08:52,827 INFO  [sqlalchemy.engine.base.Engine.0x...1750] [2]
17:08:52,828 INFO  [sqlalchemy.engine.base.Engine.0x...1750] SELECT soundclip.id AS soundclip_id, soundclip.workid AS soundclip_workid, soundclip.movementid AS soundclip_movementid, soundclip.path AS soundclip_path 
FROM soundclip 
WHERE ? = soundclip.workid
17:08:52,828 INFO  [sqlalchemy.engine.base.Engine.0x...1750] [2]
17:08:52,864 INFO  [sqlalchemy.engine.base.Engine.0x...1750] BEGIN
17:08:52,864 INFO  [sqlalchemy.engine.base.Engine.0x...1750] SELECT work.id AS work_id, work.title AS work_title, work.keyid AS work_keyid, work.publicationid AS work_publicationid, work.composerid AS work_composerid, work.styleid AS work_styleid, work.description AS work_description, work.price AS work_price, work.image AS work_image 
FROM work 
WHERE work.id = ?
17:08:52,864 INFO  [sqlalchemy.engine.base.Engine.0x...1750] [u'2']
17:08:52,866 INFO  [sqlalchemy.engine.base.Engine.0x...1750] SELECT work.id AS work_id, work.title AS work_title, work.keyid AS work_keyid, work.publicationid AS work_publicationid, work.composerid AS work_composerid, work.styleid AS work_styleid, work.description AS work_description, work.price AS work_price, work.image AS work_image 
FROM work 
WHERE work.id = ?
17:08:52,866 INFO  [sqlalchemy.engine.base.Engine.0x...1750] [u'2']
17:08:53,865 INFO  [sqlalchemy.engine.base.Engine.0x...1750] BEGIN
17:08:53,865 INFO  [sqlalchemy.engine.base.Engine.0x...1750] SELECT work.id AS work_id, work.title AS work_title, work.keyid AS work_keyid, work.publicationid AS work_publicationid, work.composerid AS work_composerid, work.styleid AS work_styleid, work.description AS work_description, work.price AS work_price, work.image AS work_image 
FROM work 
WHERE work.id = ?
17:08:53,866 INFO  [sqlalchemy.engine.base.Engine.0x...1750] [u'2']
17:08:53,867 INFO  [sqlalchemy.engine.base.Engine.0x...1750] SELECT work.id AS work_id, work.title AS work_title, work.keyid AS work_keyid, work.publicationid AS work_publicationid, work.composerid AS work_composerid, work.styleid AS work_styleid, work.description AS work_description, work.price AS work_price, work.image AS work_image 
FROM work 
WHERE work.id = ?
17:08:53,867 INFO  [sqlalchemy.engine.base.Engine.0x...1750] [u'2']
17:08:53,869 INFO  [sqlalchemy.engine.base.Engine.0x...1750] SELECT work.id AS work_id, work.title AS work_title, work.keyid AS work_keyid, work.publicationid AS work_publicationid, work.composerid AS work_composerid, work.styleid AS work_styleid, work.description AS work_description, work.price AS work_price, work.image AS work_image 
FROM work 
WHERE work.id = ?
17:08:53,869 INFO  [sqlalchemy.engine.base.Engine.0x...1750] [u'2']
17:08:53,875 INFO  [sqlalchemy.engine.base.Engine.0x...1750] BEGIN
17:08:53,876 INFO  [sqlalchemy.engine.base.Engine.0x...1750] SELECT work.id AS work_id, work.title AS work_title, work.keyid AS work_keyid, work.publicationid AS work_publicationid, work.composerid AS work_composerid, work.styleid AS work_styleid, work.description AS work_description, work.price AS work_price, work.image AS work_image 
FROM work 
WHERE work.id = ?
17:08:53,876 INFO  [sqlalchemy.engine.base.Engine.0x...1750] ['2']
17:08:53,877 INFO  [sqlalchemy.engine.base.Engine.0x...1750] SELECT work.id AS work_id, work.title AS work_title, work.keyid AS work_keyid, work.publicationid AS work_publicationid, work.composerid AS work_composerid, work.styleid AS work_styleid, work.description AS work_description, work.price AS work_price, work.image AS work_image 
FROM work 
WHERE work.id = ?
17:08:53,877 INFO  [sqlalchemy.engine.base.Engine.0x...1750] [u'2']
17:08:53,879 INFO  [sqlalchemy.engine.base.Engine.0x...1750] SELECT instrument.id AS instrument_id, instrument.name AS instrument_name 
FROM instrument, workinstrument 
WHERE ? = workinstrument.workid AND instrument.id = workinstrument.instrumentid
17:08:53,880 INFO  [sqlalchemy.engine.base.Engine.0x...1750] [2]
17:08:53,880 INFO  [sqlalchemy.engine.base.Engine.0x...1750] SELECT "key".id AS key_id, "key".name AS key_name 
FROM "key" 
WHERE "key".id = ?
17:08:53,881 INFO  [sqlalchemy.engine.base.Engine.0x...1750] [17]
17:08:53,882 INFO  [sqlalchemy.engine.base.Engine.0x...1750] SELECT movement.id AS movement_id, movement.title AS movement_title, movement.keyid AS movement_keyid, movement.number AS movement_number, movement.workid AS movement_workid, movement.description AS movement_description 
FROM movement 
WHERE ? = movement.workid
17:08:53,882 INFO  [sqlalchemy.engine.base.Engine.0x...1750] [2]
17:08:53,883 INFO  [sqlalchemy.engine.base.Engine.0x...1750] SELECT composer.id AS composer_id, composer.lastname AS composer_lastname, composer.firstname AS composer_firstname, composer.middlename AS composer_middlename, composer.bio AS composer_bio, composer.image AS composer_image 
FROM composer 
WHERE composer.id = ?
17:08:53,883 INFO  [sqlalchemy.engine.base.Engine.0x...1750] [1]
17:08:53,884 INFO  [sqlalchemy.engine.base.Engine.0x...1750] SELECT style.id AS style_id, style.name AS style_name 
FROM style, workstyle 
WHERE ? = workstyle.workid AND style.id = workstyle.styleid
17:08:53,884 INFO  [sqlalchemy.engine.base.Engine.0x...1750] [2]
17:08:53,885 INFO  [sqlalchemy.engine.base.Engine.0x...1750] SELECT soundclip.id AS soundclip_id, soundclip.workid AS soundclip_workid, soundclip.movementid AS soundclip_movementid, soundclip.path AS soundclip_path 
FROM soundclip 
WHERE ? = soundclip.workid
17:08:53,885 INFO  [sqlalchemy.engine.base.Engine.0x...1750] [2]
17:08:53,921 INFO  [sqlalchemy.engine.base.Engine.0x...1750] BEGIN
17:08:53,922 INFO  [sqlalchemy.engine.base.Engine.0x...1750] SELECT work.id AS work_id, work.title AS work_title, work.keyid AS work_keyid, work.publicationid AS work_publicationid, work.composerid AS work_composerid, work.styleid AS work_styleid, work.description AS work_description, work.price AS work_price, work.image AS work_image 
FROM work 
WHERE work.id = ?
17:08:53,922 INFO  [sqlalchemy.engine.base.Engine.0x...1750] ['2']
17:08:54,673 INFO  [sqlalchemy.engine.base.Engine.0x...1750] BEGIN
17:08:54,674 INFO  [sqlalchemy.engine.base.Engine.0x...1750] SELECT work.id AS work_id, work.title AS work_title, work.keyid AS work_keyid, work.publicationid AS work_publicationid, work.composerid AS work_composerid, work.styleid AS work_styleid, work.description AS work_description, work.price AS work_price, work.image AS work_image 
FROM work 
WHERE work.id = ?
17:08:54,674 INFO  [sqlalchemy.engine.base.Engine.0x...1750] ['2']
17:08:54,676 INFO  [sqlalchemy.engine.base.Engine.0x...1750] SELECT work.id AS work_id, work.title AS work_title, work.keyid AS work_keyid, work.publicationid AS work_publicationid, work.composerid AS work_composerid, work.styleid AS work_styleid, work.description AS work_description, work.price AS work_price, work.image AS work_image 
FROM work 
WHERE work.id = ?
17:08:54,676 INFO  [sqlalchemy.engine.base.Engine.0x...1750] [u'2']
17:08:54,683 INFO  [sqlalchemy.engine.base.Engine.0x...1750] BEGIN
17:08:54,684 INFO  [sqlalchemy.engine.base.Engine.0x...1750] SELECT work.id AS work_id, work.title AS work_title, work.keyid AS work_keyid, work.publicationid AS work_publicationid, work.composerid AS work_composerid, work.styleid AS work_styleid, work.description AS work_description, work.price AS work_price, work.image AS work_image 
FROM work 
WHERE work.id = ?
17:08:54,684 INFO  [sqlalchemy.engine.base.Engine.0x...1750] [u'2']
17:08:54,686 INFO  [sqlalchemy.engine.base.Engine.0x...1750] SELECT instrument.id AS instrument_id, instrument.name AS instrument_name 
FROM instrument, workinstrument 
WHERE ? = workinstrument.workid AND instrument.id = workinstrument.instrumentid
17:08:54,686 INFO  [sqlalchemy.engine.base.Engine.0x...1750] [2]
17:08:54,687 INFO  [sqlalchemy.engine.base.Engine.0x...1750] SELECT "key".id AS key_id, "key".name AS key_name 
FROM "key" 
WHERE "key".id = ?
17:08:54,687 INFO  [sqlalchemy.engine.base.Engine.0x...1750] [17]
17:08:54,688 INFO  [sqlalchemy.engine.base.Engine.0x...1750] SELECT movement.id AS movement_id, movement.title AS movement_title, movement.keyid AS movement_keyid, movement.number AS movement_number, movement.workid AS movement_workid, movement.description AS movement_description 
FROM movement 
WHERE ? = movement.workid
17:08:54,688 INFO  [sqlalchemy.engine.base.Engine.0x...1750] [2]
17:08:54,689 INFO  [sqlalchemy.engine.base.Engine.0x...1750] SELECT composer.id AS composer_id, composer.lastname AS composer_lastname, composer.firstname AS composer_firstname, composer.middlename AS composer_middlename, composer.bio AS composer_bio, composer.image AS composer_image 
FROM composer 
WHERE composer.id = ?
17:08:54,689 INFO  [sqlalchemy.engine.base.Engine.0x...1750] [1]
17:08:54,690 INFO  [sqlalchemy.engine.base.Engine.0x...1750] SELECT style.id AS style_id, style.name AS style_name 
FROM style, workstyle 
WHERE ? = workstyle.workid AND style.id = workstyle.styleid
17:08:54,690 INFO  [sqlalchemy.engine.base.Engine.0x...1750] [2]
17:08:54,691 INFO  [sqlalchemy.engine.base.Engine.0x...1750] SELECT soundclip.id AS soundclip_id, soundclip.workid AS soundclip_workid, soundclip.movementid AS soundclip_movementid, soundclip.path AS soundclip_path 
FROM soundclip 
WHERE ? = soundclip.workid
17:08:54,691 INFO  [sqlalchemy.engine.base.Engine.0x...1750] [2]
17:08:55,969 INFO  [sqlalchemy.engine.base.Engine.0x...1750] BEGIN
17:08:55,970 INFO  [sqlalchemy.engine.base.Engine.0x...1750] SELECT work.id AS work_id, work.title AS work_title, work.keyid AS work_keyid, work.publicationid AS work_publicationid, work.composerid AS work_composerid, work.styleid AS work_styleid, work.description AS work_description, work.price AS work_price, work.image AS work_image 
FROM work 
WHERE work.id = ?
17:08:55,970 INFO  [sqlalchemy.engine.base.Engine.0x...1750] [u'2']
17:08:56,006 INFO  [sqlalchemy.engine.base.Engine.0x...1750] BEGIN
17:08:56,007 INFO  [sqlalchemy.engine.base.Engine.0x...1750] SELECT work.id AS work_id, work.title AS work_title, work.keyid AS work_keyid, work.publicationid AS work_publicationid, work.composerid AS work_composerid, work.styleid AS work_styleid, work.description AS work_description, work.price AS work_price, work.image AS work_image 
FROM work 
WHERE work.id = ?
17:08:56,007 INFO  [sqlalchemy.engine.base.Engine.0x...1750] [u'2']
17:08:59,961 INFO  [sqlalchemy.engine.base.Engine.0x...1750] BEGIN
17:08:59,961 INFO  [sqlalchemy.engine.base.Engine.0x...1750] SELECT work.id AS work_id, work.title AS work_title, work.keyid AS work_keyid, work.publicationid AS work_publicationid, work.composerid AS work_composerid, work.styleid AS work_styleid, work.description AS work_description, work.price AS work_price, work.image AS work_image 
FROM work 
WHERE work.id = ?
17:08:59,961 INFO  [sqlalchemy.engine.base.Engine.0x...1750] [u'2']
17:08:59,970 INFO  [sqlalchemy.engine.base.Engine.0x...1750] BEGIN
17:08:59,970 INFO  [sqlalchemy.engine.base.Engine.0x...1750] SELECT work.id AS work_id, work.title AS work_title, work.keyid AS work_keyid, work.publicationid AS work_publicationid, work.composerid AS work_composerid, work.styleid AS work_styleid, work.description AS work_description, work.price AS work_price, work.image AS work_image 
FROM work 
WHERE work.id = ?
17:08:59,971 INFO  [sqlalchemy.engine.base.Engine.0x...1750] [u'2']
17:08:59,972 INFO  [sqlalchemy.engine.base.Engine.0x...1750] SELECT work.id AS work_id, work.title AS work_title, work.keyid AS work_keyid, work.publicationid AS work_publicationid, work.composerid AS work_composerid, work.styleid AS work_styleid, work.description AS work_description, work.price AS work_price, work.image AS work_image 
FROM work 
WHERE work.id = ?
17:08:59,972 INFO  [sqlalchemy.engine.base.Engine.0x...1750] [u'2']
17:09:00,011 INFO  [sqlalchemy.engine.base.Engine.0x...1750] BEGIN
17:09:00,011 INFO  [sqlalchemy.engine.base.Engine.0x...1750] SELECT work.id AS work_id, work.title AS work_title, work.keyid AS work_keyid, work.publicationid AS work_publicationid, work.composerid AS work_composerid, work.styleid AS work_styleid, work.description AS work_description, work.price AS work_price, work.image AS work_image 
FROM work 
WHERE work.id = ?
17:09:00,011 INFO  [sqlalchemy.engine.base.Engine.0x...1750] [u'2']
17:09:00,013 INFO  [sqlalchemy.engine.base.Engine.0x...1750] SELECT work.id AS work_id, work.title AS work_title, work.keyid AS work_keyid, work.publicationid AS work_publicationid, work.composerid AS work_composerid, work.styleid AS work_styleid, work.description AS work_description, work.price AS work_price, work.image AS work_image 
FROM work 
WHERE work.id = ?
17:09:00,013 INFO  [sqlalchemy.engine.base.Engine.0x...1750] [u'2']
17:09:01,881 INFO  [sqlalchemy.engine.base.Engine.0x...1750] BEGIN
17:09:01,882 INFO  [sqlalchemy.engine.base.Engine.0x...1750] SELECT work.id AS work_id, work.title AS work_title, work.keyid AS work_keyid, work.publicationid AS work_publicationid, work.composerid AS work_composerid, work.styleid AS work_styleid, work.description AS work_description, work.price AS work_price, work.image AS work_image 
FROM work 
WHERE work.id = ?
17:09:01,882 INFO  [sqlalchemy.engine.base.Engine.0x...1750] [u'2']
17:09:01,883 INFO  [sqlalchemy.engine.base.Engine.0x...1750] SELECT work.id AS work_id, work.title AS work_title, work.keyid AS work_keyid, work.publicationid AS work_publicationid, work.composerid AS work_composerid, work.styleid AS work_styleid, work.description AS work_description, work.price AS work_price, work.image AS work_image 
FROM work 
WHERE work.id = ?
17:09:01,883 INFO  [sqlalchemy.engine.base.Engine.0x...1750] [u'2']
17:09:01,885 INFO  [sqlalchemy.engine.base.Engine.0x...1750] SELECT work.id AS work_id, work.title AS work_title, work.keyid AS work_keyid, work.publicationid AS work_publicationid, work.composerid AS work_composerid, work.styleid AS work_styleid, work.description AS work_description, work.price AS work_price, work.image AS work_image 
FROM work 
WHERE work.id = ?
17:09:01,885 INFO  [sqlalchemy.engine.base.Engine.0x...1750] [u'2']
17:09:01,887 INFO  [sqlalchemy.engine.base.Engine.0x...1750] SELECT instrument.id AS instrument_id, instrument.name AS instrument_name 
FROM instrument, workinstrument 
WHERE ? = workinstrument.workid AND instrument.id = workinstrument.instrumentid
17:09:01,887 INFO  [sqlalchemy.engine.base.Engine.0x...1750] [2]
17:09:01,888 INFO  [sqlalchemy.engine.base.Engine.0x...1750] SELECT "key".id AS key_id, "key".name AS key_name 
FROM "key" 
WHERE "key".id = ?
17:09:01,888 INFO  [sqlalchemy.engine.base.Engine.0x...1750] [17]
17:09:01,889 INFO  [sqlalchemy.engine.base.Engine.0x...1750] SELECT movement.id AS movement_id, movement.title AS movement_title, movement.keyid AS movement_keyid, movement.number AS movement_number, movement.workid AS movement_workid, movement.description AS movement_description 
FROM movement 
WHERE ? = movement.workid
17:09:01,889 INFO  [sqlalchemy.engine.base.Engine.0x...1750] [2]
17:09:01,890 INFO  [sqlalchemy.engine.base.Engine.0x...1750] SELECT composer.id AS composer_id, composer.lastname AS composer_lastname, composer.firstname AS composer_firstname, composer.middlename AS composer_middlename, composer.bio AS composer_bio, composer.image AS composer_image 
FROM composer 
WHERE composer.id = ?
17:09:01,890 INFO  [sqlalchemy.engine.base.Engine.0x...1750] [1]
17:09:01,891 INFO  [sqlalchemy.engine.base.Engine.0x...1750] SELECT style.id AS style_id, style.name AS style_name 
FROM style, workstyle 
WHERE ? = workstyle.workid AND style.id = workstyle.styleid
17:09:01,891 INFO  [sqlalchemy.engine.base.Engine.0x...1750] [2]
17:09:01,892 INFO  [sqlalchemy.engine.base.Engine.0x...1750] SELECT soundclip.id AS soundclip_id, soundclip.workid AS soundclip_workid, soundclip.movementid AS soundclip_movementid, soundclip.path AS soundclip_path 
FROM soundclip 
WHERE ? = soundclip.workid
17:09:01,892 INFO  [sqlalchemy.engine.base.Engine.0x...1750] [2]
17:09:01,936 INFO  [sqlalchemy.engine.base.Engine.0x...1750] BEGIN
17:09:01,937 INFO  [sqlalchemy.engine.base.Engine.0x...1750] SELECT work.id AS work_id, work.title AS work_title, work.keyid AS work_keyid, work.publicationid AS work_publicationid, work.composerid AS work_composerid, work.styleid AS work_styleid, work.description AS work_description, work.price AS work_price, work.image AS work_image 
FROM work 
WHERE work.id = ?
17:09:01,937 INFO  [sqlalchemy.engine.base.Engine.0x...1750] [u'2']
17:09:01,939 INFO  [sqlalchemy.engine.base.Engine.0x...1750] SELECT work.id AS work_id, work.title AS work_title, work.keyid AS work_keyid, work.publicationid AS work_publicationid, work.composerid AS work_composerid, work.styleid AS work_styleid, work.description AS work_description, work.price AS work_price, work.image AS work_image 
FROM work 
WHERE work.id = ?
17:09:01,939 INFO  [sqlalchemy.engine.base.Engine.0x...1750] [u'2']
17:09:02,841 INFO  [sqlalchemy.engine.base.Engine.0x...1750] BEGIN
17:09:02,841 INFO  [sqlalchemy.engine.base.Engine.0x...1750] SELECT work.id AS work_id, work.title AS work_title, work.keyid AS work_keyid, work.publicationid AS work_publicationid, work.composerid AS work_composerid, work.styleid AS work_styleid, work.description AS work_description, work.price AS work_price, work.image AS work_image 
FROM work 
WHERE work.id = ?
17:09:02,841 INFO  [sqlalchemy.engine.base.Engine.0x...1750] [u'2']
17:09:02,845 INFO  [sqlalchemy.engine.base.Engine.0x...1750] SELECT work.id AS work_id, work.title AS work_title, work.keyid AS work_keyid, work.publicationid AS work_publicationid, work.composerid AS work_composerid, work.styleid AS work_styleid, work.description AS work_description, work.price AS work_price, work.image AS work_image 
FROM work 
WHERE work.id = ?
17:09:02,845 INFO  [sqlalchemy.engine.base.Engine.0x...1750] [u'2']
17:09:02,846 INFO  [sqlalchemy.engine.base.Engine.0x...1750] SELECT work.id AS work_id, work.title AS work_title, work.keyid AS work_keyid, work.publicationid AS work_publicationid, work.composerid AS work_composerid, work.styleid AS work_styleid, work.description AS work_description, work.price AS work_price, work.image AS work_image 
FROM work 
WHERE work.id = ?
17:09:02,846 INFO  [sqlalchemy.engine.base.Engine.0x...1750] [u'2']
17:09:02,853 INFO  [sqlalchemy.engine.base.Engine.0x...1750] BEGIN
17:09:02,854 INFO  [sqlalchemy.engine.base.Engine.0x...1750] SELECT work.id AS work_id, work.title AS work_title, work.keyid AS work_keyid, work.publicationid AS work_publicationid, work.composerid AS work_composerid, work.styleid AS work_styleid, work.description AS work_description, work.price AS work_price, work.image AS work_image 
FROM work 
WHERE work.id = ?
17:09:02,854 INFO  [sqlalchemy.engine.base.Engine.0x...1750] ['2']
17:09:02,855 INFO  [sqlalchemy.engine.base.Engine.0x...1750] SELECT work.id AS work_id, work.title AS work_title, work.keyid AS work_keyid, work.publicationid AS work_publicationid, work.composerid AS work_composerid, work.styleid AS work_styleid, work.description AS work_description, work.price AS work_price, work.image AS work_image 
FROM work 
WHERE work.id = ?
17:09:02,855 INFO  [sqlalchemy.engine.base.Engine.0x...1750] [u'2']
17:09:02,857 INFO  [sqlalchemy.engine.base.Engine.0x...1750] SELECT instrument.id AS instrument_id, instrument.name AS instrument_name 
FROM instrument, workinstrument 
WHERE ? = workinstrument.workid AND instrument.id = workinstrument.instrumentid
17:09:02,857 INFO  [sqlalchemy.engine.base.Engine.0x...1750] [2]
17:09:02,858 INFO  [sqlalchemy.engine.base.Engine.0x...1750] SELECT "key".id AS key_id, "key".name AS key_name 
FROM "key" 
WHERE "key".id = ?
17:09:02,858 INFO  [sqlalchemy.engine.base.Engine.0x...1750] [17]
17:09:02,859 INFO  [sqlalchemy.engine.base.Engine.0x...1750] SELECT movement.id AS movement_id, movement.title AS movement_title, movement.keyid AS movement_keyid, movement.number AS movement_number, movement.workid AS movement_workid, movement.description AS movement_description 
FROM movement 
WHERE ? = movement.workid
17:09:02,859 INFO  [sqlalchemy.engine.base.Engine.0x...1750] [2]
17:09:02,860 INFO  [sqlalchemy.engine.base.Engine.0x...1750] SELECT composer.id AS composer_id, composer.lastname AS composer_lastname, composer.firstname AS composer_firstname, composer.middlename AS composer_middlename, composer.bio AS composer_bio, composer.image AS composer_image 
FROM composer 
WHERE composer.id = ?
17:09:02,860 INFO  [sqlalchemy.engine.base.Engine.0x...1750] [1]
17:09:02,861 INFO  [sqlalchemy.engine.base.Engine.0x...1750] SELECT style.id AS style_id, style.name AS style_name 
FROM style, workstyle 
WHERE ? = workstyle.workid AND style.id = workstyle.styleid
17:09:02,861 INFO  [sqlalchemy.engine.base.Engine.0x...1750] [2]
17:09:02,862 INFO  [sqlalchemy.engine.base.Engine.0x...1750] SELECT soundclip.id AS soundclip_id, soundclip.workid AS soundclip_workid, soundclip.movementid AS soundclip_movementid, soundclip.path AS soundclip_path 
FROM soundclip 
WHERE ? = soundclip.workid
17:09:02,862 INFO  [sqlalchemy.engine.base.Engine.0x...1750] [2]
17:09:02,896 INFO  [sqlalchemy.engine.base.Engine.0x...1750] BEGIN
17:09:02,897 INFO  [sqlalchemy.engine.base.Engine.0x...1750] SELECT work.id AS work_id, work.title AS work_title, work.keyid AS work_keyid, work.publicationid AS work_publicationid, work.composerid AS work_composerid, work.styleid AS work_styleid, work.description AS work_description, work.price AS work_price, work.image AS work_image 
FROM work 
WHERE work.id = ?
17:09:02,897 INFO  [sqlalchemy.engine.base.Engine.0x...1750] ['2']
17:09:03,737 INFO  [sqlalchemy.engine.base.Engine.0x...1750] BEGIN
17:09:03,738 INFO  [sqlalchemy.engine.base.Engine.0x...1750] SELECT work.id AS work_id, work.title AS work_title, work.keyid AS work_keyid, work.publicationid AS work_publicationid, work.composerid AS work_composerid, work.styleid AS work_styleid, work.description AS work_description, work.price AS work_price, work.image AS work_image 
FROM work 
WHERE work.id = ?
17:09:03,738 INFO  [sqlalchemy.engine.base.Engine.0x...1750] ['2']
17:09:03,739 INFO  [sqlalchemy.engine.base.Engine.0x...1750] SELECT work.id AS work_id, work.title AS work_title, work.keyid AS work_keyid, work.publicationid AS work_publicationid, work.composerid AS work_composerid, work.styleid AS work_styleid, work.description AS work_description, work.price AS work_price, work.image AS work_image 
FROM work 
WHERE work.id = ?
17:09:03,739 INFO  [sqlalchemy.engine.base.Engine.0x...1750] [u'2']
17:09:03,760 INFO  [sqlalchemy.engine.base.Engine.0x...1750] BEGIN
17:09:03,761 INFO  [sqlalchemy.engine.base.Engine.0x...1750] SELECT work.id AS work_id, work.title AS work_title, work.keyid AS work_keyid, work.publicationid AS work_publicationid, work.composerid AS work_composerid, work.styleid AS work_styleid, work.description AS work_description, work.price AS work_price, work.image AS work_image 
FROM work 
WHERE work.id = ?
17:09:03,761 INFO  [sqlalchemy.engine.base.Engine.0x...1750] [u'2']
17:09:03,763 INFO  [sqlalchemy.engine.base.Engine.0x...1750] SELECT instrument.id AS instrument_id, instrument.name AS instrument_name 
FROM instrument, workinstrument 
WHERE ? = workinstrument.workid AND instrument.id = workinstrument.instrumentid
17:09:03,763 INFO  [sqlalchemy.engine.base.Engine.0x...1750] [2]
17:09:03,764 INFO  [sqlalchemy.engine.base.Engine.0x...1750] SELECT "key".id AS key_id, "key".name AS key_name 
FROM "key" 
WHERE "key".id = ?
17:09:03,764 INFO  [sqlalchemy.engine.base.Engine.0x...1750] [17]
17:09:03,765 INFO  [sqlalchemy.engine.base.Engine.0x...1750] SELECT movement.id AS movement_id, movement.title AS movement_title, movement.keyid AS movement_keyid, movement.number AS movement_number, movement.workid AS movement_workid, movement.description AS movement_description 
FROM movement 
WHERE ? = movement.workid
17:09:03,765 INFO  [sqlalchemy.engine.base.Engine.0x...1750] [2]
17:09:03,766 INFO  [sqlalchemy.engine.base.Engine.0x...1750] SELECT composer.id AS composer_id, composer.lastname AS composer_lastname, composer.firstname AS composer_firstname, composer.middlename AS composer_middlename, composer.bio AS composer_bio, composer.image AS composer_image 
FROM composer 
WHERE composer.id = ?
17:09:03,766 INFO  [sqlalchemy.engine.base.Engine.0x...1750] [1]
17:09:03,767 INFO  [sqlalchemy.engine.base.Engine.0x...1750] SELECT style.id AS style_id, style.name AS style_name 
FROM style, workstyle 
WHERE ? = workstyle.workid AND style.id = workstyle.styleid
17:09:03,767 INFO  [sqlalchemy.engine.base.Engine.0x...1750] [2]
17:09:03,768 INFO  [sqlalchemy.engine.base.Engine.0x...1750] SELECT soundclip.id AS soundclip_id, soundclip.workid AS soundclip_workid, soundclip.movementid AS soundclip_movementid, soundclip.path AS soundclip_path 
FROM soundclip 
WHERE ? = soundclip.workid
17:09:03,768 INFO  [sqlalchemy.engine.base.Engine.0x...1750] [2]
17:09:04,693 INFO  [sqlalchemy.engine.base.Engine.0x...1750] BEGIN
17:09:04,694 INFO  [sqlalchemy.engine.base.Engine.0x...1750] SELECT work.id AS work_id, work.title AS work_title, work.keyid AS work_keyid, work.publicationid AS work_publicationid, work.composerid AS work_composerid, work.styleid AS work_styleid, work.description AS work_description, work.price AS work_price, work.image AS work_image 
FROM work 
WHERE work.id = ?
17:09:04,694 INFO  [sqlalchemy.engine.base.Engine.0x...1750] [u'2']
17:09:04,730 INFO  [sqlalchemy.engine.base.Engine.0x...1750] BEGIN
17:09:04,730 INFO  [sqlalchemy.engine.base.Engine.0x...1750] SELECT work.id AS work_id, work.title AS work_title, work.keyid AS work_keyid, work.publicationid AS work_publicationid, work.composerid AS work_composerid, work.styleid AS work_styleid, work.description AS work_description, work.price AS work_price, work.image AS work_image 
FROM work 
WHERE work.id = ?
17:09:04,731 INFO  [sqlalchemy.engine.base.Engine.0x...1750] [u'2']
17:09:12,849 INFO  [sqlalchemy.engine.base.Engine.0x...1750] BEGIN
17:09:12,850 INFO  [sqlalchemy.engine.base.Engine.0x...1750] SELECT work.id AS work_id, work.title AS work_title, work.keyid AS work_keyid, work.publicationid AS work_publicationid, work.composerid AS work_composerid, work.styleid AS work_styleid, work.description AS work_description, work.price AS work_price, work.image AS work_image 
FROM work 
WHERE work.id = ?
17:09:12,850 INFO  [sqlalchemy.engine.base.Engine.0x...1750] [u'2']
17:09:12,852 INFO  [sqlalchemy.engine.base.Engine.0x...1750] SELECT composer.id AS composer_id, composer.lastname AS composer_lastname, composer.firstname AS composer_firstname, composer.middlename AS composer_middlename, composer.bio AS composer_bio, composer.image AS composer_image 
FROM composer
17:09:12,852 INFO  [sqlalchemy.engine.base.Engine.0x...1750] []
17:09:12,853 INFO  [sqlalchemy.engine.base.Engine.0x...1750] SELECT work.id AS work_id, work.title AS work_title, work.keyid AS work_keyid, work.publicationid AS work_publicationid, work.composerid AS work_composerid, work.styleid AS work_styleid, work.description AS work_description, work.price AS work_price, work.image AS work_image 
FROM work 
WHERE ? = work.composerid
17:09:12,853 INFO  [sqlalchemy.engine.base.Engine.0x...1750] [1]
17:09:12,855 INFO  [sqlalchemy.engine.base.Engine.0x...1750] SELECT work.id AS work_id, work.title AS work_title, work.keyid AS work_keyid, work.publicationid AS work_publicationid, work.composerid AS work_composerid, work.styleid AS work_styleid, work.description AS work_description, work.price AS work_price, work.image AS work_image 
FROM work 
WHERE ? = work.composerid
17:09:12,855 INFO  [sqlalchemy.engine.base.Engine.0x...1750] [2]
17:09:12,890 INFO  [sqlalchemy.engine.base.Engine.0x...1750] BEGIN
17:09:12,891 INFO  [sqlalchemy.engine.base.Engine.0x...1750] SELECT work.id AS work_id, work.title AS work_title, work.keyid AS work_keyid, work.publicationid AS work_publicationid, work.composerid AS work_composerid, work.styleid AS work_styleid, work.description AS work_description, work.price AS work_price, work.image AS work_image 
FROM work 
WHERE work.id = ?
17:09:12,891 INFO  [sqlalchemy.engine.base.Engine.0x...1750] [u'2']
17:09:16,817 INFO  [sqlalchemy.engine.base.Engine.0x...1750] BEGIN
17:09:16,818 INFO  [sqlalchemy.engine.base.Engine.0x...1750] SELECT work.id AS work_id, work.title AS work_title, work.keyid AS work_keyid, work.publicationid AS work_publicationid, work.composerid AS work_composerid, work.styleid AS work_styleid, work.description AS work_description, work.price AS work_price, work.image AS work_image 
FROM work 
WHERE work.id = ?
17:09:16,818 INFO  [sqlalchemy.engine.base.Engine.0x...1750] [u'2']
17:09:16,819 INFO  [sqlalchemy.engine.base.Engine.0x...1750] SELECT work.id AS work_id, work.title AS work_title, work.keyid AS work_keyid, work.publicationid AS work_publicationid, work.composerid AS work_composerid, work.styleid AS work_styleid, work.description AS work_description, work.price AS work_price, work.image AS work_image 
FROM work 
WHERE work.id = ?
17:09:16,819 INFO  [sqlalchemy.engine.base.Engine.0x...1750] [u'2']
17:09:16,821 INFO  [sqlalchemy.engine.base.Engine.0x...1750] SELECT instrument.id AS instrument_id, instrument.name AS instrument_name 
FROM instrument, workinstrument 
WHERE ? = workinstrument.workid AND instrument.id = workinstrument.instrumentid
17:09:16,821 INFO  [sqlalchemy.engine.base.Engine.0x...1750] [2]
17:09:16,822 INFO  [sqlalchemy.engine.base.Engine.0x...1750] SELECT "key".id AS key_id, "key".name AS key_name 
FROM "key" 
WHERE "key".id = ?
17:09:16,822 INFO  [sqlalchemy.engine.base.Engine.0x...1750] [17]
17:09:16,823 INFO  [sqlalchemy.engine.base.Engine.0x...1750] SELECT movement.id AS movement_id, movement.title AS movement_title, movement.keyid AS movement_keyid, movement.number AS movement_number, movement.workid AS movement_workid, movement.description AS movement_description 
FROM movement 
WHERE ? = movement.workid
17:09:16,823 INFO  [sqlalchemy.engine.base.Engine.0x...1750] [2]
17:09:16,824 INFO  [sqlalchemy.engine.base.Engine.0x...1750] SELECT composer.id AS composer_id, composer.lastname AS composer_lastname, composer.firstname AS composer_firstname, composer.middlename AS composer_middlename, composer.bio AS composer_bio, composer.image AS composer_image 
FROM composer 
WHERE composer.id = ?
17:09:16,824 INFO  [sqlalchemy.engine.base.Engine.0x...1750] [1]
17:09:16,825 INFO  [sqlalchemy.engine.base.Engine.0x...1750] SELECT style.id AS style_id, style.name AS style_name 
FROM style, workstyle 
WHERE ? = workstyle.workid AND style.id = workstyle.styleid
17:09:16,825 INFO  [sqlalchemy.engine.base.Engine.0x...1750] [2]
17:09:16,826 INFO  [sqlalchemy.engine.base.Engine.0x...1750] SELECT soundclip.id AS soundclip_id, soundclip.workid AS soundclip_workid, soundclip.movementid AS soundclip_movementid, soundclip.path AS soundclip_path 
FROM soundclip 
WHERE ? = soundclip.workid
17:09:16,827 INFO  [sqlalchemy.engine.base.Engine.0x...1750] [2]
17:09:16,867 INFO  [sqlalchemy.engine.base.Engine.0x...1750] BEGIN
17:09:16,868 INFO  [sqlalchemy.engine.base.Engine.0x...1750] SELECT work.id AS work_id, work.title AS work_title, work.keyid AS work_keyid, work.publicationid AS work_publicationid, work.composerid AS work_composerid, work.styleid AS work_styleid, work.description AS work_description, work.price AS work_price, work.image AS work_image 
FROM work 
WHERE work.id = ?
17:09:16,868 INFO  [sqlalchemy.engine.base.Engine.0x...1750] [u'2']
17:09:21,745 INFO  [sqlalchemy.engine.base.Engine.0x...1750] BEGIN
17:09:21,746 INFO  [sqlalchemy.engine.base.Engine.0x...1750] SELECT work.id AS work_id, work.title AS work_title, work.keyid AS work_keyid, work.publicationid AS work_publicationid, work.composerid AS work_composerid, work.styleid AS work_styleid, work.description AS work_description, work.price AS work_price, work.image AS work_image 
FROM work 
WHERE work.id = ?
17:09:21,746 INFO  [sqlalchemy.engine.base.Engine.0x...1750] [u'2']
17:09:21,747 INFO  [sqlalchemy.engine.base.Engine.0x...1750] SELECT work.id AS work_id, work.title AS work_title, work.keyid AS work_keyid, work.publicationid AS work_publicationid, work.composerid AS work_composerid, work.styleid AS work_styleid, work.description AS work_description, work.price AS work_price, work.image AS work_image 
FROM work 
WHERE work.id = ?
17:09:21,747 INFO  [sqlalchemy.engine.base.Engine.0x...1750] [u'2']
17:09:21,749 INFO  [sqlalchemy.engine.base.Engine.0x...1750] SELECT instrument.id AS instrument_id, instrument.name AS instrument_name 
FROM instrument, workinstrument 
WHERE ? = workinstrument.workid AND instrument.id = workinstrument.instrumentid
17:09:21,749 INFO  [sqlalchemy.engine.base.Engine.0x...1750] [2]
17:09:21,750 INFO  [sqlalchemy.engine.base.Engine.0x...1750] SELECT "key".id AS key_id, "key".name AS key_name 
FROM "key" 
WHERE "key".id = ?
17:09:21,750 INFO  [sqlalchemy.engine.base.Engine.0x...1750] [17]
17:09:21,752 INFO  [sqlalchemy.engine.base.Engine.0x...1750] SELECT movement.id AS movement_id, movement.title AS movement_title, movement.keyid AS movement_keyid, movement.number AS movement_number, movement.workid AS movement_workid, movement.description AS movement_description 
FROM movement 
WHERE ? = movement.workid
17:09:21,752 INFO  [sqlalchemy.engine.base.Engine.0x...1750] [2]
17:09:21,753 INFO  [sqlalchemy.engine.base.Engine.0x...1750] SELECT composer.id AS composer_id, composer.lastname AS composer_lastname, composer.firstname AS composer_firstname, composer.middlename AS composer_middlename, composer.bio AS composer_bio, composer.image AS composer_image 
FROM composer 
WHERE composer.id = ?
17:09:21,753 INFO  [sqlalchemy.engine.base.Engine.0x...1750] [1]
17:09:21,754 INFO  [sqlalchemy.engine.base.Engine.0x...1750] SELECT style.id AS style_id, style.name AS style_name 
FROM style, workstyle 
WHERE ? = workstyle.workid AND style.id = workstyle.styleid
17:09:21,754 INFO  [sqlalchemy.engine.base.Engine.0x...1750] [2]
17:09:21,755 INFO  [sqlalchemy.engine.base.Engine.0x...1750] SELECT soundclip.id AS soundclip_id, soundclip.workid AS soundclip_workid, soundclip.movementid AS soundclip_movementid, soundclip.path AS soundclip_path 
FROM soundclip 
WHERE ? = soundclip.workid
17:09:21,755 INFO  [sqlalchemy.engine.base.Engine.0x...1750] [2]
17:09:21,791 INFO  [sqlalchemy.engine.base.Engine.0x...1750] BEGIN
17:09:21,791 INFO  [sqlalchemy.engine.base.Engine.0x...1750] SELECT work.id AS work_id, work.title AS work_title, work.keyid AS work_keyid, work.publicationid AS work_publicationid, work.composerid AS work_composerid, work.styleid AS work_styleid, work.description AS work_description, work.price AS work_price, work.image AS work_image 
FROM work 
WHERE work.id = ?
17:09:21,792 INFO  [sqlalchemy.engine.base.Engine.0x...1750] [u'2']
17:09:22,969 INFO  [sqlalchemy.engine.base.Engine.0x...1750] BEGIN
17:09:22,970 INFO  [sqlalchemy.engine.base.Engine.0x...1750] SELECT work.id AS work_id, work.title AS work_title, work.keyid AS work_keyid, work.publicationid AS work_publicationid, work.composerid AS work_composerid, work.styleid AS work_styleid, work.description AS work_description, work.price AS work_price, work.image AS work_image 
FROM work 
WHERE work.id = ?
17:09:22,970 INFO  [sqlalchemy.engine.base.Engine.0x...1750] [u'2']
17:09:22,971 INFO  [sqlalchemy.engine.base.Engine.0x...1750] SELECT style.id AS style_id, style.name AS style_name 
FROM style
17:09:22,971 INFO  [sqlalchemy.engine.base.Engine.0x...1750] []
17:09:22,974 INFO  [sqlalchemy.engine.base.Engine.0x...1750] SELECT work.id AS work_id, work.title AS work_title, work.keyid AS work_keyid, work.publicationid AS work_publicationid, work.composerid AS work_composerid, work.styleid AS work_styleid, work.description AS work_description, work.price AS work_price, work.image AS work_image 
FROM work, workstyle AS workstyle_1 
WHERE work.id = workstyle_1.workid AND ? = workstyle_1.styleid
17:09:22,974 INFO  [sqlalchemy.engine.base.Engine.0x...1750] [1]
17:09:22,977 INFO  [sqlalchemy.engine.base.Engine.0x...1750] SELECT work.id AS work_id, work.title AS work_title, work.keyid AS work_keyid, work.publicationid AS work_publicationid, work.composerid AS work_composerid, work.styleid AS work_styleid, work.description AS work_description, work.price AS work_price, work.image AS work_image 
FROM work, workstyle AS workstyle_1 
WHERE work.id = workstyle_1.workid AND ? = workstyle_1.styleid
17:09:22,977 INFO  [sqlalchemy.engine.base.Engine.0x...1750] [2]
17:09:22,979 INFO  [sqlalchemy.engine.base.Engine.0x...1750] SELECT work.id AS work_id, work.title AS work_title, work.keyid AS work_keyid, work.publicationid AS work_publicationid, work.composerid AS work_composerid, work.styleid AS work_styleid, work.description AS work_description, work.price AS work_price, work.image AS work_image 
FROM work, workstyle AS workstyle_1 
WHERE work.id = workstyle_1.workid AND ? = workstyle_1.styleid
17:09:22,979 INFO  [sqlalchemy.engine.base.Engine.0x...1750] [3]
17:09:22,981 INFO  [sqlalchemy.engine.base.Engine.0x...1750] SELECT work.id AS work_id, work.title AS work_title, work.keyid AS work_keyid, work.publicationid AS work_publicationid, work.composerid AS work_composerid, work.styleid AS work_styleid, work.description AS work_description, work.price AS work_price, work.image AS work_image 
FROM work, workstyle AS workstyle_1 
WHERE work.id = workstyle_1.workid AND ? = workstyle_1.styleid
17:09:22,981 INFO  [sqlalchemy.engine.base.Engine.0x...1750] [4]
17:09:22,983 INFO  [sqlalchemy.engine.base.Engine.0x...1750] SELECT work.id AS work_id, work.title AS work_title, work.keyid AS work_keyid, work.publicationid AS work_publicationid, work.composerid AS work_composerid, work.styleid AS work_styleid, work.description AS work_description, work.price AS work_price, work.image AS work_image 
FROM work, workstyle AS workstyle_1 
WHERE work.id = workstyle_1.workid AND ? = workstyle_1.styleid
17:09:22,983 INFO  [sqlalchemy.engine.base.Engine.0x...1750] [5]
17:09:22,985 INFO  [sqlalchemy.engine.base.Engine.0x...1750] SELECT work.id AS work_id, work.title AS work_title, work.keyid AS work_keyid, work.publicationid AS work_publicationid, work.composerid AS work_composerid, work.styleid AS work_styleid, work.description AS work_description, work.price AS work_price, work.image AS work_image 
FROM work, workstyle AS workstyle_1 
WHERE work.id = workstyle_1.workid AND ? = workstyle_1.styleid
17:09:22,985 INFO  [sqlalchemy.engine.base.Engine.0x...1750] [6]
17:09:22,987 INFO  [sqlalchemy.engine.base.Engine.0x...1750] SELECT work.id AS work_id, work.title AS work_title, work.keyid AS work_keyid, work.publicationid AS work_publicationid, work.composerid AS work_composerid, work.styleid AS work_styleid, work.description AS work_description, work.price AS work_price, work.image AS work_image 
FROM work, workstyle AS workstyle_1 
WHERE work.id = workstyle_1.workid AND ? = workstyle_1.styleid
17:09:22,987 INFO  [sqlalchemy.engine.base.Engine.0x...1750] [7]
17:09:23,025 INFO  [sqlalchemy.engine.base.Engine.0x...1750] BEGIN
17:09:23,025 INFO  [sqlalchemy.engine.base.Engine.0x...1750] SELECT work.id AS work_id, work.title AS work_title, work.keyid AS work_keyid, work.publicationid AS work_publicationid, work.composerid AS work_composerid, work.styleid AS work_styleid, work.description AS work_description, work.price AS work_price, work.image AS work_image 
FROM work 
WHERE work.id = ?
17:09:23,025 INFO  [sqlalchemy.engine.base.Engine.0x...1750] [u'2']
17:09:24,641 INFO  [sqlalchemy.engine.base.Engine.0x...1750] BEGIN
17:09:24,642 INFO  [sqlalchemy.engine.base.Engine.0x...1750] SELECT work.id AS work_id, work.title AS work_title, work.keyid AS work_keyid, work.publicationid AS work_publicationid, work.composerid AS work_composerid, work.styleid AS work_styleid, work.description AS work_description, work.price AS work_price, work.image AS work_image 
FROM work 
WHERE work.id = ?
17:09:24,642 INFO  [sqlalchemy.engine.base.Engine.0x...1750] [u'2']
17:09:24,643 INFO  [sqlalchemy.engine.base.Engine.0x...1750] SELECT instrument.id AS instrument_id, instrument.name AS instrument_name 
FROM instrument
17:09:24,643 INFO  [sqlalchemy.engine.base.Engine.0x...1750] []
17:09:24,646 INFO  [sqlalchemy.engine.base.Engine.0x...1750] SELECT work.id AS work_id, work.title AS work_title, work.keyid AS work_keyid, work.publicationid AS work_publicationid, work.composerid AS work_composerid, work.styleid AS work_styleid, work.description AS work_description, work.price AS work_price, work.image AS work_image 
FROM work, workinstrument AS workinstrument_1 
WHERE work.id = workinstrument_1.workid AND ? = workinstrument_1.instrumentid
17:09:24,646 INFO  [sqlalchemy.engine.base.Engine.0x...1750] [1]
17:09:24,648 INFO  [sqlalchemy.engine.base.Engine.0x...1750] SELECT work.id AS work_id, work.title AS work_title, work.keyid AS work_keyid, work.publicationid AS work_publicationid, work.composerid AS work_composerid, work.styleid AS work_styleid, work.description AS work_description, work.price AS work_price, work.image AS work_image 
FROM work, workinstrument AS workinstrument_1 
WHERE work.id = workinstrument_1.workid AND ? = workinstrument_1.instrumentid
17:09:24,648 INFO  [sqlalchemy.engine.base.Engine.0x...1750] [2]
17:09:24,650 INFO  [sqlalchemy.engine.base.Engine.0x...1750] SELECT work.id AS work_id, work.title AS work_title, work.keyid AS work_keyid, work.publicationid AS work_publicationid, work.composerid AS work_composerid, work.styleid AS work_styleid, work.description AS work_description, work.price AS work_price, work.image AS work_image 
FROM work, workinstrument AS workinstrument_1 
WHERE work.id = workinstrument_1.workid AND ? = workinstrument_1.instrumentid
17:09:24,651 INFO  [sqlalchemy.engine.base.Engine.0x...1750] [3]
17:09:24,654 INFO  [sqlalchemy.engine.base.Engine.0x...1750] SELECT work.id AS work_id, work.title AS work_title, work.keyid AS work_keyid, work.publicationid AS work_publicationid, work.composerid AS work_composerid, work.styleid AS work_styleid, work.description AS work_description, work.price AS work_price, work.image AS work_image 
FROM work, workinstrument AS workinstrument_1 
WHERE work.id = workinstrument_1.workid AND ? = workinstrument_1.instrumentid
17:09:24,654 INFO  [sqlalchemy.engine.base.Engine.0x...1750] [4]
17:09:24,656 INFO  [sqlalchemy.engine.base.Engine.0x...1750] SELECT work.id AS work_id, work.title AS work_title, work.keyid AS work_keyid, work.publicationid AS work_publicationid, work.composerid AS work_composerid, work.styleid AS work_styleid, work.description AS work_description, work.price AS work_price, work.image AS work_image 
FROM work, workinstrument AS workinstrument_1 
WHERE work.id = workinstrument_1.workid AND ? = workinstrument_1.instrumentid
17:09:24,656 INFO  [sqlalchemy.engine.base.Engine.0x...1750] [5]
17:09:24,658 INFO  [sqlalchemy.engine.base.Engine.0x...1750] SELECT work.id AS work_id, work.title AS work_title, work.keyid AS work_keyid, work.publicationid AS work_publicationid, work.composerid AS work_composerid, work.styleid AS work_styleid, work.description AS work_description, work.price AS work_price, work.image AS work_image 
FROM work, workinstrument AS workinstrument_1 
WHERE work.id = workinstrument_1.workid AND ? = workinstrument_1.instrumentid
17:09:24,658 INFO  [sqlalchemy.engine.base.Engine.0x...1750] [6]
17:09:24,659 INFO  [sqlalchemy.engine.base.Engine.0x...1750] SELECT work.id AS work_id, work.title AS work_title, work.keyid AS work_keyid, work.publicationid AS work_publicationid, work.composerid AS work_composerid, work.styleid AS work_styleid, work.description AS work_description, work.price AS work_price, work.image AS work_image 
FROM work, workinstrument AS workinstrument_1 
WHERE work.id = workinstrument_1.workid AND ? = workinstrument_1.instrumentid
17:09:24,659 INFO  [sqlalchemy.engine.base.Engine.0x...1750] [7]
17:09:24,662 INFO  [sqlalchemy.engine.base.Engine.0x...1750] SELECT work.id AS work_id, work.title AS work_title, work.keyid AS work_keyid, work.publicationid AS work_publicationid, work.composerid AS work_composerid, work.styleid AS work_styleid, work.description AS work_description, work.price AS work_price, work.image AS work_image 
FROM work, workinstrument AS workinstrument_1 
WHERE work.id = workinstrument_1.workid AND ? = workinstrument_1.instrumentid
17:09:24,662 INFO  [sqlalchemy.engine.base.Engine.0x...1750] [8]
17:09:24,664 INFO  [sqlalchemy.engine.base.Engine.0x...1750] SELECT work.id AS work_id, work.title AS work_title, work.keyid AS work_keyid, work.publicationid AS work_publicationid, work.composerid AS work_composerid, work.styleid AS work_styleid, work.description AS work_description, work.price AS work_price, work.image AS work_image 
FROM work, workinstrument AS workinstrument_1 
WHERE work.id = workinstrument_1.workid AND ? = workinstrument_1.instrumentid
17:09:24,664 INFO  [sqlalchemy.engine.base.Engine.0x...1750] [9]
17:09:24,666 INFO  [sqlalchemy.engine.base.Engine.0x...1750] SELECT work.id AS work_id, work.title AS work_title, work.keyid AS work_keyid, work.publicationid AS work_publicationid, work.composerid AS work_composerid, work.styleid AS work_styleid, work.description AS work_description, work.price AS work_price, work.image AS work_image 
FROM work, workinstrument AS workinstrument_1 
WHERE work.id = workinstrument_1.workid AND ? = workinstrument_1.instrumentid
17:09:24,666 INFO  [sqlalchemy.engine.base.Engine.0x...1750] [10]
17:09:24,667 INFO  [sqlalchemy.engine.base.Engine.0x...1750] SELECT work.id AS work_id, work.title AS work_title, work.keyid AS work_keyid, work.publicationid AS work_publicationid, work.composerid AS work_composerid, work.styleid AS work_styleid, work.description AS work_description, work.price AS work_price, work.image AS work_image 
FROM work, workinstrument AS workinstrument_1 
WHERE work.id = workinstrument_1.workid AND ? = workinstrument_1.instrumentid
17:09:24,667 INFO  [sqlalchemy.engine.base.Engine.0x...1750] [11]
17:09:24,670 INFO  [sqlalchemy.engine.base.Engine.0x...1750] SELECT work.id AS work_id, work.title AS work_title, work.keyid AS work_keyid, work.publicationid AS work_publicationid, work.composerid AS work_composerid, work.styleid AS work_styleid, work.description AS work_description, work.price AS work_price, work.image AS work_image 
FROM work, workinstrument AS workinstrument_1 
WHERE work.id = workinstrument_1.workid AND ? = workinstrument_1.instrumentid
17:09:24,670 INFO  [sqlalchemy.engine.base.Engine.0x...1750] [12]
17:09:24,671 INFO  [sqlalchemy.engine.base.Engine.0x...1750] SELECT work.id AS work_id, work.title AS work_title, work.keyid AS work_keyid, work.publicationid AS work_publicationid, work.composerid AS work_composerid, work.styleid AS work_styleid, work.description AS work_description, work.price AS work_price, work.image AS work_image 
FROM work, workinstrument AS workinstrument_1 
WHERE work.id = workinstrument_1.workid AND ? = workinstrument_1.instrumentid
17:09:24,671 INFO  [sqlalchemy.engine.base.Engine.0x...1750] [13]
17:09:24,673 INFO  [sqlalchemy.engine.base.Engine.0x...1750] SELECT work.id AS work_id, work.title AS work_title, work.keyid AS work_keyid, work.publicationid AS work_publicationid, work.composerid AS work_composerid, work.styleid AS work_styleid, work.description AS work_description, work.price AS work_price, work.image AS work_image 
FROM work, workinstrument AS workinstrument_1 
WHERE work.id = workinstrument_1.workid AND ? = workinstrument_1.instrumentid
17:09:24,673 INFO  [sqlalchemy.engine.base.Engine.0x...1750] [14]
17:09:24,675 INFO  [sqlalchemy.engine.base.Engine.0x...1750] SELECT work.id AS work_id, work.title AS work_title, work.keyid AS work_keyid, work.publicationid AS work_publicationid, work.composerid AS work_composerid, work.styleid AS work_styleid, work.description AS work_description, work.price AS work_price, work.image AS work_image 
FROM work, workinstrument AS workinstrument_1 
WHERE work.id = workinstrument_1.workid AND ? = workinstrument_1.instrumentid
17:09:24,675 INFO  [sqlalchemy.engine.base.Engine.0x...1750] [15]
17:09:24,678 INFO  [sqlalchemy.engine.base.Engine.0x...1750] SELECT work.id AS work_id, work.title AS work_title, work.keyid AS work_keyid, work.publicationid AS work_publicationid, work.composerid AS work_composerid, work.styleid AS work_styleid, work.description AS work_description, work.price AS work_price, work.image AS work_image 
FROM work, workinstrument AS workinstrument_1 
WHERE work.id = workinstrument_1.workid AND ? = workinstrument_1.instrumentid
17:09:24,678 INFO  [sqlalchemy.engine.base.Engine.0x...1750] [16]
17:09:24,716 INFO  [sqlalchemy.engine.base.Engine.0x...1750] BEGIN
17:09:24,717 INFO  [sqlalchemy.engine.base.Engine.0x...1750] SELECT work.id AS work_id, work.title AS work_title, work.keyid AS work_keyid, work.publicationid AS work_publicationid, work.composerid AS work_composerid, work.styleid AS work_styleid, work.description AS work_description, work.price AS work_price, work.image AS work_image 
FROM work 
WHERE work.id = ?
17:09:24,717 INFO  [sqlalchemy.engine.base.Engine.0x...1750] [u'2']
17:09:25,849 INFO  [sqlalchemy.engine.base.Engine.0x...1750] BEGIN
17:09:25,850 INFO  [sqlalchemy.engine.base.Engine.0x...1750] SELECT work.id AS work_id, work.title AS work_title, work.keyid AS work_keyid, work.publicationid AS work_publicationid, work.composerid AS work_composerid, work.styleid AS work_styleid, work.description AS work_description, work.price AS work_price, work.image AS work_image 
FROM work 
WHERE work.id = ?
17:09:25,850 INFO  [sqlalchemy.engine.base.Engine.0x...1750] [u'2']
17:09:25,851 INFO  [sqlalchemy.engine.base.Engine.0x...1750] SELECT "key".id AS key_id, "key".name AS key_name 
FROM "key"
17:09:25,851 INFO  [sqlalchemy.engine.base.Engine.0x...1750] []
17:09:25,855 INFO  [sqlalchemy.engine.base.Engine.0x...1750] SELECT work.id AS work_id, work.title AS work_title, work.keyid AS work_keyid, work.publicationid AS work_publicationid, work.composerid AS work_composerid, work.styleid AS work_styleid, work.description AS work_description, work.price AS work_price, work.image AS work_image 
FROM work 
WHERE ? = work.keyid
17:09:25,855 INFO  [sqlalchemy.engine.base.Engine.0x...1750] [1]
17:09:25,856 INFO  [sqlalchemy.engine.base.Engine.0x...1750] SELECT work.id AS work_id, work.title AS work_title, work.keyid AS work_keyid, work.publicationid AS work_publicationid, work.composerid AS work_composerid, work.styleid AS work_styleid, work.description AS work_description, work.price AS work_price, work.image AS work_image 
FROM work 
WHERE ? = work.keyid
17:09:25,856 INFO  [sqlalchemy.engine.base.Engine.0x...1750] [2]
17:09:25,857 INFO  [sqlalchemy.engine.base.Engine.0x...1750] SELECT work.id AS work_id, work.title AS work_title, work.keyid AS work_keyid, work.publicationid AS work_publicationid, work.composerid AS work_composerid, work.styleid AS work_styleid, work.description AS work_description, work.price AS work_price, work.image AS work_image 
FROM work 
WHERE ? = work.keyid
17:09:25,857 INFO  [sqlalchemy.engine.base.Engine.0x...1750] [3]
17:09:25,858 INFO  [sqlalchemy.engine.base.Engine.0x...1750] SELECT work.id AS work_id, work.title AS work_title, work.keyid AS work_keyid, work.publicationid AS work_publicationid, work.composerid AS work_composerid, work.styleid AS work_styleid, work.description AS work_description, work.price AS work_price, work.image AS work_image 
FROM work 
WHERE ? = work.keyid
17:09:25,858 INFO  [sqlalchemy.engine.base.Engine.0x...1750] [4]
17:09:25,859 INFO  [sqlalchemy.engine.base.Engine.0x...1750] SELECT work.id AS work_id, work.title AS work_title, work.keyid AS work_keyid, work.publicationid AS work_publicationid, work.composerid AS work_composerid, work.styleid AS work_styleid, work.description AS work_description, work.price AS work_price, work.image AS work_image 
FROM work 
WHERE ? = work.keyid
17:09:25,859 INFO  [sqlalchemy.engine.base.Engine.0x...1750] [5]
17:09:25,860 INFO  [sqlalchemy.engine.base.Engine.0x...1750] SELECT work.id AS work_id, work.title AS work_title, work.keyid AS work_keyid, work.publicationid AS work_publicationid, work.composerid AS work_composerid, work.styleid AS work_styleid, work.description AS work_description, work.price AS work_price, work.image AS work_image 
FROM work 
WHERE ? = work.keyid
17:09:25,860 INFO  [sqlalchemy.engine.base.Engine.0x...1750] [6]
17:09:25,861 INFO  [sqlalchemy.engine.base.Engine.0x...1750] SELECT work.id AS work_id, work.title AS work_title, work.keyid AS work_keyid, work.publicationid AS work_publicationid, work.composerid AS work_composerid, work.styleid AS work_styleid, work.description AS work_description, work.price AS work_price, work.image AS work_image 
FROM work 
WHERE ? = work.keyid
17:09:25,861 INFO  [sqlalchemy.engine.base.Engine.0x...1750] [7]
17:09:25,862 INFO  [sqlalchemy.engine.base.Engine.0x...1750] SELECT work.id AS work_id, work.title AS work_title, work.keyid AS work_keyid, work.publicationid AS work_publicationid, work.composerid AS work_composerid, work.styleid AS work_styleid, work.description AS work_description, work.price AS work_price, work.image AS work_image 
FROM work 
WHERE ? = work.keyid
17:09:25,862 INFO  [sqlalchemy.engine.base.Engine.0x...1750] [8]
17:09:25,863 INFO  [sqlalchemy.engine.base.Engine.0x...1750] SELECT work.id AS work_id, work.title AS work_title, work.keyid AS work_keyid, work.publicationid AS work_publicationid, work.composerid AS work_composerid, work.styleid AS work_styleid, work.description AS work_description, work.price AS work_price, work.image AS work_image 
FROM work 
WHERE ? = work.keyid
17:09:25,863 INFO  [sqlalchemy.engine.base.Engine.0x...1750] [9]
17:09:25,864 INFO  [sqlalchemy.engine.base.Engine.0x...1750] SELECT work.id AS work_id, work.title AS work_title, work.keyid AS work_keyid, work.publicationid AS work_publicationid, work.composerid AS work_composerid, work.styleid AS work_styleid, work.description AS work_description, work.price AS work_price, work.image AS work_image 
FROM work 
WHERE ? = work.keyid
17:09:25,864 INFO  [sqlalchemy.engine.base.Engine.0x...1750] [10]
17:09:25,865 INFO  [sqlalchemy.engine.base.Engine.0x...1750] SELECT work.id AS work_id, work.title AS work_title, work.keyid AS work_keyid, work.publicationid AS work_publicationid, work.composerid AS work_composerid, work.styleid AS work_styleid, work.description AS work_description, work.price AS work_price, work.image AS work_image 
FROM work 
WHERE ? = work.keyid
17:09:25,865 INFO  [sqlalchemy.engine.base.Engine.0x...1750] [11]
17:09:25,867 INFO  [sqlalchemy.engine.base.Engine.0x...1750] SELECT work.id AS work_id, work.title AS work_title, work.keyid AS work_keyid, work.publicationid AS work_publicationid, work.composerid AS work_composerid, work.styleid AS work_styleid, work.description AS work_description, work.price AS work_price, work.image AS work_image 
FROM work 
WHERE ? = work.keyid
17:09:25,867 INFO  [sqlalchemy.engine.base.Engine.0x...1750] [12]
17:09:25,868 INFO  [sqlalchemy.engine.base.Engine.0x...1750] SELECT work.id AS work_id, work.title AS work_title, work.keyid AS work_keyid, work.publicationid AS work_publicationid, work.composerid AS work_composerid, work.styleid AS work_styleid, work.description AS work_description, work.price AS work_price, work.image AS work_image 
FROM work 
WHERE ? = work.keyid
17:09:25,868 INFO  [sqlalchemy.engine.base.Engine.0x...1750] [13]
17:09:25,869 INFO  [sqlalchemy.engine.base.Engine.0x...1750] SELECT work.id AS work_id, work.title AS work_title, work.keyid AS work_keyid, work.publicationid AS work_publicationid, work.composerid AS work_composerid, work.styleid AS work_styleid, work.description AS work_description, work.price AS work_price, work.image AS work_image 
FROM work 
WHERE ? = work.keyid
17:09:25,869 INFO  [sqlalchemy.engine.base.Engine.0x...1750] [14]
17:09:25,870 INFO  [sqlalchemy.engine.base.Engine.0x...1750] SELECT work.id AS work_id, work.title AS work_title, work.keyid AS work_keyid, work.publicationid AS work_publicationid, work.composerid AS work_composerid, work.styleid AS work_styleid, work.description AS work_description, work.price AS work_price, work.image AS work_image 
FROM work 
WHERE ? = work.keyid
17:09:25,870 INFO  [sqlalchemy.engine.base.Engine.0x...1750] [15]
17:09:25,871 INFO  [sqlalchemy.engine.base.Engine.0x...1750] SELECT work.id AS work_id, work.title AS work_title, work.keyid AS work_keyid, work.publicationid AS work_publicationid, work.composerid AS work_composerid, work.styleid AS work_styleid, work.description AS work_description, work.price AS work_price, work.image AS work_image 
FROM work 
WHERE ? = work.keyid
17:09:25,871 INFO  [sqlalchemy.engine.base.Engine.0x...1750] [16]
17:09:25,872 INFO  [sqlalchemy.engine.base.Engine.0x...1750] SELECT work.id AS work_id, work.title AS work_title, work.keyid AS work_keyid, work.publicationid AS work_publicationid, work.composerid AS work_composerid, work.styleid AS work_styleid, work.description AS work_description, work.price AS work_price, work.image AS work_image 
FROM work 
WHERE ? = work.keyid
17:09:25,872 INFO  [sqlalchemy.engine.base.Engine.0x...1750] [17]
17:09:25,874 INFO  [sqlalchemy.engine.base.Engine.0x...1750] SELECT work.id AS work_id, work.title AS work_title, work.keyid AS work_keyid, work.publicationid AS work_publicationid, work.composerid AS work_composerid, work.styleid AS work_styleid, work.description AS work_description, work.price AS work_price, work.image AS work_image 
FROM work 
WHERE ? = work.keyid
17:09:25,874 INFO  [sqlalchemy.engine.base.Engine.0x...1750] [18]
17:09:25,875 INFO  [sqlalchemy.engine.base.Engine.0x...1750] SELECT work.id AS work_id, work.title AS work_title, work.keyid AS work_keyid, work.publicationid AS work_publicationid, work.composerid AS work_composerid, work.styleid AS work_styleid, work.description AS work_description, work.price AS work_price, work.image AS work_image 
FROM work 
WHERE ? = work.keyid
17:09:25,875 INFO  [sqlalchemy.engine.base.Engine.0x...1750] [19]
17:09:25,876 INFO  [sqlalchemy.engine.base.Engine.0x...1750] SELECT work.id AS work_id, work.title AS work_title, work.keyid AS work_keyid, work.publicationid AS work_publicationid, work.composerid AS work_composerid, work.styleid AS work_styleid, work.description AS work_description, work.price AS work_price, work.image AS work_image 
FROM work 
WHERE ? = work.keyid
17:09:25,876 INFO  [sqlalchemy.engine.base.Engine.0x...1750] [20]
17:09:25,877 INFO  [sqlalchemy.engine.base.Engine.0x...1750] SELECT work.id AS work_id, work.title AS work_title, work.keyid AS work_keyid, work.publicationid AS work_publicationid, work.composerid AS work_composerid, work.styleid AS work_styleid, work.description AS work_description, work.price AS work_price, work.image AS work_image 
FROM work 
WHERE ? = work.keyid
17:09:25,877 INFO  [sqlalchemy.engine.base.Engine.0x...1750] [21]
17:09:25,878 INFO  [sqlalchemy.engine.base.Engine.0x...1750] SELECT work.id AS work_id, work.title AS work_title, work.keyid AS work_keyid, work.publicationid AS work_publicationid, work.composerid AS work_composerid, work.styleid AS work_styleid, work.description AS work_description, work.price AS work_price, work.image AS work_image 
FROM work 
WHERE ? = work.keyid
17:09:25,878 INFO  [sqlalchemy.engine.base.Engine.0x...1750] [22]
17:09:25,879 INFO  [sqlalchemy.engine.base.Engine.0x...1750] SELECT work.id AS work_id, work.title AS work_title, work.keyid AS work_keyid, work.publicationid AS work_publicationid, work.composerid AS work_composerid, work.styleid AS work_styleid, work.description AS work_description, work.price AS work_price, work.image AS work_image 
FROM work 
WHERE ? = work.keyid
17:09:25,879 INFO  [sqlalchemy.engine.base.Engine.0x...1750] [23]
17:09:25,880 INFO  [sqlalchemy.engine.base.Engine.0x...1750] SELECT work.id AS work_id, work.title AS work_title, work.keyid AS work_keyid, work.publicationid AS work_publicationid, work.composerid AS work_composerid, work.styleid AS work_styleid, work.description AS work_description, work.price AS work_price, work.image AS work_image 
FROM work 
WHERE ? = work.keyid
17:09:25,880 INFO  [sqlalchemy.engine.base.Engine.0x...1750] [24]
17:09:25,881 INFO  [sqlalchemy.engine.base.Engine.0x...1750] SELECT work.id AS work_id, work.title AS work_title, work.keyid AS work_keyid, work.publicationid AS work_publicationid, work.composerid AS work_composerid, work.styleid AS work_styleid, work.description AS work_description, work.price AS work_price, work.image AS work_image 
FROM work 
WHERE ? = work.keyid
17:09:25,882 INFO  [sqlalchemy.engine.base.Engine.0x...1750] [25]
17:09:25,883 INFO  [sqlalchemy.engine.base.Engine.0x...1750] SELECT work.id AS work_id, work.title AS work_title, work.keyid AS work_keyid, work.publicationid AS work_publicationid, work.composerid AS work_composerid, work.styleid AS work_styleid, work.description AS work_description, work.price AS work_price, work.image AS work_image 
FROM work 
WHERE ? = work.keyid
17:09:25,883 INFO  [sqlalchemy.engine.base.Engine.0x...1750] [26]
17:09:25,884 INFO  [sqlalchemy.engine.base.Engine.0x...1750] SELECT work.id AS work_id, work.title AS work_title, work.keyid AS work_keyid, work.publicationid AS work_publicationid, work.composerid AS work_composerid, work.styleid AS work_styleid, work.description AS work_description, work.price AS work_price, work.image AS work_image 
FROM work 
WHERE ? = work.keyid
17:09:25,884 INFO  [sqlalchemy.engine.base.Engine.0x...1750] [27]
17:09:25,885 INFO  [sqlalchemy.engine.base.Engine.0x...1750] SELECT work.id AS work_id, work.title AS work_title, work.keyid AS work_keyid, work.publicationid AS work_publicationid, work.composerid AS work_composerid, work.styleid AS work_styleid, work.description AS work_description, work.price AS work_price, work.image AS work_image 
FROM work 
WHERE ? = work.keyid
17:09:25,885 INFO  [sqlalchemy.engine.base.Engine.0x...1750] [28]
17:09:25,886 INFO  [sqlalchemy.engine.base.Engine.0x...1750] SELECT work.id AS work_id, work.title AS work_title, work.keyid AS work_keyid, work.publicationid AS work_publicationid, work.composerid AS work_composerid, work.styleid AS work_styleid, work.description AS work_description, work.price AS work_price, work.image AS work_image 
FROM work 
WHERE ? = work.keyid
17:09:25,886 INFO  [sqlalchemy.engine.base.Engine.0x...1750] [29]
17:09:25,887 INFO  [sqlalchemy.engine.base.Engine.0x...1750] SELECT work.id AS work_id, work.title AS work_title, work.keyid AS work_keyid, work.publicationid AS work_publicationid, work.composerid AS work_composerid, work.styleid AS work_styleid, work.description AS work_description, work.price AS work_price, work.image AS work_image 
FROM work 
WHERE ? = work.keyid
17:09:25,887 INFO  [sqlalchemy.engine.base.Engine.0x...1750] [30]
17:09:25,888 INFO  [sqlalchemy.engine.base.Engine.0x...1750] SELECT work.id AS work_id, work.title AS work_title, work.keyid AS work_keyid, work.publicationid AS work_publicationid, work.composerid AS work_composerid, work.styleid AS work_styleid, work.description AS work_description, work.price AS work_price, work.image AS work_image 
FROM work 
WHERE ? = work.keyid
17:09:25,888 INFO  [sqlalchemy.engine.base.Engine.0x...1750] [31]
17:09:25,889 INFO  [sqlalchemy.engine.base.Engine.0x...1750] SELECT work.id AS work_id, work.title AS work_title, work.keyid AS work_keyid, work.publicationid AS work_publicationid, work.composerid AS work_composerid, work.styleid AS work_styleid, work.description AS work_description, work.price AS work_price, work.image AS work_image 
FROM work 
WHERE ? = work.keyid
17:09:25,889 INFO  [sqlalchemy.engine.base.Engine.0x...1750] [32]
17:09:25,891 INFO  [sqlalchemy.engine.base.Engine.0x...1750] SELECT work.id AS work_id, work.title AS work_title, work.keyid AS work_keyid, work.publicationid AS work_publicationid, work.composerid AS work_composerid, work.styleid AS work_styleid, work.description AS work_description, work.price AS work_price, work.image AS work_image 
FROM work 
WHERE ? = work.keyid
17:09:25,891 INFO  [sqlalchemy.engine.base.Engine.0x...1750] [33]
17:09:25,892 INFO  [sqlalchemy.engine.base.Engine.0x...1750] SELECT work.id AS work_id, work.title AS work_title, work.keyid AS work_keyid, work.publicationid AS work_publicationid, work.composerid AS work_composerid, work.styleid AS work_styleid, work.description AS work_description, work.price AS work_price, work.image AS work_image 
FROM work 
WHERE ? = work.keyid
17:09:25,892 INFO  [sqlalchemy.engine.base.Engine.0x...1750] [34]
17:09:25,893 INFO  [sqlalchemy.engine.base.Engine.0x...1750] SELECT work.id AS work_id, work.title AS work_title, work.keyid AS work_keyid, work.publicationid AS work_publicationid, work.composerid AS work_composerid, work.styleid AS work_styleid, work.description AS work_description, work.price AS work_price, work.image AS work_image 
FROM work 
WHERE ? = work.keyid
17:09:25,893 INFO  [sqlalchemy.engine.base.Engine.0x...1750] [35]
17:09:25,894 INFO  [sqlalchemy.engine.base.Engine.0x...1750] SELECT work.id AS work_id, work.title AS work_title, work.keyid AS work_keyid, work.publicationid AS work_publicationid, work.composerid AS work_composerid, work.styleid AS work_styleid, work.description AS work_description, work.price AS work_price, work.image AS work_image 
FROM work 
WHERE ? = work.keyid
17:09:25,894 INFO  [sqlalchemy.engine.base.Engine.0x...1750] [36]
17:09:25,895 INFO  [sqlalchemy.engine.base.Engine.0x...1750] SELECT work.id AS work_id, work.title AS work_title, work.keyid AS work_keyid, work.publicationid AS work_publicationid, work.composerid AS work_composerid, work.styleid AS work_styleid, work.description AS work_description, work.price AS work_price, work.image AS work_image 
FROM work 
WHERE ? = work.keyid
17:09:25,895 INFO  [sqlalchemy.engine.base.Engine.0x...1750] [37]
17:09:25,896 INFO  [sqlalchemy.engine.base.Engine.0x...1750] SELECT work.id AS work_id, work.title AS work_title, work.keyid AS work_keyid, work.publicationid AS work_publicationid, work.composerid AS work_composerid, work.styleid AS work_styleid, work.description AS work_description, work.price AS work_price, work.image AS work_image 
FROM work 
WHERE ? = work.keyid
17:09:25,896 INFO  [sqlalchemy.engine.base.Engine.0x...1750] [38]
17:09:25,898 INFO  [sqlalchemy.engine.base.Engine.0x...1750] SELECT work.id AS work_id, work.title AS work_title, work.keyid AS work_keyid, work.publicationid AS work_publicationid, work.composerid AS work_composerid, work.styleid AS work_styleid, work.description AS work_description, work.price AS work_price, work.image AS work_image 
FROM work 
WHERE ? = work.keyid
17:09:25,898 INFO  [sqlalchemy.engine.base.Engine.0x...1750] [39]
17:09:25,899 INFO  [sqlalchemy.engine.base.Engine.0x...1750] SELECT work.id AS work_id, work.title AS work_title, work.keyid AS work_keyid, work.publicationid AS work_publicationid, work.composerid AS work_composerid, work.styleid AS work_styleid, work.description AS work_description, work.price AS work_price, work.image AS work_image 
FROM work 
WHERE ? = work.keyid
17:09:25,899 INFO  [sqlalchemy.engine.base.Engine.0x...1750] [40]
17:09:25,900 INFO  [sqlalchemy.engine.base.Engine.0x...1750] SELECT work.id AS work_id, work.title AS work_title, work.keyid AS work_keyid, work.publicationid AS work_publicationid, work.composerid AS work_composerid, work.styleid AS work_styleid, work.description AS work_description, work.price AS work_price, work.image AS work_image 
FROM work 
WHERE ? = work.keyid
17:09:25,900 INFO  [sqlalchemy.engine.base.Engine.0x...1750] [41]
17:09:25,901 INFO  [sqlalchemy.engine.base.Engine.0x...1750] SELECT work.id AS work_id, work.title AS work_title, work.keyid AS work_keyid, work.publicationid AS work_publicationid, work.composerid AS work_composerid, work.styleid AS work_styleid, work.description AS work_description, work.price AS work_price, work.image AS work_image 
FROM work 
WHERE ? = work.keyid
17:09:25,901 INFO  [sqlalchemy.engine.base.Engine.0x...1750] [42]
17:09:25,944 INFO  [sqlalchemy.engine.base.Engine.0x...1750] BEGIN
17:09:25,945 INFO  [sqlalchemy.engine.base.Engine.0x...1750] SELECT work.id AS work_id, work.title AS work_title, work.keyid AS work_keyid, work.publicationid AS work_publicationid, work.composerid AS work_composerid, work.styleid AS work_styleid, work.description AS work_description, work.price AS work_price, work.image AS work_image 
FROM work 
WHERE work.id = ?
17:09:25,945 INFO  [sqlalchemy.engine.base.Engine.0x...1750] [u'2']
17:09:30,890 INFO  [sqlalchemy.engine.base.Engine.0x...1750] BEGIN
17:09:30,890 INFO  [sqlalchemy.engine.base.Engine.0x...1750] SELECT work.id AS work_id, work.title AS work_title, work.keyid AS work_keyid, work.publicationid AS work_publicationid, work.composerid AS work_composerid, work.styleid AS work_styleid, work.description AS work_description, work.price AS work_price, work.image AS work_image 
FROM work 
WHERE work.id = ?
17:09:30,890 INFO  [sqlalchemy.engine.base.Engine.0x...1750] [u'2']
17:09:30,932 INFO  [sqlalchemy.engine.base.Engine.0x...1750] BEGIN
17:09:30,933 INFO  [sqlalchemy.engine.base.Engine.0x...1750] SELECT work.id AS work_id, work.title AS work_title, work.keyid AS work_keyid, work.publicationid AS work_publicationid, work.composerid AS work_composerid, work.styleid AS work_styleid, work.description AS work_description, work.price AS work_price, work.image AS work_image 
FROM work 
WHERE work.id = ?
17:09:30,933 INFO  [sqlalchemy.engine.base.Engine.0x...1750] [u'2']
17:09:32,873 INFO  [sqlalchemy.engine.base.Engine.0x...1750] BEGIN
17:09:32,873 INFO  [sqlalchemy.engine.base.Engine.0x...1750] SELECT work.id AS work_id, work.title AS work_title, work.keyid AS work_keyid, work.publicationid AS work_publicationid, work.composerid AS work_composerid, work.styleid AS work_styleid, work.description AS work_description, work.price AS work_price, work.image AS work_image 
FROM work 
WHERE work.id = ?
17:09:32,873 INFO  [sqlalchemy.engine.base.Engine.0x...1750] [u'2']
17:09:32,926 INFO  [sqlalchemy.engine.base.Engine.0x...1750] BEGIN
17:09:32,926 INFO  [sqlalchemy.engine.base.Engine.0x...1750] SELECT work.id AS work_id, work.title AS work_title, work.keyid AS work_keyid, work.publicationid AS work_publicationid, work.composerid AS work_composerid, work.styleid AS work_styleid, work.description AS work_description, work.price AS work_price, work.image AS work_image 
FROM work 
WHERE work.id = ?
17:09:32,927 INFO  [sqlalchemy.engine.base.Engine.0x...1750] [u'2']
17:09:34,113 INFO  [sqlalchemy.engine.base.Engine.0x...1750] BEGIN
17:09:34,114 INFO  [sqlalchemy.engine.base.Engine.0x...1750] SELECT work.id AS work_id, work.title AS work_title, work.keyid AS work_keyid, work.publicationid AS work_publicationid, work.composerid AS work_composerid, work.styleid AS work_styleid, work.description AS work_description, work.price AS work_price, work.image AS work_image 
FROM work 
WHERE work.id = ?
17:09:34,114 INFO  [sqlalchemy.engine.base.Engine.0x...1750] [u'2']
17:09:34,148 INFO  [sqlalchemy.engine.base.Engine.0x...1750] BEGIN
17:09:34,148 INFO  [sqlalchemy.engine.base.Engine.0x...1750] SELECT work.id AS work_id, work.title AS work_title, work.keyid AS work_keyid, work.publicationid AS work_publicationid, work.composerid AS work_composerid, work.styleid AS work_styleid, work.description AS work_description, work.price AS work_price, work.image AS work_image 
FROM work 
WHERE work.id = ?
17:09:34,149 INFO  [sqlalchemy.engine.base.Engine.0x...1750] [u'2']
17:09:35,433 INFO  [sqlalchemy.engine.base.Engine.0x...1750] BEGIN
17:09:35,434 INFO  [sqlalchemy.engine.base.Engine.0x...1750] SELECT work.id AS work_id, work.title AS work_title, work.keyid AS work_keyid, work.publicationid AS work_publicationid, work.composerid AS work_composerid, work.styleid AS work_styleid, work.description AS work_description, work.price AS work_price, work.image AS work_image 
FROM work 
WHERE work.id = ?
17:09:35,434 INFO  [sqlalchemy.engine.base.Engine.0x...1750] [u'2']
17:09:35,487 INFO  [sqlalchemy.engine.base.Engine.0x...1750] BEGIN
17:09:35,488 INFO  [sqlalchemy.engine.base.Engine.0x...1750] SELECT work.id AS work_id, work.title AS work_title, work.keyid AS work_keyid, work.publicationid AS work_publicationid, work.composerid AS work_composerid, work.styleid AS work_styleid, work.description AS work_description, work.price AS work_price, work.image AS work_image 
FROM work 
WHERE work.id = ?
17:09:35,488 INFO  [sqlalchemy.engine.base.Engine.0x...1750] [u'2']
17:09:42,601 INFO  [sqlalchemy.engine.base.Engine.0x...1750] BEGIN
17:09:42,602 INFO  [sqlalchemy.engine.base.Engine.0x...1750] SELECT work.id AS work_id, work.title AS work_title, work.keyid AS work_keyid, work.publicationid AS work_publicationid, work.composerid AS work_composerid, work.styleid AS work_styleid, work.description AS work_description, work.price AS work_price, work.image AS work_image 
FROM work 
WHERE work.id = ?
17:09:42,602 INFO  [sqlalchemy.engine.base.Engine.0x...1750] [u'2']
17:09:42,645 INFO  [sqlalchemy.engine.base.Engine.0x...1750] BEGIN
17:09:42,646 INFO  [sqlalchemy.engine.base.Engine.0x...1750] SELECT work.id AS work_id, work.title AS work_title, work.keyid AS work_keyid, work.publicationid AS work_publicationid, work.composerid AS work_composerid, work.styleid AS work_styleid, work.description AS work_description, work.price AS work_price, work.image AS work_image 
FROM work 
WHERE work.id = ?
17:09:42,646 INFO  [sqlalchemy.engine.base.Engine.0x...1750] [u'2']
17:09:43,385 INFO  [sqlalchemy.engine.base.Engine.0x...1750] BEGIN
17:09:43,386 INFO  [sqlalchemy.engine.base.Engine.0x...1750] SELECT work.id AS work_id, work.title AS work_title, work.keyid AS work_keyid, work.publicationid AS work_publicationid, work.composerid AS work_composerid, work.styleid AS work_styleid, work.description AS work_description, work.price AS work_price, work.image AS work_image 
FROM work 
WHERE work.id = ?
17:09:43,386 INFO  [sqlalchemy.engine.base.Engine.0x...1750] [u'2']
17:09:43,419 INFO  [sqlalchemy.engine.base.Engine.0x...1750] BEGIN
17:09:43,420 INFO  [sqlalchemy.engine.base.Engine.0x...1750] SELECT work.id AS work_id, work.title AS work_title, work.keyid AS work_keyid, work.publicationid AS work_publicationid, work.composerid AS work_composerid, work.styleid AS work_styleid, work.description AS work_description, work.price AS work_price, work.image AS work_image 
FROM work 
WHERE work.id = ?
17:09:43,420 INFO  [sqlalchemy.engine.base.Engine.0x...1750] [u'2']
17:09:43,977 INFO  [sqlalchemy.engine.base.Engine.0x...1750] BEGIN
17:09:43,978 INFO  [sqlalchemy.engine.base.Engine.0x...1750] SELECT work.id AS work_id, work.title AS work_title, work.keyid AS work_keyid, work.publicationid AS work_publicationid, work.composerid AS work_composerid, work.styleid AS work_styleid, work.description AS work_description, work.price AS work_price, work.image AS work_image 
FROM work 
WHERE work.id = ?
17:09:43,978 INFO  [sqlalchemy.engine.base.Engine.0x...1750] [u'2']
17:09:44,011 INFO  [sqlalchemy.engine.base.Engine.0x...1750] BEGIN
17:09:44,011 INFO  [sqlalchemy.engine.base.Engine.0x...1750] SELECT work.id AS work_id, work.title AS work_title, work.keyid AS work_keyid, work.publicationid AS work_publicationid, work.composerid AS work_composerid, work.styleid AS work_styleid, work.description AS work_description, work.price AS work_price, work.image AS work_image 
FROM work 
WHERE work.id = ?
17:09:44,011 INFO  [sqlalchemy.engine.base.Engine.0x...1750] [u'2']
17:13:16,140 INFO  [sqlalchemy.engine.base.Engine.0x...1750] BEGIN
17:13:16,140 INFO  [sqlalchemy.engine.base.Engine.0x...1750] SELECT users.uid AS users_uid, users.username AS users_username, users.password AS users_password, users.group_uid AS users_group_uid 
FROM users 
WHERE users.username = ? 
 LIMIT 1 OFFSET 0
17:13:16,140 INFO  [sqlalchemy.engine.base.Engine.0x...1750] ['gwhiz']
17:13:16,141 INFO  [sqlalchemy.engine.base.Engine.0x...1750] SELECT users.uid AS users_uid, users.username AS users_username, users.password AS users_password, users.group_uid AS users_group_uid 
FROM users 
WHERE users.username = ? 
 LIMIT 1 OFFSET 0
17:13:16,141 INFO  [sqlalchemy.engine.base.Engine.0x...1750] ['gwhiz']
17:13:16,142 INFO  [sqlalchemy.engine.base.Engine.0x...1750] SELECT users.uid AS users_uid, users.username AS users_username, users.password AS users_password, users.group_uid AS users_group_uid 
FROM users 
WHERE users.username = ? 
 LIMIT 1 OFFSET 0
17:13:16,142 INFO  [sqlalchemy.engine.base.Engine.0x...1750] ['gwhiz']
17:13:16,145 INFO  [sqlalchemy.engine.base.Engine.0x...1750] SELECT users.uid AS users_uid, users.username AS users_username, users.password AS users_password, users.group_uid AS users_group_uid 
FROM users 
WHERE users.username = ? 
 LIMIT 1 OFFSET 0
17:13:16,145 INFO  [sqlalchemy.engine.base.Engine.0x...1750] ['gwhiz']
/home/kgraehl/gwhiz/gwhiz/controllers/auth.py:34: DeprecationWarning: pylons.h is deprecated: use your project's lib.helpers module directly instead. Your lib/helpers.py may require the following additional imports:

    from pylons.helpers import log
    from pylons.i18n import get_lang, set_lang

Use the following in your project's lib/base.py file (and any other module that
uses h):

    import MYPROJ.lib.helpers as h

(where MYPROJ is the name of your project) instead of:

    from pylons import h

  return "You are authenticated! " + h.link_to('signout','/auth/signout')
17:13:41,650 INFO  [sqlalchemy.engine.base.Engine.0x...1750] BEGIN
17:13:41,650 INFO  [sqlalchemy.engine.base.Engine.0x...1750] SELECT composer.id AS composer_id, composer.lastname AS composer_lastname, composer.firstname AS composer_firstname, composer.middlename AS composer_middlename, composer.bio AS composer_bio, composer.image AS composer_image 
FROM composer
17:13:41,650 INFO  [sqlalchemy.engine.base.Engine.0x...1750] []
17:13:41,652 INFO  [sqlalchemy.engine.base.Engine.0x...1750] SELECT work.id AS work_id, work.title AS work_title, work.keyid AS work_keyid, work.publicationid AS work_publicationid, work.composerid AS work_composerid, work.styleid AS work_styleid, work.description AS work_description, work.price AS work_price, work.image AS work_image 
FROM work 
WHERE ? = work.composerid
17:13:41,652 INFO  [sqlalchemy.engine.base.Engine.0x...1750] [1]
17:13:41,654 INFO  [sqlalchemy.engine.base.Engine.0x...1750] SELECT work.id AS work_id, work.title AS work_title, work.keyid AS work_keyid, work.publicationid AS work_publicationid, work.composerid AS work_composerid, work.styleid AS work_styleid, work.description AS work_description, work.price AS work_price, work.image AS work_image 
FROM work 
WHERE ? = work.composerid
17:13:41,654 INFO  [sqlalchemy.engine.base.Engine.0x...1750] [2]
17:13:44,426 INFO  [sqlalchemy.engine.base.Engine.0x...1750] BEGIN
17:13:44,427 INFO  [sqlalchemy.engine.base.Engine.0x...1750] SELECT composer.id AS composer_id, composer.lastname AS composer_lastname, composer.firstname AS composer_firstname, composer.middlename AS composer_middlename, composer.bio AS composer_bio, composer.image AS composer_image 
FROM composer 
WHERE composer.id = ?
17:13:44,427 INFO  [sqlalchemy.engine.base.Engine.0x...1750] [u'2']
17:13:44,429 INFO  [sqlalchemy.engine.base.Engine.0x...1750] SELECT work.id AS work_id, work.title AS work_title, work.keyid AS work_keyid, work.publicationid AS work_publicationid, work.composerid AS work_composerid, work.styleid AS work_styleid, work.description AS work_description, work.price AS work_price, work.image AS work_image 
FROM work 
WHERE ? = work.composerid
17:13:44,429 INFO  [sqlalchemy.engine.base.Engine.0x...1750] [2]
17:13:45,858 INFO  [sqlalchemy.engine.base.Engine.0x...1750] BEGIN
17:13:45,860 INFO  [sqlalchemy.engine.base.Engine.0x...1750] SELECT work.id AS work_id, work.title AS work_title, work.keyid AS work_keyid, work.publicationid AS work_publicationid, work.composerid AS work_composerid, work.styleid AS work_styleid, work.description AS work_description, work.price AS work_price, work.image AS work_image 
FROM work 
WHERE work.id = ?
17:13:45,860 INFO  [sqlalchemy.engine.base.Engine.0x...1750] [u'1']
17:13:45,862 INFO  [sqlalchemy.engine.base.Engine.0x...1750] SELECT instrument.id AS instrument_id, instrument.name AS instrument_name 
FROM instrument, workinstrument 
WHERE ? = workinstrument.workid AND instrument.id = workinstrument.instrumentid
17:13:45,862 INFO  [sqlalchemy.engine.base.Engine.0x...1750] [1]
17:13:45,863 INFO  [sqlalchemy.engine.base.Engine.0x...1750] SELECT "key".id AS key_id, "key".name AS key_name 
FROM "key" 
WHERE "key".id = ?
17:13:45,863 INFO  [sqlalchemy.engine.base.Engine.0x...1750] [17]
17:13:45,864 INFO  [sqlalchemy.engine.base.Engine.0x...1750] SELECT movement.id AS movement_id, movement.title AS movement_title, movement.keyid AS movement_keyid, movement.number AS movement_number, movement.workid AS movement_workid, movement.description AS movement_description 
FROM movement 
WHERE ? = movement.workid
17:13:45,864 INFO  [sqlalchemy.engine.base.Engine.0x...1750] [1]
17:13:45,865 INFO  [sqlalchemy.engine.base.Engine.0x...1750] SELECT composer.id AS composer_id, composer.lastname AS composer_lastname, composer.firstname AS composer_firstname, composer.middlename AS composer_middlename, composer.bio AS composer_bio, composer.image AS composer_image 
FROM composer 
WHERE composer.id = ?
17:13:45,865 INFO  [sqlalchemy.engine.base.Engine.0x...1750] [2]
17:13:45,866 INFO  [sqlalchemy.engine.base.Engine.0x...1750] SELECT style.id AS style_id, style.name AS style_name 
FROM style, workstyle 
WHERE ? = workstyle.workid AND style.id = workstyle.styleid
17:13:45,866 INFO  [sqlalchemy.engine.base.Engine.0x...1750] [1]
17:13:45,867 INFO  [sqlalchemy.engine.base.Engine.0x...1750] SELECT soundclip.id AS soundclip_id, soundclip.workid AS soundclip_workid, soundclip.movementid AS soundclip_movementid, soundclip.path AS soundclip_path 
FROM soundclip 
WHERE ? = soundclip.workid
17:13:45,867 INFO  [sqlalchemy.engine.base.Engine.0x...1750] [1]
17:13:47,620 INFO  [sqlalchemy.engine.base.Engine.0x...1750] BEGIN
17:13:47,621 INFO  [sqlalchemy.engine.base.Engine.0x...1750] SELECT work.id AS work_id, work.title AS work_title, work.keyid AS work_keyid, work.publicationid AS work_publicationid, work.composerid AS work_composerid, work.styleid AS work_styleid, work.description AS work_description, work.price AS work_price, work.image AS work_image 
FROM work 
WHERE work.id = ?
17:13:47,621 INFO  [sqlalchemy.engine.base.Engine.0x...1750] [u'1']
17:13:47,648 INFO  [sqlalchemy.engine.base.Engine.0x...1750] SELECT work.id AS work_id, work.title AS work_title, work.keyid AS work_keyid, work.publicationid AS work_publicationid, work.composerid AS work_composerid, work.styleid AS work_styleid, work.description AS work_description, work.price AS work_price, work.image AS work_image 
FROM work 
WHERE work.id = ?
17:13:47,649 INFO  [sqlalchemy.engine.base.Engine.0x...1750] [u'1']
17:13:47,650 INFO  [sqlalchemy.engine.base.Engine.0x...1750] SELECT instrument.id AS instrument_id, instrument.name AS instrument_name 
FROM instrument, workinstrument 
WHERE ? = workinstrument.workid AND instrument.id = workinstrument.instrumentid
17:13:47,650 INFO  [sqlalchemy.engine.base.Engine.0x...1750] [1]
17:13:47,651 INFO  [sqlalchemy.engine.base.Engine.0x...1750] SELECT "key".id AS key_id, "key".name AS key_name 
FROM "key" 
WHERE "key".id = ?
17:13:47,651 INFO  [sqlalchemy.engine.base.Engine.0x...1750] [17]
17:13:47,652 INFO  [sqlalchemy.engine.base.Engine.0x...1750] SELECT movement.id AS movement_id, movement.title AS movement_title, movement.keyid AS movement_keyid, movement.number AS movement_number, movement.workid AS movement_workid, movement.description AS movement_description 
FROM movement 
WHERE ? = movement.workid
17:13:47,653 INFO  [sqlalchemy.engine.base.Engine.0x...1750] [1]
17:13:47,653 INFO  [sqlalchemy.engine.base.Engine.0x...1750] SELECT composer.id AS composer_id, composer.lastname AS composer_lastname, composer.firstname AS composer_firstname, composer.middlename AS composer_middlename, composer.bio AS composer_bio, composer.image AS composer_image 
FROM composer 
WHERE composer.id = ?
17:13:47,653 INFO  [sqlalchemy.engine.base.Engine.0x...1750] [2]
17:13:47,655 INFO  [sqlalchemy.engine.base.Engine.0x...1750] SELECT style.id AS style_id, style.name AS style_name 
FROM style, workstyle 
WHERE ? = workstyle.workid AND style.id = workstyle.styleid
17:13:47,655 INFO  [sqlalchemy.engine.base.Engine.0x...1750] [1]
17:13:47,656 INFO  [sqlalchemy.engine.base.Engine.0x...1750] SELECT soundclip.id AS soundclip_id, soundclip.workid AS soundclip_workid, soundclip.movementid AS soundclip_movementid, soundclip.path AS soundclip_path 
FROM soundclip 
WHERE ? = soundclip.workid
17:13:47,656 INFO  [sqlalchemy.engine.base.Engine.0x...1750] [1]
17:13:47,714 INFO  [sqlalchemy.engine.base.Engine.0x...1750] BEGIN
17:13:47,714 INFO  [sqlalchemy.engine.base.Engine.0x...1750] SELECT work.id AS work_id, work.title AS work_title, work.keyid AS work_keyid, work.publicationid AS work_publicationid, work.composerid AS work_composerid, work.styleid AS work_styleid, work.description AS work_description, work.price AS work_price, work.image AS work_image 
FROM work 
WHERE work.id = ?
17:13:47,714 INFO  [sqlalchemy.engine.base.Engine.0x...1750] [u'1']
17:14:51,941 INFO  [sqlalchemy.engine.base.Engine.0x...1750] BEGIN
17:14:51,942 INFO  [sqlalchemy.engine.base.Engine.0x...1750] SELECT work.id AS work_id, work.title AS work_title, work.keyid AS work_keyid, work.publicationid AS work_publicationid, work.composerid AS work_composerid, work.styleid AS work_styleid, work.description AS work_description, work.price AS work_price, work.image AS work_image 
FROM work 
WHERE work.id = ?
17:14:51,942 INFO  [sqlalchemy.engine.base.Engine.0x...1750] [u'1']
17:14:51,980 INFO  [sqlalchemy.engine.base.Engine.0x...1750] BEGIN
17:14:51,980 INFO  [sqlalchemy.engine.base.Engine.0x...1750] SELECT work.id AS work_id, work.title AS work_title, work.keyid AS work_keyid, work.publicationid AS work_publicationid, work.composerid AS work_composerid, work.styleid AS work_styleid, work.description AS work_description, work.price AS work_price, work.image AS work_image 
FROM work 
WHERE work.id = ?
17:14:51,980 INFO  [sqlalchemy.engine.base.Engine.0x...1750] [u'1']
17:14:51,982 INFO  [sqlalchemy.engine.base.Engine.0x...1750] SELECT work.id AS work_id, work.title AS work_title, work.keyid AS work_keyid, work.publicationid AS work_publicationid, work.composerid AS work_composerid, work.styleid AS work_styleid, work.description AS work_description, work.price AS work_price, work.image AS work_image 
FROM work 
WHERE work.id = ?
17:14:51,982 INFO  [sqlalchemy.engine.base.Engine.0x...1750] [u'1']
17:14:51,983 INFO  [sqlalchemy.engine.base.Engine.0x...1750] SELECT work.id AS work_id, work.title AS work_title, work.keyid AS work_keyid, work.publicationid AS work_publicationid, work.composerid AS work_composerid, work.styleid AS work_styleid, work.description AS work_description, work.price AS work_price, work.image AS work_image 
FROM work 
WHERE work.id = ?
17:14:51,983 INFO  [sqlalchemy.engine.base.Engine.0x...1750] [u'1']
17:14:51,985 INFO  [sqlalchemy.engine.base.Engine.0x...1750] SELECT instrument.id AS instrument_id, instrument.name AS instrument_name 
FROM instrument, workinstrument 
WHERE ? = workinstrument.workid AND instrument.id = workinstrument.instrumentid
17:14:51,985 INFO  [sqlalchemy.engine.base.Engine.0x...1750] [1]
17:14:51,986 INFO  [sqlalchemy.engine.base.Engine.0x...1750] SELECT "key".id AS key_id, "key".name AS key_name 
FROM "key" 
WHERE "key".id = ?
17:14:51,986 INFO  [sqlalchemy.engine.base.Engine.0x...1750] [17]
17:14:51,987 INFO  [sqlalchemy.engine.base.Engine.0x...1750] SELECT movement.id AS movement_id, movement.title AS movement_title, movement.keyid AS movement_keyid, movement.number AS movement_number, movement.workid AS movement_workid, movement.description AS movement_description 
FROM movement 
WHERE ? = movement.workid
17:14:51,987 INFO  [sqlalchemy.engine.base.Engine.0x...1750] [1]
17:14:51,988 INFO  [sqlalchemy.engine.base.Engine.0x...1750] SELECT composer.id AS composer_id, composer.lastname AS composer_lastname, composer.firstname AS composer_firstname, composer.middlename AS composer_middlename, composer.bio AS composer_bio, composer.image AS composer_image 
FROM composer 
WHERE composer.id = ?
17:14:51,988 INFO  [sqlalchemy.engine.base.Engine.0x...1750] [2]
17:14:51,989 INFO  [sqlalchemy.engine.base.Engine.0x...1750] SELECT style.id AS style_id, style.name AS style_name 
FROM style, workstyle 
WHERE ? = workstyle.workid AND style.id = workstyle.styleid
17:14:51,989 INFO  [sqlalchemy.engine.base.Engine.0x...1750] [1]
17:14:51,990 INFO  [sqlalchemy.engine.base.Engine.0x...1750] SELECT soundclip.id AS soundclip_id, soundclip.workid AS soundclip_workid, soundclip.movementid AS soundclip_movementid, soundclip.path AS soundclip_path 
FROM soundclip 
WHERE ? = soundclip.workid
17:14:51,990 INFO  [sqlalchemy.engine.base.Engine.0x...1750] [1]
17:14:52,056 INFO  [sqlalchemy.engine.base.Engine.0x...1750] BEGIN
17:14:52,057 INFO  [sqlalchemy.engine.base.Engine.0x...1750] SELECT work.id AS work_id, work.title AS work_title, work.keyid AS work_keyid, work.publicationid AS work_publicationid, work.composerid AS work_composerid, work.styleid AS work_styleid, work.description AS work_description, work.price AS work_price, work.image AS work_image 
FROM work 
WHERE work.id = ?
17:14:52,057 INFO  [sqlalchemy.engine.base.Engine.0x...1750] [u'1']
17:14:52,059 INFO  [sqlalchemy.engine.base.Engine.0x...1750] SELECT work.id AS work_id, work.title AS work_title, work.keyid AS work_keyid, work.publicationid AS work_publicationid, work.composerid AS work_composerid, work.styleid AS work_styleid, work.description AS work_description, work.price AS work_price, work.image AS work_image 
FROM work 
WHERE work.id = ?
17:14:52,059 INFO  [sqlalchemy.engine.base.Engine.0x...1750] [u'1']
17:14:52,324 INFO  [sqlalchemy.engine.base.Engine.0x...1750] BEGIN
17:14:52,325 INFO  [sqlalchemy.engine.base.Engine.0x...1750] SELECT work.id AS work_id, work.title AS work_title, work.keyid AS work_keyid, work.publicationid AS work_publicationid, work.composerid AS work_composerid, work.styleid AS work_styleid, work.description AS work_description, work.price AS work_price, work.image AS work_image 
FROM work 
WHERE work.id = ?
17:14:52,325 INFO  [sqlalchemy.engine.base.Engine.0x...1750] [u'1']
17:14:52,326 INFO  [sqlalchemy.engine.base.Engine.0x...1750] SELECT work.id AS work_id, work.title AS work_title, work.keyid AS work_keyid, work.publicationid AS work_publicationid, work.composerid AS work_composerid, work.styleid AS work_styleid, work.description AS work_description, work.price AS work_price, work.image AS work_image 
FROM work 
WHERE work.id = ?
17:14:52,326 INFO  [sqlalchemy.engine.base.Engine.0x...1750] [u'1']
17:14:52,362 INFO  [sqlalchemy.engine.base.Engine.0x...1750] BEGIN
17:14:52,363 INFO  [sqlalchemy.engine.base.Engine.0x...1750] SELECT work.id AS work_id, work.title AS work_title, work.keyid AS work_keyid, work.publicationid AS work_publicationid, work.composerid AS work_composerid, work.styleid AS work_styleid, work.description AS work_description, work.price AS work_price, work.image AS work_image 
FROM work 
WHERE work.id = ?
17:14:52,363 INFO  [sqlalchemy.engine.base.Engine.0x...1750] [u'1']
17:14:52,364 INFO  [sqlalchemy.engine.base.Engine.0x...1750] SELECT work.id AS work_id, work.title AS work_title, work.keyid AS work_keyid, work.publicationid AS work_publicationid, work.composerid AS work_composerid, work.styleid AS work_styleid, work.description AS work_description, work.price AS work_price, work.image AS work_image 
FROM work 
WHERE work.id = ?
17:14:52,364 INFO  [sqlalchemy.engine.base.Engine.0x...1750] [u'1']
17:14:52,365 INFO  [sqlalchemy.engine.base.Engine.0x...1750] SELECT work.id AS work_id, work.title AS work_title, work.keyid AS work_keyid, work.publicationid AS work_publicationid, work.composerid AS work_composerid, work.styleid AS work_styleid, work.description AS work_description, work.price AS work_price, work.image AS work_image 
FROM work 
WHERE work.id = ?
17:14:52,365 INFO  [sqlalchemy.engine.base.Engine.0x...1750] [u'1']
17:14:52,367 INFO  [sqlalchemy.engine.base.Engine.0x...1750] SELECT work.id AS work_id, work.title AS work_title, work.keyid AS work_keyid, work.publicationid AS work_publicationid, work.composerid AS work_composerid, work.styleid AS work_styleid, work.description AS work_description, work.price AS work_price, work.image AS work_image 
FROM work 
WHERE work.id = ?
17:14:52,367 INFO  [sqlalchemy.engine.base.Engine.0x...1750] [u'1']
17:14:52,369 INFO  [sqlalchemy.engine.base.Engine.0x...1750] SELECT instrument.id AS instrument_id, instrument.name AS instrument_name 
FROM instrument, workinstrument 
WHERE ? = workinstrument.workid AND instrument.id = workinstrument.instrumentid
17:14:52,369 INFO  [sqlalchemy.engine.base.Engine.0x...1750] [1]
17:14:52,370 INFO  [sqlalchemy.engine.base.Engine.0x...1750] SELECT "key".id AS key_id, "key".name AS key_name 
FROM "key" 
WHERE "key".id = ?
17:14:52,370 INFO  [sqlalchemy.engine.base.Engine.0x...1750] [17]
17:14:52,371 INFO  [sqlalchemy.engine.base.Engine.0x...1750] SELECT movement.id AS movement_id, movement.title AS movement_title, movement.keyid AS movement_keyid, movement.number AS movement_number, movement.workid AS movement_workid, movement.description AS movement_description 
FROM movement 
WHERE ? = movement.workid
17:14:52,371 INFO  [sqlalchemy.engine.base.Engine.0x...1750] [1]
17:14:52,372 INFO  [sqlalchemy.engine.base.Engine.0x...1750] SELECT composer.id AS composer_id, composer.lastname AS composer_lastname, composer.firstname AS composer_firstname, composer.middlename AS composer_middlename, composer.bio AS composer_bio, composer.image AS composer_image 
FROM composer 
WHERE composer.id = ?
17:14:52,372 INFO  [sqlalchemy.engine.base.Engine.0x...1750] [2]
17:14:52,373 INFO  [sqlalchemy.engine.base.Engine.0x...1750] SELECT style.id AS style_id, style.name AS style_name 
FROM style, workstyle 
WHERE ? = workstyle.workid AND style.id = workstyle.styleid
17:14:52,373 INFO  [sqlalchemy.engine.base.Engine.0x...1750] [1]
17:14:52,374 INFO  [sqlalchemy.engine.base.Engine.0x...1750] SELECT soundclip.id AS soundclip_id, soundclip.workid AS soundclip_workid, soundclip.movementid AS soundclip_movementid, soundclip.path AS soundclip_path 
FROM soundclip 
WHERE ? = soundclip.workid
17:14:52,374 INFO  [sqlalchemy.engine.base.Engine.0x...1750] [1]
17:14:52,436 INFO  [sqlalchemy.engine.base.Engine.0x...1750] BEGIN
17:14:52,437 INFO  [sqlalchemy.engine.base.Engine.0x...1750] SELECT work.id AS work_id, work.title AS work_title, work.keyid AS work_keyid, work.publicationid AS work_publicationid, work.composerid AS work_composerid, work.styleid AS work_styleid, work.description AS work_description, work.price AS work_price, work.image AS work_image 
FROM work 
WHERE work.id = ?
17:14:52,437 INFO  [sqlalchemy.engine.base.Engine.0x...1750] [u'1']
17:14:52,438 INFO  [sqlalchemy.engine.base.Engine.0x...1750] SELECT work.id AS work_id, work.title AS work_title, work.keyid AS work_keyid, work.publicationid AS work_publicationid, work.composerid AS work_composerid, work.styleid AS work_styleid, work.description AS work_description, work.price AS work_price, work.image AS work_image 
FROM work 
WHERE work.id = ?
17:14:52,439 INFO  [sqlalchemy.engine.base.Engine.0x...1750] [u'1']
17:14:52,440 INFO  [sqlalchemy.engine.base.Engine.0x...1750] SELECT work.id AS work_id, work.title AS work_title, work.keyid AS work_keyid, work.publicationid AS work_publicationid, work.composerid AS work_composerid, work.styleid AS work_styleid, work.description AS work_description, work.price AS work_price, work.image AS work_image 
FROM work 
WHERE work.id = ?
17:14:52,440 INFO  [sqlalchemy.engine.base.Engine.0x...1750] [u'1']
17:14:52,709 INFO  [sqlalchemy.engine.base.Engine.0x...1750] BEGIN
17:14:52,709 INFO  [sqlalchemy.engine.base.Engine.0x...1750] SELECT work.id AS work_id, work.title AS work_title, work.keyid AS work_keyid, work.publicationid AS work_publicationid, work.composerid AS work_composerid, work.styleid AS work_styleid, work.description AS work_description, work.price AS work_price, work.image AS work_image 
FROM work 
WHERE work.id = ?
17:14:52,709 INFO  [sqlalchemy.engine.base.Engine.0x...1750] [u'1']
17:14:52,711 INFO  [sqlalchemy.engine.base.Engine.0x...1750] SELECT work.id AS work_id, work.title AS work_title, work.keyid AS work_keyid, work.publicationid AS work_publicationid, work.composerid AS work_composerid, work.styleid AS work_styleid, work.description AS work_description, work.price AS work_price, work.image AS work_image 
FROM work 
WHERE work.id = ?
17:14:52,711 INFO  [sqlalchemy.engine.base.Engine.0x...1750] [u'1']
17:14:52,712 INFO  [sqlalchemy.engine.base.Engine.0x...1750] SELECT work.id AS work_id, work.title AS work_title, work.keyid AS work_keyid, work.publicationid AS work_publicationid, work.composerid AS work_composerid, work.styleid AS work_styleid, work.description AS work_description, work.price AS work_price, work.image AS work_image 
FROM work 
WHERE work.id = ?
17:14:52,712 INFO  [sqlalchemy.engine.base.Engine.0x...1750] [u'1']
17:14:52,743 INFO  [sqlalchemy.engine.base.Engine.0x...1750] BEGIN
17:14:52,743 INFO  [sqlalchemy.engine.base.Engine.0x...1750] SELECT work.id AS work_id, work.title AS work_title, work.keyid AS work_keyid, work.publicationid AS work_publicationid, work.composerid AS work_composerid, work.styleid AS work_styleid, work.description AS work_description, work.price AS work_price, work.image AS work_image 
FROM work 
WHERE work.id = ?
17:14:52,743 INFO  [sqlalchemy.engine.base.Engine.0x...1750] [u'1']
17:14:52,745 INFO  [sqlalchemy.engine.base.Engine.0x...1750] SELECT work.id AS work_id, work.title AS work_title, work.keyid AS work_keyid, work.publicationid AS work_publicationid, work.composerid AS work_composerid, work.styleid AS work_styleid, work.description AS work_description, work.price AS work_price, work.image AS work_image 
FROM work 
WHERE work.id = ?
17:14:52,745 INFO  [sqlalchemy.engine.base.Engine.0x...1750] [u'1']
17:14:52,746 INFO  [sqlalchemy.engine.base.Engine.0x...1750] SELECT work.id AS work_id, work.title AS work_title, work.keyid AS work_keyid, work.publicationid AS work_publicationid, work.composerid AS work_composerid, work.styleid AS work_styleid, work.description AS work_description, work.price AS work_price, work.image AS work_image 
FROM work 
WHERE work.id = ?
17:14:52,746 INFO  [sqlalchemy.engine.base.Engine.0x...1750] [u'1']
17:14:52,747 INFO  [sqlalchemy.engine.base.Engine.0x...1750] SELECT work.id AS work_id, work.title AS work_title, work.keyid AS work_keyid, work.publicationid AS work_publicationid, work.composerid AS work_composerid, work.styleid AS work_styleid, work.description AS work_description, work.price AS work_price, work.image AS work_image 
FROM work 
WHERE work.id = ?
17:14:52,747 INFO  [sqlalchemy.engine.base.Engine.0x...1750] [u'1']
17:14:52,748 INFO  [sqlalchemy.engine.base.Engine.0x...1750] SELECT work.id AS work_id, work.title AS work_title, work.keyid AS work_keyid, work.publicationid AS work_publicationid, work.composerid AS work_composerid, work.styleid AS work_styleid, work.description AS work_description, work.price AS work_price, work.image AS work_image 
FROM work 
WHERE work.id = ?
17:14:52,748 INFO  [sqlalchemy.engine.base.Engine.0x...1750] [u'1']
17:14:52,750 INFO  [sqlalchemy.engine.base.Engine.0x...1750] SELECT instrument.id AS instrument_id, instrument.name AS instrument_name 
FROM instrument, workinstrument 
WHERE ? = workinstrument.workid AND instrument.id = workinstrument.instrumentid
17:14:52,750 INFO  [sqlalchemy.engine.base.Engine.0x...1750] [1]
17:14:52,751 INFO  [sqlalchemy.engine.base.Engine.0x...1750] SELECT "key".id AS key_id, "key".name AS key_name 
FROM "key" 
WHERE "key".id = ?
17:14:52,751 INFO  [sqlalchemy.engine.base.Engine.0x...1750] [17]
17:14:52,752 INFO  [sqlalchemy.engine.base.Engine.0x...1750] SELECT movement.id AS movement_id, movement.title AS movement_title, movement.keyid AS movement_keyid, movement.number AS movement_number, movement.workid AS movement_workid, movement.description AS movement_description 
FROM movement 
WHERE ? = movement.workid
17:14:52,752 INFO  [sqlalchemy.engine.base.Engine.0x...1750] [1]
17:14:52,753 INFO  [sqlalchemy.engine.base.Engine.0x...1750] SELECT composer.id AS composer_id, composer.lastname AS composer_lastname, composer.firstname AS composer_firstname, composer.middlename AS composer_middlename, composer.bio AS composer_bio, composer.image AS composer_image 
FROM composer 
WHERE composer.id = ?
17:14:52,754 INFO  [sqlalchemy.engine.base.Engine.0x...1750] [2]
17:14:52,755 INFO  [sqlalchemy.engine.base.Engine.0x...1750] SELECT style.id AS style_id, style.name AS style_name 
FROM style, workstyle 
WHERE ? = workstyle.workid AND style.id = workstyle.styleid
17:14:52,755 INFO  [sqlalchemy.engine.base.Engine.0x...1750] [1]
17:14:52,756 INFO  [sqlalchemy.engine.base.Engine.0x...1750] SELECT soundclip.id AS soundclip_id, soundclip.workid AS soundclip_workid, soundclip.movementid AS soundclip_movementid, soundclip.path AS soundclip_path 
FROM soundclip 
WHERE ? = soundclip.workid
17:14:52,756 INFO  [sqlalchemy.engine.base.Engine.0x...1750] [1]
17:14:52,817 INFO  [sqlalchemy.engine.base.Engine.0x...1750] BEGIN
17:14:52,818 INFO  [sqlalchemy.engine.base.Engine.0x...1750] SELECT work.id AS work_id, work.title AS work_title, work.keyid AS work_keyid, work.publicationid AS work_publicationid, work.composerid AS work_composerid, work.styleid AS work_styleid, work.description AS work_description, work.price AS work_price, work.image AS work_image 
FROM work 
WHERE work.id = ?
17:14:52,818 INFO  [sqlalchemy.engine.base.Engine.0x...1750] [u'1']
17:14:52,820 INFO  [sqlalchemy.engine.base.Engine.0x...1750] SELECT work.id AS work_id, work.title AS work_title, work.keyid AS work_keyid, work.publicationid AS work_publicationid, work.composerid AS work_composerid, work.styleid AS work_styleid, work.description AS work_description, work.price AS work_price, work.image AS work_image 
FROM work 
WHERE work.id = ?
17:14:52,820 INFO  [sqlalchemy.engine.base.Engine.0x...1750] [u'1']
17:14:52,821 INFO  [sqlalchemy.engine.base.Engine.0x...1750] SELECT work.id AS work_id, work.title AS work_title, work.keyid AS work_keyid, work.publicationid AS work_publicationid, work.composerid AS work_composerid, work.styleid AS work_styleid, work.description AS work_description, work.price AS work_price, work.image AS work_image 
FROM work 
WHERE work.id = ?
17:14:52,821 INFO  [sqlalchemy.engine.base.Engine.0x...1750] [u'1']
17:14:52,822 INFO  [sqlalchemy.engine.base.Engine.0x...1750] SELECT work.id AS work_id, work.title AS work_title, work.keyid AS work_keyid, work.publicationid AS work_publicationid, work.composerid AS work_composerid, work.styleid AS work_styleid, work.description AS work_description, work.price AS work_price, work.image AS work_image 
FROM work 
WHERE work.id = ?
17:14:52,822 INFO  [sqlalchemy.engine.base.Engine.0x...1750] [u'1']
17:14:58,181 INFO  [sqlalchemy.engine.base.Engine.0x...1750] BEGIN
17:14:58,182 INFO  [sqlalchemy.engine.base.Engine.0x...1750] SELECT work.id AS work_id, work.title AS work_title, work.keyid AS work_keyid, work.publicationid AS work_publicationid, work.composerid AS work_composerid, work.styleid AS work_styleid, work.description AS work_description, work.price AS work_price, work.image AS work_image 
FROM work 
WHERE work.id = ?
17:14:58,182 INFO  [sqlalchemy.engine.base.Engine.0x...1750] [u'1']
17:14:58,183 INFO  [sqlalchemy.engine.base.Engine.0x...1750] SELECT work.id AS work_id, work.title AS work_title, work.keyid AS work_keyid, work.publicationid AS work_publicationid, work.composerid AS work_composerid, work.styleid AS work_styleid, work.description AS work_description, work.price AS work_price, work.image AS work_image 
FROM work 
WHERE work.id = ?
17:14:58,184 INFO  [sqlalchemy.engine.base.Engine.0x...1750] [u'1']
17:14:58,185 INFO  [sqlalchemy.engine.base.Engine.0x...1750] SELECT work.id AS work_id, work.title AS work_title, work.keyid AS work_keyid, work.publicationid AS work_publicationid, work.composerid AS work_composerid, work.styleid AS work_styleid, work.description AS work_description, work.price AS work_price, work.image AS work_image 
FROM work 
WHERE work.id = ?
17:14:58,185 INFO  [sqlalchemy.engine.base.Engine.0x...1750] [u'1']
17:14:58,186 INFO  [sqlalchemy.engine.base.Engine.0x...1750] SELECT work.id AS work_id, work.title AS work_title, work.keyid AS work_keyid, work.publicationid AS work_publicationid, work.composerid AS work_composerid, work.styleid AS work_styleid, work.description AS work_description, work.price AS work_price, work.image AS work_image 
FROM work 
WHERE work.id = ?
17:14:58,186 INFO  [sqlalchemy.engine.base.Engine.0x...1750] [u'1']
17:14:58,187 INFO  [sqlalchemy.engine.base.Engine.0x...1750] SELECT work.id AS work_id, work.title AS work_title, work.keyid AS work_keyid, work.publicationid AS work_publicationid, work.composerid AS work_composerid, work.styleid AS work_styleid, work.description AS work_description, work.price AS work_price, work.image AS work_image 
FROM work 
WHERE work.id = ?
17:14:58,187 INFO  [sqlalchemy.engine.base.Engine.0x...1750] [u'1']
17:14:58,190 INFO  [sqlalchemy.engine.base.Engine.0x...1750] SELECT instrument.id AS instrument_id, instrument.name AS instrument_name 
FROM instrument, workinstrument 
WHERE ? = workinstrument.workid AND instrument.id = workinstrument.instrumentid
17:14:58,190 INFO  [sqlalchemy.engine.base.Engine.0x...1750] [1]
17:14:58,191 INFO  [sqlalchemy.engine.base.Engine.0x...1750] SELECT "key".id AS key_id, "key".name AS key_name 
FROM "key" 
WHERE "key".id = ?
17:14:58,191 INFO  [sqlalchemy.engine.base.Engine.0x...1750] [17]
17:14:58,192 INFO  [sqlalchemy.engine.base.Engine.0x...1750] SELECT movement.id AS movement_id, movement.title AS movement_title, movement.keyid AS movement_keyid, movement.number AS movement_number, movement.workid AS movement_workid, movement.description AS movement_description 
FROM movement 
WHERE ? = movement.workid
17:14:58,192 INFO  [sqlalchemy.engine.base.Engine.0x...1750] [1]
17:14:58,193 INFO  [sqlalchemy.engine.base.Engine.0x...1750] SELECT composer.id AS composer_id, composer.lastname AS composer_lastname, composer.firstname AS composer_firstname, composer.middlename AS composer_middlename, composer.bio AS composer_bio, composer.image AS composer_image 
FROM composer 
WHERE composer.id = ?
17:14:58,193 INFO  [sqlalchemy.engine.base.Engine.0x...1750] [2]
17:14:58,194 INFO  [sqlalchemy.engine.base.Engine.0x...1750] SELECT style.id AS style_id, style.name AS style_name 
FROM style, workstyle 
WHERE ? = workstyle.workid AND style.id = workstyle.styleid
17:14:58,194 INFO  [sqlalchemy.engine.base.Engine.0x...1750] [1]
17:14:58,195 INFO  [sqlalchemy.engine.base.Engine.0x...1750] SELECT soundclip.id AS soundclip_id, soundclip.workid AS soundclip_workid, soundclip.movementid AS soundclip_movementid, soundclip.path AS soundclip_path 
FROM soundclip 
WHERE ? = soundclip.workid
17:14:58,195 INFO  [sqlalchemy.engine.base.Engine.0x...1750] [1]
17:14:58,268 INFO  [sqlalchemy.engine.base.Engine.0x...1750] BEGIN
17:14:58,269 INFO  [sqlalchemy.engine.base.Engine.0x...1750] SELECT work.id AS work_id, work.title AS work_title, work.keyid AS work_keyid, work.publicationid AS work_publicationid, work.composerid AS work_composerid, work.styleid AS work_styleid, work.description AS work_description, work.price AS work_price, work.image AS work_image 
FROM work 
WHERE work.id = ?
17:14:58,269 INFO  [sqlalchemy.engine.base.Engine.0x...1750] [u'1']
17:14:58,270 INFO  [sqlalchemy.engine.base.Engine.0x...1750] SELECT work.id AS work_id, work.title AS work_title, work.keyid AS work_keyid, work.publicationid AS work_publicationid, work.composerid AS work_composerid, work.styleid AS work_styleid, work.description AS work_description, work.price AS work_price, work.image AS work_image 
FROM work 
WHERE work.id = ?
17:14:58,271 INFO  [sqlalchemy.engine.base.Engine.0x...1750] [u'1']
17:14:58,272 INFO  [sqlalchemy.engine.base.Engine.0x...1750] SELECT work.id AS work_id, work.title AS work_title, work.keyid AS work_keyid, work.publicationid AS work_publicationid, work.composerid AS work_composerid, work.styleid AS work_styleid, work.description AS work_description, work.price AS work_price, work.image AS work_image 
FROM work 
WHERE work.id = ?
17:14:58,272 INFO  [sqlalchemy.engine.base.Engine.0x...1750] [u'1']
17:14:58,273 INFO  [sqlalchemy.engine.base.Engine.0x...1750] SELECT work.id AS work_id, work.title AS work_title, work.keyid AS work_keyid, work.publicationid AS work_publicationid, work.composerid AS work_composerid, work.styleid AS work_styleid, work.description AS work_description, work.price AS work_price, work.image AS work_image 
FROM work 
WHERE work.id = ?
17:14:58,273 INFO  [sqlalchemy.engine.base.Engine.0x...1750] [u'1']
17:15:05,774 INFO  [sqlalchemy.engine.base.Engine.0x...1750] BEGIN
17:15:05,775 INFO  [sqlalchemy.engine.base.Engine.0x...1750] SELECT work.id AS work_id, work.title AS work_title, work.keyid AS work_keyid, work.publicationid AS work_publicationid, work.composerid AS work_composerid, work.styleid AS work_styleid, work.description AS work_description, work.price AS work_price, work.image AS work_image 
FROM work 
WHERE work.id = ?
17:15:05,775 INFO  [sqlalchemy.engine.base.Engine.0x...1750] [u'1']
17:15:05,776 INFO  [sqlalchemy.engine.base.Engine.0x...1750] SELECT work.id AS work_id, work.title AS work_title, work.keyid AS work_keyid, work.publicationid AS work_publicationid, work.composerid AS work_composerid, work.styleid AS work_styleid, work.description AS work_description, work.price AS work_price, work.image AS work_image 
FROM work 
WHERE work.id = ?
17:15:05,776 INFO  [sqlalchemy.engine.base.Engine.0x...1750] [u'1']
17:15:05,777 INFO  [sqlalchemy.engine.base.Engine.0x...1750] SELECT work.id AS work_id, work.title AS work_title, work.keyid AS work_keyid, work.publicationid AS work_publicationid, work.composerid AS work_composerid, work.styleid AS work_styleid, work.description AS work_description, work.price AS work_price, work.image AS work_image 
FROM work 
WHERE work.id = ?
17:15:05,777 INFO  [sqlalchemy.engine.base.Engine.0x...1750] [u'1']
17:15:05,779 INFO  [sqlalchemy.engine.base.Engine.0x...1750] SELECT work.id AS work_id, work.title AS work_title, work.keyid AS work_keyid, work.publicationid AS work_publicationid, work.composerid AS work_composerid, work.styleid AS work_styleid, work.description AS work_description, work.price AS work_price, work.image AS work_image 
FROM work 
WHERE work.id = ?
17:15:05,779 INFO  [sqlalchemy.engine.base.Engine.0x...1750] [u'1']
17:15:05,780 INFO  [sqlalchemy.engine.base.Engine.0x...1750] SELECT work.id AS work_id, work.title AS work_title, work.keyid AS work_keyid, work.publicationid AS work_publicationid, work.composerid AS work_composerid, work.styleid AS work_styleid, work.description AS work_description, work.price AS work_price, work.image AS work_image 
FROM work 
WHERE work.id = ?
17:15:05,780 INFO  [sqlalchemy.engine.base.Engine.0x...1750] [u'1']
17:15:05,809 INFO  [sqlalchemy.engine.base.Engine.0x...1750] BEGIN
17:15:05,809 INFO  [sqlalchemy.engine.base.Engine.0x...1750] SELECT work.id AS work_id, work.title AS work_title, work.keyid AS work_keyid, work.publicationid AS work_publicationid, work.composerid AS work_composerid, work.styleid AS work_styleid, work.description AS work_description, work.price AS work_price, work.image AS work_image 
FROM work 
WHERE work.id = ?
17:15:05,810 INFO  [sqlalchemy.engine.base.Engine.0x...1750] ['1']
17:15:05,811 INFO  [sqlalchemy.engine.base.Engine.0x...1750] SELECT work.id AS work_id, work.title AS work_title, work.keyid AS work_keyid, work.publicationid AS work_publicationid, work.composerid AS work_composerid, work.styleid AS work_styleid, work.description AS work_description, work.price AS work_price, work.image AS work_image 
FROM work 
WHERE work.id = ?
17:15:05,811 INFO  [sqlalchemy.engine.base.Engine.0x...1750] ['1']
17:15:05,812 INFO  [sqlalchemy.engine.base.Engine.0x...1750] SELECT work.id AS work_id, work.title AS work_title, work.keyid AS work_keyid, work.publicationid AS work_publicationid, work.composerid AS work_composerid, work.styleid AS work_styleid, work.description AS work_description, work.price AS work_price, work.image AS work_image 
FROM work 
WHERE work.id = ?
17:15:05,812 INFO  [sqlalchemy.engine.base.Engine.0x...1750] ['1']
17:15:05,814 INFO  [sqlalchemy.engine.base.Engine.0x...1750] SELECT work.id AS work_id, work.title AS work_title, work.keyid AS work_keyid, work.publicationid AS work_publicationid, work.composerid AS work_composerid, work.styleid AS work_styleid, work.description AS work_description, work.price AS work_price, work.image AS work_image 
FROM work 
WHERE work.id = ?
17:15:05,814 INFO  [sqlalchemy.engine.base.Engine.0x...1750] [u'1']
17:15:05,816 INFO  [sqlalchemy.engine.base.Engine.0x...1750] SELECT instrument.id AS instrument_id, instrument.name AS instrument_name 
FROM instrument, workinstrument 
WHERE ? = workinstrument.workid AND instrument.id = workinstrument.instrumentid
17:15:05,816 INFO  [sqlalchemy.engine.base.Engine.0x...1750] [1]
17:15:05,817 INFO  [sqlalchemy.engine.base.Engine.0x...1750] SELECT "key".id AS key_id, "key".name AS key_name 
FROM "key" 
WHERE "key".id = ?
17:15:05,817 INFO  [sqlalchemy.engine.base.Engine.0x...1750] [17]
17:15:05,818 INFO  [sqlalchemy.engine.base.Engine.0x...1750] SELECT movement.id AS movement_id, movement.title AS movement_title, movement.keyid AS movement_keyid, movement.number AS movement_number, movement.workid AS movement_workid, movement.description AS movement_description 
FROM movement 
WHERE ? = movement.workid
17:15:05,818 INFO  [sqlalchemy.engine.base.Engine.0x...1750] [1]
17:15:05,819 INFO  [sqlalchemy.engine.base.Engine.0x...1750] SELECT composer.id AS composer_id, composer.lastname AS composer_lastname, composer.firstname AS composer_firstname, composer.middlename AS composer_middlename, composer.bio AS composer_bio, composer.image AS composer_image 
FROM composer 
WHERE composer.id = ?
17:15:05,819 INFO  [sqlalchemy.engine.base.Engine.0x...1750] [2]
17:15:05,820 INFO  [sqlalchemy.engine.base.Engine.0x...1750] SELECT style.id AS style_id, style.name AS style_name 
FROM style, workstyle 
WHERE ? = workstyle.workid AND style.id = workstyle.styleid
17:15:05,820 INFO  [sqlalchemy.engine.base.Engine.0x...1750] [1]
17:15:05,821 INFO  [sqlalchemy.engine.base.Engine.0x...1750] SELECT soundclip.id AS soundclip_id, soundclip.workid AS soundclip_workid, soundclip.movementid AS soundclip_movementid, soundclip.path AS soundclip_path 
FROM soundclip 
WHERE ? = soundclip.workid
17:15:05,821 INFO  [sqlalchemy.engine.base.Engine.0x...1750] [1]
17:15:05,884 INFO  [sqlalchemy.engine.base.Engine.0x...1750] BEGIN
17:15:05,884 INFO  [sqlalchemy.engine.base.Engine.0x...1750] SELECT work.id AS work_id, work.title AS work_title, work.keyid AS work_keyid, work.publicationid AS work_publicationid, work.composerid AS work_composerid, work.styleid AS work_styleid, work.description AS work_description, work.price AS work_price, work.image AS work_image 
FROM work 
WHERE work.id = ?
17:15:05,884 INFO  [sqlalchemy.engine.base.Engine.0x...1750] ['1']
17:15:05,886 INFO  [sqlalchemy.engine.base.Engine.0x...1750] SELECT work.id AS work_id, work.title AS work_title, work.keyid AS work_keyid, work.publicationid AS work_publicationid, work.composerid AS work_composerid, work.styleid AS work_styleid, work.description AS work_description, work.price AS work_price, work.image AS work_image 
FROM work 
WHERE work.id = ?
17:15:05,886 INFO  [sqlalchemy.engine.base.Engine.0x...1750] ['1']
17:15:05,887 INFO  [sqlalchemy.engine.base.Engine.0x...1750] SELECT work.id AS work_id, work.title AS work_title, work.keyid AS work_keyid, work.publicationid AS work_publicationid, work.composerid AS work_composerid, work.styleid AS work_styleid, work.description AS work_description, work.price AS work_price, work.image AS work_image 
FROM work 
WHERE work.id = ?
17:15:05,887 INFO  [sqlalchemy.engine.base.Engine.0x...1750] ['1']
17:15:13,950 INFO  [sqlalchemy.engine.base.Engine.0x...1750] BEGIN
17:15:13,951 INFO  [sqlalchemy.engine.base.Engine.0x...1750] SELECT work.id AS work_id, work.title AS work_title, work.keyid AS work_keyid, work.publicationid AS work_publicationid, work.composerid AS work_composerid, work.styleid AS work_styleid, work.description AS work_description, work.price AS work_price, work.image AS work_image 
FROM work 
WHERE work.id = ?
17:15:13,951 INFO  [sqlalchemy.engine.base.Engine.0x...1750] ['1']
17:15:13,952 INFO  [sqlalchemy.engine.base.Engine.0x...1750] SELECT work.id AS work_id, work.title AS work_title, work.keyid AS work_keyid, work.publicationid AS work_publicationid, work.composerid AS work_composerid, work.styleid AS work_styleid, work.description AS work_description, work.price AS work_price, work.image AS work_image 
FROM work 
WHERE work.id = ?
17:15:13,952 INFO  [sqlalchemy.engine.base.Engine.0x...1750] ['1']
17:15:13,953 INFO  [sqlalchemy.engine.base.Engine.0x...1750] SELECT work.id AS work_id, work.title AS work_title, work.keyid AS work_keyid, work.publicationid AS work_publicationid, work.composerid AS work_composerid, work.styleid AS work_styleid, work.description AS work_description, work.price AS work_price, work.image AS work_image 
FROM work 
WHERE work.id = ?
17:15:13,953 INFO  [sqlalchemy.engine.base.Engine.0x...1750] ['1']
17:15:13,954 INFO  [sqlalchemy.engine.base.Engine.0x...1750] SELECT composer.id AS composer_id, composer.lastname AS composer_lastname, composer.firstname AS composer_firstname, composer.middlename AS composer_middlename, composer.bio AS composer_bio, composer.image AS composer_image 
FROM composer
17:15:13,954 INFO  [sqlalchemy.engine.base.Engine.0x...1750] []
17:15:13,956 INFO  [sqlalchemy.engine.base.Engine.0x...1750] SELECT work.id AS work_id, work.title AS work_title, work.keyid AS work_keyid, work.publicationid AS work_publicationid, work.composerid AS work_composerid, work.styleid AS work_styleid, work.description AS work_description, work.price AS work_price, work.image AS work_image 
FROM work 
WHERE ? = work.composerid
17:15:13,956 INFO  [sqlalchemy.engine.base.Engine.0x...1750] [1]
17:15:13,958 INFO  [sqlalchemy.engine.base.Engine.0x...1750] SELECT work.id AS work_id, work.title AS work_title, work.keyid AS work_keyid, work.publicationid AS work_publicationid, work.composerid AS work_composerid, work.styleid AS work_styleid, work.description AS work_description, work.price AS work_price, work.image AS work_image 
FROM work 
WHERE ? = work.composerid
17:15:13,958 INFO  [sqlalchemy.engine.base.Engine.0x...1750] [2]
17:15:14,029 INFO  [paste.httpserver.ThreadPool] kill_hung_threads status: 10 threads (0 working, 10 idle, 0 starting) ave time N/A, max time 0.00sec, killed 0 workers
17:15:14,034 INFO  [sqlalchemy.engine.base.Engine.0x...1750] BEGIN
17:15:14,035 INFO  [sqlalchemy.engine.base.Engine.0x...1750] SELECT work.id AS work_id, work.title AS work_title, work.keyid AS work_keyid, work.publicationid AS work_publicationid, work.composerid AS work_composerid, work.styleid AS work_styleid, work.description AS work_description, work.price AS work_price, work.image AS work_image 
FROM work 
WHERE work.id = ?
17:15:14,035 INFO  [sqlalchemy.engine.base.Engine.0x...1750] ['1']
17:15:14,036 INFO  [sqlalchemy.engine.base.Engine.0x...1750] SELECT work.id AS work_id, work.title AS work_title, work.keyid AS work_keyid, work.publicationid AS work_publicationid, work.composerid AS work_composerid, work.styleid AS work_styleid, work.description AS work_description, work.price AS work_price, work.image AS work_image 
FROM work 
WHERE work.id = ?
17:15:14,036 INFO  [sqlalchemy.engine.base.Engine.0x...1750] ['1']
17:15:14,037 INFO  [sqlalchemy.engine.base.Engine.0x...1750] SELECT work.id AS work_id, work.title AS work_title, work.keyid AS work_keyid, work.publicationid AS work_publicationid, work.composerid AS work_composerid, work.styleid AS work_styleid, work.description AS work_description, work.price AS work_price, work.image AS work_image 
FROM work 
WHERE work.id = ?
17:15:14,037 INFO  [sqlalchemy.engine.base.Engine.0x...1750] ['1']
17:15:15,350 INFO  [sqlalchemy.engine.base.Engine.0x...1750] BEGIN
17:15:15,350 INFO  [sqlalchemy.engine.base.Engine.0x...1750] SELECT work.id AS work_id, work.title AS work_title, work.keyid AS work_keyid, work.publicationid AS work_publicationid, work.composerid AS work_composerid, work.styleid AS work_styleid, work.description AS work_description, work.price AS work_price, work.image AS work_image 
FROM work 
WHERE work.id = ?
17:15:15,350 INFO  [sqlalchemy.engine.base.Engine.0x...1750] ['1']
17:15:15,352 INFO  [sqlalchemy.engine.base.Engine.0x...1750] SELECT work.id AS work_id, work.title AS work_title, work.keyid AS work_keyid, work.publicationid AS work_publicationid, work.composerid AS work_composerid, work.styleid AS work_styleid, work.description AS work_description, work.price AS work_price, work.image AS work_image 
FROM work 
WHERE work.id = ?
17:15:15,352 INFO  [sqlalchemy.engine.base.Engine.0x...1750] ['1']
17:15:15,353 INFO  [sqlalchemy.engine.base.Engine.0x...1750] SELECT work.id AS work_id, work.title AS work_title, work.keyid AS work_keyid, work.publicationid AS work_publicationid, work.composerid AS work_composerid, work.styleid AS work_styleid, work.description AS work_description, work.price AS work_price, work.image AS work_image 
FROM work 
WHERE work.id = ?
17:15:15,353 INFO  [sqlalchemy.engine.base.Engine.0x...1750] ['1']
17:15:15,354 INFO  [sqlalchemy.engine.base.Engine.0x...1750] SELECT composer.id AS composer_id, composer.lastname AS composer_lastname, composer.firstname AS composer_firstname, composer.middlename AS composer_middlename, composer.bio AS composer_bio, composer.image AS composer_image 
FROM composer 
WHERE composer.id = ?
17:15:15,354 INFO  [sqlalchemy.engine.base.Engine.0x...1750] [u'1']
17:15:15,356 INFO  [sqlalchemy.engine.base.Engine.0x...1750] SELECT work.id AS work_id, work.title AS work_title, work.keyid AS work_keyid, work.publicationid AS work_publicationid, work.composerid AS work_composerid, work.styleid AS work_styleid, work.description AS work_description, work.price AS work_price, work.image AS work_image 
FROM work 
WHERE ? = work.composerid
17:15:15,357 INFO  [sqlalchemy.engine.base.Engine.0x...1750] [1]
17:15:15,436 INFO  [sqlalchemy.engine.base.Engine.0x...1750] BEGIN
17:15:15,436 INFO  [sqlalchemy.engine.base.Engine.0x...1750] SELECT work.id AS work_id, work.title AS work_title, work.keyid AS work_keyid, work.publicationid AS work_publicationid, work.composerid AS work_composerid, work.styleid AS work_styleid, work.description AS work_description, work.price AS work_price, work.image AS work_image 
FROM work 
WHERE work.id = ?
17:15:15,436 INFO  [sqlalchemy.engine.base.Engine.0x...1750] ['1']
17:15:15,438 INFO  [sqlalchemy.engine.base.Engine.0x...1750] SELECT work.id AS work_id, work.title AS work_title, work.keyid AS work_keyid, work.publicationid AS work_publicationid, work.composerid AS work_composerid, work.styleid AS work_styleid, work.description AS work_description, work.price AS work_price, work.image AS work_image 
FROM work 
WHERE work.id = ?
17:15:15,438 INFO  [sqlalchemy.engine.base.Engine.0x...1750] ['1']
17:15:15,439 INFO  [sqlalchemy.engine.base.Engine.0x...1750] SELECT work.id AS work_id, work.title AS work_title, work.keyid AS work_keyid, work.publicationid AS work_publicationid, work.composerid AS work_composerid, work.styleid AS work_styleid, work.description AS work_description, work.price AS work_price, work.image AS work_image 
FROM work 
WHERE work.id = ?
17:15:15,439 INFO  [sqlalchemy.engine.base.Engine.0x...1750] ['1']
17:15:16,518 INFO  [sqlalchemy.engine.base.Engine.0x...1750] BEGIN
17:15:16,518 INFO  [sqlalchemy.engine.base.Engine.0x...1750] SELECT work.id AS work_id, work.title AS work_title, work.keyid AS work_keyid, work.publicationid AS work_publicationid, work.composerid AS work_composerid, work.styleid AS work_styleid, work.description AS work_description, work.price AS work_price, work.image AS work_image 
FROM work 
WHERE work.id = ?
17:15:16,518 INFO  [sqlalchemy.engine.base.Engine.0x...1750] ['1']
17:15:16,520 INFO  [sqlalchemy.engine.base.Engine.0x...1750] SELECT work.id AS work_id, work.title AS work_title, work.keyid AS work_keyid, work.publicationid AS work_publicationid, work.composerid AS work_composerid, work.styleid AS work_styleid, work.description AS work_description, work.price AS work_price, work.image AS work_image 
FROM work 
WHERE work.id = ?
17:15:16,520 INFO  [sqlalchemy.engine.base.Engine.0x...1750] ['1']
17:15:16,521 INFO  [sqlalchemy.engine.base.Engine.0x...1750] SELECT work.id AS work_id, work.title AS work_title, work.keyid AS work_keyid, work.publicationid AS work_publicationid, work.composerid AS work_composerid, work.styleid AS work_styleid, work.description AS work_description, work.price AS work_price, work.image AS work_image 
FROM work 
WHERE work.id = ?
17:15:16,521 INFO  [sqlalchemy.engine.base.Engine.0x...1750] ['1']
17:15:16,522 INFO  [sqlalchemy.engine.base.Engine.0x...1750] SELECT work.id AS work_id, work.title AS work_title, work.keyid AS work_keyid, work.publicationid AS work_publicationid, work.composerid AS work_composerid, work.styleid AS work_styleid, work.description AS work_description, work.price AS work_price, work.image AS work_image 
FROM work 
WHERE work.id = ?
17:15:16,522 INFO  [sqlalchemy.engine.base.Engine.0x...1750] [u'4']
17:15:16,524 INFO  [sqlalchemy.engine.base.Engine.0x...1750] SELECT instrument.id AS instrument_id, instrument.name AS instrument_name 
FROM instrument, workinstrument 
WHERE ? = workinstrument.workid AND instrument.id = workinstrument.instrumentid
17:15:16,525 INFO  [sqlalchemy.engine.base.Engine.0x...1750] [4]
17:15:16,526 INFO  [sqlalchemy.engine.base.Engine.0x...1750] SELECT "key".id AS key_id, "key".name AS key_name 
FROM "key" 
WHERE "key".id = ?
17:15:16,526 INFO  [sqlalchemy.engine.base.Engine.0x...1750] [17]
17:15:16,527 INFO  [sqlalchemy.engine.base.Engine.0x...1750] SELECT movement.id AS movement_id, movement.title AS movement_title, movement.keyid AS movement_keyid, movement.number AS movement_number, movement.workid AS movement_workid, movement.description AS movement_description 
FROM movement 
WHERE ? = movement.workid
17:15:16,527 INFO  [sqlalchemy.engine.base.Engine.0x...1750] [4]
17:15:16,528 INFO  [sqlalchemy.engine.base.Engine.0x...1750] SELECT composer.id AS composer_id, composer.lastname AS composer_lastname, composer.firstname AS composer_firstname, composer.middlename AS composer_middlename, composer.bio AS composer_bio, composer.image AS composer_image 
FROM composer 
WHERE composer.id = ?
17:15:16,528 INFO  [sqlalchemy.engine.base.Engine.0x...1750] [1]
17:15:16,529 INFO  [sqlalchemy.engine.base.Engine.0x...1750] SELECT style.id AS style_id, style.name AS style_name 
FROM style, workstyle 
WHERE ? = workstyle.workid AND style.id = workstyle.styleid
17:15:16,529 INFO  [sqlalchemy.engine.base.Engine.0x...1750] [4]
17:15:16,530 INFO  [sqlalchemy.engine.base.Engine.0x...1750] SELECT soundclip.id AS soundclip_id, soundclip.workid AS soundclip_workid, soundclip.movementid AS soundclip_movementid, soundclip.path AS soundclip_path 
FROM soundclip 
WHERE ? = soundclip.workid
17:15:16,530 INFO  [sqlalchemy.engine.base.Engine.0x...1750] [4]
17:15:16,608 INFO  [sqlalchemy.engine.base.Engine.0x...1750] BEGIN
17:15:16,609 INFO  [sqlalchemy.engine.base.Engine.0x...1750] SELECT work.id AS work_id, work.title AS work_title, work.keyid AS work_keyid, work.publicationid AS work_publicationid, work.composerid AS work_composerid, work.styleid AS work_styleid, work.description AS work_description, work.price AS work_price, work.image AS work_image 
FROM work 
WHERE work.id = ?
17:15:16,609 INFO  [sqlalchemy.engine.base.Engine.0x...1750] ['1']
17:15:16,610 INFO  [sqlalchemy.engine.base.Engine.0x...1750] SELECT work.id AS work_id, work.title AS work_title, work.keyid AS work_keyid, work.publicationid AS work_publicationid, work.composerid AS work_composerid, work.styleid AS work_styleid, work.description AS work_description, work.price AS work_price, work.image AS work_image 
FROM work 
WHERE work.id = ?
17:15:16,610 INFO  [sqlalchemy.engine.base.Engine.0x...1750] ['1']
17:15:16,612 INFO  [sqlalchemy.engine.base.Engine.0x...1750] SELECT work.id AS work_id, work.title AS work_title, work.keyid AS work_keyid, work.publicationid AS work_publicationid, work.composerid AS work_composerid, work.styleid AS work_styleid, work.description AS work_description, work.price AS work_price, work.image AS work_image 
FROM work 
WHERE work.id = ?
17:15:16,612 INFO  [sqlalchemy.engine.base.Engine.0x...1750] ['1']
17:15:18,022 INFO  [sqlalchemy.engine.base.Engine.0x...1750] BEGIN
17:15:18,023 INFO  [sqlalchemy.engine.base.Engine.0x...1750] SELECT work.id AS work_id, work.title AS work_title, work.keyid AS work_keyid, work.publicationid AS work_publicationid, work.composerid AS work_composerid, work.styleid AS work_styleid, work.description AS work_description, work.price AS work_price, work.image AS work_image 
FROM work 
WHERE work.id = ?
17:15:18,023 INFO  [sqlalchemy.engine.base.Engine.0x...1750] ['1']
17:15:18,025 INFO  [sqlalchemy.engine.base.Engine.0x...1750] SELECT work.id AS work_id, work.title AS work_title, work.keyid AS work_keyid, work.publicationid AS work_publicationid, work.composerid AS work_composerid, work.styleid AS work_styleid, work.description AS work_description, work.price AS work_price, work.image AS work_image 
FROM work 
WHERE work.id = ?
17:15:18,025 INFO  [sqlalchemy.engine.base.Engine.0x...1750] ['1']
17:15:18,028 INFO  [sqlalchemy.engine.base.Engine.0x...1750] SELECT work.id AS work_id, work.title AS work_title, work.keyid AS work_keyid, work.publicationid AS work_publicationid, work.composerid AS work_composerid, work.styleid AS work_styleid, work.description AS work_description, work.price AS work_price, work.image AS work_image 
FROM work 
WHERE work.id = ?
17:15:18,028 INFO  [sqlalchemy.engine.base.Engine.0x...1750] ['1']
17:15:18,066 INFO  [sqlalchemy.engine.base.Engine.0x...1750] BEGIN
17:15:18,067 INFO  [sqlalchemy.engine.base.Engine.0x...1750] SELECT work.id AS work_id, work.title AS work_title, work.keyid AS work_keyid, work.publicationid AS work_publicationid, work.composerid AS work_composerid, work.styleid AS work_styleid, work.description AS work_description, work.price AS work_price, work.image AS work_image 
FROM work 
WHERE work.id = ?
17:15:18,067 INFO  [sqlalchemy.engine.base.Engine.0x...1750] [u'1']
17:15:18,068 INFO  [sqlalchemy.engine.base.Engine.0x...1750] SELECT work.id AS work_id, work.title AS work_title, work.keyid AS work_keyid, work.publicationid AS work_publicationid, work.composerid AS work_composerid, work.styleid AS work_styleid, work.description AS work_description, work.price AS work_price, work.image AS work_image 
FROM work 
WHERE work.id = ?
17:15:18,068 INFO  [sqlalchemy.engine.base.Engine.0x...1750] [u'1']
17:15:18,070 INFO  [sqlalchemy.engine.base.Engine.0x...1750] SELECT work.id AS work_id, work.title AS work_title, work.keyid AS work_keyid, work.publicationid AS work_publicationid, work.composerid AS work_composerid, work.styleid AS work_styleid, work.description AS work_description, work.price AS work_price, work.image AS work_image 
FROM work 
WHERE work.id = ?
17:15:18,070 INFO  [sqlalchemy.engine.base.Engine.0x...1750] [u'1']
17:15:18,071 INFO  [sqlalchemy.engine.base.Engine.0x...1750] SELECT work.id AS work_id, work.title AS work_title, work.keyid AS work_keyid, work.publicationid AS work_publicationid, work.composerid AS work_composerid, work.styleid AS work_styleid, work.description AS work_description, work.price AS work_price, work.image AS work_image 
FROM work 
WHERE work.id = ?
17:15:18,071 INFO  [sqlalchemy.engine.base.Engine.0x...1750] [u'4']
17:15:18,072 INFO  [sqlalchemy.engine.base.Engine.0x...1750] SELECT work.id AS work_id, work.title AS work_title, work.keyid AS work_keyid, work.publicationid AS work_publicationid, work.composerid AS work_composerid, work.styleid AS work_styleid, work.description AS work_description, work.price AS work_price, work.image AS work_image 
FROM work 
WHERE work.id = ?
17:15:18,072 INFO  [sqlalchemy.engine.base.Engine.0x...1750] [u'4']
17:15:18,074 INFO  [sqlalchemy.engine.base.Engine.0x...1750] SELECT instrument.id AS instrument_id, instrument.name AS instrument_name 
FROM instrument, workinstrument 
WHERE ? = workinstrument.workid AND instrument.id = workinstrument.instrumentid
17:15:18,074 INFO  [sqlalchemy.engine.base.Engine.0x...1750] [4]
17:15:18,075 INFO  [sqlalchemy.engine.base.Engine.0x...1750] SELECT "key".id AS key_id, "key".name AS key_name 
FROM "key" 
WHERE "key".id = ?
17:15:18,075 INFO  [sqlalchemy.engine.base.Engine.0x...1750] [17]
17:15:18,076 INFO  [sqlalchemy.engine.base.Engine.0x...1750] SELECT movement.id AS movement_id, movement.title AS movement_title, movement.keyid AS movement_keyid, movement.number AS movement_number, movement.workid AS movement_workid, movement.description AS movement_description 
FROM movement 
WHERE ? = movement.workid
17:15:18,076 INFO  [sqlalchemy.engine.base.Engine.0x...1750] [4]
17:15:18,077 INFO  [sqlalchemy.engine.base.Engine.0x...1750] SELECT composer.id AS composer_id, composer.lastname AS composer_lastname, composer.firstname AS composer_firstname, composer.middlename AS composer_middlename, composer.bio AS composer_bio, composer.image AS composer_image 
FROM composer 
WHERE composer.id = ?
17:15:18,077 INFO  [sqlalchemy.engine.base.Engine.0x...1750] [1]
17:15:18,078 INFO  [sqlalchemy.engine.base.Engine.0x...1750] SELECT style.id AS style_id, style.name AS style_name 
FROM style, workstyle 
WHERE ? = workstyle.workid AND style.id = workstyle.styleid
17:15:18,078 INFO  [sqlalchemy.engine.base.Engine.0x...1750] [4]
17:15:18,079 INFO  [sqlalchemy.engine.base.Engine.0x...1750] SELECT soundclip.id AS soundclip_id, soundclip.workid AS soundclip_workid, soundclip.movementid AS soundclip_movementid, soundclip.path AS soundclip_path 
FROM soundclip 
WHERE ? = soundclip.workid
17:15:18,079 INFO  [sqlalchemy.engine.base.Engine.0x...1750] [4]
17:15:18,143 INFO  [sqlalchemy.engine.base.Engine.0x...1750] BEGIN
17:15:18,143 INFO  [sqlalchemy.engine.base.Engine.0x...1750] SELECT work.id AS work_id, work.title AS work_title, work.keyid AS work_keyid, work.publicationid AS work_publicationid, work.composerid AS work_composerid, work.styleid AS work_styleid, work.description AS work_description, work.price AS work_price, work.image AS work_image 
FROM work 
WHERE work.id = ?
17:15:18,143 INFO  [sqlalchemy.engine.base.Engine.0x...1750] [u'1']
17:15:18,145 INFO  [sqlalchemy.engine.base.Engine.0x...1750] SELECT work.id AS work_id, work.title AS work_title, work.keyid AS work_keyid, work.publicationid AS work_publicationid, work.composerid AS work_composerid, work.styleid AS work_styleid, work.description AS work_description, work.price AS work_price, work.image AS work_image 
FROM work 
WHERE work.id = ?
17:15:18,145 INFO  [sqlalchemy.engine.base.Engine.0x...1750] [u'1']
17:15:18,146 INFO  [sqlalchemy.engine.base.Engine.0x...1750] SELECT work.id AS work_id, work.title AS work_title, work.keyid AS work_keyid, work.publicationid AS work_publicationid, work.composerid AS work_composerid, work.styleid AS work_styleid, work.description AS work_description, work.price AS work_price, work.image AS work_image 
FROM work 
WHERE work.id = ?
17:15:18,146 INFO  [sqlalchemy.engine.base.Engine.0x...1750] [u'1']
17:15:18,147 INFO  [sqlalchemy.engine.base.Engine.0x...1750] SELECT work.id AS work_id, work.title AS work_title, work.keyid AS work_keyid, work.publicationid AS work_publicationid, work.composerid AS work_composerid, work.styleid AS work_styleid, work.description AS work_description, work.price AS work_price, work.image AS work_image 
FROM work 
WHERE work.id = ?
17:15:18,147 INFO  [sqlalchemy.engine.base.Engine.0x...1750] [u'4']
17:15:23,310 INFO  [sqlalchemy.engine.base.Engine.0x...1750] BEGIN
17:15:23,311 INFO  [sqlalchemy.engine.base.Engine.0x...1750] SELECT work.id AS work_id, work.title AS work_title, work.keyid AS work_keyid, work.publicationid AS work_publicationid, work.composerid AS work_composerid, work.styleid AS work_styleid, work.description AS work_description, work.price AS work_price, work.image AS work_image 
FROM work 
WHERE work.id = ?
17:15:23,311 INFO  [sqlalchemy.engine.base.Engine.0x...1750] [u'1']
17:15:23,312 INFO  [sqlalchemy.engine.base.Engine.0x...1750] SELECT work.id AS work_id, work.title AS work_title, work.keyid AS work_keyid, work.publicationid AS work_publicationid, work.composerid AS work_composerid, work.styleid AS work_styleid, work.description AS work_description, work.price AS work_price, work.image AS work_image 
FROM work 
WHERE work.id = ?
17:15:23,312 INFO  [sqlalchemy.engine.base.Engine.0x...1750] [u'1']
17:15:23,314 INFO  [sqlalchemy.engine.base.Engine.0x...1750] SELECT work.id AS work_id, work.title AS work_title, work.keyid AS work_keyid, work.publicationid AS work_publicationid, work.composerid AS work_composerid, work.styleid AS work_styleid, work.description AS work_description, work.price AS work_price, work.image AS work_image 
FROM work 
WHERE work.id = ?
17:15:23,314 INFO  [sqlalchemy.engine.base.Engine.0x...1750] [u'1']
17:15:23,315 INFO  [sqlalchemy.engine.base.Engine.0x...1750] SELECT work.id AS work_id, work.title AS work_title, work.keyid AS work_keyid, work.publicationid AS work_publicationid, work.composerid AS work_composerid, work.styleid AS work_styleid, work.description AS work_description, work.price AS work_price, work.image AS work_image 
FROM work 
WHERE work.id = ?
17:15:23,315 INFO  [sqlalchemy.engine.base.Engine.0x...1750] [u'4']
17:15:23,316 INFO  [sqlalchemy.engine.base.Engine.0x...1750] SELECT composer.id AS composer_id, composer.lastname AS composer_lastname, composer.firstname AS composer_firstname, composer.middlename AS composer_middlename, composer.bio AS composer_bio, composer.image AS composer_image 
FROM composer 
WHERE composer.id = ?
17:15:23,316 INFO  [sqlalchemy.engine.base.Engine.0x...1750] [u'1']
17:15:23,319 INFO  [sqlalchemy.engine.base.Engine.0x...1750] SELECT work.id AS work_id, work.title AS work_title, work.keyid AS work_keyid, work.publicationid AS work_publicationid, work.composerid AS work_composerid, work.styleid AS work_styleid, work.description AS work_description, work.price AS work_price, work.image AS work_image 
FROM work 
WHERE ? = work.composerid
17:15:23,319 INFO  [sqlalchemy.engine.base.Engine.0x...1750] [1]
17:15:23,397 INFO  [sqlalchemy.engine.base.Engine.0x...1750] BEGIN
17:15:23,398 INFO  [sqlalchemy.engine.base.Engine.0x...1750] SELECT work.id AS work_id, work.title AS work_title, work.keyid AS work_keyid, work.publicationid AS work_publicationid, work.composerid AS work_composerid, work.styleid AS work_styleid, work.description AS work_description, work.price AS work_price, work.image AS work_image 
FROM work 
WHERE work.id = ?
17:15:23,398 INFO  [sqlalchemy.engine.base.Engine.0x...1750] [u'1']
17:15:23,399 INFO  [sqlalchemy.engine.base.Engine.0x...1750] SELECT work.id AS work_id, work.title AS work_title, work.keyid AS work_keyid, work.publicationid AS work_publicationid, work.composerid AS work_composerid, work.styleid AS work_styleid, work.description AS work_description, work.price AS work_price, work.image AS work_image 
FROM work 
WHERE work.id = ?
17:15:23,399 INFO  [sqlalchemy.engine.base.Engine.0x...1750] [u'1']
17:15:23,400 INFO  [sqlalchemy.engine.base.Engine.0x...1750] SELECT work.id AS work_id, work.title AS work_title, work.keyid AS work_keyid, work.publicationid AS work_publicationid, work.composerid AS work_composerid, work.styleid AS work_styleid, work.description AS work_description, work.price AS work_price, work.image AS work_image 
FROM work 
WHERE work.id = ?
17:15:23,400 INFO  [sqlalchemy.engine.base.Engine.0x...1750] [u'1']
17:15:23,401 INFO  [sqlalchemy.engine.base.Engine.0x...1750] SELECT work.id AS work_id, work.title AS work_title, work.keyid AS work_keyid, work.publicationid AS work_publicationid, work.composerid AS work_composerid, work.styleid AS work_styleid, work.description AS work_description, work.price AS work_price, work.image AS work_image 
FROM work 
WHERE work.id = ?
17:15:23,402 INFO  [sqlalchemy.engine.base.Engine.0x...1750] [u'4']
17:15:25,526 INFO  [sqlalchemy.engine.base.Engine.0x...1750] BEGIN
17:15:25,527 INFO  [sqlalchemy.engine.base.Engine.0x...1750] SELECT work.id AS work_id, work.title AS work_title, work.keyid AS work_keyid, work.publicationid AS work_publicationid, work.composerid AS work_composerid, work.styleid AS work_styleid, work.description AS work_description, work.price AS work_price, work.image AS work_image 
FROM work 
WHERE work.id = ?
17:15:25,527 INFO  [sqlalchemy.engine.base.Engine.0x...1750] [u'1']
17:15:25,528 INFO  [sqlalchemy.engine.base.Engine.0x...1750] SELECT work.id AS work_id, work.title AS work_title, work.keyid AS work_keyid, work.publicationid AS work_publicationid, work.composerid AS work_composerid, work.styleid AS work_styleid, work.description AS work_description, work.price AS work_price, work.image AS work_image 
FROM work 
WHERE work.id = ?
17:15:25,528 INFO  [sqlalchemy.engine.base.Engine.0x...1750] [u'1']
17:15:25,529 INFO  [sqlalchemy.engine.base.Engine.0x...1750] SELECT work.id AS work_id, work.title AS work_title, work.keyid AS work_keyid, work.publicationid AS work_publicationid, work.composerid AS work_composerid, work.styleid AS work_styleid, work.description AS work_description, work.price AS work_price, work.image AS work_image 
FROM work 
WHERE work.id = ?
17:15:25,529 INFO  [sqlalchemy.engine.base.Engine.0x...1750] [u'1']
17:15:25,531 INFO  [sqlalchemy.engine.base.Engine.0x...1750] SELECT work.id AS work_id, work.title AS work_title, work.keyid AS work_keyid, work.publicationid AS work_publicationid, work.composerid AS work_composerid, work.styleid AS work_styleid, work.description AS work_description, work.price AS work_price, work.image AS work_image 
FROM work 
WHERE work.id = ?
17:15:25,531 INFO  [sqlalchemy.engine.base.Engine.0x...1750] [u'4']
17:15:25,532 INFO  [sqlalchemy.engine.base.Engine.0x...1750] SELECT work.id AS work_id, work.title AS work_title, work.keyid AS work_keyid, work.publicationid AS work_publicationid, work.composerid AS work_composerid, work.styleid AS work_styleid, work.description AS work_description, work.price AS work_price, work.image AS work_image 
FROM work 
WHERE work.id = ?
17:15:25,532 INFO  [sqlalchemy.engine.base.Engine.0x...1750] [u'7']
17:15:25,534 INFO  [sqlalchemy.engine.base.Engine.0x...1750] SELECT instrument.id AS instrument_id, instrument.name AS instrument_name 
FROM instrument, workinstrument 
WHERE ? = workinstrument.workid AND instrument.id = workinstrument.instrumentid
17:15:25,534 INFO  [sqlalchemy.engine.base.Engine.0x...1750] [7]
17:15:25,535 INFO  [sqlalchemy.engine.base.Engine.0x...1750] SELECT movement.id AS movement_id, movement.title AS movement_title, movement.keyid AS movement_keyid, movement.number AS movement_number, movement.workid AS movement_workid, movement.description AS movement_description 
FROM movement 
WHERE ? = movement.workid
17:15:25,536 INFO  [sqlalchemy.engine.base.Engine.0x...1750] [7]
17:15:25,537 INFO  [sqlalchemy.engine.base.Engine.0x...1750] SELECT composer.id AS composer_id, composer.lastname AS composer_lastname, composer.firstname AS composer_firstname, composer.middlename AS composer_middlename, composer.bio AS composer_bio, composer.image AS composer_image 
FROM composer 
WHERE composer.id = ?
17:15:25,538 INFO  [sqlalchemy.engine.base.Engine.0x...1750] [1]
17:15:25,539 INFO  [sqlalchemy.engine.base.Engine.0x...1750] SELECT style.id AS style_id, style.name AS style_name 
FROM style, workstyle 
WHERE ? = workstyle.workid AND style.id = workstyle.styleid
17:15:25,539 INFO  [sqlalchemy.engine.base.Engine.0x...1750] [7]
17:15:25,540 INFO  [sqlalchemy.engine.base.Engine.0x...1750] SELECT soundclip.id AS soundclip_id, soundclip.workid AS soundclip_workid, soundclip.movementid AS soundclip_movementid, soundclip.path AS soundclip_path 
FROM soundclip 
WHERE ? = soundclip.workid
17:15:25,540 INFO  [sqlalchemy.engine.base.Engine.0x...1750] [7]
17:15:25,618 INFO  [sqlalchemy.engine.base.Engine.0x...1750] BEGIN
17:15:25,618 INFO  [sqlalchemy.engine.base.Engine.0x...1750] SELECT work.id AS work_id, work.title AS work_title, work.keyid AS work_keyid, work.publicationid AS work_publicationid, work.composerid AS work_composerid, work.styleid AS work_styleid, work.description AS work_description, work.price AS work_price, work.image AS work_image 
FROM work 
WHERE work.id = ?
17:15:25,618 INFO  [sqlalchemy.engine.base.Engine.0x...1750] [u'1']
17:15:25,620 INFO  [sqlalchemy.engine.base.Engine.0x...1750] SELECT work.id AS work_id, work.title AS work_title, work.keyid AS work_keyid, work.publicationid AS work_publicationid, work.composerid AS work_composerid, work.styleid AS work_styleid, work.description AS work_description, work.price AS work_price, work.image AS work_image 
FROM work 
WHERE work.id = ?
17:15:25,620 INFO  [sqlalchemy.engine.base.Engine.0x...1750] [u'1']
17:15:25,622 INFO  [sqlalchemy.engine.base.Engine.0x...1750] SELECT work.id AS work_id, work.title AS work_title, work.keyid AS work_keyid, work.publicationid AS work_publicationid, work.composerid AS work_composerid, work.styleid AS work_styleid, work.description AS work_description, work.price AS work_price, work.image AS work_image 
FROM work 
WHERE work.id = ?
17:15:25,622 INFO  [sqlalchemy.engine.base.Engine.0x...1750] [u'1']
17:15:25,623 INFO  [sqlalchemy.engine.base.Engine.0x...1750] SELECT work.id AS work_id, work.title AS work_title, work.keyid AS work_keyid, work.publicationid AS work_publicationid, work.composerid AS work_composerid, work.styleid AS work_styleid, work.description AS work_description, work.price AS work_price, work.image AS work_image 
FROM work 
WHERE work.id = ?
17:15:25,623 INFO  [sqlalchemy.engine.base.Engine.0x...1750] [u'4']
17:15:30,615 INFO  [sqlalchemy.engine.base.Engine.0x...1750] BEGIN
17:15:30,615 INFO  [sqlalchemy.engine.base.Engine.0x...1750] SELECT work.id AS work_id, work.title AS work_title, work.keyid AS work_keyid, work.publicationid AS work_publicationid, work.composerid AS work_composerid, work.styleid AS work_styleid, work.description AS work_description, work.price AS work_price, work.image AS work_image 
FROM work 
WHERE work.id = ?
17:15:30,615 INFO  [sqlalchemy.engine.base.Engine.0x...1750] [u'1']
17:15:30,617 INFO  [sqlalchemy.engine.base.Engine.0x...1750] SELECT work.id AS work_id, work.title AS work_title, work.keyid AS work_keyid, work.publicationid AS work_publicationid, work.composerid AS work_composerid, work.styleid AS work_styleid, work.description AS work_description, work.price AS work_price, work.image AS work_image 
FROM work 
WHERE work.id = ?
17:15:30,617 INFO  [sqlalchemy.engine.base.Engine.0x...1750] [u'1']
17:15:30,618 INFO  [sqlalchemy.engine.base.Engine.0x...1750] SELECT work.id AS work_id, work.title AS work_title, work.keyid AS work_keyid, work.publicationid AS work_publicationid, work.composerid AS work_composerid, work.styleid AS work_styleid, work.description AS work_description, work.price AS work_price, work.image AS work_image 
FROM work 
WHERE work.id = ?
17:15:30,618 INFO  [sqlalchemy.engine.base.Engine.0x...1750] [u'1']
17:15:30,619 INFO  [sqlalchemy.engine.base.Engine.0x...1750] SELECT work.id AS work_id, work.title AS work_title, work.keyid AS work_keyid, work.publicationid AS work_publicationid, work.composerid AS work_composerid, work.styleid AS work_styleid, work.description AS work_description, work.price AS work_price, work.image AS work_image 
FROM work 
WHERE work.id = ?
17:15:30,619 INFO  [sqlalchemy.engine.base.Engine.0x...1750] [u'4']
17:15:30,652 INFO  [sqlalchemy.engine.base.Engine.0x...1750] BEGIN
17:15:30,653 INFO  [sqlalchemy.engine.base.Engine.0x...1750] SELECT work.id AS work_id, work.title AS work_title, work.keyid AS work_keyid, work.publicationid AS work_publicationid, work.composerid AS work_composerid, work.styleid AS work_styleid, work.description AS work_description, work.price AS work_price, work.image AS work_image 
FROM work 
WHERE work.id = ?
17:15:30,653 INFO  [sqlalchemy.engine.base.Engine.0x...1750] [u'1']
17:15:30,654 INFO  [sqlalchemy.engine.base.Engine.0x...1750] SELECT work.id AS work_id, work.title AS work_title, work.keyid AS work_keyid, work.publicationid AS work_publicationid, work.composerid AS work_composerid, work.styleid AS work_styleid, work.description AS work_description, work.price AS work_price, work.image AS work_image 
FROM work 
WHERE work.id = ?
17:15:30,654 INFO  [sqlalchemy.engine.base.Engine.0x...1750] [u'1']
17:15:30,655 INFO  [sqlalchemy.engine.base.Engine.0x...1750] SELECT work.id AS work_id, work.title AS work_title, work.keyid AS work_keyid, work.publicationid AS work_publicationid, work.composerid AS work_composerid, work.styleid AS work_styleid, work.description AS work_description, work.price AS work_price, work.image AS work_image 
FROM work 
WHERE work.id = ?
17:15:30,656 INFO  [sqlalchemy.engine.base.Engine.0x...1750] [u'1']
17:15:30,657 INFO  [sqlalchemy.engine.base.Engine.0x...1750] SELECT work.id AS work_id, work.title AS work_title, work.keyid AS work_keyid, work.publicationid AS work_publicationid, work.composerid AS work_composerid, work.styleid AS work_styleid, work.description AS work_description, work.price AS work_price, work.image AS work_image 
FROM work 
WHERE work.id = ?
17:15:30,657 INFO  [sqlalchemy.engine.base.Engine.0x...1750] [u'4']
17:15:30,658 INFO  [sqlalchemy.engine.base.Engine.0x...1750] SELECT work.id AS work_id, work.title AS work_title, work.keyid AS work_keyid, work.publicationid AS work_publicationid, work.composerid AS work_composerid, work.styleid AS work_styleid, work.description AS work_description, work.price AS work_price, work.image AS work_image 
FROM work 
WHERE work.id = ?
17:15:30,658 INFO  [sqlalchemy.engine.base.Engine.0x...1750] [u'7']
17:15:30,660 INFO  [sqlalchemy.engine.base.Engine.0x...1750] SELECT work.id AS work_id, work.title AS work_title, work.keyid AS work_keyid, work.publicationid AS work_publicationid, work.composerid AS work_composerid, work.styleid AS work_styleid, work.description AS work_description, work.price AS work_price, work.image AS work_image 
FROM work 
WHERE work.id = ?
17:15:30,660 INFO  [sqlalchemy.engine.base.Engine.0x...1750] [u'7']
17:15:30,662 INFO  [sqlalchemy.engine.base.Engine.0x...1750] SELECT instrument.id AS instrument_id, instrument.name AS instrument_name 
FROM instrument, workinstrument 
WHERE ? = workinstrument.workid AND instrument.id = workinstrument.instrumentid
17:15:30,662 INFO  [sqlalchemy.engine.base.Engine.0x...1750] [7]
17:15:30,663 INFO  [sqlalchemy.engine.base.Engine.0x...1750] SELECT movement.id AS movement_id, movement.title AS movement_title, movement.keyid AS movement_keyid, movement.number AS movement_number, movement.workid AS movement_workid, movement.description AS movement_description 
FROM movement 
WHERE ? = movement.workid
17:15:30,663 INFO  [sqlalchemy.engine.base.Engine.0x...1750] [7]
17:15:30,665 INFO  [sqlalchemy.engine.base.Engine.0x...1750] SELECT composer.id AS composer_id, composer.lastname AS composer_lastname, composer.firstname AS composer_firstname, composer.middlename AS composer_middlename, composer.bio AS composer_bio, composer.image AS composer_image 
FROM composer 
WHERE composer.id = ?
17:15:30,665 INFO  [sqlalchemy.engine.base.Engine.0x...1750] [1]
17:15:30,666 INFO  [sqlalchemy.engine.base.Engine.0x...1750] SELECT style.id AS style_id, style.name AS style_name 
FROM style, workstyle 
WHERE ? = workstyle.workid AND style.id = workstyle.styleid
17:15:30,666 INFO  [sqlalchemy.engine.base.Engine.0x...1750] [7]
17:15:30,667 INFO  [sqlalchemy.engine.base.Engine.0x...1750] SELECT soundclip.id AS soundclip_id, soundclip.workid AS soundclip_workid, soundclip.movementid AS soundclip_movementid, soundclip.path AS soundclip_path 
FROM soundclip 
WHERE ? = soundclip.workid
17:15:30,667 INFO  [sqlalchemy.engine.base.Engine.0x...1750] [7]
17:15:30,728 INFO  [sqlalchemy.engine.base.Engine.0x...1750] BEGIN
17:15:30,728 INFO  [sqlalchemy.engine.base.Engine.0x...1750] SELECT work.id AS work_id, work.title AS work_title, work.keyid AS work_keyid, work.publicationid AS work_publicationid, work.composerid AS work_composerid, work.styleid AS work_styleid, work.description AS work_description, work.price AS work_price, work.image AS work_image 
FROM work 
WHERE work.id = ?
17:15:30,728 INFO  [sqlalchemy.engine.base.Engine.0x...1750] [u'1']
17:15:30,730 INFO  [sqlalchemy.engine.base.Engine.0x...1750] SELECT work.id AS work_id, work.title AS work_title, work.keyid AS work_keyid, work.publicationid AS work_publicationid, work.composerid AS work_composerid, work.styleid AS work_styleid, work.description AS work_description, work.price AS work_price, work.image AS work_image 
FROM work 
WHERE work.id = ?
17:15:30,730 INFO  [sqlalchemy.engine.base.Engine.0x...1750] [u'1']
17:15:30,731 INFO  [sqlalchemy.engine.base.Engine.0x...1750] SELECT work.id AS work_id, work.title AS work_title, work.keyid AS work_keyid, work.publicationid AS work_publicationid, work.composerid AS work_composerid, work.styleid AS work_styleid, work.description AS work_description, work.price AS work_price, work.image AS work_image 
FROM work 
WHERE work.id = ?
17:15:30,731 INFO  [sqlalchemy.engine.base.Engine.0x...1750] [u'1']
17:15:30,733 INFO  [sqlalchemy.engine.base.Engine.0x...1750] SELECT work.id AS work_id, work.title AS work_title, work.keyid AS work_keyid, work.publicationid AS work_publicationid, work.composerid AS work_composerid, work.styleid AS work_styleid, work.description AS work_description, work.price AS work_price, work.image AS work_image 
FROM work 
WHERE work.id = ?
17:15:30,733 INFO  [sqlalchemy.engine.base.Engine.0x...1750] [u'4']
17:15:30,734 INFO  [sqlalchemy.engine.base.Engine.0x...1750] SELECT work.id AS work_id, work.title AS work_title, work.keyid AS work_keyid, work.publicationid AS work_publicationid, work.composerid AS work_composerid, work.styleid AS work_styleid, work.description AS work_description, work.price AS work_price, work.image AS work_image 
FROM work 
WHERE work.id = ?
17:15:30,734 INFO  [sqlalchemy.engine.base.Engine.0x...1750] [u'7']
17:15:33,966 INFO  [sqlalchemy.engine.base.Engine.0x...1750] BEGIN
17:15:33,967 INFO  [sqlalchemy.engine.base.Engine.0x...1750] SELECT work.id AS work_id, work.title AS work_title, work.keyid AS work_keyid, work.publicationid AS work_publicationid, work.composerid AS work_composerid, work.styleid AS work_styleid, work.description AS work_description, work.price AS work_price, work.image AS work_image 
FROM work 
WHERE work.id = ?
17:15:33,967 INFO  [sqlalchemy.engine.base.Engine.0x...1750] [u'1']
17:15:33,969 INFO  [sqlalchemy.engine.base.Engine.0x...1750] SELECT work.id AS work_id, work.title AS work_title, work.keyid AS work_keyid, work.publicationid AS work_publicationid, work.composerid AS work_composerid, work.styleid AS work_styleid, work.description AS work_description, work.price AS work_price, work.image AS work_image 
FROM work 
WHERE work.id = ?
17:15:33,969 INFO  [sqlalchemy.engine.base.Engine.0x...1750] [u'1']
17:15:33,970 INFO  [sqlalchemy.engine.base.Engine.0x...1750] SELECT work.id AS work_id, work.title AS work_title, work.keyid AS work_keyid, work.publicationid AS work_publicationid, work.composerid AS work_composerid, work.styleid AS work_styleid, work.description AS work_description, work.price AS work_price, work.image AS work_image 
FROM work 
WHERE work.id = ?
17:15:33,970 INFO  [sqlalchemy.engine.base.Engine.0x...1750] [u'1']
17:15:33,971 INFO  [sqlalchemy.engine.base.Engine.0x...1750] SELECT work.id AS work_id, work.title AS work_title, work.keyid AS work_keyid, work.publicationid AS work_publicationid, work.composerid AS work_composerid, work.styleid AS work_styleid, work.description AS work_description, work.price AS work_price, work.image AS work_image 
FROM work 
WHERE work.id = ?
17:15:33,971 INFO  [sqlalchemy.engine.base.Engine.0x...1750] [u'4']
17:15:33,972 INFO  [sqlalchemy.engine.base.Engine.0x...1750] SELECT work.id AS work_id, work.title AS work_title, work.keyid AS work_keyid, work.publicationid AS work_publicationid, work.composerid AS work_composerid, work.styleid AS work_styleid, work.description AS work_description, work.price AS work_price, work.image AS work_image 
FROM work 
WHERE work.id = ?
17:15:33,972 INFO  [sqlalchemy.engine.base.Engine.0x...1750] [u'7']
17:15:33,974 INFO  [sqlalchemy.engine.base.Engine.0x...1750] SELECT work.id AS work_id, work.title AS work_title, work.keyid AS work_keyid, work.publicationid AS work_publicationid, work.composerid AS work_composerid, work.styleid AS work_styleid, work.description AS work_description, work.price AS work_price, work.image AS work_image 
FROM work 
WHERE work.id = ?
17:15:33,974 INFO  [sqlalchemy.engine.base.Engine.0x...1750] [u'4']
17:15:33,976 INFO  [sqlalchemy.engine.base.Engine.0x...1750] SELECT instrument.id AS instrument_id, instrument.name AS instrument_name 
FROM instrument, workinstrument 
WHERE ? = workinstrument.workid AND instrument.id = workinstrument.instrumentid
17:15:33,976 INFO  [sqlalchemy.engine.base.Engine.0x...1750] [4]
17:15:33,977 INFO  [sqlalchemy.engine.base.Engine.0x...1750] SELECT "key".id AS key_id, "key".name AS key_name 
FROM "key" 
WHERE "key".id = ?
17:15:33,977 INFO  [sqlalchemy.engine.base.Engine.0x...1750] [17]
17:15:33,978 INFO  [sqlalchemy.engine.base.Engine.0x...1750] SELECT movement.id AS movement_id, movement.title AS movement_title, movement.keyid AS movement_keyid, movement.number AS movement_number, movement.workid AS movement_workid, movement.description AS movement_description 
FROM movement 
WHERE ? = movement.workid
17:15:33,978 INFO  [sqlalchemy.engine.base.Engine.0x...1750] [4]
17:15:33,980 INFO  [sqlalchemy.engine.base.Engine.0x...1750] SELECT composer.id AS composer_id, composer.lastname AS composer_lastname, composer.firstname AS composer_firstname, composer.middlename AS composer_middlename, composer.bio AS composer_bio, composer.image AS composer_image 
FROM composer 
WHERE composer.id = ?
17:15:33,980 INFO  [sqlalchemy.engine.base.Engine.0x...1750] [1]
17:15:33,981 INFO  [sqlalchemy.engine.base.Engine.0x...1750] SELECT style.id AS style_id, style.name AS style_name 
FROM style, workstyle 
WHERE ? = workstyle.workid AND style.id = workstyle.styleid
17:15:33,982 INFO  [sqlalchemy.engine.base.Engine.0x...1750] [4]
17:15:33,983 INFO  [sqlalchemy.engine.base.Engine.0x...1750] SELECT soundclip.id AS soundclip_id, soundclip.workid AS soundclip_workid, soundclip.movementid AS soundclip_movementid, soundclip.path AS soundclip_path 
FROM soundclip 
WHERE ? = soundclip.workid
17:15:33,983 INFO  [sqlalchemy.engine.base.Engine.0x...1750] [4]
17:15:34,055 INFO  [sqlalchemy.engine.base.Engine.0x...1750] BEGIN
17:15:34,056 INFO  [sqlalchemy.engine.base.Engine.0x...1750] SELECT work.id AS work_id, work.title AS work_title, work.keyid AS work_keyid, work.publicationid AS work_publicationid, work.composerid AS work_composerid, work.styleid AS work_styleid, work.description AS work_description, work.price AS work_price, work.image AS work_image 
FROM work 
WHERE work.id = ?
17:15:34,056 INFO  [sqlalchemy.engine.base.Engine.0x...1750] [u'1']
17:15:34,057 INFO  [sqlalchemy.engine.base.Engine.0x...1750] SELECT work.id AS work_id, work.title AS work_title, work.keyid AS work_keyid, work.publicationid AS work_publicationid, work.composerid AS work_composerid, work.styleid AS work_styleid, work.description AS work_description, work.price AS work_price, work.image AS work_image 
FROM work 
WHERE work.id = ?
17:15:34,057 INFO  [sqlalchemy.engine.base.Engine.0x...1750] [u'1']
17:15:34,058 INFO  [sqlalchemy.engine.base.Engine.0x...1750] SELECT work.id AS work_id, work.title AS work_title, work.keyid AS work_keyid, work.publicationid AS work_publicationid, work.composerid AS work_composerid, work.styleid AS work_styleid, work.description AS work_description, work.price AS work_price, work.image AS work_image 
FROM work 
WHERE work.id = ?
17:15:34,059 INFO  [sqlalchemy.engine.base.Engine.0x...1750] [u'1']
17:15:34,060 INFO  [sqlalchemy.engine.base.Engine.0x...1750] SELECT work.id AS work_id, work.title AS work_title, work.keyid AS work_keyid, work.publicationid AS work_publicationid, work.composerid AS work_composerid, work.styleid AS work_styleid, work.description AS work_description, work.price AS work_price, work.image AS work_image 
FROM work 
WHERE work.id = ?
17:15:34,060 INFO  [sqlalchemy.engine.base.Engine.0x...1750] [u'4']
17:15:34,061 INFO  [sqlalchemy.engine.base.Engine.0x...1750] SELECT work.id AS work_id, work.title AS work_title, work.keyid AS work_keyid, work.publicationid AS work_publicationid, work.composerid AS work_composerid, work.styleid AS work_styleid, work.description AS work_description, work.price AS work_price, work.image AS work_image 
FROM work 
WHERE work.id = ?
17:15:34,061 INFO  [sqlalchemy.engine.base.Engine.0x...1750] [u'7']
17:15:35,343 INFO  [sqlalchemy.engine.base.Engine.0x...1750] BEGIN
17:15:35,344 INFO  [sqlalchemy.engine.base.Engine.0x...1750] SELECT work.id AS work_id, work.title AS work_title, work.keyid AS work_keyid, work.publicationid AS work_publicationid, work.composerid AS work_composerid, work.styleid AS work_styleid, work.description AS work_description, work.price AS work_price, work.image AS work_image 
FROM work 
WHERE work.id = ?
17:15:35,344 INFO  [sqlalchemy.engine.base.Engine.0x...1750] [u'1']
17:15:35,346 INFO  [sqlalchemy.engine.base.Engine.0x...1750] SELECT work.id AS work_id, work.title AS work_title, work.keyid AS work_keyid, work.publicationid AS work_publicationid, work.composerid AS work_composerid, work.styleid AS work_styleid, work.description AS work_description, work.price AS work_price, work.image AS work_image 
FROM work 
WHERE work.id = ?
17:15:35,346 INFO  [sqlalchemy.engine.base.Engine.0x...1750] [u'1']
17:15:35,347 INFO  [sqlalchemy.engine.base.Engine.0x...1750] SELECT work.id AS work_id, work.title AS work_title, work.keyid AS work_keyid, work.publicationid AS work_publicationid, work.composerid AS work_composerid, work.styleid AS work_styleid, work.description AS work_description, work.price AS work_price, work.image AS work_image 
FROM work 
WHERE work.id = ?
17:15:35,347 INFO  [sqlalchemy.engine.base.Engine.0x...1750] [u'1']
17:15:35,348 INFO  [sqlalchemy.engine.base.Engine.0x...1750] SELECT work.id AS work_id, work.title AS work_title, work.keyid AS work_keyid, work.publicationid AS work_publicationid, work.composerid AS work_composerid, work.styleid AS work_styleid, work.description AS work_description, work.price AS work_price, work.image AS work_image 
FROM work 
WHERE work.id = ?
17:15:35,349 INFO  [sqlalchemy.engine.base.Engine.0x...1750] [u'4']
17:15:35,350 INFO  [sqlalchemy.engine.base.Engine.0x...1750] SELECT work.id AS work_id, work.title AS work_title, work.keyid AS work_keyid, work.publicationid AS work_publicationid, work.composerid AS work_composerid, work.styleid AS work_styleid, work.description AS work_description, work.price AS work_price, work.image AS work_image 
FROM work 
WHERE work.id = ?
17:15:35,350 INFO  [sqlalchemy.engine.base.Engine.0x...1750] [u'7']
17:15:35,351 INFO  [sqlalchemy.engine.base.Engine.0x...1750] SELECT work.id AS work_id, work.title AS work_title, work.keyid AS work_keyid, work.publicationid AS work_publicationid, work.composerid AS work_composerid, work.styleid AS work_styleid, work.description AS work_description, work.price AS work_price, work.image AS work_image 
FROM work 
WHERE work.id = ?
17:15:35,351 INFO  [sqlalchemy.engine.base.Engine.0x...1750] [u'4']
17:15:35,377 INFO  [sqlalchemy.engine.base.Engine.0x...1750] BEGIN
17:15:35,378 INFO  [sqlalchemy.engine.base.Engine.0x...1750] SELECT work.id AS work_id, work.title AS work_title, work.keyid AS work_keyid, work.publicationid AS work_publicationid, work.composerid AS work_composerid, work.styleid AS work_styleid, work.description AS work_description, work.price AS work_price, work.image AS work_image 
FROM work 
WHERE work.id = ?
17:15:35,378 INFO  [sqlalchemy.engine.base.Engine.0x...1750] ['1']
17:15:35,379 INFO  [sqlalchemy.engine.base.Engine.0x...1750] SELECT work.id AS work_id, work.title AS work_title, work.keyid AS work_keyid, work.publicationid AS work_publicationid, work.composerid AS work_composerid, work.styleid AS work_styleid, work.description AS work_description, work.price AS work_price, work.image AS work_image 
FROM work 
WHERE work.id = ?
17:15:35,379 INFO  [sqlalchemy.engine.base.Engine.0x...1750] ['1']
17:15:35,380 INFO  [sqlalchemy.engine.base.Engine.0x...1750] SELECT work.id AS work_id, work.title AS work_title, work.keyid AS work_keyid, work.publicationid AS work_publicationid, work.composerid AS work_composerid, work.styleid AS work_styleid, work.description AS work_description, work.price AS work_price, work.image AS work_image 
FROM work 
WHERE work.id = ?
17:15:35,380 INFO  [sqlalchemy.engine.base.Engine.0x...1750] ['1']
17:15:35,381 INFO  [sqlalchemy.engine.base.Engine.0x...1750] SELECT work.id AS work_id, work.title AS work_title, work.keyid AS work_keyid, work.publicationid AS work_publicationid, work.composerid AS work_composerid, work.styleid AS work_styleid, work.description AS work_description, work.price AS work_price, work.image AS work_image 
FROM work 
WHERE work.id = ?
17:15:35,382 INFO  [sqlalchemy.engine.base.Engine.0x...1750] ['7']
17:15:35,383 INFO  [sqlalchemy.engine.base.Engine.0x...1750] SELECT work.id AS work_id, work.title AS work_title, work.keyid AS work_keyid, work.publicationid AS work_publicationid, work.composerid AS work_composerid, work.styleid AS work_styleid, work.description AS work_description, work.price AS work_price, work.image AS work_image 
FROM work 
WHERE work.id = ?
17:15:35,383 INFO  [sqlalchemy.engine.base.Engine.0x...1750] [u'4']
17:15:35,385 INFO  [sqlalchemy.engine.base.Engine.0x...1750] SELECT instrument.id AS instrument_id, instrument.name AS instrument_name 
FROM instrument, workinstrument 
WHERE ? = workinstrument.workid AND instrument.id = workinstrument.instrumentid
17:15:35,385 INFO  [sqlalchemy.engine.base.Engine.0x...1750] [4]
17:15:35,386 INFO  [sqlalchemy.engine.base.Engine.0x...1750] SELECT "key".id AS key_id, "key".name AS key_name 
FROM "key" 
WHERE "key".id = ?
17:15:35,386 INFO  [sqlalchemy.engine.base.Engine.0x...1750] [17]
17:15:35,387 INFO  [sqlalchemy.engine.base.Engine.0x...1750] SELECT movement.id AS movement_id, movement.title AS movement_title, movement.keyid AS movement_keyid, movement.number AS movement_number, movement.workid AS movement_workid, movement.description AS movement_description 
FROM movement 
WHERE ? = movement.workid
17:15:35,387 INFO  [sqlalchemy.engine.base.Engine.0x...1750] [4]
17:15:35,388 INFO  [sqlalchemy.engine.base.Engine.0x...1750] SELECT composer.id AS composer_id, composer.lastname AS composer_lastname, composer.firstname AS composer_firstname, composer.middlename AS composer_middlename, composer.bio AS composer_bio, composer.image AS composer_image 
FROM composer 
WHERE composer.id = ?
17:15:35,389 INFO  [sqlalchemy.engine.base.Engine.0x...1750] [1]
17:15:35,390 INFO  [sqlalchemy.engine.base.Engine.0x...1750] SELECT style.id AS style_id, style.name AS style_name 
FROM style, workstyle 
WHERE ? = workstyle.workid AND style.id = workstyle.styleid
17:15:35,390 INFO  [sqlalchemy.engine.base.Engine.0x...1750] [4]
17:15:35,391 INFO  [sqlalchemy.engine.base.Engine.0x...1750] SELECT soundclip.id AS soundclip_id, soundclip.workid AS soundclip_workid, soundclip.movementid AS soundclip_movementid, soundclip.path AS soundclip_path 
FROM soundclip 
WHERE ? = soundclip.workid
17:15:35,391 INFO  [sqlalchemy.engine.base.Engine.0x...1750] [4]
17:15:35,455 INFO  [sqlalchemy.engine.base.Engine.0x...1750] BEGIN
17:15:35,455 INFO  [sqlalchemy.engine.base.Engine.0x...1750] SELECT work.id AS work_id, work.title AS work_title, work.keyid AS work_keyid, work.publicationid AS work_publicationid, work.composerid AS work_composerid, work.styleid AS work_styleid, work.description AS work_description, work.price AS work_price, work.image AS work_image 
FROM work 
WHERE work.id = ?
17:15:35,455 INFO  [sqlalchemy.engine.base.Engine.0x...1750] ['1']
17:15:35,457 INFO  [sqlalchemy.engine.base.Engine.0x...1750] SELECT work.id AS work_id, work.title AS work_title, work.keyid AS work_keyid, work.publicationid AS work_publicationid, work.composerid AS work_composerid, work.styleid AS work_styleid, work.description AS work_description, work.price AS work_price, work.image AS work_image 
FROM work 
WHERE work.id = ?
17:15:35,457 INFO  [sqlalchemy.engine.base.Engine.0x...1750] ['1']
17:15:35,458 INFO  [sqlalchemy.engine.base.Engine.0x...1750] SELECT work.id AS work_id, work.title AS work_title, work.keyid AS work_keyid, work.publicationid AS work_publicationid, work.composerid AS work_composerid, work.styleid AS work_styleid, work.description AS work_description, work.price AS work_price, work.image AS work_image 
FROM work 
WHERE work.id = ?
17:15:35,458 INFO  [sqlalchemy.engine.base.Engine.0x...1750] ['1']
17:15:35,459 INFO  [sqlalchemy.engine.base.Engine.0x...1750] SELECT work.id AS work_id, work.title AS work_title, work.keyid AS work_keyid, work.publicationid AS work_publicationid, work.composerid AS work_composerid, work.styleid AS work_styleid, work.description AS work_description, work.price AS work_price, work.image AS work_image 
FROM work 
WHERE work.id = ?
17:15:35,459 INFO  [sqlalchemy.engine.base.Engine.0x...1750] ['7']
17:16:58,706 INFO  [sqlalchemy.engine.base.Engine.0x...1750] BEGIN
17:16:58,707 INFO  [sqlalchemy.engine.base.Engine.0x...1750] SELECT work.id AS work_id, work.title AS work_title, work.keyid AS work_keyid, work.publicationid AS work_publicationid, work.composerid AS work_composerid, work.styleid AS work_styleid, work.description AS work_description, work.price AS work_price, work.image AS work_image 
FROM work 
WHERE work.id = ?
17:16:58,707 INFO  [sqlalchemy.engine.base.Engine.0x...1750] ['1']
17:16:58,708 INFO  [sqlalchemy.engine.base.Engine.0x...1750] SELECT work.id AS work_id, work.title AS work_title, work.keyid AS work_keyid, work.publicationid AS work_publicationid, work.composerid AS work_composerid, work.styleid AS work_styleid, work.description AS work_description, work.price AS work_price, work.image AS work_image 
FROM work 
WHERE work.id = ?
17:16:58,708 INFO  [sqlalchemy.engine.base.Engine.0x...1750] ['1']
17:16:58,709 INFO  [sqlalchemy.engine.base.Engine.0x...1750] SELECT work.id AS work_id, work.title AS work_title, work.keyid AS work_keyid, work.publicationid AS work_publicationid, work.composerid AS work_composerid, work.styleid AS work_styleid, work.description AS work_description, work.price AS work_price, work.image AS work_image 
FROM work 
WHERE work.id = ?
17:16:58,709 INFO  [sqlalchemy.engine.base.Engine.0x...1750] ['1']
17:16:58,710 INFO  [sqlalchemy.engine.base.Engine.0x...1750] SELECT work.id AS work_id, work.title AS work_title, work.keyid AS work_keyid, work.publicationid AS work_publicationid, work.composerid AS work_composerid, work.styleid AS work_styleid, work.description AS work_description, work.price AS work_price, work.image AS work_image 
FROM work 
WHERE work.id = ?
17:16:58,710 INFO  [sqlalchemy.engine.base.Engine.0x...1750] ['7']
17:16:58,900 INFO  [sqlalchemy.engine.base.Engine.0x...1750] BEGIN
17:16:58,901 INFO  [sqlalchemy.engine.base.Engine.0x...1750] SELECT work.id AS work_id, work.title AS work_title, work.keyid AS work_keyid, work.publicationid AS work_publicationid, work.composerid AS work_composerid, work.styleid AS work_styleid, work.description AS work_description, work.price AS work_price, work.image AS work_image 
FROM work 
WHERE work.id = ?
17:16:58,901 INFO  [sqlalchemy.engine.base.Engine.0x...1750] ['1']
17:16:58,902 INFO  [sqlalchemy.engine.base.Engine.0x...1750] SELECT work.id AS work_id, work.title AS work_title, work.keyid AS work_keyid, work.publicationid AS work_publicationid, work.composerid AS work_composerid, work.styleid AS work_styleid, work.description AS work_description, work.price AS work_price, work.image AS work_image 
FROM work 
WHERE work.id = ?
17:16:58,902 INFO  [sqlalchemy.engine.base.Engine.0x...1750] ['1']
17:16:58,904 INFO  [sqlalchemy.engine.base.Engine.0x...1750] SELECT work.id AS work_id, work.title AS work_title, work.keyid AS work_keyid, work.publicationid AS work_publicationid, work.composerid AS work_composerid, work.styleid AS work_styleid, work.description AS work_description, work.price AS work_price, work.image AS work_image 
FROM work 
WHERE work.id = ?
17:16:58,904 INFO  [sqlalchemy.engine.base.Engine.0x...1750] ['1']
17:16:58,905 INFO  [sqlalchemy.engine.base.Engine.0x...1750] SELECT work.id AS work_id, work.title AS work_title, work.keyid AS work_keyid, work.publicationid AS work_publicationid, work.composerid AS work_composerid, work.styleid AS work_styleid, work.description AS work_description, work.price AS work_price, work.image AS work_image 
FROM work 
WHERE work.id = ?
17:16:58,905 INFO  [sqlalchemy.engine.base.Engine.0x...1750] ['7']
17:25:05,737 INFO  [sqlalchemy.engine.base.Engine.0x...1750] BEGIN
17:25:05,737 INFO  [sqlalchemy.engine.base.Engine.0x...1750] SELECT work.id AS work_id, work.title AS work_title, work.keyid AS work_keyid, work.publicationid AS work_publicationid, work.composerid AS work_composerid, work.styleid AS work_styleid, work.description AS work_description, work.price AS work_price, work.image AS work_image 
FROM work 
WHERE work.id = ?
17:25:05,737 INFO  [sqlalchemy.engine.base.Engine.0x...1750] [u'2']
17:25:05,739 INFO  [sqlalchemy.engine.base.Engine.0x...1750] SELECT work.id AS work_id, work.title AS work_title, work.keyid AS work_keyid, work.publicationid AS work_publicationid, work.composerid AS work_composerid, work.styleid AS work_styleid, work.description AS work_description, work.price AS work_price, work.image AS work_image 
FROM work 
WHERE work.id = ?
17:25:05,739 INFO  [sqlalchemy.engine.base.Engine.0x...1750] [u'2']
17:25:05,741 INFO  [sqlalchemy.engine.base.Engine.0x...1750] SELECT instrument.id AS instrument_id, instrument.name AS instrument_name 
FROM instrument, workinstrument 
WHERE ? = workinstrument.workid AND instrument.id = workinstrument.instrumentid
17:25:05,741 INFO  [sqlalchemy.engine.base.Engine.0x...1750] [2]
17:25:05,742 INFO  [sqlalchemy.engine.base.Engine.0x...1750] SELECT "key".id AS key_id, "key".name AS key_name 
FROM "key" 
WHERE "key".id = ?
17:25:05,742 INFO  [sqlalchemy.engine.base.Engine.0x...1750] [17]
17:25:05,743 INFO  [sqlalchemy.engine.base.Engine.0x...1750] SELECT movement.id AS movement_id, movement.title AS movement_title, movement.keyid AS movement_keyid, movement.number AS movement_number, movement.workid AS movement_workid, movement.description AS movement_description 
FROM movement 
WHERE ? = movement.workid
17:25:05,743 INFO  [sqlalchemy.engine.base.Engine.0x...1750] [2]
17:25:05,744 INFO  [sqlalchemy.engine.base.Engine.0x...1750] SELECT composer.id AS composer_id, composer.lastname AS composer_lastname, composer.firstname AS composer_firstname, composer.middlename AS composer_middlename, composer.bio AS composer_bio, composer.image AS composer_image 
FROM composer 
WHERE composer.id = ?
17:25:05,744 INFO  [sqlalchemy.engine.base.Engine.0x...1750] [1]
17:25:05,745 INFO  [sqlalchemy.engine.base.Engine.0x...1750] SELECT style.id AS style_id, style.name AS style_name 
FROM style, workstyle 
WHERE ? = workstyle.workid AND style.id = workstyle.styleid
17:25:05,745 INFO  [sqlalchemy.engine.base.Engine.0x...1750] [2]
17:25:05,746 INFO  [sqlalchemy.engine.base.Engine.0x...1750] SELECT soundclip.id AS soundclip_id, soundclip.workid AS soundclip_workid, soundclip.movementid AS soundclip_movementid, soundclip.path AS soundclip_path 
FROM soundclip 
WHERE ? = soundclip.workid
17:25:05,746 INFO  [sqlalchemy.engine.base.Engine.0x...1750] [2]
17:25:05,787 INFO  [sqlalchemy.engine.base.Engine.0x...1750] BEGIN
17:25:05,788 INFO  [sqlalchemy.engine.base.Engine.0x...1750] SELECT work.id AS work_id, work.title AS work_title, work.keyid AS work_keyid, work.publicationid AS work_publicationid, work.composerid AS work_composerid, work.styleid AS work_styleid, work.description AS work_description, work.price AS work_price, work.image AS work_image 
FROM work 
WHERE work.id = ?
17:25:05,788 INFO  [sqlalchemy.engine.base.Engine.0x...1750] [u'2']
17:25:07,145 INFO  [sqlalchemy.engine.base.Engine.0x...1750] BEGIN
17:25:07,145 INFO  [sqlalchemy.engine.base.Engine.0x...1750] SELECT work.id AS work_id, work.title AS work_title, work.keyid AS work_keyid, work.publicationid AS work_publicationid, work.composerid AS work_composerid, work.styleid AS work_styleid, work.description AS work_description, work.price AS work_price, work.image AS work_image 
FROM work 
WHERE work.id = ?
17:25:07,146 INFO  [sqlalchemy.engine.base.Engine.0x...1750] [u'2']
17:25:07,147 INFO  [sqlalchemy.engine.base.Engine.0x...1750] SELECT work.id AS work_id, work.title AS work_title, work.keyid AS work_keyid, work.publicationid AS work_publicationid, work.composerid AS work_composerid, work.styleid AS work_styleid, work.description AS work_description, work.price AS work_price, work.image AS work_image 
FROM work 
WHERE work.id = ?
17:25:07,147 INFO  [sqlalchemy.engine.base.Engine.0x...1750] [u'2']
17:25:07,163 INFO  [sqlalchemy.engine.base.Engine.0x...1750] BEGIN
17:25:07,163 INFO  [sqlalchemy.engine.base.Engine.0x...1750] SELECT work.id AS work_id, work.title AS work_title, work.keyid AS work_keyid, work.publicationid AS work_publicationid, work.composerid AS work_composerid, work.styleid AS work_styleid, work.description AS work_description, work.price AS work_price, work.image AS work_image 
FROM work 
WHERE work.id = ?
17:25:07,164 INFO  [sqlalchemy.engine.base.Engine.0x...1750] [u'2']
17:25:07,165 INFO  [sqlalchemy.engine.base.Engine.0x...1750] SELECT instrument.id AS instrument_id, instrument.name AS instrument_name 
FROM instrument, workinstrument 
WHERE ? = workinstrument.workid AND instrument.id = workinstrument.instrumentid
17:25:07,165 INFO  [sqlalchemy.engine.base.Engine.0x...1750] [2]
17:25:07,166 INFO  [sqlalchemy.engine.base.Engine.0x...1750] SELECT "key".id AS key_id, "key".name AS key_name 
FROM "key" 
WHERE "key".id = ?
17:25:07,166 INFO  [sqlalchemy.engine.base.Engine.0x...1750] [17]
17:25:07,167 INFO  [sqlalchemy.engine.base.Engine.0x...1750] SELECT movement.id AS movement_id, movement.title AS movement_title, movement.keyid AS movement_keyid, movement.number AS movement_number, movement.workid AS movement_workid, movement.description AS movement_description 
FROM movement 
WHERE ? = movement.workid
17:25:07,168 INFO  [sqlalchemy.engine.base.Engine.0x...1750] [2]
17:25:07,168 INFO  [sqlalchemy.engine.base.Engine.0x...1750] SELECT composer.id AS composer_id, composer.lastname AS composer_lastname, composer.firstname AS composer_firstname, composer.middlename AS composer_middlename, composer.bio AS composer_bio, composer.image AS composer_image 
FROM composer 
WHERE composer.id = ?
17:25:07,169 INFO  [sqlalchemy.engine.base.Engine.0x...1750] [1]
17:25:07,170 INFO  [sqlalchemy.engine.base.Engine.0x...1750] SELECT style.id AS style_id, style.name AS style_name 
FROM style, workstyle 
WHERE ? = workstyle.workid AND style.id = workstyle.styleid
17:25:07,170 INFO  [sqlalchemy.engine.base.Engine.0x...1750] [2]
17:25:07,171 INFO  [sqlalchemy.engine.base.Engine.0x...1750] SELECT soundclip.id AS soundclip_id, soundclip.workid AS soundclip_workid, soundclip.movementid AS soundclip_movementid, soundclip.path AS soundclip_path 
FROM soundclip 
WHERE ? = soundclip.workid
17:25:07,171 INFO  [sqlalchemy.engine.base.Engine.0x...1750] [2]
17:25:14,593 INFO  [sqlalchemy.engine.base.Engine.0x...1750] BEGIN
17:25:14,593 INFO  [sqlalchemy.engine.base.Engine.0x...1750] SELECT composer.id AS composer_id, composer.lastname AS composer_lastname, composer.firstname AS composer_firstname, composer.middlename AS composer_middlename, composer.bio AS composer_bio, composer.image AS composer_image 
FROM composer
17:25:14,593 INFO  [sqlalchemy.engine.base.Engine.0x...1750] []
17:25:14,595 INFO  [sqlalchemy.engine.base.Engine.0x...1750] SELECT work.id AS work_id, work.title AS work_title, work.keyid AS work_keyid, work.publicationid AS work_publicationid, work.composerid AS work_composerid, work.styleid AS work_styleid, work.description AS work_description, work.price AS work_price, work.image AS work_image 
FROM work 
WHERE ? = work.composerid
17:25:14,595 INFO  [sqlalchemy.engine.base.Engine.0x...1750] [1]
17:25:14,597 INFO  [sqlalchemy.engine.base.Engine.0x...1750] SELECT work.id AS work_id, work.title AS work_title, work.keyid AS work_keyid, work.publicationid AS work_publicationid, work.composerid AS work_composerid, work.styleid AS work_styleid, work.description AS work_description, work.price AS work_price, work.image AS work_image 
FROM work 
WHERE ? = work.composerid
17:25:14,598 INFO  [sqlalchemy.engine.base.Engine.0x...1750] [2]
17:25:15,745 INFO  [sqlalchemy.engine.base.Engine.0x...1750] BEGIN
17:25:15,745 INFO  [sqlalchemy.engine.base.Engine.0x...1750] SELECT composer.id AS composer_id, composer.lastname AS composer_lastname, composer.firstname AS composer_firstname, composer.middlename AS composer_middlename, composer.bio AS composer_bio, composer.image AS composer_image 
FROM composer 
WHERE composer.id = ?
17:25:15,745 INFO  [sqlalchemy.engine.base.Engine.0x...1750] [u'1']
17:25:15,747 INFO  [sqlalchemy.engine.base.Engine.0x...1750] SELECT work.id AS work_id, work.title AS work_title, work.keyid AS work_keyid, work.publicationid AS work_publicationid, work.composerid AS work_composerid, work.styleid AS work_styleid, work.description AS work_description, work.price AS work_price, work.image AS work_image 
FROM work 
WHERE ? = work.composerid
17:25:15,747 INFO  [sqlalchemy.engine.base.Engine.0x...1750] [1]
17:25:17,073 INFO  [sqlalchemy.engine.base.Engine.0x...1750] BEGIN
17:25:17,073 INFO  [sqlalchemy.engine.base.Engine.0x...1750] SELECT work.id AS work_id, work.title AS work_title, work.keyid AS work_keyid, work.publicationid AS work_publicationid, work.composerid AS work_composerid, work.styleid AS work_styleid, work.description AS work_description, work.price AS work_price, work.image AS work_image 
FROM work 
WHERE work.id = ?
17:25:17,073 INFO  [sqlalchemy.engine.base.Engine.0x...1750] [u'5']
17:25:17,076 INFO  [sqlalchemy.engine.base.Engine.0x...1750] SELECT instrument.id AS instrument_id, instrument.name AS instrument_name 
FROM instrument, workinstrument 
WHERE ? = workinstrument.workid AND instrument.id = workinstrument.instrumentid
17:25:17,076 INFO  [sqlalchemy.engine.base.Engine.0x...1750] [5]
17:25:17,077 INFO  [sqlalchemy.engine.base.Engine.0x...1750] SELECT movement.id AS movement_id, movement.title AS movement_title, movement.keyid AS movement_keyid, movement.number AS movement_number, movement.workid AS movement_workid, movement.description AS movement_description 
FROM movement 
WHERE ? = movement.workid
17:25:17,077 INFO  [sqlalchemy.engine.base.Engine.0x...1750] [5]
17:25:17,080 INFO  [sqlalchemy.engine.base.Engine.0x...1750] SELECT composer.id AS composer_id, composer.lastname AS composer_lastname, composer.firstname AS composer_firstname, composer.middlename AS composer_middlename, composer.bio AS composer_bio, composer.image AS composer_image 
FROM composer 
WHERE composer.id = ?
17:25:17,080 INFO  [sqlalchemy.engine.base.Engine.0x...1750] [1]
17:25:17,081 INFO  [sqlalchemy.engine.base.Engine.0x...1750] SELECT style.id AS style_id, style.name AS style_name 
FROM style, workstyle 
WHERE ? = workstyle.workid AND style.id = workstyle.styleid
17:25:17,081 INFO  [sqlalchemy.engine.base.Engine.0x...1750] [5]
17:25:17,082 INFO  [sqlalchemy.engine.base.Engine.0x...1750] SELECT soundclip.id AS soundclip_id, soundclip.workid AS soundclip_workid, soundclip.movementid AS soundclip_movementid, soundclip.path AS soundclip_path 
FROM soundclip 
WHERE ? = soundclip.workid
17:25:17,082 INFO  [sqlalchemy.engine.base.Engine.0x...1750] [5]
17:25:20,845 INFO  [sqlalchemy.engine.base.Engine.0x...1750] BEGIN
17:25:20,846 INFO  [sqlalchemy.engine.base.Engine.0x...1750] SELECT work.id AS work_id, work.title AS work_title, work.keyid AS work_keyid, work.publicationid AS work_publicationid, work.composerid AS work_composerid, work.styleid AS work_styleid, work.description AS work_description, work.price AS work_price, work.image AS work_image 
FROM work 
WHERE work.id = ?
17:25:20,846 INFO  [sqlalchemy.engine.base.Engine.0x...1750] [u'5']
17:25:20,848 INFO  [sqlalchemy.engine.base.Engine.0x...1750] SELECT work.id AS work_id, work.title AS work_title, work.keyid AS work_keyid, work.publicationid AS work_publicationid, work.composerid AS work_composerid, work.styleid AS work_styleid, work.description AS work_description, work.price AS work_price, work.image AS work_image 
FROM work 
WHERE work.id = ?
17:25:20,848 INFO  [sqlalchemy.engine.base.Engine.0x...1750] [u'5']
17:25:20,850 INFO  [sqlalchemy.engine.base.Engine.0x...1750] SELECT instrument.id AS instrument_id, instrument.name AS instrument_name 
FROM instrument, workinstrument 
WHERE ? = workinstrument.workid AND instrument.id = workinstrument.instrumentid
17:25:20,850 INFO  [sqlalchemy.engine.base.Engine.0x...1750] [5]
17:25:20,851 INFO  [sqlalchemy.engine.base.Engine.0x...1750] SELECT movement.id AS movement_id, movement.title AS movement_title, movement.keyid AS movement_keyid, movement.number AS movement_number, movement.workid AS movement_workid, movement.description AS movement_description 
FROM movement 
WHERE ? = movement.workid
17:25:20,851 INFO  [sqlalchemy.engine.base.Engine.0x...1750] [5]
17:25:20,853 INFO  [sqlalchemy.engine.base.Engine.0x...1750] SELECT composer.id AS composer_id, composer.lastname AS composer_lastname, composer.firstname AS composer_firstname, composer.middlename AS composer_middlename, composer.bio AS composer_bio, composer.image AS composer_image 
FROM composer 
WHERE composer.id = ?
17:25:20,853 INFO  [sqlalchemy.engine.base.Engine.0x...1750] [1]
17:25:20,854 INFO  [sqlalchemy.engine.base.Engine.0x...1750] SELECT style.id AS style_id, style.name AS style_name 
FROM style, workstyle 
WHERE ? = workstyle.workid AND style.id = workstyle.styleid
17:25:20,855 INFO  [sqlalchemy.engine.base.Engine.0x...1750] [5]
17:25:20,856 INFO  [sqlalchemy.engine.base.Engine.0x...1750] SELECT soundclip.id AS soundclip_id, soundclip.workid AS soundclip_workid, soundclip.movementid AS soundclip_movementid, soundclip.path AS soundclip_path 
FROM soundclip 
WHERE ? = soundclip.workid
17:25:20,856 INFO  [sqlalchemy.engine.base.Engine.0x...1750] [5]
17:25:20,892 INFO  [sqlalchemy.engine.base.Engine.0x...1750] BEGIN
17:25:20,893 INFO  [sqlalchemy.engine.base.Engine.0x...1750] SELECT work.id AS work_id, work.title AS work_title, work.keyid AS work_keyid, work.publicationid AS work_publicationid, work.composerid AS work_composerid, work.styleid AS work_styleid, work.description AS work_description, work.price AS work_price, work.image AS work_image 
FROM work 
WHERE work.id = ?
17:25:20,893 INFO  [sqlalchemy.engine.base.Engine.0x...1750] [u'5']
17:25:22,529 INFO  [sqlalchemy.engine.base.Engine.0x...1750] BEGIN
17:25:22,530 INFO  [sqlalchemy.engine.base.Engine.0x...1750] SELECT work.id AS work_id, work.title AS work_title, work.keyid AS work_keyid, work.publicationid AS work_publicationid, work.composerid AS work_composerid, work.styleid AS work_styleid, work.description AS work_description, work.price AS work_price, work.image AS work_image 
FROM work 
WHERE work.id = ?
17:25:22,530 INFO  [sqlalchemy.engine.base.Engine.0x...1750] [u'5']
17:25:22,585 INFO  [sqlalchemy.engine.base.Engine.0x...1750] BEGIN
17:25:22,585 INFO  [sqlalchemy.engine.base.Engine.0x...1750] SELECT work.id AS work_id, work.title AS work_title, work.keyid AS work_keyid, work.publicationid AS work_publicationid, work.composerid AS work_composerid, work.styleid AS work_styleid, work.description AS work_description, work.price AS work_price, work.image AS work_image 
FROM work 
WHERE work.id = ?
17:25:22,586 INFO  [sqlalchemy.engine.base.Engine.0x...1750] [u'5']
19:11:03,993 INFO  [sqlalchemy.engine.base.Engine.0x...1750] BEGIN
19:11:03,993 INFO  [sqlalchemy.engine.base.Engine.0x...1750] SELECT composer.id AS composer_id, composer.lastname AS composer_lastname, composer.firstname AS composer_firstname, composer.middlename AS composer_middlename, composer.bio AS composer_bio, composer.image AS composer_image 
FROM composer
19:11:03,993 INFO  [sqlalchemy.engine.base.Engine.0x...1750] []
19:11:03,995 INFO  [sqlalchemy.engine.base.Engine.0x...1750] SELECT work.id AS work_id, work.title AS work_title, work.keyid AS work_keyid, work.publicationid AS work_publicationid, work.composerid AS work_composerid, work.styleid AS work_styleid, work.description AS work_description, work.price AS work_price, work.image AS work_image 
FROM work 
WHERE ? = work.composerid
19:11:03,995 INFO  [sqlalchemy.engine.base.Engine.0x...1750] [1]
19:11:03,997 INFO  [sqlalchemy.engine.base.Engine.0x...1750] SELECT work.id AS work_id, work.title AS work_title, work.keyid AS work_keyid, work.publicationid AS work_publicationid, work.composerid AS work_composerid, work.styleid AS work_styleid, work.description AS work_description, work.price AS work_price, work.image AS work_image 
FROM work 
WHERE ? = work.composerid
19:11:03,997 INFO  [sqlalchemy.engine.base.Engine.0x...1750] [2]
19:11:23,500 INFO  [sqlalchemy.engine.base.Engine.0x...1750] BEGIN
19:11:23,500 INFO  [sqlalchemy.engine.base.Engine.0x...1750] SELECT composer.id AS composer_id, composer.lastname AS composer_lastname, composer.firstname AS composer_firstname, composer.middlename AS composer_middlename, composer.bio AS composer_bio, composer.image AS composer_image 
FROM composer 
WHERE composer.id = ?
19:11:23,500 INFO  [sqlalchemy.engine.base.Engine.0x...1750] [u'1']
19:11:23,502 INFO  [sqlalchemy.engine.base.Engine.0x...1750] SELECT work.id AS work_id, work.title AS work_title, work.keyid AS work_keyid, work.publicationid AS work_publicationid, work.composerid AS work_composerid, work.styleid AS work_styleid, work.description AS work_description, work.price AS work_price, work.image AS work_image 
FROM work 
WHERE ? = work.composerid
19:11:23,502 INFO  [sqlalchemy.engine.base.Engine.0x...1750] [1]
19:11:25,185 INFO  [sqlalchemy.engine.base.Engine.0x...1750] BEGIN
19:11:25,185 INFO  [sqlalchemy.engine.base.Engine.0x...1750] SELECT work.id AS work_id, work.title AS work_title, work.keyid AS work_keyid, work.publicationid AS work_publicationid, work.composerid AS work_composerid, work.styleid AS work_styleid, work.description AS work_description, work.price AS work_price, work.image AS work_image 
FROM work 
WHERE work.id = ?
19:11:25,185 INFO  [sqlalchemy.engine.base.Engine.0x...1750] [u'2']
19:11:25,188 INFO  [sqlalchemy.engine.base.Engine.0x...1750] SELECT instrument.id AS instrument_id, instrument.name AS instrument_name 
FROM instrument, workinstrument 
WHERE ? = workinstrument.workid AND instrument.id = workinstrument.instrumentid
19:11:25,188 INFO  [sqlalchemy.engine.base.Engine.0x...1750] [2]
19:11:25,189 INFO  [sqlalchemy.engine.base.Engine.0x...1750] SELECT "key".id AS key_id, "key".name AS key_name 
FROM "key" 
WHERE "key".id = ?
19:11:25,189 INFO  [sqlalchemy.engine.base.Engine.0x...1750] [17]
19:11:25,190 INFO  [sqlalchemy.engine.base.Engine.0x...1750] SELECT movement.id AS movement_id, movement.title AS movement_title, movement.keyid AS movement_keyid, movement.number AS movement_number, movement.workid AS movement_workid, movement.description AS movement_description 
FROM movement 
WHERE ? = movement.workid
19:11:25,190 INFO  [sqlalchemy.engine.base.Engine.0x...1750] [2]
19:11:25,191 INFO  [sqlalchemy.engine.base.Engine.0x...1750] SELECT composer.id AS composer_id, composer.lastname AS composer_lastname, composer.firstname AS composer_firstname, composer.middlename AS composer_middlename, composer.bio AS composer_bio, composer.image AS composer_image 
FROM composer 
WHERE composer.id = ?
19:11:25,191 INFO  [sqlalchemy.engine.base.Engine.0x...1750] [1]
19:11:25,192 INFO  [sqlalchemy.engine.base.Engine.0x...1750] SELECT style.id AS style_id, style.name AS style_name 
FROM style, workstyle 
WHERE ? = workstyle.workid AND style.id = workstyle.styleid
19:11:25,192 INFO  [sqlalchemy.engine.base.Engine.0x...1750] [2]
19:11:25,193 INFO  [sqlalchemy.engine.base.Engine.0x...1750] SELECT soundclip.id AS soundclip_id, soundclip.workid AS soundclip_workid, soundclip.movementid AS soundclip_movementid, soundclip.path AS soundclip_path 
FROM soundclip 
WHERE ? = soundclip.workid
19:11:25,193 INFO  [sqlalchemy.engine.base.Engine.0x...1750] [2]
19:11:29,959 INFO  [sqlalchemy.engine.base.Engine.0x...1750] BEGIN
19:11:29,960 INFO  [sqlalchemy.engine.base.Engine.0x...1750] SELECT work.id AS work_id, work.title AS work_title, work.keyid AS work_keyid, work.publicationid AS work_publicationid, work.composerid AS work_composerid, work.styleid AS work_styleid, work.description AS work_description, work.price AS work_price, work.image AS work_image 
FROM work 
WHERE work.id = ?
19:11:29,960 INFO  [sqlalchemy.engine.base.Engine.0x...1750] [u'2']
19:11:29,961 INFO  [sqlalchemy.engine.base.Engine.0x...1750] SELECT work.id AS work_id, work.title AS work_title, work.keyid AS work_keyid, work.publicationid AS work_publicationid, work.composerid AS work_composerid, work.styleid AS work_styleid, work.description AS work_description, work.price AS work_price, work.image AS work_image 
FROM work 
WHERE work.id = ?
19:11:29,961 INFO  [sqlalchemy.engine.base.Engine.0x...1750] [u'2']
19:11:29,963 INFO  [sqlalchemy.engine.base.Engine.0x...1750] SELECT instrument.id AS instrument_id, instrument.name AS instrument_name 
FROM instrument, workinstrument 
WHERE ? = workinstrument.workid AND instrument.id = workinstrument.instrumentid
19:11:29,963 INFO  [sqlalchemy.engine.base.Engine.0x...1750] [2]
19:11:29,964 INFO  [sqlalchemy.engine.base.Engine.0x...1750] SELECT "key".id AS key_id, "key".name AS key_name 
FROM "key" 
WHERE "key".id = ?
19:11:29,964 INFO  [sqlalchemy.engine.base.Engine.0x...1750] [17]
19:11:29,965 INFO  [sqlalchemy.engine.base.Engine.0x...1750] SELECT movement.id AS movement_id, movement.title AS movement_title, movement.keyid AS movement_keyid, movement.number AS movement_number, movement.workid AS movement_workid, movement.description AS movement_description 
FROM movement 
WHERE ? = movement.workid
19:11:29,965 INFO  [sqlalchemy.engine.base.Engine.0x...1750] [2]
19:11:29,966 INFO  [sqlalchemy.engine.base.Engine.0x...1750] SELECT composer.id AS composer_id, composer.lastname AS composer_lastname, composer.firstname AS composer_firstname, composer.middlename AS composer_middlename, composer.bio AS composer_bio, composer.image AS composer_image 
FROM composer 
WHERE composer.id = ?
19:11:29,966 INFO  [sqlalchemy.engine.base.Engine.0x...1750] [1]
19:11:29,967 INFO  [sqlalchemy.engine.base.Engine.0x...1750] SELECT style.id AS style_id, style.name AS style_name 
FROM style, workstyle 
WHERE ? = workstyle.workid AND style.id = workstyle.styleid
19:11:29,967 INFO  [sqlalchemy.engine.base.Engine.0x...1750] [2]
19:11:29,968 INFO  [sqlalchemy.engine.base.Engine.0x...1750] SELECT soundclip.id AS soundclip_id, soundclip.workid AS soundclip_workid, soundclip.movementid AS soundclip_movementid, soundclip.path AS soundclip_path 
FROM soundclip 
WHERE ? = soundclip.workid
19:11:29,968 INFO  [sqlalchemy.engine.base.Engine.0x...1750] [2]
19:11:30,037 INFO  [sqlalchemy.engine.base.Engine.0x...1750] BEGIN
19:11:30,037 INFO  [sqlalchemy.engine.base.Engine.0x...1750] SELECT work.id AS work_id, work.title AS work_title, work.keyid AS work_keyid, work.publicationid AS work_publicationid, work.composerid AS work_composerid, work.styleid AS work_styleid, work.description AS work_description, work.price AS work_price, work.image AS work_image 
FROM work 
WHERE work.id = ?
19:11:30,038 INFO  [sqlalchemy.engine.base.Engine.0x...1750] [u'2']
19:11:34,302 INFO  [sqlalchemy.engine.base.Engine.0x...1750] BEGIN
19:11:34,302 INFO  [sqlalchemy.engine.base.Engine.0x...1750] SELECT work.id AS work_id, work.title AS work_title, work.keyid AS work_keyid, work.publicationid AS work_publicationid, work.composerid AS work_composerid, work.styleid AS work_styleid, work.description AS work_description, work.price AS work_price, work.image AS work_image 
FROM work 
WHERE work.id = ?
19:11:34,302 INFO  [sqlalchemy.engine.base.Engine.0x...1750] [u'2']
19:11:34,314 INFO  [sqlalchemy.engine.base.Engine.0x...1750] BEGIN
19:11:34,314 INFO  [sqlalchemy.engine.base.Engine.0x...1750] SELECT work.id AS work_id, work.title AS work_title, work.keyid AS work_keyid, work.publicationid AS work_publicationid, work.composerid AS work_composerid, work.styleid AS work_styleid, work.description AS work_description, work.price AS work_price, work.image AS work_image 
FROM work 
WHERE work.id = ?
19:11:34,314 INFO  [sqlalchemy.engine.base.Engine.0x...1750] [u'2']
19:11:34,316 INFO  [sqlalchemy.engine.base.Engine.0x...1750] SELECT work.id AS work_id, work.title AS work_title, work.keyid AS work_keyid, work.publicationid AS work_publicationid, work.composerid AS work_composerid, work.styleid AS work_styleid, work.description AS work_description, work.price AS work_price, work.image AS work_image 
FROM work 
WHERE work.id = ?
19:11:34,316 INFO  [sqlalchemy.engine.base.Engine.0x...1750] [u'2']
19:11:34,409 INFO  [sqlalchemy.engine.base.Engine.0x...1750] BEGIN
19:11:34,410 INFO  [sqlalchemy.engine.base.Engine.0x...1750] SELECT work.id AS work_id, work.title AS work_title, work.keyid AS work_keyid, work.publicationid AS work_publicationid, work.composerid AS work_composerid, work.styleid AS work_styleid, work.description AS work_description, work.price AS work_price, work.image AS work_image 
FROM work 
WHERE work.id = ?
19:11:34,410 INFO  [sqlalchemy.engine.base.Engine.0x...1750] [u'2']
19:11:34,411 INFO  [sqlalchemy.engine.base.Engine.0x...1750] SELECT work.id AS work_id, work.title AS work_title, work.keyid AS work_keyid, work.publicationid AS work_publicationid, work.composerid AS work_composerid, work.styleid AS work_styleid, work.description AS work_description, work.price AS work_price, work.image AS work_image 
FROM work 
WHERE work.id = ?
19:11:34,411 INFO  [sqlalchemy.engine.base.Engine.0x...1750] [u'2']
19:11:43,671 INFO  [sqlalchemy.engine.base.Engine.0x...1750] BEGIN
19:11:43,672 INFO  [sqlalchemy.engine.base.Engine.0x...1750] SELECT work.id AS work_id, work.title AS work_title, work.keyid AS work_keyid, work.publicationid AS work_publicationid, work.composerid AS work_composerid, work.styleid AS work_styleid, work.description AS work_description, work.price AS work_price, work.image AS work_image 
FROM work 
WHERE work.id = ?
19:11:43,672 INFO  [sqlalchemy.engine.base.Engine.0x...1750] [u'2']
19:11:43,673 INFO  [sqlalchemy.engine.base.Engine.0x...1750] SELECT work.id AS work_id, work.title AS work_title, work.keyid AS work_keyid, work.publicationid AS work_publicationid, work.composerid AS work_composerid, work.styleid AS work_styleid, work.description AS work_description, work.price AS work_price, work.image AS work_image 
FROM work 
WHERE work.id = ?
19:11:43,673 INFO  [sqlalchemy.engine.base.Engine.0x...1750] [u'2']
19:11:43,705 INFO  [sqlalchemy.engine.base.Engine.0x...1750] BEGIN
19:11:43,705 INFO  [sqlalchemy.engine.base.Engine.0x...1750] SELECT work.id AS work_id, work.title AS work_title, work.keyid AS work_keyid, work.publicationid AS work_publicationid, work.composerid AS work_composerid, work.styleid AS work_styleid, work.description AS work_description, work.price AS work_price, work.image AS work_image 
FROM work 
WHERE work.id = ?
19:11:43,705 INFO  [sqlalchemy.engine.base.Engine.0x...1750] [u'2']
19:11:43,707 INFO  [sqlalchemy.engine.base.Engine.0x...1750] SELECT work.id AS work_id, work.title AS work_title, work.keyid AS work_keyid, work.publicationid AS work_publicationid, work.composerid AS work_composerid, work.styleid AS work_styleid, work.description AS work_description, work.price AS work_price, work.image AS work_image 
FROM work 
WHERE work.id = ?
19:11:43,707 INFO  [sqlalchemy.engine.base.Engine.0x...1750] [u'2']
19:13:25,774 INFO  [sqlalchemy.engine.base.Engine.0x...1750] BEGIN
19:13:25,775 INFO  [sqlalchemy.engine.base.Engine.0x...1750] SELECT work.id AS work_id, work.title AS work_title, work.keyid AS work_keyid, work.publicationid AS work_publicationid, work.composerid AS work_composerid, work.styleid AS work_styleid, work.description AS work_description, work.price AS work_price, work.image AS work_image 
FROM work 
WHERE work.id = ?
19:13:25,775 INFO  [sqlalchemy.engine.base.Engine.0x...1750] [u'2']
19:13:25,777 INFO  [sqlalchemy.engine.base.Engine.0x...1750] SELECT work.id AS work_id, work.title AS work_title, work.keyid AS work_keyid, work.publicationid AS work_publicationid, work.composerid AS work_composerid, work.styleid AS work_styleid, work.description AS work_description, work.price AS work_price, work.image AS work_image 
FROM work 
WHERE work.id = ?
19:13:25,777 INFO  [sqlalchemy.engine.base.Engine.0x...1750] [u'2']
19:13:25,778 INFO  [sqlalchemy.engine.base.Engine.0x...1750] SELECT instrument.id AS instrument_id, instrument.name AS instrument_name 
FROM instrument
19:13:25,778 INFO  [sqlalchemy.engine.base.Engine.0x...1750] []
19:13:25,780 INFO  [sqlalchemy.engine.base.Engine.0x...1750] SELECT work.id AS work_id, work.title AS work_title, work.keyid AS work_keyid, work.publicationid AS work_publicationid, work.composerid AS work_composerid, work.styleid AS work_styleid, work.description AS work_description, work.price AS work_price, work.image AS work_image 
FROM work, workinstrument AS workinstrument_1 
WHERE work.id = workinstrument_1.workid AND ? = workinstrument_1.instrumentid
19:13:25,781 INFO  [sqlalchemy.engine.base.Engine.0x...1750] [1]
19:13:25,782 INFO  [sqlalchemy.engine.base.Engine.0x...1750] SELECT work.id AS work_id, work.title AS work_title, work.keyid AS work_keyid, work.publicationid AS work_publicationid, work.composerid AS work_composerid, work.styleid AS work_styleid, work.description AS work_description, work.price AS work_price, work.image AS work_image 
FROM work, workinstrument AS workinstrument_1 
WHERE work.id = workinstrument_1.workid AND ? = workinstrument_1.instrumentid
19:13:25,782 INFO  [sqlalchemy.engine.base.Engine.0x...1750] [2]
19:13:25,784 INFO  [sqlalchemy.engine.base.Engine.0x...1750] SELECT work.id AS work_id, work.title AS work_title, work.keyid AS work_keyid, work.publicationid AS work_publicationid, work.composerid AS work_composerid, work.styleid AS work_styleid, work.description AS work_description, work.price AS work_price, work.image AS work_image 
FROM work, workinstrument AS workinstrument_1 
WHERE work.id = workinstrument_1.workid AND ? = workinstrument_1.instrumentid
19:13:25,785 INFO  [sqlalchemy.engine.base.Engine.0x...1750] [3]
19:13:25,788 INFO  [sqlalchemy.engine.base.Engine.0x...1750] SELECT work.id AS work_id, work.title AS work_title, work.keyid AS work_keyid, work.publicationid AS work_publicationid, work.composerid AS work_composerid, work.styleid AS work_styleid, work.description AS work_description, work.price AS work_price, work.image AS work_image 
FROM work, workinstrument AS workinstrument_1 
WHERE work.id = workinstrument_1.workid AND ? = workinstrument_1.instrumentid
19:13:25,788 INFO  [sqlalchemy.engine.base.Engine.0x...1750] [4]
19:13:25,789 INFO  [sqlalchemy.engine.base.Engine.0x...1750] SELECT work.id AS work_id, work.title AS work_title, work.keyid AS work_keyid, work.publicationid AS work_publicationid, work.composerid AS work_composerid, work.styleid AS work_styleid, work.description AS work_description, work.price AS work_price, work.image AS work_image 
FROM work, workinstrument AS workinstrument_1 
WHERE work.id = workinstrument_1.workid AND ? = workinstrument_1.instrumentid
19:13:25,790 INFO  [sqlalchemy.engine.base.Engine.0x...1750] [5]
19:13:25,791 INFO  [sqlalchemy.engine.base.Engine.0x...1750] SELECT work.id AS work_id, work.title AS work_title, work.keyid AS work_keyid, work.publicationid AS work_publicationid, work.composerid AS work_composerid, work.styleid AS work_styleid, work.description AS work_description, work.price AS work_price, work.image AS work_image 
FROM work, workinstrument AS workinstrument_1 
WHERE work.id = workinstrument_1.workid AND ? = workinstrument_1.instrumentid
19:13:25,791 INFO  [sqlalchemy.engine.base.Engine.0x...1750] [6]
19:13:25,793 INFO  [sqlalchemy.engine.base.Engine.0x...1750] SELECT work.id AS work_id, work.title AS work_title, work.keyid AS work_keyid, work.publicationid AS work_publicationid, work.composerid AS work_composerid, work.styleid AS work_styleid, work.description AS work_description, work.price AS work_price, work.image AS work_image 
FROM work, workinstrument AS workinstrument_1 
WHERE work.id = workinstrument_1.workid AND ? = workinstrument_1.instrumentid
19:13:25,793 INFO  [sqlalchemy.engine.base.Engine.0x...1750] [7]
19:13:25,797 INFO  [sqlalchemy.engine.base.Engine.0x...1750] SELECT work.id AS work_id, work.title AS work_title, work.keyid AS work_keyid, work.publicationid AS work_publicationid, work.composerid AS work_composerid, work.styleid AS work_styleid, work.description AS work_description, work.price AS work_price, work.image AS work_image 
FROM work, workinstrument AS workinstrument_1 
WHERE work.id = workinstrument_1.workid AND ? = workinstrument_1.instrumentid
19:13:25,797 INFO  [sqlalchemy.engine.base.Engine.0x...1750] [8]
19:13:25,799 INFO  [sqlalchemy.engine.base.Engine.0x...1750] SELECT work.id AS work_id, work.title AS work_title, work.keyid AS work_keyid, work.publicationid AS work_publicationid, work.composerid AS work_composerid, work.styleid AS work_styleid, work.description AS work_description, work.price AS work_price, work.image AS work_image 
FROM work, workinstrument AS workinstrument_1 
WHERE work.id = workinstrument_1.workid AND ? = workinstrument_1.instrumentid
19:13:25,799 INFO  [sqlalchemy.engine.base.Engine.0x...1750] [9]
19:13:25,801 INFO  [sqlalchemy.engine.base.Engine.0x...1750] SELECT work.id AS work_id, work.title AS work_title, work.keyid AS work_keyid, work.publicationid AS work_publicationid, work.composerid AS work_composerid, work.styleid AS work_styleid, work.description AS work_description, work.price AS work_price, work.image AS work_image 
FROM work, workinstrument AS workinstrument_1 
WHERE work.id = workinstrument_1.workid AND ? = workinstrument_1.instrumentid
19:13:25,801 INFO  [sqlalchemy.engine.base.Engine.0x...1750] [10]
19:13:25,803 INFO  [sqlalchemy.engine.base.Engine.0x...1750] SELECT work.id AS work_id, work.title AS work_title, work.keyid AS work_keyid, work.publicationid AS work_publicationid, work.composerid AS work_composerid, work.styleid AS work_styleid, work.description AS work_description, work.price AS work_price, work.image AS work_image 
FROM work, workinstrument AS workinstrument_1 
WHERE work.id = workinstrument_1.workid AND ? = workinstrument_1.instrumentid
19:13:25,803 INFO  [sqlalchemy.engine.base.Engine.0x...1750] [11]
19:13:25,805 INFO  [sqlalchemy.engine.base.Engine.0x...1750] SELECT work.id AS work_id, work.title AS work_title, work.keyid AS work_keyid, work.publicationid AS work_publicationid, work.composerid AS work_composerid, work.styleid AS work_styleid, work.description AS work_description, work.price AS work_price, work.image AS work_image 
FROM work, workinstrument AS workinstrument_1 
WHERE work.id = workinstrument_1.workid AND ? = workinstrument_1.instrumentid
19:13:25,805 INFO  [sqlalchemy.engine.base.Engine.0x...1750] [12]
19:13:25,807 INFO  [sqlalchemy.engine.base.Engine.0x...1750] SELECT work.id AS work_id, work.title AS work_title, work.keyid AS work_keyid, work.publicationid AS work_publicationid, work.composerid AS work_composerid, work.styleid AS work_styleid, work.description AS work_description, work.price AS work_price, work.image AS work_image 
FROM work, workinstrument AS workinstrument_1 
WHERE work.id = workinstrument_1.workid AND ? = workinstrument_1.instrumentid
19:13:25,807 INFO  [sqlalchemy.engine.base.Engine.0x...1750] [13]
19:13:25,809 INFO  [sqlalchemy.engine.base.Engine.0x...1750] SELECT work.id AS work_id, work.title AS work_title, work.keyid AS work_keyid, work.publicationid AS work_publicationid, work.composerid AS work_composerid, work.styleid AS work_styleid, work.description AS work_description, work.price AS work_price, work.image AS work_image 
FROM work, workinstrument AS workinstrument_1 
WHERE work.id = workinstrument_1.workid AND ? = workinstrument_1.instrumentid
19:13:25,809 INFO  [sqlalchemy.engine.base.Engine.0x...1750] [14]
19:13:25,811 INFO  [sqlalchemy.engine.base.Engine.0x...1750] SELECT work.id AS work_id, work.title AS work_title, work.keyid AS work_keyid, work.publicationid AS work_publicationid, work.composerid AS work_composerid, work.styleid AS work_styleid, work.description AS work_description, work.price AS work_price, work.image AS work_image 
FROM work, workinstrument AS workinstrument_1 
WHERE work.id = workinstrument_1.workid AND ? = workinstrument_1.instrumentid
19:13:25,811 INFO  [sqlalchemy.engine.base.Engine.0x...1750] [15]
19:13:25,813 INFO  [sqlalchemy.engine.base.Engine.0x...1750] SELECT work.id AS work_id, work.title AS work_title, work.keyid AS work_keyid, work.publicationid AS work_publicationid, work.composerid AS work_composerid, work.styleid AS work_styleid, work.description AS work_description, work.price AS work_price, work.image AS work_image 
FROM work, workinstrument AS workinstrument_1 
WHERE work.id = workinstrument_1.workid AND ? = workinstrument_1.instrumentid
19:13:25,813 INFO  [sqlalchemy.engine.base.Engine.0x...1750] [16]
19:13:25,964 INFO  [sqlalchemy.engine.base.Engine.0x...1750] BEGIN
19:13:25,965 INFO  [sqlalchemy.engine.base.Engine.0x...1750] SELECT work.id AS work_id, work.title AS work_title, work.keyid AS work_keyid, work.publicationid AS work_publicationid, work.composerid AS work_composerid, work.styleid AS work_styleid, work.description AS work_description, work.price AS work_price, work.image AS work_image 
FROM work 
WHERE work.id = ?
19:13:25,965 INFO  [sqlalchemy.engine.base.Engine.0x...1750] [u'2']
19:13:25,966 INFO  [sqlalchemy.engine.base.Engine.0x...1750] SELECT work.id AS work_id, work.title AS work_title, work.keyid AS work_keyid, work.publicationid AS work_publicationid, work.composerid AS work_composerid, work.styleid AS work_styleid, work.description AS work_description, work.price AS work_price, work.image AS work_image 
FROM work 
WHERE work.id = ?
19:13:25,967 INFO  [sqlalchemy.engine.base.Engine.0x...1750] [u'2']
19:13:44,301 INFO  [sqlalchemy.engine.base.Engine.0x...1750] BEGIN
19:13:44,301 INFO  [sqlalchemy.engine.base.Engine.0x...1750] SELECT work.id AS work_id, work.title AS work_title, work.keyid AS work_keyid, work.publicationid AS work_publicationid, work.composerid AS work_composerid, work.styleid AS work_styleid, work.description AS work_description, work.price AS work_price, work.image AS work_image 
FROM work 
WHERE work.id = ?
19:13:44,301 INFO  [sqlalchemy.engine.base.Engine.0x...1750] [u'2']
19:13:44,303 INFO  [sqlalchemy.engine.base.Engine.0x...1750] SELECT work.id AS work_id, work.title AS work_title, work.keyid AS work_keyid, work.publicationid AS work_publicationid, work.composerid AS work_composerid, work.styleid AS work_styleid, work.description AS work_description, work.price AS work_price, work.image AS work_image 
FROM work 
WHERE work.id = ?
19:13:44,303 INFO  [sqlalchemy.engine.base.Engine.0x...1750] [u'2']
19:13:44,367 INFO  [sqlalchemy.engine.base.Engine.0x...1750] BEGIN
19:13:44,367 INFO  [sqlalchemy.engine.base.Engine.0x...1750] SELECT work.id AS work_id, work.title AS work_title, work.keyid AS work_keyid, work.publicationid AS work_publicationid, work.composerid AS work_composerid, work.styleid AS work_styleid, work.description AS work_description, work.price AS work_price, work.image AS work_image 
FROM work 
WHERE work.id = ?
19:13:44,367 INFO  [sqlalchemy.engine.base.Engine.0x...1750] [u'2']
19:13:44,369 INFO  [sqlalchemy.engine.base.Engine.0x...1750] SELECT work.id AS work_id, work.title AS work_title, work.keyid AS work_keyid, work.publicationid AS work_publicationid, work.composerid AS work_composerid, work.styleid AS work_styleid, work.description AS work_description, work.price AS work_price, work.image AS work_image 
FROM work 
WHERE work.id = ?
19:13:44,369 INFO  [sqlalchemy.engine.base.Engine.0x...1750] [u'2']
19:14:13,189 INFO  [sqlalchemy.engine.base.Engine.0x...1750] BEGIN
19:14:13,190 INFO  [sqlalchemy.engine.base.Engine.0x...1750] SELECT work.id AS work_id, work.title AS work_title, work.keyid AS work_keyid, work.publicationid AS work_publicationid, work.composerid AS work_composerid, work.styleid AS work_styleid, work.description AS work_description, work.price AS work_price, work.image AS work_image 
FROM work 
WHERE work.id = ?
19:14:13,190 INFO  [sqlalchemy.engine.base.Engine.0x...1750] [u'2']
19:14:13,191 INFO  [sqlalchemy.engine.base.Engine.0x...1750] SELECT work.id AS work_id, work.title AS work_title, work.keyid AS work_keyid, work.publicationid AS work_publicationid, work.composerid AS work_composerid, work.styleid AS work_styleid, work.description AS work_description, work.price AS work_price, work.image AS work_image 
FROM work 
WHERE work.id = ?
19:14:13,191 INFO  [sqlalchemy.engine.base.Engine.0x...1750] [u'2']
19:14:13,341 INFO  [sqlalchemy.engine.base.Engine.0x...1750] BEGIN
19:14:13,341 INFO  [sqlalchemy.engine.base.Engine.0x...1750] SELECT work.id AS work_id, work.title AS work_title, work.keyid AS work_keyid, work.publicationid AS work_publicationid, work.composerid AS work_composerid, work.styleid AS work_styleid, work.description AS work_description, work.price AS work_price, work.image AS work_image 
FROM work 
WHERE work.id = ?
19:14:13,341 INFO  [sqlalchemy.engine.base.Engine.0x...1750] [u'2']
19:14:13,343 INFO  [sqlalchemy.engine.base.Engine.0x...1750] SELECT work.id AS work_id, work.title AS work_title, work.keyid AS work_keyid, work.publicationid AS work_publicationid, work.composerid AS work_composerid, work.styleid AS work_styleid, work.description AS work_description, work.price AS work_price, work.image AS work_image 
FROM work 
WHERE work.id = ?
19:14:13,343 INFO  [sqlalchemy.engine.base.Engine.0x...1750] [u'2']
19:14:17,645 INFO  [sqlalchemy.engine.base.Engine.0x...1750] BEGIN
19:14:17,646 INFO  [sqlalchemy.engine.base.Engine.0x...1750] SELECT work.id AS work_id, work.title AS work_title, work.keyid AS work_keyid, work.publicationid AS work_publicationid, work.composerid AS work_composerid, work.styleid AS work_styleid, work.description AS work_description, work.price AS work_price, work.image AS work_image 
FROM work 
WHERE work.id = ?
19:14:17,646 INFO  [sqlalchemy.engine.base.Engine.0x...1750] [u'2']
19:14:17,647 INFO  [sqlalchemy.engine.base.Engine.0x...1750] SELECT work.id AS work_id, work.title AS work_title, work.keyid AS work_keyid, work.publicationid AS work_publicationid, work.composerid AS work_composerid, work.styleid AS work_styleid, work.description AS work_description, work.price AS work_price, work.image AS work_image 
FROM work 
WHERE work.id = ?
19:14:17,647 INFO  [sqlalchemy.engine.base.Engine.0x...1750] [u'2']
19:14:17,743 INFO  [sqlalchemy.engine.base.Engine.0x...1750] BEGIN
19:14:17,743 INFO  [sqlalchemy.engine.base.Engine.0x...1750] SELECT work.id AS work_id, work.title AS work_title, work.keyid AS work_keyid, work.publicationid AS work_publicationid, work.composerid AS work_composerid, work.styleid AS work_styleid, work.description AS work_description, work.price AS work_price, work.image AS work_image 
FROM work 
WHERE work.id = ?
19:14:17,743 INFO  [sqlalchemy.engine.base.Engine.0x...1750] [u'2']
19:14:17,745 INFO  [sqlalchemy.engine.base.Engine.0x...1750] SELECT work.id AS work_id, work.title AS work_title, work.keyid AS work_keyid, work.publicationid AS work_publicationid, work.composerid AS work_composerid, work.styleid AS work_styleid, work.description AS work_description, work.price AS work_price, work.image AS work_image 
FROM work 
WHERE work.id = ?
19:14:17,745 INFO  [sqlalchemy.engine.base.Engine.0x...1750] [u'2']
19:16:06,604 INFO  [sqlalchemy.engine.base.Engine.0x...1750] BEGIN
19:16:06,605 INFO  [sqlalchemy.engine.base.Engine.0x...1750] SELECT work.id AS work_id, work.title AS work_title, work.keyid AS work_keyid, work.publicationid AS work_publicationid, work.composerid AS work_composerid, work.styleid AS work_styleid, work.description AS work_description, work.price AS work_price, work.image AS work_image 
FROM work 
WHERE work.id = ?
19:16:06,605 INFO  [sqlalchemy.engine.base.Engine.0x...1750] [u'2']
19:16:06,606 INFO  [sqlalchemy.engine.base.Engine.0x...1750] SELECT work.id AS work_id, work.title AS work_title, work.keyid AS work_keyid, work.publicationid AS work_publicationid, work.composerid AS work_composerid, work.styleid AS work_styleid, work.description AS work_description, work.price AS work_price, work.image AS work_image 
FROM work 
WHERE work.id = ?
19:16:06,606 INFO  [sqlalchemy.engine.base.Engine.0x...1750] [u'2']
19:16:06,640 INFO  [sqlalchemy.engine.base.Engine.0x...1750] BEGIN
19:16:06,640 INFO  [sqlalchemy.engine.base.Engine.0x...1750] SELECT work.id AS work_id, work.title AS work_title, work.keyid AS work_keyid, work.publicationid AS work_publicationid, work.composerid AS work_composerid, work.styleid AS work_styleid, work.description AS work_description, work.price AS work_price, work.image AS work_image 
FROM work 
WHERE work.id = ?
19:16:06,640 INFO  [sqlalchemy.engine.base.Engine.0x...1750] [u'2']
19:16:06,643 INFO  [sqlalchemy.engine.base.Engine.0x...1750] SELECT work.id AS work_id, work.title AS work_title, work.keyid AS work_keyid, work.publicationid AS work_publicationid, work.composerid AS work_composerid, work.styleid AS work_styleid, work.description AS work_description, work.price AS work_price, work.image AS work_image 
FROM work 
WHERE work.id = ?
19:16:06,643 INFO  [sqlalchemy.engine.base.Engine.0x...1750] [u'2']
19:16:19,772 INFO  [sqlalchemy.engine.base.Engine.0x...1750] BEGIN
19:16:19,773 INFO  [sqlalchemy.engine.base.Engine.0x...1750] SELECT work.id AS work_id, work.title AS work_title, work.keyid AS work_keyid, work.publicationid AS work_publicationid, work.composerid AS work_composerid, work.styleid AS work_styleid, work.description AS work_description, work.price AS work_price, work.image AS work_image 
FROM work 
WHERE work.id = ?
19:16:19,773 INFO  [sqlalchemy.engine.base.Engine.0x...1750] [u'2']
19:16:19,775 INFO  [sqlalchemy.engine.base.Engine.0x...1750] SELECT work.id AS work_id, work.title AS work_title, work.keyid AS work_keyid, work.publicationid AS work_publicationid, work.composerid AS work_composerid, work.styleid AS work_styleid, work.description AS work_description, work.price AS work_price, work.image AS work_image 
FROM work 
WHERE work.id = ?
19:16:19,775 INFO  [sqlalchemy.engine.base.Engine.0x...1750] [u'2']
19:16:19,880 INFO  [sqlalchemy.engine.base.Engine.0x...1750] BEGIN
19:16:19,880 INFO  [sqlalchemy.engine.base.Engine.0x...1750] SELECT work.id AS work_id, work.title AS work_title, work.keyid AS work_keyid, work.publicationid AS work_publicationid, work.composerid AS work_composerid, work.styleid AS work_styleid, work.description AS work_description, work.price AS work_price, work.image AS work_image 
FROM work 
WHERE work.id = ?
19:16:19,880 INFO  [sqlalchemy.engine.base.Engine.0x...1750] [u'2']
19:16:19,882 INFO  [sqlalchemy.engine.base.Engine.0x...1750] SELECT work.id AS work_id, work.title AS work_title, work.keyid AS work_keyid, work.publicationid AS work_publicationid, work.composerid AS work_composerid, work.styleid AS work_styleid, work.description AS work_description, work.price AS work_price, work.image AS work_image 
FROM work 
WHERE work.id = ?
19:16:19,882 INFO  [sqlalchemy.engine.base.Engine.0x...1750] [u'2']
19:16:23,171 INFO  [sqlalchemy.engine.base.Engine.0x...1750] BEGIN
19:16:23,171 INFO  [sqlalchemy.engine.base.Engine.0x...1750] SELECT work.id AS work_id, work.title AS work_title, work.keyid AS work_keyid, work.publicationid AS work_publicationid, work.composerid AS work_composerid, work.styleid AS work_styleid, work.description AS work_description, work.price AS work_price, work.image AS work_image 
FROM work 
WHERE work.id = ?
19:16:23,172 INFO  [sqlalchemy.engine.base.Engine.0x...1750] [u'2']
19:16:23,173 INFO  [sqlalchemy.engine.base.Engine.0x...1750] SELECT work.id AS work_id, work.title AS work_title, work.keyid AS work_keyid, work.publicationid AS work_publicationid, work.composerid AS work_composerid, work.styleid AS work_styleid, work.description AS work_description, work.price AS work_price, work.image AS work_image 
FROM work 
WHERE work.id = ?
19:16:23,173 INFO  [sqlalchemy.engine.base.Engine.0x...1750] [u'2']
19:16:23,259 INFO  [sqlalchemy.engine.base.Engine.0x...1750] BEGIN
19:16:23,259 INFO  [sqlalchemy.engine.base.Engine.0x...1750] SELECT work.id AS work_id, work.title AS work_title, work.keyid AS work_keyid, work.publicationid AS work_publicationid, work.composerid AS work_composerid, work.styleid AS work_styleid, work.description AS work_description, work.price AS work_price, work.image AS work_image 
FROM work 
WHERE work.id = ?
19:16:23,259 INFO  [sqlalchemy.engine.base.Engine.0x...1750] [u'2']
19:16:23,261 INFO  [sqlalchemy.engine.base.Engine.0x...1750] SELECT work.id AS work_id, work.title AS work_title, work.keyid AS work_keyid, work.publicationid AS work_publicationid, work.composerid AS work_composerid, work.styleid AS work_styleid, work.description AS work_description, work.price AS work_price, work.image AS work_image 
FROM work 
WHERE work.id = ?
19:16:23,261 INFO  [sqlalchemy.engine.base.Engine.0x...1750] [u'2']
19:16:28,132 INFO  [sqlalchemy.engine.base.Engine.0x...1750] BEGIN
19:16:28,133 INFO  [sqlalchemy.engine.base.Engine.0x...1750] SELECT work.id AS work_id, work.title AS work_title, work.keyid AS work_keyid, work.publicationid AS work_publicationid, work.composerid AS work_composerid, work.styleid AS work_styleid, work.description AS work_description, work.price AS work_price, work.image AS work_image 
FROM work 
WHERE work.id = ?
19:16:28,133 INFO  [sqlalchemy.engine.base.Engine.0x...1750] [u'2']
19:16:28,135 INFO  [sqlalchemy.engine.base.Engine.0x...1750] SELECT work.id AS work_id, work.title AS work_title, work.keyid AS work_keyid, work.publicationid AS work_publicationid, work.composerid AS work_composerid, work.styleid AS work_styleid, work.description AS work_description, work.price AS work_price, work.image AS work_image 
FROM work 
WHERE work.id = ?
19:16:28,135 INFO  [sqlalchemy.engine.base.Engine.0x...1750] [u'2']
19:16:28,136 INFO  [sqlalchemy.engine.base.Engine.0x...1750] SELECT composer.id AS composer_id, composer.lastname AS composer_lastname, composer.firstname AS composer_firstname, composer.middlename AS composer_middlename, composer.bio AS composer_bio, composer.image AS composer_image 
FROM composer
19:16:28,136 INFO  [sqlalchemy.engine.base.Engine.0x...1750] []
19:16:28,185 INFO  [sqlalchemy.engine.base.Engine.0x...1750] BEGIN
19:16:28,186 INFO  [sqlalchemy.engine.base.Engine.0x...1750] SELECT work.id AS work_id, work.title AS work_title, work.keyid AS work_keyid, work.publicationid AS work_publicationid, work.composerid AS work_composerid, work.styleid AS work_styleid, work.description AS work_description, work.price AS work_price, work.image AS work_image 
FROM work 
WHERE work.id = ?
19:16:28,186 INFO  [sqlalchemy.engine.base.Engine.0x...1750] [u'2']
19:16:28,187 INFO  [sqlalchemy.engine.base.Engine.0x...1750] SELECT work.id AS work_id, work.title AS work_title, work.keyid AS work_keyid, work.publicationid AS work_publicationid, work.composerid AS work_composerid, work.styleid AS work_styleid, work.description AS work_description, work.price AS work_price, work.image AS work_image 
FROM work 
WHERE work.id = ?
19:16:28,187 INFO  [sqlalchemy.engine.base.Engine.0x...1750] [u'2']
19:16:30,498 INFO  [sqlalchemy.engine.base.Engine.0x...1750] BEGIN
19:16:30,499 INFO  [sqlalchemy.engine.base.Engine.0x...1750] SELECT work.id AS work_id, work.title AS work_title, work.keyid AS work_keyid, work.publicationid AS work_publicationid, work.composerid AS work_composerid, work.styleid AS work_styleid, work.description AS work_description, work.price AS work_price, work.image AS work_image 
FROM work 
WHERE work.id = ?
19:16:30,499 INFO  [sqlalchemy.engine.base.Engine.0x...1750] [u'2']
19:16:30,500 INFO  [sqlalchemy.engine.base.Engine.0x...1750] SELECT work.id AS work_id, work.title AS work_title, work.keyid AS work_keyid, work.publicationid AS work_publicationid, work.composerid AS work_composerid, work.styleid AS work_styleid, work.description AS work_description, work.price AS work_price, work.image AS work_image 
FROM work 
WHERE work.id = ?
19:16:30,500 INFO  [sqlalchemy.engine.base.Engine.0x...1750] [u'2']
19:16:30,528 INFO  [sqlalchemy.engine.base.Engine.0x...1750] BEGIN
19:16:30,528 INFO  [sqlalchemy.engine.base.Engine.0x...1750] SELECT work.id AS work_id, work.title AS work_title, work.keyid AS work_keyid, work.publicationid AS work_publicationid, work.composerid AS work_composerid, work.styleid AS work_styleid, work.description AS work_description, work.price AS work_price, work.image AS work_image 
FROM work 
WHERE work.id = ?
19:16:30,528 INFO  [sqlalchemy.engine.base.Engine.0x...1750] [u'2']
19:16:30,530 INFO  [sqlalchemy.engine.base.Engine.0x...1750] SELECT work.id AS work_id, work.title AS work_title, work.keyid AS work_keyid, work.publicationid AS work_publicationid, work.composerid AS work_composerid, work.styleid AS work_styleid, work.description AS work_description, work.price AS work_price, work.image AS work_image 
FROM work 
WHERE work.id = ?
19:16:30,530 INFO  [sqlalchemy.engine.base.Engine.0x...1750] [u'2']
19:16:45,947 INFO  [sqlalchemy.engine.base.Engine.0x...1750] BEGIN
19:16:45,948 INFO  [sqlalchemy.engine.base.Engine.0x...1750] SELECT work.id AS work_id, work.title AS work_title, work.keyid AS work_keyid, work.publicationid AS work_publicationid, work.composerid AS work_composerid, work.styleid AS work_styleid, work.description AS work_description, work.price AS work_price, work.image AS work_image 
FROM work 
WHERE work.id = ?
19:16:45,948 INFO  [sqlalchemy.engine.base.Engine.0x...1750] [u'2']
19:16:45,949 INFO  [sqlalchemy.engine.base.Engine.0x...1750] SELECT work.id AS work_id, work.title AS work_title, work.keyid AS work_keyid, work.publicationid AS work_publicationid, work.composerid AS work_composerid, work.styleid AS work_styleid, work.description AS work_description, work.price AS work_price, work.image AS work_image 
FROM work 
WHERE work.id = ?
19:16:45,949 INFO  [sqlalchemy.engine.base.Engine.0x...1750] [u'2']
19:16:45,951 INFO  [sqlalchemy.engine.base.Engine.0x...1750] SELECT "key".id AS key_id, "key".name AS key_name 
FROM "key"
19:16:45,951 INFO  [sqlalchemy.engine.base.Engine.0x...1750] []
19:16:45,954 INFO  [sqlalchemy.engine.base.Engine.0x...1750] SELECT work.id AS work_id, work.title AS work_title, work.keyid AS work_keyid, work.publicationid AS work_publicationid, work.composerid AS work_composerid, work.styleid AS work_styleid, work.description AS work_description, work.price AS work_price, work.image AS work_image 
FROM work 
WHERE ? = work.keyid
19:16:45,954 INFO  [sqlalchemy.engine.base.Engine.0x...1750] [1]
19:16:45,955 INFO  [sqlalchemy.engine.base.Engine.0x...1750] SELECT work.id AS work_id, work.title AS work_title, work.keyid AS work_keyid, work.publicationid AS work_publicationid, work.composerid AS work_composerid, work.styleid AS work_styleid, work.description AS work_description, work.price AS work_price, work.image AS work_image 
FROM work 
WHERE ? = work.keyid
19:16:45,955 INFO  [sqlalchemy.engine.base.Engine.0x...1750] [2]
19:16:45,956 INFO  [sqlalchemy.engine.base.Engine.0x...1750] SELECT work.id AS work_id, work.title AS work_title, work.keyid AS work_keyid, work.publicationid AS work_publicationid, work.composerid AS work_composerid, work.styleid AS work_styleid, work.description AS work_description, work.price AS work_price, work.image AS work_image 
FROM work 
WHERE ? = work.keyid
19:16:45,956 INFO  [sqlalchemy.engine.base.Engine.0x...1750] [3]
19:16:45,957 INFO  [sqlalchemy.engine.base.Engine.0x...1750] SELECT work.id AS work_id, work.title AS work_title, work.keyid AS work_keyid, work.publicationid AS work_publicationid, work.composerid AS work_composerid, work.styleid AS work_styleid, work.description AS work_description, work.price AS work_price, work.image AS work_image 
FROM work 
WHERE ? = work.keyid
19:16:45,957 INFO  [sqlalchemy.engine.base.Engine.0x...1750] [4]
19:16:45,958 INFO  [sqlalchemy.engine.base.Engine.0x...1750] SELECT work.id AS work_id, work.title AS work_title, work.keyid AS work_keyid, work.publicationid AS work_publicationid, work.composerid AS work_composerid, work.styleid AS work_styleid, work.description AS work_description, work.price AS work_price, work.image AS work_image 
FROM work 
WHERE ? = work.keyid
19:16:45,958 INFO  [sqlalchemy.engine.base.Engine.0x...1750] [5]
19:16:45,960 INFO  [sqlalchemy.engine.base.Engine.0x...1750] SELECT work.id AS work_id, work.title AS work_title, work.keyid AS work_keyid, work.publicationid AS work_publicationid, work.composerid AS work_composerid, work.styleid AS work_styleid, work.description AS work_description, work.price AS work_price, work.image AS work_image 
FROM work 
WHERE ? = work.keyid
19:16:45,960 INFO  [sqlalchemy.engine.base.Engine.0x...1750] [6]
19:16:45,961 INFO  [sqlalchemy.engine.base.Engine.0x...1750] SELECT work.id AS work_id, work.title AS work_title, work.keyid AS work_keyid, work.publicationid AS work_publicationid, work.composerid AS work_composerid, work.styleid AS work_styleid, work.description AS work_description, work.price AS work_price, work.image AS work_image 
FROM work 
WHERE ? = work.keyid
19:16:45,961 INFO  [sqlalchemy.engine.base.Engine.0x...1750] [7]
19:16:45,962 INFO  [sqlalchemy.engine.base.Engine.0x...1750] SELECT work.id AS work_id, work.title AS work_title, work.keyid AS work_keyid, work.publicationid AS work_publicationid, work.composerid AS work_composerid, work.styleid AS work_styleid, work.description AS work_description, work.price AS work_price, work.image AS work_image 
FROM work 
WHERE ? = work.keyid
19:16:45,962 INFO  [sqlalchemy.engine.base.Engine.0x...1750] [8]
19:16:45,963 INFO  [sqlalchemy.engine.base.Engine.0x...1750] SELECT work.id AS work_id, work.title AS work_title, work.keyid AS work_keyid, work.publicationid AS work_publicationid, work.composerid AS work_composerid, work.styleid AS work_styleid, work.description AS work_description, work.price AS work_price, work.image AS work_image 
FROM work 
WHERE ? = work.keyid
19:16:45,963 INFO  [sqlalchemy.engine.base.Engine.0x...1750] [9]
19:16:45,964 INFO  [sqlalchemy.engine.base.Engine.0x...1750] SELECT work.id AS work_id, work.title AS work_title, work.keyid AS work_keyid, work.publicationid AS work_publicationid, work.composerid AS work_composerid, work.styleid AS work_styleid, work.description AS work_description, work.price AS work_price, work.image AS work_image 
FROM work 
WHERE ? = work.keyid
19:16:45,964 INFO  [sqlalchemy.engine.base.Engine.0x...1750] [10]
19:16:45,965 INFO  [sqlalchemy.engine.base.Engine.0x...1750] SELECT work.id AS work_id, work.title AS work_title, work.keyid AS work_keyid, work.publicationid AS work_publicationid, work.composerid AS work_composerid, work.styleid AS work_styleid, work.description AS work_description, work.price AS work_price, work.image AS work_image 
FROM work 
WHERE ? = work.keyid
19:16:45,965 INFO  [sqlalchemy.engine.base.Engine.0x...1750] [11]
19:16:45,966 INFO  [sqlalchemy.engine.base.Engine.0x...1750] SELECT work.id AS work_id, work.title AS work_title, work.keyid AS work_keyid, work.publicationid AS work_publicationid, work.composerid AS work_composerid, work.styleid AS work_styleid, work.description AS work_description, work.price AS work_price, work.image AS work_image 
FROM work 
WHERE ? = work.keyid
19:16:45,967 INFO  [sqlalchemy.engine.base.Engine.0x...1750] [12]
19:16:45,968 INFO  [sqlalchemy.engine.base.Engine.0x...1750] SELECT work.id AS work_id, work.title AS work_title, work.keyid AS work_keyid, work.publicationid AS work_publicationid, work.composerid AS work_composerid, work.styleid AS work_styleid, work.description AS work_description, work.price AS work_price, work.image AS work_image 
FROM work 
WHERE ? = work.keyid
19:16:45,968 INFO  [sqlalchemy.engine.base.Engine.0x...1750] [13]
19:16:45,969 INFO  [sqlalchemy.engine.base.Engine.0x...1750] SELECT work.id AS work_id, work.title AS work_title, work.keyid AS work_keyid, work.publicationid AS work_publicationid, work.composerid AS work_composerid, work.styleid AS work_styleid, work.description AS work_description, work.price AS work_price, work.image AS work_image 
FROM work 
WHERE ? = work.keyid
19:16:45,969 INFO  [sqlalchemy.engine.base.Engine.0x...1750] [14]
19:16:45,970 INFO  [sqlalchemy.engine.base.Engine.0x...1750] SELECT work.id AS work_id, work.title AS work_title, work.keyid AS work_keyid, work.publicationid AS work_publicationid, work.composerid AS work_composerid, work.styleid AS work_styleid, work.description AS work_description, work.price AS work_price, work.image AS work_image 
FROM work 
WHERE ? = work.keyid
19:16:45,970 INFO  [sqlalchemy.engine.base.Engine.0x...1750] [15]
19:16:45,971 INFO  [sqlalchemy.engine.base.Engine.0x...1750] SELECT work.id AS work_id, work.title AS work_title, work.keyid AS work_keyid, work.publicationid AS work_publicationid, work.composerid AS work_composerid, work.styleid AS work_styleid, work.description AS work_description, work.price AS work_price, work.image AS work_image 
FROM work 
WHERE ? = work.keyid
19:16:45,971 INFO  [sqlalchemy.engine.base.Engine.0x...1750] [16]
19:16:45,972 INFO  [sqlalchemy.engine.base.Engine.0x...1750] SELECT work.id AS work_id, work.title AS work_title, work.keyid AS work_keyid, work.publicationid AS work_publicationid, work.composerid AS work_composerid, work.styleid AS work_styleid, work.description AS work_description, work.price AS work_price, work.image AS work_image 
FROM work 
WHERE ? = work.keyid
19:16:45,972 INFO  [sqlalchemy.engine.base.Engine.0x...1750] [17]
19:16:45,974 INFO  [sqlalchemy.engine.base.Engine.0x...1750] SELECT work.id AS work_id, work.title AS work_title, work.keyid AS work_keyid, work.publicationid AS work_publicationid, work.composerid AS work_composerid, work.styleid AS work_styleid, work.description AS work_description, work.price AS work_price, work.image AS work_image 
FROM work 
WHERE ? = work.keyid
19:16:45,974 INFO  [sqlalchemy.engine.base.Engine.0x...1750] [18]
19:16:45,975 INFO  [sqlalchemy.engine.base.Engine.0x...1750] SELECT work.id AS work_id, work.title AS work_title, work.keyid AS work_keyid, work.publicationid AS work_publicationid, work.composerid AS work_composerid, work.styleid AS work_styleid, work.description AS work_description, work.price AS work_price, work.image AS work_image 
FROM work 
WHERE ? = work.keyid
19:16:45,975 INFO  [sqlalchemy.engine.base.Engine.0x...1750] [19]
19:16:45,976 INFO  [sqlalchemy.engine.base.Engine.0x...1750] SELECT work.id AS work_id, work.title AS work_title, work.keyid AS work_keyid, work.publicationid AS work_publicationid, work.composerid AS work_composerid, work.styleid AS work_styleid, work.description AS work_description, work.price AS work_price, work.image AS work_image 
FROM work 
WHERE ? = work.keyid
19:16:45,976 INFO  [sqlalchemy.engine.base.Engine.0x...1750] [20]
19:16:45,977 INFO  [sqlalchemy.engine.base.Engine.0x...1750] SELECT work.id AS work_id, work.title AS work_title, work.keyid AS work_keyid, work.publicationid AS work_publicationid, work.composerid AS work_composerid, work.styleid AS work_styleid, work.description AS work_description, work.price AS work_price, work.image AS work_image 
FROM work 
WHERE ? = work.keyid
19:16:45,977 INFO  [sqlalchemy.engine.base.Engine.0x...1750] [21]
19:16:45,978 INFO  [sqlalchemy.engine.base.Engine.0x...1750] SELECT work.id AS work_id, work.title AS work_title, work.keyid AS work_keyid, work.publicationid AS work_publicationid, work.composerid AS work_composerid, work.styleid AS work_styleid, work.description AS work_description, work.price AS work_price, work.image AS work_image 
FROM work 
WHERE ? = work.keyid
19:16:45,978 INFO  [sqlalchemy.engine.base.Engine.0x...1750] [22]
19:16:45,979 INFO  [sqlalchemy.engine.base.Engine.0x...1750] SELECT work.id AS work_id, work.title AS work_title, work.keyid AS work_keyid, work.publicationid AS work_publicationid, work.composerid AS work_composerid, work.styleid AS work_styleid, work.description AS work_description, work.price AS work_price, work.image AS work_image 
FROM work 
WHERE ? = work.keyid
19:16:45,979 INFO  [sqlalchemy.engine.base.Engine.0x...1750] [23]
19:16:45,980 INFO  [sqlalchemy.engine.base.Engine.0x...1750] SELECT work.id AS work_id, work.title AS work_title, work.keyid AS work_keyid, work.publicationid AS work_publicationid, work.composerid AS work_composerid, work.styleid AS work_styleid, work.description AS work_description, work.price AS work_price, work.image AS work_image 
FROM work 
WHERE ? = work.keyid
19:16:45,980 INFO  [sqlalchemy.engine.base.Engine.0x...1750] [24]
19:16:45,981 INFO  [sqlalchemy.engine.base.Engine.0x...1750] SELECT work.id AS work_id, work.title AS work_title, work.keyid AS work_keyid, work.publicationid AS work_publicationid, work.composerid AS work_composerid, work.styleid AS work_styleid, work.description AS work_description, work.price AS work_price, work.image AS work_image 
FROM work 
WHERE ? = work.keyid
19:16:45,981 INFO  [sqlalchemy.engine.base.Engine.0x...1750] [25]
19:16:45,982 INFO  [sqlalchemy.engine.base.Engine.0x...1750] SELECT work.id AS work_id, work.title AS work_title, work.keyid AS work_keyid, work.publicationid AS work_publicationid, work.composerid AS work_composerid, work.styleid AS work_styleid, work.description AS work_description, work.price AS work_price, work.image AS work_image 
FROM work 
WHERE ? = work.keyid
19:16:45,982 INFO  [sqlalchemy.engine.base.Engine.0x...1750] [26]
19:16:45,983 INFO  [sqlalchemy.engine.base.Engine.0x...1750] SELECT work.id AS work_id, work.title AS work_title, work.keyid AS work_keyid, work.publicationid AS work_publicationid, work.composerid AS work_composerid, work.styleid AS work_styleid, work.description AS work_description, work.price AS work_price, work.image AS work_image 
FROM work 
WHERE ? = work.keyid
19:16:45,984 INFO  [sqlalchemy.engine.base.Engine.0x...1750] [27]
19:16:45,984 INFO  [sqlalchemy.engine.base.Engine.0x...1750] SELECT work.id AS work_id, work.title AS work_title, work.keyid AS work_keyid, work.publicationid AS work_publicationid, work.composerid AS work_composerid, work.styleid AS work_styleid, work.description AS work_description, work.price AS work_price, work.image AS work_image 
FROM work 
WHERE ? = work.keyid
19:16:45,985 INFO  [sqlalchemy.engine.base.Engine.0x...1750] [28]
19:16:45,986 INFO  [sqlalchemy.engine.base.Engine.0x...1750] SELECT work.id AS work_id, work.title AS work_title, work.keyid AS work_keyid, work.publicationid AS work_publicationid, work.composerid AS work_composerid, work.styleid AS work_styleid, work.description AS work_description, work.price AS work_price, work.image AS work_image 
FROM work 
WHERE ? = work.keyid
19:16:45,986 INFO  [sqlalchemy.engine.base.Engine.0x...1750] [29]
19:16:45,987 INFO  [sqlalchemy.engine.base.Engine.0x...1750] SELECT work.id AS work_id, work.title AS work_title, work.keyid AS work_keyid, work.publicationid AS work_publicationid, work.composerid AS work_composerid, work.styleid AS work_styleid, work.description AS work_description, work.price AS work_price, work.image AS work_image 
FROM work 
WHERE ? = work.keyid
19:16:45,987 INFO  [sqlalchemy.engine.base.Engine.0x...1750] [30]
19:16:45,988 INFO  [sqlalchemy.engine.base.Engine.0x...1750] SELECT work.id AS work_id, work.title AS work_title, work.keyid AS work_keyid, work.publicationid AS work_publicationid, work.composerid AS work_composerid, work.styleid AS work_styleid, work.description AS work_description, work.price AS work_price, work.image AS work_image 
FROM work 
WHERE ? = work.keyid
19:16:45,988 INFO  [sqlalchemy.engine.base.Engine.0x...1750] [31]
19:16:45,989 INFO  [sqlalchemy.engine.base.Engine.0x...1750] SELECT work.id AS work_id, work.title AS work_title, work.keyid AS work_keyid, work.publicationid AS work_publicationid, work.composerid AS work_composerid, work.styleid AS work_styleid, work.description AS work_description, work.price AS work_price, work.image AS work_image 
FROM work 
WHERE ? = work.keyid
19:16:45,989 INFO  [sqlalchemy.engine.base.Engine.0x...1750] [32]
19:16:45,990 INFO  [sqlalchemy.engine.base.Engine.0x...1750] SELECT work.id AS work_id, work.title AS work_title, work.keyid AS work_keyid, work.publicationid AS work_publicationid, work.composerid AS work_composerid, work.styleid AS work_styleid, work.description AS work_description, work.price AS work_price, work.image AS work_image 
FROM work 
WHERE ? = work.keyid
19:16:45,990 INFO  [sqlalchemy.engine.base.Engine.0x...1750] [33]
19:16:45,991 INFO  [sqlalchemy.engine.base.Engine.0x...1750] SELECT work.id AS work_id, work.title AS work_title, work.keyid AS work_keyid, work.publicationid AS work_publicationid, work.composerid AS work_composerid, work.styleid AS work_styleid, work.description AS work_description, work.price AS work_price, work.image AS work_image 
FROM work 
WHERE ? = work.keyid
19:16:45,992 INFO  [sqlalchemy.engine.base.Engine.0x...1750] [34]
19:16:45,993 INFO  [sqlalchemy.engine.base.Engine.0x...1750] SELECT work.id AS work_id, work.title AS work_title, work.keyid AS work_keyid, work.publicationid AS work_publicationid, work.composerid AS work_composerid, work.styleid AS work_styleid, work.description AS work_description, work.price AS work_price, work.image AS work_image 
FROM work 
WHERE ? = work.keyid
19:16:45,993 INFO  [sqlalchemy.engine.base.Engine.0x...1750] [35]
19:16:45,994 INFO  [sqlalchemy.engine.base.Engine.0x...1750] SELECT work.id AS work_id, work.title AS work_title, work.keyid AS work_keyid, work.publicationid AS work_publicationid, work.composerid AS work_composerid, work.styleid AS work_styleid, work.description AS work_description, work.price AS work_price, work.image AS work_image 
FROM work 
WHERE ? = work.keyid
19:16:45,994 INFO  [sqlalchemy.engine.base.Engine.0x...1750] [36]
19:16:45,995 INFO  [sqlalchemy.engine.base.Engine.0x...1750] SELECT work.id AS work_id, work.title AS work_title, work.keyid AS work_keyid, work.publicationid AS work_publicationid, work.composerid AS work_composerid, work.styleid AS work_styleid, work.description AS work_description, work.price AS work_price, work.image AS work_image 
FROM work 
WHERE ? = work.keyid
19:16:45,995 INFO  [sqlalchemy.engine.base.Engine.0x...1750] [37]
19:16:45,996 INFO  [sqlalchemy.engine.base.Engine.0x...1750] SELECT work.id AS work_id, work.title AS work_title, work.keyid AS work_keyid, work.publicationid AS work_publicationid, work.composerid AS work_composerid, work.styleid AS work_styleid, work.description AS work_description, work.price AS work_price, work.image AS work_image 
FROM work 
WHERE ? = work.keyid
19:16:45,996 INFO  [sqlalchemy.engine.base.Engine.0x...1750] [38]
19:16:45,997 INFO  [sqlalchemy.engine.base.Engine.0x...1750] SELECT work.id AS work_id, work.title AS work_title, work.keyid AS work_keyid, work.publicationid AS work_publicationid, work.composerid AS work_composerid, work.styleid AS work_styleid, work.description AS work_description, work.price AS work_price, work.image AS work_image 
FROM work 
WHERE ? = work.keyid
19:16:45,997 INFO  [sqlalchemy.engine.base.Engine.0x...1750] [39]
19:16:45,998 INFO  [sqlalchemy.engine.base.Engine.0x...1750] SELECT work.id AS work_id, work.title AS work_title, work.keyid AS work_keyid, work.publicationid AS work_publicationid, work.composerid AS work_composerid, work.styleid AS work_styleid, work.description AS work_description, work.price AS work_price, work.image AS work_image 
FROM work 
WHERE ? = work.keyid
19:16:45,998 INFO  [sqlalchemy.engine.base.Engine.0x...1750] [40]
19:16:45,999 INFO  [sqlalchemy.engine.base.Engine.0x...1750] SELECT work.id AS work_id, work.title AS work_title, work.keyid AS work_keyid, work.publicationid AS work_publicationid, work.composerid AS work_composerid, work.styleid AS work_styleid, work.description AS work_description, work.price AS work_price, work.image AS work_image 
FROM work 
WHERE ? = work.keyid
19:16:45,999 INFO  [sqlalchemy.engine.base.Engine.0x...1750] [41]
19:16:46,000 INFO  [sqlalchemy.engine.base.Engine.0x...1750] SELECT work.id AS work_id, work.title AS work_title, work.keyid AS work_keyid, work.publicationid AS work_publicationid, work.composerid AS work_composerid, work.styleid AS work_styleid, work.description AS work_description, work.price AS work_price, work.image AS work_image 
FROM work 
WHERE ? = work.keyid
19:16:46,000 INFO  [sqlalchemy.engine.base.Engine.0x...1750] [42]
19:16:46,042 INFO  [sqlalchemy.engine.base.Engine.0x...1750] BEGIN
19:16:46,043 INFO  [sqlalchemy.engine.base.Engine.0x...1750] SELECT work.id AS work_id, work.title AS work_title, work.keyid AS work_keyid, work.publicationid AS work_publicationid, work.composerid AS work_composerid, work.styleid AS work_styleid, work.description AS work_description, work.price AS work_price, work.image AS work_image 
FROM work 
WHERE work.id = ?
19:16:46,043 INFO  [sqlalchemy.engine.base.Engine.0x...1750] [u'2']
19:16:46,044 INFO  [sqlalchemy.engine.base.Engine.0x...1750] SELECT work.id AS work_id, work.title AS work_title, work.keyid AS work_keyid, work.publicationid AS work_publicationid, work.composerid AS work_composerid, work.styleid AS work_styleid, work.description AS work_description, work.price AS work_price, work.image AS work_image 
FROM work 
WHERE work.id = ?
19:16:46,044 INFO  [sqlalchemy.engine.base.Engine.0x...1750] [u'2']
19:16:49,311 INFO  [sqlalchemy.engine.base.Engine.0x...1750] BEGIN
19:16:49,312 INFO  [sqlalchemy.engine.base.Engine.0x...1750] SELECT work.id AS work_id, work.title AS work_title, work.keyid AS work_keyid, work.publicationid AS work_publicationid, work.composerid AS work_composerid, work.styleid AS work_styleid, work.description AS work_description, work.price AS work_price, work.image AS work_image 
FROM work 
WHERE work.id = ?
19:16:49,312 INFO  [sqlalchemy.engine.base.Engine.0x...1750] [u'2']
19:16:49,314 INFO  [sqlalchemy.engine.base.Engine.0x...1750] SELECT work.id AS work_id, work.title AS work_title, work.keyid AS work_keyid, work.publicationid AS work_publicationid, work.composerid AS work_composerid, work.styleid AS work_styleid, work.description AS work_description, work.price AS work_price, work.image AS work_image 
FROM work 
WHERE work.id = ?
19:16:49,314 INFO  [sqlalchemy.engine.base.Engine.0x...1750] [u'2']
19:16:49,349 INFO  [sqlalchemy.engine.base.Engine.0x...1750] BEGIN
19:16:49,350 INFO  [sqlalchemy.engine.base.Engine.0x...1750] SELECT work.id AS work_id, work.title AS work_title, work.keyid AS work_keyid, work.publicationid AS work_publicationid, work.composerid AS work_composerid, work.styleid AS work_styleid, work.description AS work_description, work.price AS work_price, work.image AS work_image 
FROM work 
WHERE work.id = ?
19:16:49,350 INFO  [sqlalchemy.engine.base.Engine.0x...1750] [u'2']
19:16:49,352 INFO  [sqlalchemy.engine.base.Engine.0x...1750] SELECT work.id AS work_id, work.title AS work_title, work.keyid AS work_keyid, work.publicationid AS work_publicationid, work.composerid AS work_composerid, work.styleid AS work_styleid, work.description AS work_description, work.price AS work_price, work.image AS work_image 
FROM work 
WHERE work.id = ?
19:16:49,352 INFO  [sqlalchemy.engine.base.Engine.0x...1750] [u'2']
19:30:02,519 INFO  [sqlalchemy.engine.base.Engine.0x...1750] BEGIN
19:30:02,520 INFO  [sqlalchemy.engine.base.Engine.0x...1750] SELECT work.id AS work_id, work.title AS work_title, work.keyid AS work_keyid, work.publicationid AS work_publicationid, work.composerid AS work_composerid, work.styleid AS work_styleid, work.description AS work_description, work.price AS work_price, work.image AS work_image 
FROM work 
WHERE work.id = ?
19:30:02,520 INFO  [sqlalchemy.engine.base.Engine.0x...1750] [u'2']
19:30:02,522 INFO  [sqlalchemy.engine.base.Engine.0x...1750] SELECT work.id AS work_id, work.title AS work_title, work.keyid AS work_keyid, work.publicationid AS work_publicationid, work.composerid AS work_composerid, work.styleid AS work_styleid, work.description AS work_description, work.price AS work_price, work.image AS work_image 
FROM work 
WHERE work.id = ?
19:30:02,522 INFO  [sqlalchemy.engine.base.Engine.0x...1750] [u'2']
19:30:02,630 INFO  [sqlalchemy.engine.base.Engine.0x...1750] BEGIN
19:30:02,630 INFO  [sqlalchemy.engine.base.Engine.0x...1750] SELECT work.id AS work_id, work.title AS work_title, work.keyid AS work_keyid, work.publicationid AS work_publicationid, work.composerid AS work_composerid, work.styleid AS work_styleid, work.description AS work_description, work.price AS work_price, work.image AS work_image 
FROM work 
WHERE work.id = ?
19:30:02,630 INFO  [sqlalchemy.engine.base.Engine.0x...1750] [u'2']
19:30:02,632 INFO  [sqlalchemy.engine.base.Engine.0x...1750] SELECT work.id AS work_id, work.title AS work_title, work.keyid AS work_keyid, work.publicationid AS work_publicationid, work.composerid AS work_composerid, work.styleid AS work_styleid, work.description AS work_description, work.price AS work_price, work.image AS work_image 
FROM work 
WHERE work.id = ?
19:30:02,632 INFO  [sqlalchemy.engine.base.Engine.0x...1750] [u'2']
19:30:05,113 INFO  [sqlalchemy.engine.base.Engine.0x...1750] BEGIN
19:30:05,114 INFO  [sqlalchemy.engine.base.Engine.0x...1750] SELECT work.id AS work_id, work.title AS work_title, work.keyid AS work_keyid, work.publicationid AS work_publicationid, work.composerid AS work_composerid, work.styleid AS work_styleid, work.description AS work_description, work.price AS work_price, work.image AS work_image 
FROM work 
WHERE work.id = ?
19:30:05,114 INFO  [sqlalchemy.engine.base.Engine.0x...1750] [u'2']
19:30:05,116 INFO  [sqlalchemy.engine.base.Engine.0x...1750] SELECT work.id AS work_id, work.title AS work_title, work.keyid AS work_keyid, work.publicationid AS work_publicationid, work.composerid AS work_composerid, work.styleid AS work_styleid, work.description AS work_description, work.price AS work_price, work.image AS work_image 
FROM work 
WHERE work.id = ?
19:30:05,116 INFO  [sqlalchemy.engine.base.Engine.0x...1750] [u'2']
19:30:05,146 INFO  [sqlalchemy.engine.base.Engine.0x...1750] BEGIN
19:30:05,146 INFO  [sqlalchemy.engine.base.Engine.0x...1750] SELECT work.id AS work_id, work.title AS work_title, work.keyid AS work_keyid, work.publicationid AS work_publicationid, work.composerid AS work_composerid, work.styleid AS work_styleid, work.description AS work_description, work.price AS work_price, work.image AS work_image 
FROM work 
WHERE work.id = ?
19:30:05,146 INFO  [sqlalchemy.engine.base.Engine.0x...1750] [u'2']
19:30:05,148 INFO  [sqlalchemy.engine.base.Engine.0x...1750] SELECT work.id AS work_id, work.title AS work_title, work.keyid AS work_keyid, work.publicationid AS work_publicationid, work.composerid AS work_composerid, work.styleid AS work_styleid, work.description AS work_description, work.price AS work_price, work.image AS work_image 
FROM work 
WHERE work.id = ?
19:30:05,148 INFO  [sqlalchemy.engine.base.Engine.0x...1750] [u'2']
19:30:06,998 INFO  [sqlalchemy.engine.base.Engine.0x...1750] BEGIN
19:30:06,999 INFO  [sqlalchemy.engine.base.Engine.0x...1750] SELECT work.id AS work_id, work.title AS work_title, work.keyid AS work_keyid, work.publicationid AS work_publicationid, work.composerid AS work_composerid, work.styleid AS work_styleid, work.description AS work_description, work.price AS work_price, work.image AS work_image 
FROM work 
WHERE work.id = ?
19:30:06,999 INFO  [sqlalchemy.engine.base.Engine.0x...1750] [u'2']
19:30:07,001 INFO  [sqlalchemy.engine.base.Engine.0x...1750] SELECT work.id AS work_id, work.title AS work_title, work.keyid AS work_keyid, work.publicationid AS work_publicationid, work.composerid AS work_composerid, work.styleid AS work_styleid, work.description AS work_description, work.price AS work_price, work.image AS work_image 
FROM work 
WHERE work.id = ?
19:30:07,001 INFO  [sqlalchemy.engine.base.Engine.0x...1750] [u'2']
19:30:07,070 INFO  [sqlalchemy.engine.base.Engine.0x...1750] BEGIN
19:30:07,071 INFO  [sqlalchemy.engine.base.Engine.0x...1750] SELECT work.id AS work_id, work.title AS work_title, work.keyid AS work_keyid, work.publicationid AS work_publicationid, work.composerid AS work_composerid, work.styleid AS work_styleid, work.description AS work_description, work.price AS work_price, work.image AS work_image 
FROM work 
WHERE work.id = ?
19:30:07,071 INFO  [sqlalchemy.engine.base.Engine.0x...1750] [u'2']
19:30:07,072 INFO  [sqlalchemy.engine.base.Engine.0x...1750] SELECT work.id AS work_id, work.title AS work_title, work.keyid AS work_keyid, work.publicationid AS work_publicationid, work.composerid AS work_composerid, work.styleid AS work_styleid, work.description AS work_description, work.price AS work_price, work.image AS work_image 
FROM work 
WHERE work.id = ?
19:30:07,073 INFO  [sqlalchemy.engine.base.Engine.0x...1750] [u'2']
19:31:13,642 INFO  [sqlalchemy.engine.base.Engine.0x...1750] BEGIN
19:31:13,642 INFO  [sqlalchemy.engine.base.Engine.0x...1750] SELECT work.id AS work_id, work.title AS work_title, work.keyid AS work_keyid, work.publicationid AS work_publicationid, work.composerid AS work_composerid, work.styleid AS work_styleid, work.description AS work_description, work.price AS work_price, work.image AS work_image 
FROM work 
WHERE work.id = ?
19:31:13,642 INFO  [sqlalchemy.engine.base.Engine.0x...1750] [u'2']
19:31:13,644 INFO  [sqlalchemy.engine.base.Engine.0x...1750] SELECT work.id AS work_id, work.title AS work_title, work.keyid AS work_keyid, work.publicationid AS work_publicationid, work.composerid AS work_composerid, work.styleid AS work_styleid, work.description AS work_description, work.price AS work_price, work.image AS work_image 
FROM work 
WHERE work.id = ?
19:31:13,644 INFO  [sqlalchemy.engine.base.Engine.0x...1750] [u'2']
19:31:13,675 INFO  [sqlalchemy.engine.base.Engine.0x...1750] BEGIN
19:31:13,676 INFO  [sqlalchemy.engine.base.Engine.0x...1750] SELECT work.id AS work_id, work.title AS work_title, work.keyid AS work_keyid, work.publicationid AS work_publicationid, work.composerid AS work_composerid, work.styleid AS work_styleid, work.description AS work_description, work.price AS work_price, work.image AS work_image 
FROM work 
WHERE work.id = ?
19:31:13,676 INFO  [sqlalchemy.engine.base.Engine.0x...1750] [u'2']
19:31:13,678 INFO  [sqlalchemy.engine.base.Engine.0x...1750] SELECT work.id AS work_id, work.title AS work_title, work.keyid AS work_keyid, work.publicationid AS work_publicationid, work.composerid AS work_composerid, work.styleid AS work_styleid, work.description AS work_description, work.price AS work_price, work.image AS work_image 
FROM work 
WHERE work.id = ?
19:31:13,678 INFO  [sqlalchemy.engine.base.Engine.0x...1750] [u'2']
19:31:15,462 INFO  [sqlalchemy.engine.base.Engine.0x...1750] BEGIN
19:31:15,462 INFO  [sqlalchemy.engine.base.Engine.0x...1750] SELECT work.id AS work_id, work.title AS work_title, work.keyid AS work_keyid, work.publicationid AS work_publicationid, work.composerid AS work_composerid, work.styleid AS work_styleid, work.description AS work_description, work.price AS work_price, work.image AS work_image 
FROM work 
WHERE work.id = ?
19:31:15,462 INFO  [sqlalchemy.engine.base.Engine.0x...1750] [u'2']
19:31:15,464 INFO  [sqlalchemy.engine.base.Engine.0x...1750] SELECT work.id AS work_id, work.title AS work_title, work.keyid AS work_keyid, work.publicationid AS work_publicationid, work.composerid AS work_composerid, work.styleid AS work_styleid, work.description AS work_description, work.price AS work_price, work.image AS work_image 
FROM work 
WHERE work.id = ?
19:31:15,464 INFO  [sqlalchemy.engine.base.Engine.0x...1750] [u'2']
19:31:15,493 INFO  [sqlalchemy.engine.base.Engine.0x...1750] BEGIN
19:31:15,493 INFO  [sqlalchemy.engine.base.Engine.0x...1750] SELECT work.id AS work_id, work.title AS work_title, work.keyid AS work_keyid, work.publicationid AS work_publicationid, work.composerid AS work_composerid, work.styleid AS work_styleid, work.description AS work_description, work.price AS work_price, work.image AS work_image 
FROM work 
WHERE work.id = ?
19:31:15,493 INFO  [sqlalchemy.engine.base.Engine.0x...1750] [u'2']
19:31:15,495 INFO  [sqlalchemy.engine.base.Engine.0x...1750] SELECT work.id AS work_id, work.title AS work_title, work.keyid AS work_keyid, work.publicationid AS work_publicationid, work.composerid AS work_composerid, work.styleid AS work_styleid, work.description AS work_description, work.price AS work_price, work.image AS work_image 
FROM work 
WHERE work.id = ?
19:31:15,495 INFO  [sqlalchemy.engine.base.Engine.0x...1750] [u'2']
19:31:18,096 INFO  [sqlalchemy.engine.base.Engine.0x...1750] BEGIN
19:31:18,096 INFO  [sqlalchemy.engine.base.Engine.0x...1750] SELECT work.id AS work_id, work.title AS work_title, work.keyid AS work_keyid, work.publicationid AS work_publicationid, work.composerid AS work_composerid, work.styleid AS work_styleid, work.description AS work_description, work.price AS work_price, work.image AS work_image 
FROM work 
WHERE work.id = ?
19:31:18,096 INFO  [sqlalchemy.engine.base.Engine.0x...1750] [u'2']
19:31:18,098 INFO  [sqlalchemy.engine.base.Engine.0x...1750] SELECT work.id AS work_id, work.title AS work_title, work.keyid AS work_keyid, work.publicationid AS work_publicationid, work.composerid AS work_composerid, work.styleid AS work_styleid, work.description AS work_description, work.price AS work_price, work.image AS work_image 
FROM work 
WHERE work.id = ?
19:31:18,098 INFO  [sqlalchemy.engine.base.Engine.0x...1750] [u'2']
19:31:18,127 INFO  [sqlalchemy.engine.base.Engine.0x...1750] BEGIN
19:31:18,128 INFO  [sqlalchemy.engine.base.Engine.0x...1750] SELECT work.id AS work_id, work.title AS work_title, work.keyid AS work_keyid, work.publicationid AS work_publicationid, work.composerid AS work_composerid, work.styleid AS work_styleid, work.description AS work_description, work.price AS work_price, work.image AS work_image 
FROM work 
WHERE work.id = ?
19:31:18,128 INFO  [sqlalchemy.engine.base.Engine.0x...1750] [u'2']
19:31:18,129 INFO  [sqlalchemy.engine.base.Engine.0x...1750] SELECT work.id AS work_id, work.title AS work_title, work.keyid AS work_keyid, work.publicationid AS work_publicationid, work.composerid AS work_composerid, work.styleid AS work_styleid, work.description AS work_description, work.price AS work_price, work.image AS work_image 
FROM work 
WHERE work.id = ?
19:31:18,129 INFO  [sqlalchemy.engine.base.Engine.0x...1750] [u'2']
19:31:20,240 INFO  [sqlalchemy.engine.base.Engine.0x...1750] BEGIN
19:31:20,240 INFO  [sqlalchemy.engine.base.Engine.0x...1750] SELECT work.id AS work_id, work.title AS work_title, work.keyid AS work_keyid, work.publicationid AS work_publicationid, work.composerid AS work_composerid, work.styleid AS work_styleid, work.description AS work_description, work.price AS work_price, work.image AS work_image 
FROM work 
WHERE work.id = ?
19:31:20,240 INFO  [sqlalchemy.engine.base.Engine.0x...1750] [u'2']
19:31:20,242 INFO  [sqlalchemy.engine.base.Engine.0x...1750] SELECT work.id AS work_id, work.title AS work_title, work.keyid AS work_keyid, work.publicationid AS work_publicationid, work.composerid AS work_composerid, work.styleid AS work_styleid, work.description AS work_description, work.price AS work_price, work.image AS work_image 
FROM work 
WHERE work.id = ?
19:31:20,242 INFO  [sqlalchemy.engine.base.Engine.0x...1750] [u'2']
19:31:20,270 INFO  [sqlalchemy.engine.base.Engine.0x...1750] BEGIN
19:31:20,271 INFO  [sqlalchemy.engine.base.Engine.0x...1750] SELECT work.id AS work_id, work.title AS work_title, work.keyid AS work_keyid, work.publicationid AS work_publicationid, work.composerid AS work_composerid, work.styleid AS work_styleid, work.description AS work_description, work.price AS work_price, work.image AS work_image 
FROM work 
WHERE work.id = ?
19:31:20,271 INFO  [sqlalchemy.engine.base.Engine.0x...1750] [u'2']
19:31:20,272 INFO  [sqlalchemy.engine.base.Engine.0x...1750] SELECT work.id AS work_id, work.title AS work_title, work.keyid AS work_keyid, work.publicationid AS work_publicationid, work.composerid AS work_composerid, work.styleid AS work_styleid, work.description AS work_description, work.price AS work_price, work.image AS work_image 
FROM work 
WHERE work.id = ?
19:31:20,272 INFO  [sqlalchemy.engine.base.Engine.0x...1750] [u'2']
19:31:32,144 INFO  [sqlalchemy.engine.base.Engine.0x...1750] BEGIN
19:31:32,145 INFO  [sqlalchemy.engine.base.Engine.0x...1750] SELECT work.id AS work_id, work.title AS work_title, work.keyid AS work_keyid, work.publicationid AS work_publicationid, work.composerid AS work_composerid, work.styleid AS work_styleid, work.description AS work_description, work.price AS work_price, work.image AS work_image 
FROM work 
WHERE work.id = ?
19:31:32,145 INFO  [sqlalchemy.engine.base.Engine.0x...1750] [u'2']
19:31:32,146 INFO  [sqlalchemy.engine.base.Engine.0x...1750] SELECT work.id AS work_id, work.title AS work_title, work.keyid AS work_keyid, work.publicationid AS work_publicationid, work.composerid AS work_composerid, work.styleid AS work_styleid, work.description AS work_description, work.price AS work_price, work.image AS work_image 
FROM work 
WHERE work.id = ?
19:31:32,146 INFO  [sqlalchemy.engine.base.Engine.0x...1750] [u'2']
19:31:32,183 INFO  [sqlalchemy.engine.base.Engine.0x...1750] BEGIN
19:31:32,183 INFO  [sqlalchemy.engine.base.Engine.0x...1750] SELECT work.id AS work_id, work.title AS work_title, work.keyid AS work_keyid, work.publicationid AS work_publicationid, work.composerid AS work_composerid, work.styleid AS work_styleid, work.description AS work_description, work.price AS work_price, work.image AS work_image 
FROM work 
WHERE work.id = ?
19:31:32,183 INFO  [sqlalchemy.engine.base.Engine.0x...1750] [u'2']
19:31:32,185 INFO  [sqlalchemy.engine.base.Engine.0x...1750] SELECT work.id AS work_id, work.title AS work_title, work.keyid AS work_keyid, work.publicationid AS work_publicationid, work.composerid AS work_composerid, work.styleid AS work_styleid, work.description AS work_description, work.price AS work_price, work.image AS work_image 
FROM work 
WHERE work.id = ?
19:31:32,185 INFO  [sqlalchemy.engine.base.Engine.0x...1750] [u'2']
19:31:34,276 INFO  [paste.httpserver.ThreadPool] kill_hung_threads status: 10 threads (0 working, 10 idle, 0 starting) ave time N/A, max time 0.00sec, killed 0 workers
19:31:34,280 INFO  [sqlalchemy.engine.base.Engine.0x...1750] BEGIN
19:31:34,280 INFO  [sqlalchemy.engine.base.Engine.0x...1750] SELECT work.id AS work_id, work.title AS work_title, work.keyid AS work_keyid, work.publicationid AS work_publicationid, work.composerid AS work_composerid, work.styleid AS work_styleid, work.description AS work_description, work.price AS work_price, work.image AS work_image 
FROM work 
WHERE work.id = ?
19:31:34,280 INFO  [sqlalchemy.engine.base.Engine.0x...1750] [u'2']
19:31:34,282 INFO  [sqlalchemy.engine.base.Engine.0x...1750] SELECT work.id AS work_id, work.title AS work_title, work.keyid AS work_keyid, work.publicationid AS work_publicationid, work.composerid AS work_composerid, work.styleid AS work_styleid, work.description AS work_description, work.price AS work_price, work.image AS work_image 
FROM work 
WHERE work.id = ?
19:31:34,282 INFO  [sqlalchemy.engine.base.Engine.0x...1750] [u'2']
19:31:34,317 INFO  [sqlalchemy.engine.base.Engine.0x...1750] BEGIN
19:31:34,318 INFO  [sqlalchemy.engine.base.Engine.0x...1750] SELECT work.id AS work_id, work.title AS work_title, work.keyid AS work_keyid, work.publicationid AS work_publicationid, work.composerid AS work_composerid, work.styleid AS work_styleid, work.description AS work_description, work.price AS work_price, work.image AS work_image 
FROM work 
WHERE work.id = ?
19:31:34,318 INFO  [sqlalchemy.engine.base.Engine.0x...1750] [u'2']
19:31:34,320 INFO  [sqlalchemy.engine.base.Engine.0x...1750] SELECT work.id AS work_id, work.title AS work_title, work.keyid AS work_keyid, work.publicationid AS work_publicationid, work.composerid AS work_composerid, work.styleid AS work_styleid, work.description AS work_description, work.price AS work_price, work.image AS work_image 
FROM work 
WHERE work.id = ?
19:31:34,320 INFO  [sqlalchemy.engine.base.Engine.0x...1750] [u'2']
19:31:37,034 INFO  [sqlalchemy.engine.base.Engine.0x...1750] BEGIN
19:31:37,035 INFO  [sqlalchemy.engine.base.Engine.0x...1750] SELECT work.id AS work_id, work.title AS work_title, work.keyid AS work_keyid, work.publicationid AS work_publicationid, work.composerid AS work_composerid, work.styleid AS work_styleid, work.description AS work_description, work.price AS work_price, work.image AS work_image 
FROM work 
WHERE work.id = ?
19:31:37,035 INFO  [sqlalchemy.engine.base.Engine.0x...1750] [u'2']
19:31:37,036 INFO  [sqlalchemy.engine.base.Engine.0x...1750] SELECT work.id AS work_id, work.title AS work_title, work.keyid AS work_keyid, work.publicationid AS work_publicationid, work.composerid AS work_composerid, work.styleid AS work_styleid, work.description AS work_description, work.price AS work_price, work.image AS work_image 
FROM work 
WHERE work.id = ?
19:31:37,036 INFO  [sqlalchemy.engine.base.Engine.0x...1750] [u'2']
19:31:37,072 INFO  [sqlalchemy.engine.base.Engine.0x...1750] BEGIN
19:31:37,073 INFO  [sqlalchemy.engine.base.Engine.0x...1750] SELECT work.id AS work_id, work.title AS work_title, work.keyid AS work_keyid, work.publicationid AS work_publicationid, work.composerid AS work_composerid, work.styleid AS work_styleid, work.description AS work_description, work.price AS work_price, work.image AS work_image 
FROM work 
WHERE work.id = ?
19:31:37,073 INFO  [sqlalchemy.engine.base.Engine.0x...1750] [u'2']
19:31:37,074 INFO  [sqlalchemy.engine.base.Engine.0x...1750] SELECT work.id AS work_id, work.title AS work_title, work.keyid AS work_keyid, work.publicationid AS work_publicationid, work.composerid AS work_composerid, work.styleid AS work_styleid, work.description AS work_description, work.price AS work_price, work.image AS work_image 
FROM work 
WHERE work.id = ?
19:31:37,074 INFO  [sqlalchemy.engine.base.Engine.0x...1750] [u'2']
19:31:38,506 INFO  [sqlalchemy.engine.base.Engine.0x...1750] BEGIN
19:31:38,507 INFO  [sqlalchemy.engine.base.Engine.0x...1750] SELECT work.id AS work_id, work.title AS work_title, work.keyid AS work_keyid, work.publicationid AS work_publicationid, work.composerid AS work_composerid, work.styleid AS work_styleid, work.description AS work_description, work.price AS work_price, work.image AS work_image 
FROM work 
WHERE work.id = ?
19:31:38,507 INFO  [sqlalchemy.engine.base.Engine.0x...1750] [u'2']
19:31:38,509 INFO  [sqlalchemy.engine.base.Engine.0x...1750] SELECT work.id AS work_id, work.title AS work_title, work.keyid AS work_keyid, work.publicationid AS work_publicationid, work.composerid AS work_composerid, work.styleid AS work_styleid, work.description AS work_description, work.price AS work_price, work.image AS work_image 
FROM work 
WHERE work.id = ?
19:31:38,509 INFO  [sqlalchemy.engine.base.Engine.0x...1750] [u'2']
19:31:38,555 INFO  [sqlalchemy.engine.base.Engine.0x...1750] BEGIN
19:31:38,555 INFO  [sqlalchemy.engine.base.Engine.0x...1750] SELECT work.id AS work_id, work.title AS work_title, work.keyid AS work_keyid, work.publicationid AS work_publicationid, work.composerid AS work_composerid, work.styleid AS work_styleid, work.description AS work_description, work.price AS work_price, work.image AS work_image 
FROM work 
WHERE work.id = ?
19:31:38,555 INFO  [sqlalchemy.engine.base.Engine.0x...1750] [u'2']
19:31:38,557 INFO  [sqlalchemy.engine.base.Engine.0x...1750] SELECT work.id AS work_id, work.title AS work_title, work.keyid AS work_keyid, work.publicationid AS work_publicationid, work.composerid AS work_composerid, work.styleid AS work_styleid, work.description AS work_description, work.price AS work_price, work.image AS work_image 
FROM work 
WHERE work.id = ?
19:31:38,557 INFO  [sqlalchemy.engine.base.Engine.0x...1750] [u'2']
19:31:39,761 INFO  [sqlalchemy.engine.base.Engine.0x...1750] BEGIN
19:31:39,761 INFO  [sqlalchemy.engine.base.Engine.0x...1750] SELECT work.id AS work_id, work.title AS work_title, work.keyid AS work_keyid, work.publicationid AS work_publicationid, work.composerid AS work_composerid, work.styleid AS work_styleid, work.description AS work_description, work.price AS work_price, work.image AS work_image 
FROM work 
WHERE work.id = ?
19:31:39,761 INFO  [sqlalchemy.engine.base.Engine.0x...1750] [u'2']
19:31:39,763 INFO  [sqlalchemy.engine.base.Engine.0x...1750] SELECT work.id AS work_id, work.title AS work_title, work.keyid AS work_keyid, work.publicationid AS work_publicationid, work.composerid AS work_composerid, work.styleid AS work_styleid, work.description AS work_description, work.price AS work_price, work.image AS work_image 
FROM work 
WHERE work.id = ?
19:31:39,763 INFO  [sqlalchemy.engine.base.Engine.0x...1750] [u'2']
19:31:39,812 INFO  [sqlalchemy.engine.base.Engine.0x...1750] BEGIN
19:31:39,813 INFO  [sqlalchemy.engine.base.Engine.0x...1750] SELECT work.id AS work_id, work.title AS work_title, work.keyid AS work_keyid, work.publicationid AS work_publicationid, work.composerid AS work_composerid, work.styleid AS work_styleid, work.description AS work_description, work.price AS work_price, work.image AS work_image 
FROM work 
WHERE work.id = ?
19:31:39,813 INFO  [sqlalchemy.engine.base.Engine.0x...1750] [u'2']
19:31:39,814 INFO  [sqlalchemy.engine.base.Engine.0x...1750] SELECT work.id AS work_id, work.title AS work_title, work.keyid AS work_keyid, work.publicationid AS work_publicationid, work.composerid AS work_composerid, work.styleid AS work_styleid, work.description AS work_description, work.price AS work_price, work.image AS work_image 
FROM work 
WHERE work.id = ?
19:31:39,814 INFO  [sqlalchemy.engine.base.Engine.0x...1750] [u'2']
19:31:41,346 INFO  [sqlalchemy.engine.base.Engine.0x...1750] BEGIN
19:31:41,346 INFO  [sqlalchemy.engine.base.Engine.0x...1750] SELECT work.id AS work_id, work.title AS work_title, work.keyid AS work_keyid, work.publicationid AS work_publicationid, work.composerid AS work_composerid, work.styleid AS work_styleid, work.description AS work_description, work.price AS work_price, work.image AS work_image 
FROM work 
WHERE work.id = ?
19:31:41,346 INFO  [sqlalchemy.engine.base.Engine.0x...1750] [u'2']
19:31:41,348 INFO  [sqlalchemy.engine.base.Engine.0x...1750] SELECT work.id AS work_id, work.title AS work_title, work.keyid AS work_keyid, work.publicationid AS work_publicationid, work.composerid AS work_composerid, work.styleid AS work_styleid, work.description AS work_description, work.price AS work_price, work.image AS work_image 
FROM work 
WHERE work.id = ?
19:31:41,348 INFO  [sqlalchemy.engine.base.Engine.0x...1750] [u'2']
19:31:41,378 INFO  [sqlalchemy.engine.base.Engine.0x...1750] BEGIN
19:31:41,379 INFO  [sqlalchemy.engine.base.Engine.0x...1750] SELECT work.id AS work_id, work.title AS work_title, work.keyid AS work_keyid, work.publicationid AS work_publicationid, work.composerid AS work_composerid, work.styleid AS work_styleid, work.description AS work_description, work.price AS work_price, work.image AS work_image 
FROM work 
WHERE work.id = ?
19:31:41,379 INFO  [sqlalchemy.engine.base.Engine.0x...1750] [u'2']
19:31:41,380 INFO  [sqlalchemy.engine.base.Engine.0x...1750] SELECT work.id AS work_id, work.title AS work_title, work.keyid AS work_keyid, work.publicationid AS work_publicationid, work.composerid AS work_composerid, work.styleid AS work_styleid, work.description AS work_description, work.price AS work_price, work.image AS work_image 
FROM work 
WHERE work.id = ?
19:31:41,380 INFO  [sqlalchemy.engine.base.Engine.0x...1750] [u'2']
19:31:42,601 INFO  [sqlalchemy.engine.base.Engine.0x...1750] BEGIN
19:31:42,602 INFO  [sqlalchemy.engine.base.Engine.0x...1750] SELECT work.id AS work_id, work.title AS work_title, work.keyid AS work_keyid, work.publicationid AS work_publicationid, work.composerid AS work_composerid, work.styleid AS work_styleid, work.description AS work_description, work.price AS work_price, work.image AS work_image 
FROM work 
WHERE work.id = ?
19:31:42,602 INFO  [sqlalchemy.engine.base.Engine.0x...1750] [u'2']
19:31:42,603 INFO  [sqlalchemy.engine.base.Engine.0x...1750] SELECT work.id AS work_id, work.title AS work_title, work.keyid AS work_keyid, work.publicationid AS work_publicationid, work.composerid AS work_composerid, work.styleid AS work_styleid, work.description AS work_description, work.price AS work_price, work.image AS work_image 
FROM work 
WHERE work.id = ?
19:31:42,604 INFO  [sqlalchemy.engine.base.Engine.0x...1750] [u'2']
19:31:42,674 INFO  [sqlalchemy.engine.base.Engine.0x...1750] BEGIN
19:31:42,674 INFO  [sqlalchemy.engine.base.Engine.0x...1750] SELECT work.id AS work_id, work.title AS work_title, work.keyid AS work_keyid, work.publicationid AS work_publicationid, work.composerid AS work_composerid, work.styleid AS work_styleid, work.description AS work_description, work.price AS work_price, work.image AS work_image 
FROM work 
WHERE work.id = ?
19:31:42,674 INFO  [sqlalchemy.engine.base.Engine.0x...1750] [u'2']
19:31:42,677 INFO  [sqlalchemy.engine.base.Engine.0x...1750] SELECT work.id AS work_id, work.title AS work_title, work.keyid AS work_keyid, work.publicationid AS work_publicationid, work.composerid AS work_composerid, work.styleid AS work_styleid, work.description AS work_description, work.price AS work_price, work.image AS work_image 
FROM work 
WHERE work.id = ?
19:31:42,677 INFO  [sqlalchemy.engine.base.Engine.0x...1750] [u'2']
19:31:44,685 INFO  [sqlalchemy.engine.base.Engine.0x...1750] BEGIN
19:31:44,686 INFO  [sqlalchemy.engine.base.Engine.0x...1750] SELECT work.id AS work_id, work.title AS work_title, work.keyid AS work_keyid, work.publicationid AS work_publicationid, work.composerid AS work_composerid, work.styleid AS work_styleid, work.description AS work_description, work.price AS work_price, work.image AS work_image 
FROM work 
WHERE work.id = ?
19:31:44,686 INFO  [sqlalchemy.engine.base.Engine.0x...1750] [u'2']
19:31:44,688 INFO  [sqlalchemy.engine.base.Engine.0x...1750] SELECT work.id AS work_id, work.title AS work_title, work.keyid AS work_keyid, work.publicationid AS work_publicationid, work.composerid AS work_composerid, work.styleid AS work_styleid, work.description AS work_description, work.price AS work_price, work.image AS work_image 
FROM work 
WHERE work.id = ?
19:31:44,688 INFO  [sqlalchemy.engine.base.Engine.0x...1750] [u'2']
19:31:44,762 INFO  [sqlalchemy.engine.base.Engine.0x...1750] BEGIN
19:31:44,763 INFO  [sqlalchemy.engine.base.Engine.0x...1750] SELECT work.id AS work_id, work.title AS work_title, work.keyid AS work_keyid, work.publicationid AS work_publicationid, work.composerid AS work_composerid, work.styleid AS work_styleid, work.description AS work_description, work.price AS work_price, work.image AS work_image 
FROM work 
WHERE work.id = ?
19:31:44,763 INFO  [sqlalchemy.engine.base.Engine.0x...1750] [u'2']
19:31:44,764 INFO  [sqlalchemy.engine.base.Engine.0x...1750] SELECT work.id AS work_id, work.title AS work_title, work.keyid AS work_keyid, work.publicationid AS work_publicationid, work.composerid AS work_composerid, work.styleid AS work_styleid, work.description AS work_description, work.price AS work_price, work.image AS work_image 
FROM work 
WHERE work.id = ?
19:31:44,764 INFO  [sqlalchemy.engine.base.Engine.0x...1750] [u'2']
19:31:46,446 INFO  [sqlalchemy.engine.base.Engine.0x...1750] BEGIN
19:31:46,447 INFO  [sqlalchemy.engine.base.Engine.0x...1750] SELECT work.id AS work_id, work.title AS work_title, work.keyid AS work_keyid, work.publicationid AS work_publicationid, work.composerid AS work_composerid, work.styleid AS work_styleid, work.description AS work_description, work.price AS work_price, work.image AS work_image 
FROM work 
WHERE work.id = ?
19:31:46,447 INFO  [sqlalchemy.engine.base.Engine.0x...1750] [u'2']
19:31:46,449 INFO  [sqlalchemy.engine.base.Engine.0x...1750] SELECT work.id AS work_id, work.title AS work_title, work.keyid AS work_keyid, work.publicationid AS work_publicationid, work.composerid AS work_composerid, work.styleid AS work_styleid, work.description AS work_description, work.price AS work_price, work.image AS work_image 
FROM work 
WHERE work.id = ?
19:31:46,449 INFO  [sqlalchemy.engine.base.Engine.0x...1750] [u'2']
19:31:46,522 INFO  [sqlalchemy.engine.base.Engine.0x...1750] BEGIN
19:31:46,522 INFO  [sqlalchemy.engine.base.Engine.0x...1750] SELECT work.id AS work_id, work.title AS work_title, work.keyid AS work_keyid, work.publicationid AS work_publicationid, work.composerid AS work_composerid, work.styleid AS work_styleid, work.description AS work_description, work.price AS work_price, work.image AS work_image 
FROM work 
WHERE work.id = ?
19:31:46,522 INFO  [sqlalchemy.engine.base.Engine.0x...1750] [u'2']
19:31:46,524 INFO  [sqlalchemy.engine.base.Engine.0x...1750] SELECT work.id AS work_id, work.title AS work_title, work.keyid AS work_keyid, work.publicationid AS work_publicationid, work.composerid AS work_composerid, work.styleid AS work_styleid, work.description AS work_description, work.price AS work_price, work.image AS work_image 
FROM work 
WHERE work.id = ?
19:31:46,524 INFO  [sqlalchemy.engine.base.Engine.0x...1750] [u'2']
